[INFO] [1784481481.450625519] [dclp_go2_policy_ros2]: trajectory log enabled: /home/unitree/qyw/dclp_20260710_reproduction/runs/20260720_011730_562782658_S2L_r1_h4_on_guard_v6_live/trajectory/trajectory.csv (rate=2.00 Hz)
[INFO] [1784481481.458969131] [dclp_go2_policy_ros2]: Go2 DCLP policy ready: backend={"action_dim": 2, "backend_type": "pth", "checkpoint_meta": {"T": 1010000, "episode": 16356, "test_time": 101}, "deterministic_rule": "highest_weight_component_tanh_mu", "device": "cpu", "model_path": "/home/unitree/qyw/dclp_20260710_reproduction/models/dclp/V1_41lambda1_101.pth", "obs_dim": 548, "policy_id": "V1_41lambda1_101.pth"} scan=/scan odom=/odom goal=/move_base_simple/goal rel_goal=/dclp_relative_goal global=odom zmq=tcp://*:5596 rate=20.0Hz scan_stamp_timeout=0.30s experiment=20260720_011730_562782658_S2L_r1_h4_on_guard_v6_live profile=h4_on_guard_v6 compensation=guarded mapping=range limiter=last_cmd_dt config={"accel_limiter_mode":"last_cmd_dt","action_mapping_mode":"range","backend":{"action_dim":2,"backend_type":"pth","checkpoint_meta":{"T":1010000,"episode":16356,"test_time":101},"deterministic_rule":"highest_weight_component_tanh_mu","device":"cpu","model_path":"/home/unitree/qyw/dclp_20260710_reproduction/models/dclp/V1_41lambda1_101.pth","obs_dim":548,"policy_id":"V1_41lambda1_101.pth"},"cap_angular":1.09956,"cap_linear":1.05,"compensation_available":true,"compensation_mode":"guarded","compensation_source":"/home/unitree/qyw/dclp_20260710_reproduction/dclp_deploy/robots/unitree_go2/velocity_compensation.py","compensation_source_sha256":"53f5318dde1c9965c6c7177ae72e8200b85b26c8b9143ecb9dcc5d356a458000","control_period_sec":0.02,"control_rate_hz":20.0,"dclp_length1":0.42,"dclp_length2":0.42,"dclp_width":0.372,"deploy_core_source":"/home/unitree/qyw/dclp_20260710_reproduction/dclp_deploy/dclp_deploy_core.py","deploy_core_source_sha256":"df6c78b263454c8bf8fb616de9dff7d268f6f48fe40127c299dd56455464e7de","experiment_id":"20260720_011730_562782658_S2L_r1_h4_on_guard_v6_live","experiment_profile":"h4_on_guard_v6","floor_angular":0.0,"floor_linear":0.0,"goal_topic":"/move_base_simple/goal","max_angular":1.09956,"max_angular_acc":3.0,"max_linear":1.05,"max_linear_acc":3.0,"min_angular":0.36652,"min_linear":0.35,"model_path":"/home/unitree/qyw/dclp_20260710_reproduction/models/dclp/V1_41lambda1_101.pth","model_sha256":"dacaf9fc45da536ae6b45cdbedc949370b7828fac4cadcf40ebedabc4080c452","odom_topic":"/odom","pid":42466,"policy_source":"/home/unitree/qyw/dclp_20260710_reproduction/dclp_deploy/robots/unitree_go2/dclp_go2_policy_ros2.py","policy_source_sha256":"66d8558d2f68a7caef976ef59ba74070b99af27b8fe4af35b8b0dc6a68228997","relative_goal_topic":"/dclp_relative_goal","scan_topic":"/scan","schema_version":1,"speed_scale":1.0,"straighten_front_clear_angle":0.35,"straighten_front_clear_range":1.2,"straighten_front_goal_angle":0.0,"straighten_front_goal_w_limit":0.0,"trajectory_log_path":"/home/unitree/qyw/dclp_20260710_reproduction/runs/20260720_011730_562782658_S2L_r1_h4_on_guard_v6_live/trajectory/trajectory.csv","written_at":"2026-07-20T01:18:01"}
[INFO] [1784481481.462212324] [dclp_go2_policy_ros2]: received first scan: frame=base_link beams=1081
[INFO] [1784481481.463864080] [dclp_go2_policy_ros2]: received first odom: frame=odom child=base_link
[WARN] [1784481481.509800071] [dclp_go2_policy_ros2]: DCLP stop: waiting goal
[WARN] [1784481483.559634743] [dclp_go2_policy_ros2]: DCLP stop: waiting goal
[WARN] [1784481485.609582257] [dclp_go2_policy_ros2]: DCLP stop: waiting goal
[WARN] [1784481487.610239589] [dclp_go2_policy_ros2]: DCLP stop: waiting goal
[WARN] [1784481489.659995239] [dclp_go2_policy_ros2]: DCLP stop: waiting goal
[WARN] [1784481491.710084971] [dclp_go2_policy_ros2]: DCLP stop: waiting goal
[WARN] [1784481493.760089908] [dclp_go2_policy_ros2]: DCLP stop: waiting goal
[WARN] [1784481495.760433194] [dclp_go2_policy_ros2]: DCLP stop: waiting goal
[INFO] [1784481497.676957610] [dclp_go2_policy_ros2]: received relative goal: right=0.000 forward=4.000 -> global=(4.010, -0.104) frame=odom
[INFO] [1784481497.718584541] [dclp_go2_policy_ros2]: ⏱ v=0.100 w=-0.100 dist=4.00 | total=9.5ms (tf=0.2 feat=0.4 infer=2.7 conv=4.3) | e2e_scan→cmd=44.8ms | cov=90/90
[INFO] [1784481498.215525428] [dclp_go2_policy_ros2]: ⏱ v=1.042 w=-0.840 dist=3.89 | total=6.4ms (tf=0.1 feat=0.3 infer=2.5 conv=2.4) | e2e_scan→cmd=42.8ms | cov=90/90
[INFO] [1784481498.716156739] [dclp_go2_policy_ros2]: ⏱ v=0.568 w=0.065 dist=3.61 | total=6.9ms (tf=0.1 feat=0.4 infer=2.6 conv=2.8) | e2e_scan→cmd=42.4ms | cov=90/90
[INFO] [1784481499.215363095] [dclp_go2_policy_ros2]: ⏱ v=-0.918 w=0.791 dist=3.47 | total=6.3ms (tf=0.1 feat=0.3 infer=2.5 conv=2.3) | e2e_scan→cmd=41.7ms | cov=90/90
[INFO] [1784481499.715547296] [dclp_go2_policy_ros2]: ⏱ v=-0.287 w=0.995 dist=3.68 | total=6.5ms (tf=0.1 feat=0.4 infer=2.5 conv=2.5) | e2e_scan→cmd=41.9ms | cov=90/90
[INFO] [1784481500.215231301] [dclp_go2_policy_ros2]: ⏱ v=1.047 w=0.715 dist=3.81 | total=6.1ms (tf=0.1 feat=0.3 infer=2.4 conv=2.3) | e2e_scan→cmd=41.5ms | cov=90/90
[INFO] [1784481500.715639808] [dclp_go2_policy_ros2]: ⏱ v=1.049 w=-0.777 dist=3.59 | total=6.5ms (tf=0.1 feat=0.3 infer=2.5 conv=2.4) | e2e_scan→cmd=42.0ms | cov=90/90
[INFO] [1784481501.215811541] [dclp_go2_policy_ros2]: ⏱ v=0.926 w=-1.054 dist=3.33 | total=6.6ms (tf=0.1 feat=0.3 infer=2.5 conv=2.7) | e2e_scan→cmd=42.0ms | cov=90/90
[INFO] [1784481501.716244165] [dclp_go2_policy_ros2]: ⏱ v=0.739 w=-0.931 dist=3.03 | total=7.0ms (tf=0.1 feat=0.4 infer=2.6 conv=2.7) | e2e_scan→cmd=42.4ms | cov=90/90
[INFO] [1784481502.215505879] [dclp_go2_policy_ros2]: ⏱ v=-0.377 w=-0.688 dist=2.94 | total=6.4ms (tf=0.1 feat=0.3 infer=2.4 conv=2.4) | e2e_scan→cmd=41.7ms | cov=90/90
[INFO] [1784481502.715783998] [dclp_go2_policy_ros2]: ⏱ v=-1.042 w=0.316 dist=3.03 | total=6.6ms (tf=0.1 feat=0.4 infer=2.5 conv=2.5) | e2e_scan→cmd=42.1ms | cov=90/90
[INFO] [1784481503.215374722] [dclp_go2_policy_ros2]: ⏱ v=0.079 w=0.935 dist=3.24 | total=6.3ms (tf=0.1 feat=0.3 infer=2.5 conv=2.3) | e2e_scan→cmd=41.8ms | cov=90/90
[INFO] [1784481503.715659229] [dclp_go2_policy_ros2]: ⏱ v=0.850 w=0.757 dist=3.16 | total=6.5ms (tf=0.1 feat=0.4 infer=2.6 conv=2.4) | e2e_scan→cmd=41.9ms | cov=90/90
[INFO] [1784481504.215516019] [dclp_go2_policy_ros2]: ⏱ v=0.682 w=0.725 dist=2.89 | total=6.4ms (tf=0.1 feat=0.4 infer=2.5 conv=2.4) | e2e_scan→cmd=41.9ms | cov=90/90
[INFO] [1784481504.715510661] [dclp_go2_policy_ros2]: ⏱ v=-0.694 w=0.145 dist=2.77 | total=6.4ms (tf=0.1 feat=0.4 infer=2.5 conv=2.5) | e2e_scan→cmd=42.8ms | cov=90/90
[INFO] [1784481505.215821835] [dclp_go2_policy_ros2]: ⏱ v=-0.564 w=0.146 dist=2.94 | total=6.7ms (tf=0.1 feat=0.3 infer=2.5 conv=2.4) | e2e_scan→cmd=42.4ms | cov=90/90
[INFO] [1784481505.715763474] [dclp_go2_policy_ros2]: ⏱ v=0.036 w=0.880 dist=3.09 | total=6.7ms (tf=0.1 feat=0.4 infer=2.5 conv=2.3) | e2e_scan→cmd=42.3ms | cov=90/90
[INFO] [1784481506.216130540] [dclp_go2_policy_ros2]: ⏱ v=1.050 w=0.127 dist=3.07 | total=7.0ms (tf=0.1 feat=0.4 infer=2.5 conv=2.5) | e2e_scan→cmd=43.5ms | cov=90/90
[INFO] [1784481506.715157296] [dclp_go2_policy_ros2]: ⏱ v=1.050 w=-1.098 dist=2.99 | total=6.0ms (tf=0.1 feat=0.3 infer=2.4 conv=2.2) | e2e_scan→cmd=41.8ms | cov=90/90
[INFO] [1784481507.215230113] [dclp_go2_policy_ros2]: ⏱ v=1.050 w=-1.087 dist=2.79 | total=6.1ms (tf=0.1 feat=0.3 infer=2.5 conv=2.2) | e2e_scan→cmd=41.7ms | cov=90/90
[INFO] [1784481507.715136913] [dclp_go2_policy_ros2]: ⏱ v=1.050 w=-0.990 dist=2.46 | total=6.0ms (tf=0.1 feat=0.3 infer=2.4 conv=2.2) | e2e_scan→cmd=42.6ms | cov=90/90
[INFO] [1784481508.215442708] [dclp_go2_policy_ros2]: ⏱ v=1.050 w=-0.972 dist=2.08 | total=6.3ms (tf=0.1 feat=0.3 infer=2.5 conv=2.3) | e2e_scan→cmd=42.1ms | cov=90/90
[INFO] [1784481508.715021595] [dclp_go2_policy_ros2]: ⏱ v=1.050 w=-0.483 dist=1.69 | total=6.0ms (tf=0.1 feat=0.3 infer=2.4 conv=2.2) | e2e_scan→cmd=41.6ms | cov=90/90
[INFO] [1784481509.215868045] [dclp_go2_policy_ros2]: ⏱ v=1.047 w=0.808 dist=1.36 | total=6.2ms (tf=0.1 feat=0.3 infer=2.5 conv=2.2) | e2e_scan→cmd=42.3ms | cov=90/90
[INFO] [1784481509.715896293] [dclp_go2_policy_ros2]: ⏱ v=1.047 w=0.469 dist=1.03 | total=6.3ms (tf=0.1 feat=0.4 infer=2.5 conv=2.3) | e2e_scan→cmd=42.5ms | cov=90/90
[INFO] [1784481510.223326448] [dclp_go2_policy_ros2]: ⏱ v=1.041 w=0.619 dist=0.68 | total=13.6ms (tf=0.1 feat=0.4 infer=6.0 conv=4.3) | e2e_scan→cmd=49.7ms | cov=90/90
[WARN] [1784481510.710070322] [dclp_go2_policy_ros2]: DCLP stop: goal reached
[WARN] [1784481512.760219364] [dclp_go2_policy_ros2]: DCLP stop: goal reached
[WARN] [1784481514.810026507] [dclp_go2_policy_ros2]: DCLP stop: goal reached
