Setup unitree ros2 environment
[go2:sport] connecting zmq: tcp://192.168.123.222:5596
[go2:sport] auto-selected interface: eth0
[go2:sport] ChannelFactoryInitialize iface=eth0
[go2:sport] SportClient ready
[go2:sport] joystick commands disabled for DCLP
[go2:sport] gait switch 'economic' success
[go2:sport] obstacle avoid disabled
[go2:sport] remote-command source forced to API
[go2:sport] cmd#1 seq=86 policy_v=0.000 policy_w=0.000 sent_v=0.000 sent_w=0.000 ret=0 dt=0.0ms move_ms=0.2 policy_zmq_lag=32.8ms
[go2:sport] cmd#2 seq=87 policy_v=0.000 policy_w=0.000 sent_v=0.000 sent_w=0.000 ret=0 dt=17.8ms move_ms=0.4 policy_zmq_lag=0.5ms
[go2:sport] cmd#3 seq=88 policy_v=0.000 policy_w=0.000 sent_v=0.000 sent_w=0.000 ret=0 dt=49.8ms move_ms=0.4 policy_zmq_lag=0.5ms
[go2:sport] cmd#4 seq=89 policy_v=0.000 policy_w=0.000 sent_v=0.000 sent_w=0.000 ret=0 dt=50.2ms move_ms=0.4 policy_zmq_lag=0.6ms
[go2:sport] cmd#5 seq=90 policy_v=0.000 policy_w=0.000 sent_v=0.000 sent_w=0.000 ret=0 dt=49.7ms move_ms=0.4 policy_zmq_lag=0.5ms
[go2:sport] cmd#6 seq=91 policy_v=0.000 policy_w=0.000 sent_v=0.000 sent_w=0.000 ret=0 dt=50.1ms move_ms=0.4 policy_zmq_lag=0.5ms
[go2:sport] cmd#7 seq=92 policy_v=0.000 policy_w=0.000 sent_v=0.000 sent_w=0.000 ret=0 dt=50.4ms move_ms=0.4 policy_zmq_lag=0.9ms
[go2:sport] cmd#8 seq=93 policy_v=0.000 policy_w=0.000 sent_v=0.000 sent_w=0.000 ret=0 dt=49.8ms move_ms=0.5 policy_zmq_lag=0.6ms
[go2:sport] cmd#9 seq=94 policy_v=0.000 policy_w=0.000 sent_v=0.000 sent_w=0.000 ret=0 dt=50.5ms move_ms=0.4 policy_zmq_lag=0.5ms
[go2:sport] cmd#10 seq=95 policy_v=0.000 policy_w=0.000 sent_v=0.000 sent_w=0.000 ret=0 dt=49.4ms move_ms=0.5 policy_zmq_lag=0.6ms
[go2:sport] cmd#11 seq=96 policy_v=0.000 policy_w=0.000 sent_v=0.000 sent_w=0.000 ret=0 dt=50.0ms move_ms=0.5 policy_zmq_lag=0.5ms
[go2:sport] cmd#12 seq=97 policy_v=0.000 policy_w=0.000 sent_v=0.000 sent_w=0.000 ret=0 dt=50.1ms move_ms=0.6 policy_zmq_lag=0.5ms
[go2:sport] cmd#13 seq=98 policy_v=0.000 policy_w=0.000 sent_v=0.000 sent_w=0.000 ret=0 dt=49.9ms move_ms=0.4 policy_zmq_lag=0.6ms
[go2:sport] cmd#14 seq=99 policy_v=0.000 policy_w=0.000 sent_v=0.000 sent_w=0.000 ret=0 dt=50.8ms move_ms=0.4 policy_zmq_lag=0.5ms
[go2:sport] cmd#15 seq=100 policy_v=0.000 policy_w=0.000 sent_v=0.000 sent_w=0.000 ret=0 dt=50.2ms move_ms=0.5 policy_zmq_lag=0.6ms
[go2:sport] cmd#16 seq=101 policy_v=0.000 policy_w=0.000 sent_v=0.000 sent_w=0.000 ret=0 dt=49.1ms move_ms=0.5 policy_zmq_lag=0.6ms
[go2:sport] cmd#17 seq=102 policy_v=0.000 policy_w=0.000 sent_v=0.000 sent_w=0.000 ret=0 dt=50.0ms move_ms=0.4 policy_zmq_lag=0.6ms
[go2:sport] cmd#18 seq=103 policy_v=0.000 policy_w=0.000 sent_v=0.000 sent_w=0.000 ret=0 dt=50.4ms move_ms=0.4 policy_zmq_lag=0.7ms
[go2:sport] cmd#19 seq=104 policy_v=0.000 policy_w=0.000 sent_v=0.000 sent_w=0.000 ret=0 dt=50.8ms move_ms=0.4 policy_zmq_lag=0.8ms
[go2:sport] cmd#20 seq=105 policy_v=0.000 policy_w=0.000 sent_v=0.000 sent_w=0.000 ret=0 dt=48.8ms move_ms=0.4 policy_zmq_lag=0.6ms
[go2:sport] cmd#21 seq=106 policy_v=0.000 policy_w=0.000 sent_v=0.000 sent_w=0.000 ret=0 dt=50.7ms move_ms=0.4 policy_zmq_lag=0.5ms
[go2:sport] cmd#22 seq=107 policy_v=0.000 policy_w=0.000 sent_v=0.000 sent_w=0.000 ret=0 dt=49.4ms move_ms=0.4 policy_zmq_lag=0.5ms
[go2:sport] cmd#23 seq=108 policy_v=0.000 policy_w=0.000 sent_v=0.000 sent_w=0.000 ret=0 dt=49.9ms move_ms=0.4 policy_zmq_lag=0.6ms
[go2:sport] cmd#24 seq=109 policy_v=0.000 policy_w=0.000 sent_v=0.000 sent_w=0.000 ret=0 dt=50.2ms move_ms=0.6 policy_zmq_lag=0.7ms
[go2:sport] cmd#25 seq=110 policy_v=0.000 policy_w=0.000 sent_v=0.000 sent_w=0.000 ret=0 dt=49.7ms move_ms=0.4 policy_zmq_lag=0.5ms
[go2:sport] cmd#26 seq=111 policy_v=0.000 policy_w=0.000 sent_v=0.000 sent_w=0.000 ret=0 dt=50.0ms move_ms=0.4 policy_zmq_lag=0.6ms
[go2:sport] cmd#27 seq=112 policy_v=0.000 policy_w=0.000 sent_v=0.000 sent_w=0.000 ret=0 dt=50.6ms move_ms=0.4 policy_zmq_lag=0.6ms
[go2:sport] cmd#28 seq=113 policy_v=0.000 policy_w=0.000 sent_v=0.000 sent_w=0.000 ret=0 dt=50.4ms move_ms=0.4 policy_zmq_lag=0.6ms
[go2:sport] cmd#29 seq=114 policy_v=0.000 policy_w=0.000 sent_v=0.000 sent_w=0.000 ret=0 dt=49.7ms move_ms=0.4 policy_zmq_lag=0.5ms
[go2:sport] cmd#30 seq=115 policy_v=0.000 policy_w=0.000 sent_v=0.000 sent_w=0.000 ret=0 dt=49.5ms move_ms=0.5 policy_zmq_lag=0.7ms
[go2:sport] cmd#31 seq=116 policy_v=0.000 policy_w=0.000 sent_v=0.000 sent_w=0.000 ret=0 dt=50.1ms move_ms=0.4 policy_zmq_lag=0.5ms
[go2:sport] cmd#32 seq=117 policy_v=0.000 policy_w=0.000 sent_v=0.000 sent_w=0.000 ret=0 dt=50.4ms move_ms=0.4 policy_zmq_lag=0.5ms
[go2:sport] cmd#33 seq=118 policy_v=0.000 policy_w=0.000 sent_v=0.000 sent_w=0.000 ret=0 dt=49.4ms move_ms=0.4 policy_zmq_lag=0.5ms
[go2:sport] cmd#34 seq=119 policy_v=0.000 policy_w=0.000 sent_v=0.000 sent_w=0.000 ret=0 dt=50.3ms move_ms=0.4 policy_zmq_lag=0.5ms
[go2:sport] cmd#35 seq=120 policy_v=0.000 policy_w=0.000 sent_v=0.000 sent_w=0.000 ret=0 dt=49.7ms move_ms=0.4 policy_zmq_lag=0.5ms
[go2:sport] cmd#36 seq=121 policy_v=0.000 policy_w=0.000 sent_v=0.000 sent_w=0.000 ret=0 dt=50.3ms move_ms=0.4 policy_zmq_lag=0.6ms
[go2:sport] cmd#37 seq=122 policy_v=0.000 policy_w=0.000 sent_v=0.000 sent_w=0.000 ret=0 dt=50.2ms move_ms=0.5 policy_zmq_lag=0.6ms
[go2:sport] cmd#38 seq=123 policy_v=0.000 policy_w=0.000 sent_v=0.000 sent_w=0.000 ret=0 dt=49.3ms move_ms=0.4 policy_zmq_lag=0.6ms
[go2:sport] cmd#39 seq=124 policy_v=0.000 policy_w=0.000 sent_v=0.000 sent_w=0.000 ret=0 dt=50.3ms move_ms=0.4 policy_zmq_lag=0.5ms
[go2:sport] cmd#40 seq=125 policy_v=0.000 policy_w=0.000 sent_v=0.000 sent_w=0.000 ret=0 dt=49.6ms move_ms=0.6 policy_zmq_lag=0.5ms
[go2:sport] cmd#41 seq=126 policy_v=0.000 policy_w=0.000 sent_v=0.000 sent_w=0.000 ret=0 dt=50.4ms move_ms=0.5 policy_zmq_lag=0.5ms
[go2:sport] cmd#42 seq=127 policy_v=0.000 policy_w=0.000 sent_v=0.000 sent_w=0.000 ret=0 dt=49.7ms move_ms=0.4 policy_zmq_lag=0.7ms
[go2:sport] cmd#43 seq=128 policy_v=0.000 policy_w=0.000 sent_v=0.000 sent_w=0.000 ret=0 dt=50.3ms move_ms=0.4 policy_zmq_lag=0.6ms
[go2:sport] cmd#44 seq=129 policy_v=0.000 policy_w=0.000 sent_v=0.000 sent_w=0.000 ret=0 dt=50.3ms move_ms=0.5 policy_zmq_lag=0.6ms
[go2:sport] cmd#45 seq=130 policy_v=0.000 policy_w=0.000 sent_v=0.000 sent_w=0.000 ret=0 dt=49.9ms move_ms=0.5 policy_zmq_lag=0.7ms
[go2:sport] cmd#46 seq=131 policy_v=0.000 policy_w=0.000 sent_v=0.000 sent_w=0.000 ret=0 dt=49.9ms move_ms=0.5 policy_zmq_lag=0.6ms
[go2:sport] cmd#47 seq=132 policy_v=0.000 policy_w=0.000 sent_v=0.000 sent_w=0.000 ret=0 dt=50.0ms move_ms=0.5 policy_zmq_lag=0.6ms
[go2:sport] cmd#48 seq=133 policy_v=0.000 policy_w=0.000 sent_v=0.000 sent_w=0.000 ret=0 dt=50.0ms move_ms=0.4 policy_zmq_lag=0.5ms
[go2:sport] cmd#49 seq=134 policy_v=0.000 policy_w=0.000 sent_v=0.000 sent_w=0.000 ret=0 dt=49.8ms move_ms=0.4 policy_zmq_lag=0.6ms
[go2:sport] cmd#50 seq=135 policy_v=0.000 policy_w=0.000 sent_v=0.000 sent_w=0.000 ret=0 dt=50.0ms move_ms=0.4 policy_zmq_lag=0.5ms
[go2:sport] cmd#51 seq=136 policy_v=0.000 policy_w=0.000 sent_v=0.000 sent_w=0.000 ret=0 dt=50.2ms move_ms=0.5 policy_zmq_lag=0.6ms
[go2:sport] cmd#52 seq=137 policy_v=0.000 policy_w=0.000 sent_v=0.000 sent_w=0.000 ret=0 dt=49.9ms move_ms=0.4 policy_zmq_lag=0.5ms
[go2:sport] cmd#53 seq=138 policy_v=0.000 policy_w=0.000 sent_v=0.000 sent_w=0.000 ret=0 dt=49.9ms move_ms=0.4 policy_zmq_lag=0.5ms
[go2:sport] cmd#54 seq=139 policy_v=0.000 policy_w=0.000 sent_v=0.000 sent_w=0.000 ret=0 dt=50.0ms move_ms=0.4 policy_zmq_lag=0.5ms
[go2:sport] cmd#55 seq=140 policy_v=0.000 policy_w=0.000 sent_v=0.000 sent_w=0.000 ret=0 dt=49.8ms move_ms=0.4 policy_zmq_lag=0.5ms
[go2:sport] cmd#56 seq=141 policy_v=0.000 policy_w=0.000 sent_v=0.000 sent_w=0.000 ret=0 dt=50.6ms move_ms=0.6 policy_zmq_lag=0.8ms
[go2:sport] cmd#57 seq=142 policy_v=0.000 policy_w=0.000 sent_v=0.000 sent_w=0.000 ret=0 dt=49.7ms move_ms=0.4 policy_zmq_lag=0.6ms
[go2:sport] cmd#58 seq=143 policy_v=0.000 policy_w=0.000 sent_v=0.000 sent_w=0.000 ret=0 dt=49.7ms move_ms=0.4 policy_zmq_lag=0.5ms
[go2:sport] cmd#59 seq=144 policy_v=0.000 policy_w=0.000 sent_v=0.000 sent_w=0.000 ret=0 dt=49.9ms move_ms=0.4 policy_zmq_lag=0.6ms
[go2:sport] cmd#60 seq=145 policy_v=0.000 policy_w=0.000 sent_v=0.000 sent_w=0.000 ret=0 dt=50.2ms move_ms=0.4 policy_zmq_lag=0.6ms
[go2:sport] cmd#61 seq=146 policy_v=0.000 policy_w=0.000 sent_v=0.000 sent_w=0.000 ret=0 dt=49.9ms move_ms=0.4 policy_zmq_lag=0.5ms
[go2:sport] cmd#62 seq=147 policy_v=0.000 policy_w=0.000 sent_v=0.000 sent_w=0.000 ret=0 dt=50.1ms move_ms=0.4 policy_zmq_lag=0.5ms
[go2:sport] cmd#63 seq=148 policy_v=0.000 policy_w=0.000 sent_v=0.000 sent_w=0.000 ret=0 dt=51.5ms move_ms=0.4 policy_zmq_lag=0.5ms
[go2:sport] cmd#64 seq=149 policy_v=0.000 policy_w=0.000 sent_v=0.000 sent_w=0.000 ret=0 dt=48.5ms move_ms=0.4 policy_zmq_lag=0.5ms
[go2:sport] cmd#65 seq=150 policy_v=0.000 policy_w=0.000 sent_v=0.000 sent_w=0.000 ret=0 dt=50.1ms move_ms=0.5 policy_zmq_lag=0.7ms
[go2:sport] cmd#66 seq=151 policy_v=0.000 policy_w=0.000 sent_v=0.000 sent_w=0.000 ret=0 dt=49.9ms move_ms=0.4 policy_zmq_lag=0.5ms
[go2:sport] cmd#67 seq=152 policy_v=0.000 policy_w=0.000 sent_v=0.000 sent_w=0.000 ret=0 dt=49.8ms move_ms=0.4 policy_zmq_lag=0.5ms
[go2:sport] cmd#68 seq=153 policy_v=0.000 policy_w=0.000 sent_v=0.000 sent_w=0.000 ret=0 dt=50.1ms move_ms=0.4 policy_zmq_lag=0.5ms
[go2:sport] cmd#69 seq=154 policy_v=0.000 policy_w=0.000 sent_v=0.000 sent_w=0.000 ret=0 dt=50.0ms move_ms=0.4 policy_zmq_lag=0.5ms
[go2:sport] cmd#70 seq=155 policy_v=0.000 policy_w=0.000 sent_v=0.000 sent_w=0.000 ret=0 dt=50.1ms move_ms=0.4 policy_zmq_lag=0.5ms
[go2:sport] cmd#71 seq=156 policy_v=0.000 policy_w=0.000 sent_v=0.000 sent_w=0.000 ret=0 dt=49.8ms move_ms=0.4 policy_zmq_lag=0.5ms
[go2:sport] cmd#72 seq=157 policy_v=0.000 policy_w=0.000 sent_v=0.000 sent_w=0.000 ret=0 dt=50.1ms move_ms=0.4 policy_zmq_lag=0.5ms
[go2:sport] cmd#73 seq=158 policy_v=0.000 policy_w=0.000 sent_v=0.000 sent_w=0.000 ret=0 dt=49.9ms move_ms=0.6 policy_zmq_lag=0.6ms
[go2:sport] cmd#74 seq=159 policy_v=0.000 policy_w=0.000 sent_v=0.000 sent_w=0.000 ret=0 dt=50.4ms move_ms=0.7 policy_zmq_lag=0.6ms
[go2:sport] cmd#75 seq=160 policy_v=0.000 policy_w=0.000 sent_v=0.000 sent_w=0.000 ret=0 dt=49.5ms move_ms=0.4 policy_zmq_lag=0.5ms
[go2:sport] cmd#76 seq=161 policy_v=0.000 policy_w=0.000 sent_v=0.000 sent_w=0.000 ret=0 dt=50.5ms move_ms=0.7 policy_zmq_lag=0.7ms
[go2:sport] cmd#77 seq=162 policy_v=0.000 policy_w=0.000 sent_v=0.000 sent_w=0.000 ret=0 dt=49.6ms move_ms=0.4 policy_zmq_lag=0.5ms
[go2:sport] cmd#78 seq=163 policy_v=0.000 policy_w=0.000 sent_v=0.000 sent_w=0.000 ret=0 dt=50.1ms move_ms=0.4 policy_zmq_lag=0.6ms
[go2:sport] cmd#79 seq=164 policy_v=0.000 policy_w=0.000 sent_v=0.000 sent_w=0.000 ret=0 dt=50.1ms move_ms=0.4 policy_zmq_lag=0.5ms
[go2:sport] cmd#80 seq=165 policy_v=0.000 policy_w=0.000 sent_v=0.000 sent_w=0.000 ret=0 dt=50.0ms move_ms=0.4 policy_zmq_lag=0.6ms
[go2:sport] cmd#81 seq=166 policy_v=0.000 policy_w=0.000 sent_v=0.000 sent_w=0.000 ret=0 dt=49.8ms move_ms=0.4 policy_zmq_lag=0.6ms
[go2:sport] cmd#82 seq=167 policy_v=0.000 policy_w=0.000 sent_v=0.000 sent_w=0.000 ret=0 dt=50.1ms move_ms=0.6 policy_zmq_lag=0.6ms
[go2:sport] cmd#83 seq=168 policy_v=0.000 policy_w=0.000 sent_v=0.000 sent_w=0.000 ret=0 dt=49.6ms move_ms=0.4 policy_zmq_lag=0.5ms
[go2:sport] cmd#84 seq=169 policy_v=0.000 policy_w=0.000 sent_v=0.000 sent_w=0.000 ret=0 dt=50.4ms move_ms=0.6 policy_zmq_lag=0.6ms
[go2:sport] cmd#85 seq=170 policy_v=0.000 policy_w=0.000 sent_v=0.000 sent_w=0.000 ret=0 dt=49.5ms move_ms=0.4 policy_zmq_lag=0.5ms
[go2:sport] cmd#86 seq=171 policy_v=0.000 policy_w=0.000 sent_v=0.000 sent_w=0.000 ret=0 dt=50.2ms move_ms=0.4 policy_zmq_lag=0.5ms
[go2:sport] cmd#87 seq=172 policy_v=0.000 policy_w=0.000 sent_v=0.000 sent_w=0.000 ret=0 dt=49.7ms move_ms=0.4 policy_zmq_lag=0.5ms
[go2:sport] cmd#88 seq=173 policy_v=0.000 policy_w=0.000 sent_v=0.000 sent_w=0.000 ret=0 dt=50.3ms move_ms=0.4 policy_zmq_lag=0.5ms
[go2:sport] cmd#89 seq=174 policy_v=0.000 policy_w=0.000 sent_v=0.000 sent_w=0.000 ret=0 dt=49.7ms move_ms=0.4 policy_zmq_lag=0.5ms
[go2:sport] cmd#90 seq=175 policy_v=0.000 policy_w=0.000 sent_v=0.000 sent_w=0.000 ret=0 dt=50.4ms move_ms=0.4 policy_zmq_lag=0.6ms
[go2:sport] cmd#91 seq=176 policy_v=0.000 policy_w=0.000 sent_v=0.000 sent_w=0.000 ret=0 dt=49.8ms move_ms=0.4 policy_zmq_lag=0.5ms
[go2:sport] cmd#92 seq=177 policy_v=0.000 policy_w=0.000 sent_v=0.000 sent_w=0.000 ret=0 dt=50.1ms move_ms=0.4 policy_zmq_lag=0.5ms
[go2:sport] cmd#93 seq=178 policy_v=0.000 policy_w=0.000 sent_v=0.000 sent_w=0.000 ret=0 dt=50.9ms move_ms=0.5 policy_zmq_lag=0.6ms
[go2:sport] cmd#94 seq=179 policy_v=0.000 policy_w=0.000 sent_v=0.000 sent_w=0.000 ret=0 dt=49.0ms move_ms=0.4 policy_zmq_lag=0.5ms
[go2:sport] cmd#95 seq=180 policy_v=0.000 policy_w=0.000 sent_v=0.000 sent_w=0.000 ret=0 dt=49.9ms move_ms=0.4 policy_zmq_lag=0.5ms
[go2:sport] cmd#96 seq=181 policy_v=0.000 policy_w=0.000 sent_v=0.000 sent_w=0.000 ret=0 dt=50.1ms move_ms=0.4 policy_zmq_lag=0.6ms
[go2:sport] cmd#97 seq=182 policy_v=0.000 policy_w=0.000 sent_v=0.000 sent_w=0.000 ret=0 dt=51.0ms move_ms=0.4 policy_zmq_lag=0.6ms
[go2:sport] cmd#98 seq=183 policy_v=0.000 policy_w=0.000 sent_v=0.000 sent_w=0.000 ret=0 dt=49.4ms move_ms=0.5 policy_zmq_lag=0.6ms
[go2:sport] cmd#99 seq=184 policy_v=0.000 policy_w=0.000 sent_v=0.000 sent_w=0.000 ret=0 dt=49.9ms move_ms=0.4 policy_zmq_lag=0.5ms
[go2:sport] cmd#100 seq=185 policy_v=0.000 policy_w=0.000 sent_v=0.000 sent_w=0.000 ret=0 dt=49.7ms move_ms=0.4 policy_zmq_lag=0.5ms
[go2:sport] cmd#101 seq=186 policy_v=0.000 policy_w=0.000 sent_v=0.000 sent_w=0.000 ret=0 dt=50.1ms move_ms=0.4 policy_zmq_lag=0.5ms
[go2:sport] cmd#102 seq=187 policy_v=0.000 policy_w=0.000 sent_v=0.000 sent_w=0.000 ret=0 dt=50.1ms move_ms=0.4 policy_zmq_lag=0.5ms
[go2:sport] cmd#103 seq=188 policy_v=0.000 policy_w=0.000 sent_v=0.000 sent_w=0.000 ret=0 dt=49.9ms move_ms=0.4 policy_zmq_lag=0.5ms
[go2:sport] cmd#104 seq=189 policy_v=0.000 policy_w=0.000 sent_v=0.000 sent_w=0.000 ret=0 dt=50.5ms move_ms=0.5 policy_zmq_lag=0.6ms
[go2:sport] cmd#105 seq=190 policy_v=0.000 policy_w=0.000 sent_v=0.000 sent_w=0.000 ret=0 dt=49.9ms move_ms=0.4 policy_zmq_lag=0.5ms
[go2:sport] cmd#106 seq=191 policy_v=0.000 policy_w=0.000 sent_v=0.000 sent_w=0.000 ret=0 dt=50.1ms move_ms=0.4 policy_zmq_lag=0.6ms
[go2:sport] cmd#107 seq=192 policy_v=0.000 policy_w=0.000 sent_v=0.000 sent_w=0.000 ret=0 dt=49.6ms move_ms=0.4 policy_zmq_lag=0.6ms
[go2:sport] cmd#108 seq=193 policy_v=0.000 policy_w=0.000 sent_v=0.000 sent_w=0.000 ret=0 dt=50.8ms move_ms=0.4 policy_zmq_lag=0.6ms
[go2:sport] cmd#109 seq=194 policy_v=0.000 policy_w=0.000 sent_v=0.000 sent_w=0.000 ret=0 dt=49.4ms move_ms=0.4 policy_zmq_lag=0.5ms
[go2:sport] cmd#110 seq=195 policy_v=0.000 policy_w=0.000 sent_v=0.000 sent_w=0.000 ret=0 dt=51.6ms move_ms=0.4 policy_zmq_lag=0.6ms
[go2:sport] cmd#111 seq=196 policy_v=0.000 policy_w=0.000 sent_v=0.000 sent_w=0.000 ret=0 dt=48.7ms move_ms=0.4 policy_zmq_lag=0.7ms
[go2:sport] cmd#112 seq=197 policy_v=0.000 policy_w=0.000 sent_v=0.000 sent_w=0.000 ret=0 dt=49.9ms move_ms=0.4 policy_zmq_lag=0.6ms
[go2:sport] cmd#113 seq=198 policy_v=0.000 policy_w=0.000 sent_v=0.000 sent_w=0.000 ret=0 dt=49.5ms move_ms=0.4 policy_zmq_lag=0.5ms
[go2:sport] cmd#114 seq=199 policy_v=0.000 policy_w=0.000 sent_v=0.000 sent_w=0.000 ret=0 dt=50.5ms move_ms=0.4 policy_zmq_lag=0.5ms
[go2:sport] cmd#115 seq=200 policy_v=0.000 policy_w=0.000 sent_v=0.000 sent_w=0.000 ret=0 dt=50.1ms move_ms=0.4 policy_zmq_lag=0.5ms
[go2:sport] cmd#116 seq=201 policy_v=0.000 policy_w=0.000 sent_v=0.000 sent_w=0.000 ret=0 dt=50.1ms move_ms=0.4 policy_zmq_lag=0.6ms
[go2:sport] cmd#117 seq=202 policy_v=0.000 policy_w=0.000 sent_v=0.000 sent_w=0.000 ret=0 dt=49.7ms move_ms=0.4 policy_zmq_lag=0.5ms
[go2:sport] cmd#118 seq=203 policy_v=0.000 policy_w=0.000 sent_v=0.000 sent_w=0.000 ret=0 dt=49.6ms move_ms=0.4 policy_zmq_lag=0.6ms
[go2:sport] cmd#119 seq=204 policy_v=0.000 policy_w=0.000 sent_v=0.000 sent_w=0.000 ret=0 dt=50.5ms move_ms=0.4 policy_zmq_lag=0.5ms
[go2:sport] cmd#120 seq=205 policy_v=0.000 policy_w=0.000 sent_v=0.000 sent_w=0.000 ret=0 dt=49.5ms move_ms=0.4 policy_zmq_lag=0.6ms
[go2:sport] cmd#121 seq=206 policy_v=0.000 policy_w=0.000 sent_v=0.000 sent_w=0.000 ret=0 dt=49.8ms move_ms=0.4 policy_zmq_lag=0.5ms
[go2:sport] cmd#122 seq=207 policy_v=0.000 policy_w=0.000 sent_v=0.000 sent_w=0.000 ret=0 dt=50.1ms move_ms=0.4 policy_zmq_lag=0.6ms
[go2:sport] cmd#123 seq=208 policy_v=0.000 policy_w=0.000 sent_v=0.000 sent_w=0.000 ret=0 dt=50.3ms move_ms=0.4 policy_zmq_lag=0.6ms
[go2:sport] cmd#124 seq=209 policy_v=0.000 policy_w=0.000 sent_v=0.000 sent_w=0.000 ret=0 dt=49.7ms move_ms=0.4 policy_zmq_lag=0.6ms
[go2:sport] cmd#125 seq=210 policy_v=0.000 policy_w=0.000 sent_v=0.000 sent_w=0.000 ret=0 dt=49.9ms move_ms=0.4 policy_zmq_lag=0.5ms
[go2:sport] cmd#126 seq=211 policy_v=0.000 policy_w=0.000 sent_v=0.000 sent_w=0.000 ret=0 dt=50.6ms move_ms=0.4 policy_zmq_lag=0.5ms
[go2:sport] cmd#127 seq=212 policy_v=0.000 policy_w=0.000 sent_v=0.000 sent_w=0.000 ret=0 dt=49.9ms move_ms=0.4 policy_zmq_lag=0.5ms
[go2:sport] cmd#128 seq=213 policy_v=0.000 policy_w=0.000 sent_v=0.000 sent_w=0.000 ret=0 dt=50.5ms move_ms=0.5 policy_zmq_lag=0.6ms
[go2:sport] cmd#129 seq=214 policy_v=0.000 policy_w=0.000 sent_v=0.000 sent_w=0.000 ret=0 dt=49.1ms move_ms=0.5 policy_zmq_lag=0.6ms
[go2:sport] cmd#130 seq=215 policy_v=0.000 policy_w=0.000 sent_v=0.000 sent_w=0.000 ret=0 dt=50.6ms move_ms=0.4 policy_zmq_lag=0.6ms
[go2:sport] cmd#131 seq=216 policy_v=0.000 policy_w=0.000 sent_v=0.000 sent_w=0.000 ret=0 dt=49.9ms move_ms=0.4 policy_zmq_lag=0.5ms
[go2:sport] cmd#132 seq=217 policy_v=0.000 policy_w=0.000 sent_v=0.000 sent_w=0.000 ret=0 dt=49.8ms move_ms=0.4 policy_zmq_lag=0.5ms
[go2:sport] cmd#133 seq=218 policy_v=0.000 policy_w=0.000 sent_v=0.000 sent_w=0.000 ret=0 dt=50.2ms move_ms=0.4 policy_zmq_lag=0.6ms
[go2:sport] cmd#134 seq=219 policy_v=0.000 policy_w=0.000 sent_v=0.000 sent_w=0.000 ret=0 dt=50.1ms move_ms=0.4 policy_zmq_lag=0.6ms
[go2:sport] cmd#135 seq=220 policy_v=0.000 policy_w=0.000 sent_v=0.000 sent_w=0.000 ret=0 dt=49.5ms move_ms=0.5 policy_zmq_lag=0.6ms
[go2:sport] cmd#136 seq=221 policy_v=0.000 policy_w=0.000 sent_v=0.000 sent_w=0.000 ret=0 dt=50.6ms move_ms=0.4 policy_zmq_lag=0.5ms
[go2:sport] cmd#137 seq=222 policy_v=0.000 policy_w=0.000 sent_v=0.000 sent_w=0.000 ret=0 dt=49.9ms move_ms=0.4 policy_zmq_lag=0.5ms
[go2:sport] cmd#138 seq=223 policy_v=0.000 policy_w=0.000 sent_v=0.000 sent_w=0.000 ret=0 dt=49.7ms move_ms=0.5 policy_zmq_lag=0.7ms
[go2:sport] cmd#139 seq=224 policy_v=0.000 policy_w=0.000 sent_v=0.000 sent_w=0.000 ret=0 dt=50.4ms move_ms=0.4 policy_zmq_lag=0.5ms
[go2:sport] cmd#140 seq=225 policy_v=0.000 policy_w=0.000 sent_v=0.000 sent_w=0.000 ret=0 dt=49.9ms move_ms=0.4 policy_zmq_lag=0.6ms
[go2:sport] cmd#141 seq=226 policy_v=0.000 policy_w=0.000 sent_v=0.000 sent_w=0.000 ret=0 dt=50.0ms move_ms=0.4 policy_zmq_lag=0.6ms
[go2:sport] cmd#142 seq=227 policy_v=0.000 policy_w=0.000 sent_v=0.000 sent_w=0.000 ret=0 dt=50.0ms move_ms=0.4 policy_zmq_lag=0.5ms
[go2:sport] cmd#143 seq=228 policy_v=0.000 policy_w=0.000 sent_v=0.000 sent_w=0.000 ret=0 dt=50.5ms move_ms=0.4 policy_zmq_lag=0.5ms
[go2:sport] cmd#144 seq=229 policy_v=0.000 policy_w=0.000 sent_v=0.000 sent_w=0.000 ret=0 dt=49.1ms move_ms=0.4 policy_zmq_lag=0.6ms
[go2:sport] cmd#145 seq=230 policy_v=0.000 policy_w=0.000 sent_v=0.000 sent_w=0.000 ret=0 dt=50.3ms move_ms=0.4 policy_zmq_lag=0.5ms
[go2:sport] cmd#146 seq=231 policy_v=0.000 policy_w=0.000 sent_v=0.000 sent_w=0.000 ret=0 dt=50.2ms move_ms=0.4 policy_zmq_lag=0.6ms
[go2:sport] cmd#147 seq=232 policy_v=0.000 policy_w=0.000 sent_v=0.000 sent_w=0.000 ret=0 dt=49.9ms move_ms=0.4 policy_zmq_lag=0.5ms
[go2:sport] cmd#148 seq=233 policy_v=0.000 policy_w=0.000 sent_v=0.000 sent_w=0.000 ret=0 dt=49.5ms move_ms=0.4 policy_zmq_lag=0.6ms
[go2:sport] cmd#149 seq=234 policy_v=0.000 policy_w=0.000 sent_v=0.000 sent_w=0.000 ret=0 dt=50.1ms move_ms=0.4 policy_zmq_lag=0.5ms
[go2:sport] cmd#150 seq=235 policy_v=0.000 policy_w=0.000 sent_v=0.000 sent_w=0.000 ret=0 dt=51.0ms move_ms=0.4 policy_zmq_lag=0.6ms
[go2:sport] cmd#151 seq=236 policy_v=0.000 policy_w=0.000 sent_v=0.000 sent_w=0.000 ret=0 dt=49.2ms move_ms=0.5 policy_zmq_lag=0.7ms
[go2:sport] cmd#152 seq=237 policy_v=0.000 policy_w=0.000 sent_v=0.000 sent_w=0.000 ret=0 dt=50.4ms move_ms=0.4 policy_zmq_lag=0.6ms
[go2:sport] cmd#153 seq=238 policy_v=0.000 policy_w=0.000 sent_v=0.000 sent_w=0.000 ret=0 dt=51.9ms move_ms=0.4 policy_zmq_lag=1.9ms
[go2:sport] cmd#154 seq=239 policy_v=0.000 policy_w=0.000 sent_v=0.000 sent_w=0.000 ret=0 dt=48.2ms move_ms=0.4 policy_zmq_lag=0.6ms
[go2:sport] cmd#155 seq=240 policy_v=0.000 policy_w=0.000 sent_v=0.000 sent_w=0.000 ret=0 dt=49.4ms move_ms=0.4 policy_zmq_lag=0.6ms
[go2:sport] cmd#156 seq=241 policy_v=0.000 policy_w=0.000 sent_v=0.000 sent_w=0.000 ret=0 dt=50.8ms move_ms=0.4 policy_zmq_lag=0.5ms
[go2:sport] cmd#157 seq=242 policy_v=0.000 policy_w=0.000 sent_v=0.000 sent_w=0.000 ret=0 dt=49.4ms move_ms=0.4 policy_zmq_lag=0.5ms
[go2:sport] cmd#158 seq=243 policy_v=0.000 policy_w=0.000 sent_v=0.000 sent_w=0.000 ret=0 dt=49.9ms move_ms=0.4 policy_zmq_lag=0.5ms
[go2:sport] cmd#159 seq=244 policy_v=0.000 policy_w=0.000 sent_v=0.000 sent_w=0.000 ret=0 dt=50.1ms move_ms=0.4 policy_zmq_lag=0.6ms
[go2:sport] cmd#160 seq=245 policy_v=0.000 policy_w=0.000 sent_v=0.000 sent_w=0.000 ret=0 dt=50.2ms move_ms=0.5 policy_zmq_lag=0.6ms
[go2:sport] cmd#161 seq=246 policy_v=0.000 policy_w=0.000 sent_v=0.000 sent_w=0.000 ret=0 dt=49.7ms move_ms=0.4 policy_zmq_lag=0.5ms
[go2:sport] cmd#162 seq=247 policy_v=0.000 policy_w=0.000 sent_v=0.000 sent_w=0.000 ret=0 dt=50.1ms move_ms=0.4 policy_zmq_lag=0.5ms
[go2:sport] cmd#163 seq=248 policy_v=0.000 policy_w=0.000 sent_v=0.000 sent_w=0.000 ret=0 dt=49.8ms move_ms=0.4 policy_zmq_lag=0.5ms
[go2:sport] cmd#164 seq=249 policy_v=0.000 policy_w=0.000 sent_v=0.000 sent_w=0.000 ret=0 dt=50.3ms move_ms=0.4 policy_zmq_lag=0.5ms
[go2:sport] cmd#165 seq=250 policy_v=0.000 policy_w=0.000 sent_v=0.000 sent_w=0.000 ret=0 dt=49.7ms move_ms=0.5 policy_zmq_lag=0.6ms
[go2:sport] cmd#166 seq=251 policy_v=0.000 policy_w=0.000 sent_v=0.000 sent_w=0.000 ret=0 dt=50.5ms move_ms=0.4 policy_zmq_lag=0.7ms
[go2:sport] cmd#167 seq=252 policy_v=0.000 policy_w=0.000 sent_v=0.000 sent_w=0.000 ret=0 dt=49.7ms move_ms=0.4 policy_zmq_lag=0.5ms
[go2:sport] cmd#168 seq=253 policy_v=0.000 policy_w=0.000 sent_v=0.000 sent_w=0.000 ret=0 dt=49.8ms move_ms=0.4 policy_zmq_lag=0.5ms
[go2:sport] cmd#169 seq=254 policy_v=0.000 policy_w=0.000 sent_v=0.000 sent_w=0.000 ret=0 dt=49.9ms move_ms=0.4 policy_zmq_lag=0.5ms
[go2:sport] cmd#170 seq=255 policy_v=0.000 policy_w=0.000 sent_v=0.000 sent_w=0.000 ret=0 dt=50.4ms move_ms=0.4 policy_zmq_lag=0.6ms
[go2:sport] cmd#171 seq=256 policy_v=0.000 policy_w=0.000 sent_v=0.000 sent_w=0.000 ret=0 dt=49.8ms move_ms=0.4 policy_zmq_lag=0.5ms
[go2:sport] cmd#172 seq=257 policy_v=0.000 policy_w=0.000 sent_v=0.000 sent_w=0.000 ret=0 dt=49.9ms move_ms=0.4 policy_zmq_lag=0.5ms
[go2:sport] cmd#173 seq=258 policy_v=0.000 policy_w=0.000 sent_v=0.000 sent_w=0.000 ret=0 dt=50.1ms move_ms=0.4 policy_zmq_lag=0.5ms
[go2:sport] cmd#174 seq=259 policy_v=0.000 policy_w=0.000 sent_v=0.000 sent_w=0.000 ret=0 dt=50.0ms move_ms=0.4 policy_zmq_lag=0.6ms
[go2:sport] cmd#175 seq=260 policy_v=0.000 policy_w=0.000 sent_v=0.000 sent_w=0.000 ret=0 dt=49.7ms move_ms=0.4 policy_zmq_lag=0.5ms
[go2:sport] cmd#176 seq=261 policy_v=0.000 policy_w=0.000 sent_v=0.000 sent_w=0.000 ret=0 dt=50.6ms move_ms=0.4 policy_zmq_lag=0.6ms
[go2:sport] cmd#177 seq=262 policy_v=0.000 policy_w=0.000 sent_v=0.000 sent_w=0.000 ret=0 dt=49.5ms move_ms=0.4 policy_zmq_lag=0.5ms
[go2:sport] cmd#178 seq=263 policy_v=0.000 policy_w=0.000 sent_v=0.000 sent_w=0.000 ret=0 dt=49.9ms move_ms=0.4 policy_zmq_lag=0.5ms
[go2:sport] cmd#179 seq=264 policy_v=0.000 policy_w=0.000 sent_v=0.000 sent_w=0.000 ret=0 dt=50.1ms move_ms=0.4 policy_zmq_lag=0.5ms
[go2:sport] cmd#180 seq=265 policy_v=0.000 policy_w=0.000 sent_v=0.000 sent_w=0.000 ret=0 dt=50.2ms move_ms=0.4 policy_zmq_lag=0.5ms
[go2:sport] cmd#181 seq=266 policy_v=0.000 policy_w=0.000 sent_v=0.000 sent_w=0.000 ret=0 dt=50.6ms move_ms=0.4 policy_zmq_lag=0.6ms
[go2:sport] cmd#182 seq=267 policy_v=0.000 policy_w=0.000 sent_v=0.000 sent_w=0.000 ret=0 dt=49.3ms move_ms=0.4 policy_zmq_lag=0.6ms
[go2:sport] cmd#183 seq=268 policy_v=0.000 policy_w=0.000 sent_v=0.000 sent_w=0.000 ret=0 dt=50.6ms move_ms=0.4 policy_zmq_lag=0.6ms
[go2:sport] cmd#184 seq=269 policy_v=0.000 policy_w=0.000 sent_v=0.000 sent_w=0.000 ret=0 dt=49.8ms move_ms=0.4 policy_zmq_lag=0.6ms
[go2:sport] cmd#185 seq=270 policy_v=0.000 policy_w=0.000 sent_v=0.000 sent_w=0.000 ret=0 dt=50.1ms move_ms=0.5 policy_zmq_lag=0.6ms
[go2:sport] cmd#186 seq=271 policy_v=0.000 policy_w=0.000 sent_v=0.000 sent_w=0.000 ret=0 dt=50.1ms move_ms=0.5 policy_zmq_lag=0.6ms
[go2:sport] cmd#187 seq=272 policy_v=0.000 policy_w=0.000 sent_v=0.000 sent_w=0.000 ret=0 dt=50.0ms move_ms=0.6 policy_zmq_lag=0.6ms
[go2:sport] cmd#188 seq=273 policy_v=0.000 policy_w=0.000 sent_v=0.000 sent_w=0.000 ret=0 dt=51.1ms move_ms=0.4 policy_zmq_lag=0.8ms
[go2:sport] cmd#189 seq=274 policy_v=0.000 policy_w=0.000 sent_v=0.000 sent_w=0.000 ret=0 dt=48.4ms move_ms=0.4 policy_zmq_lag=0.5ms
[go2:sport] cmd#190 seq=275 policy_v=0.000 policy_w=0.000 sent_v=0.000 sent_w=0.000 ret=0 dt=50.1ms move_ms=0.4 policy_zmq_lag=0.5ms
[go2:sport] cmd#191 seq=276 policy_v=0.000 policy_w=0.000 sent_v=0.000 sent_w=0.000 ret=0 dt=50.4ms move_ms=0.4 policy_zmq_lag=0.6ms
[go2:sport] cmd#192 seq=277 policy_v=0.000 policy_w=0.000 sent_v=0.000 sent_w=0.000 ret=0 dt=49.7ms move_ms=0.4 policy_zmq_lag=0.5ms
[go2:sport] cmd#193 seq=278 policy_v=0.000 policy_w=0.000 sent_v=0.000 sent_w=0.000 ret=0 dt=49.8ms move_ms=0.4 policy_zmq_lag=0.5ms
[go2:sport] cmd#194 seq=279 policy_v=0.000 policy_w=0.000 sent_v=0.000 sent_w=0.000 ret=0 dt=49.8ms move_ms=0.5 policy_zmq_lag=0.6ms
[go2:sport] cmd#195 seq=280 policy_v=0.000 policy_w=0.000 sent_v=0.000 sent_w=0.000 ret=0 dt=50.5ms move_ms=0.4 policy_zmq_lag=0.6ms
[go2:sport] cmd#196 seq=281 policy_v=0.000 policy_w=0.000 sent_v=0.000 sent_w=0.000 ret=0 dt=49.8ms move_ms=0.4 policy_zmq_lag=0.5ms
[go2:sport] cmd#197 seq=282 policy_v=0.000 policy_w=0.000 sent_v=0.000 sent_w=0.000 ret=0 dt=49.6ms move_ms=0.4 policy_zmq_lag=0.5ms
[go2:sport] cmd#198 seq=283 policy_v=0.000 policy_w=0.000 sent_v=0.000 sent_w=0.000 ret=0 dt=49.9ms move_ms=0.4 policy_zmq_lag=0.5ms
[go2:sport] cmd#199 seq=284 policy_v=0.000 policy_w=0.000 sent_v=0.000 sent_w=0.000 ret=0 dt=49.9ms move_ms=0.4 policy_zmq_lag=0.5ms
[go2:sport] cmd#200 seq=285 policy_v=0.000 policy_w=0.000 sent_v=0.000 sent_w=0.000 ret=0 dt=51.0ms move_ms=0.4 policy_zmq_lag=0.6ms
[go2:sport] cmd#201 seq=286 policy_v=0.000 policy_w=0.000 sent_v=0.000 sent_w=0.000 ret=0 dt=49.3ms move_ms=0.4 policy_zmq_lag=0.5ms
[go2:sport] cmd#202 seq=287 policy_v=0.000 policy_w=0.000 sent_v=0.000 sent_w=0.000 ret=0 dt=50.0ms move_ms=0.4 policy_zmq_lag=0.6ms
[go2:sport] cmd#203 seq=288 policy_v=0.000 policy_w=0.000 sent_v=0.000 sent_w=0.000 ret=0 dt=49.8ms move_ms=0.5 policy_zmq_lag=0.6ms
[go2:sport] cmd#204 seq=289 policy_v=0.000 policy_w=0.000 sent_v=0.000 sent_w=0.000 ret=0 dt=51.7ms move_ms=0.5 policy_zmq_lag=0.5ms
[go2:sport] cmd#205 seq=290 policy_v=0.000 policy_w=0.000 sent_v=0.000 sent_w=0.000 ret=0 dt=48.4ms move_ms=0.5 policy_zmq_lag=0.6ms
[go2:sport] cmd#206 seq=291 policy_v=0.000 policy_w=0.000 sent_v=0.000 sent_w=0.000 ret=0 dt=50.3ms move_ms=0.5 policy_zmq_lag=0.6ms
[go2:sport] cmd#207 seq=292 policy_v=0.000 policy_w=0.000 sent_v=0.000 sent_w=0.000 ret=0 dt=49.6ms move_ms=0.4 policy_zmq_lag=0.5ms
[go2:sport] cmd#208 seq=293 policy_v=0.000 policy_w=0.000 sent_v=0.000 sent_w=0.000 ret=0 dt=49.9ms move_ms=0.4 policy_zmq_lag=0.6ms
[go2:sport] cmd#209 seq=294 policy_v=0.000 policy_w=0.000 sent_v=0.000 sent_w=0.000 ret=0 dt=50.3ms move_ms=0.3 policy_zmq_lag=0.5ms
[go2:sport] cmd#210 seq=295 policy_v=0.000 policy_w=0.000 sent_v=0.000 sent_w=0.000 ret=0 dt=49.6ms move_ms=0.4 policy_zmq_lag=0.5ms
[go2:sport] cmd#211 seq=296 policy_v=0.000 policy_w=0.000 sent_v=0.000 sent_w=0.000 ret=0 dt=50.3ms move_ms=0.4 policy_zmq_lag=0.5ms
[go2:sport] cmd#212 seq=297 policy_v=0.000 policy_w=0.000 sent_v=0.000 sent_w=0.000 ret=0 dt=50.6ms move_ms=0.4 policy_zmq_lag=0.6ms
[go2:sport] cmd#213 seq=298 policy_v=0.000 policy_w=0.000 sent_v=0.000 sent_w=0.000 ret=0 dt=49.5ms move_ms=0.4 policy_zmq_lag=0.5ms
[go2:sport] cmd#214 seq=299 policy_v=0.000 policy_w=0.000 sent_v=0.000 sent_w=0.000 ret=0 dt=49.9ms move_ms=0.4 policy_zmq_lag=0.5ms
[go2:sport] cmd#215 seq=300 policy_v=0.000 policy_w=0.000 sent_v=0.000 sent_w=0.000 ret=0 dt=50.5ms move_ms=0.5 policy_zmq_lag=0.6ms
[go2:sport] cmd#216 seq=301 policy_v=0.000 policy_w=0.000 sent_v=0.000 sent_w=0.000 ret=0 dt=49.9ms move_ms=0.4 policy_zmq_lag=0.5ms
[go2:sport] cmd#217 seq=302 policy_v=0.000 policy_w=0.000 sent_v=0.000 sent_w=0.000 ret=0 dt=49.6ms move_ms=0.4 policy_zmq_lag=0.5ms
[go2:sport] cmd#218 seq=303 policy_v=0.000 policy_w=0.000 sent_v=0.000 sent_w=0.000 ret=0 dt=50.3ms move_ms=0.4 policy_zmq_lag=0.5ms
[go2:sport] cmd#219 seq=304 policy_v=0.000 policy_w=0.000 sent_v=0.000 sent_w=0.000 ret=0 dt=49.6ms move_ms=0.5 policy_zmq_lag=0.6ms
[go2:sport] cmd#220 seq=305 policy_v=0.000 policy_w=0.000 sent_v=0.000 sent_w=0.000 ret=0 dt=50.1ms move_ms=0.4 policy_zmq_lag=0.5ms
[go2:sport] cmd#221 seq=306 policy_v=0.000 policy_w=0.000 sent_v=0.000 sent_w=0.000 ret=0 dt=49.7ms move_ms=0.4 policy_zmq_lag=0.5ms
[go2:sport] cmd#222 seq=307 policy_v=0.000 policy_w=0.000 sent_v=0.000 sent_w=0.000 ret=0 dt=50.4ms move_ms=0.6 policy_zmq_lag=0.6ms
[go2:sport] cmd#223 seq=308 policy_v=0.000 policy_w=0.000 sent_v=0.000 sent_w=0.000 ret=0 dt=49.7ms move_ms=0.3 policy_zmq_lag=0.5ms
[go2:sport] cmd#224 seq=309 policy_v=0.000 policy_w=0.000 sent_v=0.000 sent_w=0.000 ret=0 dt=50.1ms move_ms=0.4 policy_zmq_lag=0.6ms
[go2:sport] cmd#225 seq=310 policy_v=0.000 policy_w=0.000 sent_v=0.000 sent_w=0.000 ret=0 dt=50.3ms move_ms=0.4 policy_zmq_lag=0.6ms
[go2:sport] cmd#226 seq=311 policy_v=0.000 policy_w=0.000 sent_v=0.000 sent_w=0.000 ret=0 dt=49.9ms move_ms=0.4 policy_zmq_lag=0.5ms
[go2:sport] cmd#227 seq=312 policy_v=0.000 policy_w=0.000 sent_v=0.000 sent_w=0.000 ret=0 dt=50.6ms move_ms=0.3 policy_zmq_lag=0.5ms
[go2:sport] cmd#228 seq=313 policy_v=0.000 policy_w=0.000 sent_v=0.000 sent_w=0.000 ret=0 dt=49.5ms move_ms=0.4 policy_zmq_lag=0.6ms
[go2:sport] cmd#229 seq=314 policy_v=0.000 policy_w=0.000 sent_v=0.000 sent_w=0.000 ret=0 dt=49.8ms move_ms=0.5 policy_zmq_lag=0.6ms
[go2:sport] cmd#230 seq=315 policy_v=0.000 policy_w=0.000 sent_v=0.000 sent_w=0.000 ret=0 dt=50.0ms move_ms=0.6 policy_zmq_lag=0.6ms
[go2:sport] cmd#231 seq=316 policy_v=0.000 policy_w=0.000 sent_v=0.000 sent_w=0.000 ret=0 dt=49.8ms move_ms=0.3 policy_zmq_lag=0.5ms
[go2:sport] cmd#232 seq=317 policy_v=0.000 policy_w=0.000 sent_v=0.000 sent_w=0.000 ret=0 dt=50.2ms move_ms=0.4 policy_zmq_lag=0.6ms
[go2:sport] cmd#233 seq=318 policy_v=0.000 policy_w=0.000 sent_v=0.000 sent_w=0.000 ret=0 dt=49.8ms move_ms=0.4 policy_zmq_lag=0.5ms
[go2:sport] cmd#234 seq=319 policy_v=0.000 policy_w=0.000 sent_v=0.000 sent_w=0.000 ret=0 dt=50.1ms move_ms=0.6 policy_zmq_lag=0.7ms
[go2:sport] cmd#235 seq=320 policy_v=0.000 policy_w=0.000 sent_v=0.000 sent_w=0.000 ret=0 dt=49.9ms move_ms=0.4 policy_zmq_lag=0.5ms
[go2:sport] cmd#236 seq=321 policy_v=0.000 policy_w=0.000 sent_v=0.000 sent_w=0.000 ret=0 dt=50.4ms move_ms=0.4 policy_zmq_lag=0.5ms
[go2:sport] cmd#237 seq=322 policy_v=0.000 policy_w=0.000 sent_v=0.000 sent_w=0.000 ret=0 dt=49.9ms move_ms=0.5 policy_zmq_lag=0.6ms
[go2:sport] cmd#238 seq=323 policy_v=0.000 policy_w=0.000 sent_v=0.000 sent_w=0.000 ret=0 dt=50.1ms move_ms=0.5 policy_zmq_lag=0.7ms
[go2:sport] cmd#239 seq=324 policy_v=0.100 policy_w=-0.100 sent_v=0.100 sent_w=-0.100 ret=0 dt=58.0ms move_ms=0.4 policy_zmq_lag=0.6ms scan_age=43.8ms loop_to_send=8.4ms
[go2:sport] cmd#240 seq=325 policy_v=0.250 policy_w=-0.250 sent_v=0.250 sent_w=-0.250 ret=0 dt=47.5ms move_ms=0.6 policy_zmq_lag=0.7ms scan_age=31.3ms loop_to_send=5.8ms
[go2:sport] cmd#241 seq=326 policy_v=0.408 policy_w=-0.491 sent_v=0.408 sent_w=-0.491 ret=0 dt=50.0ms move_ms=0.4 policy_zmq_lag=0.6ms scan_age=41.4ms loop_to_send=6.0ms
[go2:sport] cmd#242 seq=327 policy_v=0.620 policy_w=-0.768 sent_v=0.620 sent_w=-0.768 ret=0 dt=49.7ms move_ms=0.5 policy_zmq_lag=0.6ms scan_age=31.2ms loop_to_send=5.7ms
[go2:sport] cmd#243 seq=328 policy_v=0.973 policy_w=-1.077 sent_v=0.973 sent_w=-1.077 ret=0 dt=50.4ms move_ms=0.4 policy_zmq_lag=0.6ms scan_age=41.4ms loop_to_send=6.0ms
[go2:sport] cmd#244 seq=329 policy_v=1.050 policy_w=-1.074 sent_v=1.050 sent_w=-1.074 ret=0 dt=49.8ms move_ms=0.4 policy_zmq_lag=0.6ms scan_age=31.2ms loop_to_send=5.9ms
[go2:sport] cmd#245 seq=330 policy_v=1.046 policy_w=-0.956 sent_v=1.046 sent_w=-0.956 ret=0 dt=50.6ms move_ms=0.4 policy_zmq_lag=0.7ms scan_age=41.8ms loop_to_send=6.3ms
[go2:sport] cmd#246 seq=331 policy_v=1.050 policy_w=-0.934 sent_v=1.050 sent_w=-0.934 ret=0 dt=49.5ms move_ms=0.4 policy_zmq_lag=0.6ms scan_age=31.3ms loop_to_send=6.0ms
[go2:sport] cmd#247 seq=332 policy_v=1.045 policy_w=-0.908 sent_v=1.045 sent_w=-0.908 ret=0 dt=50.3ms move_ms=0.4 policy_zmq_lag=0.6ms scan_age=41.6ms loop_to_send=6.2ms
[go2:sport] cmd#248 seq=333 policy_v=1.050 policy_w=-0.876 sent_v=1.050 sent_w=-0.876 ret=0 dt=50.8ms move_ms=0.6 policy_zmq_lag=0.7ms scan_age=32.2ms loop_to_send=6.7ms
[go2:sport] cmd#249 seq=334 policy_v=1.042 policy_w=-0.840 sent_v=1.042 sent_w=-0.840 ret=0 dt=49.2ms move_ms=0.4 policy_zmq_lag=0.7ms scan_age=42.5ms loop_to_send=6.1ms
[go2:sport] cmd#250 seq=335 policy_v=1.050 policy_w=-0.797 sent_v=1.050 sent_w=-0.797 ret=0 dt=49.5ms move_ms=0.4 policy_zmq_lag=0.6ms scan_age=31.1ms loop_to_send=5.7ms
[go2:sport] cmd#251 seq=336 policy_v=1.022 policy_w=-0.746 sent_v=1.022 sent_w=-0.746 ret=0 dt=51.1ms move_ms=0.4 policy_zmq_lag=0.6ms scan_age=43.2ms loop_to_send=6.6ms
[go2:sport] cmd#252 seq=337 policy_v=1.033 policy_w=-0.685 sent_v=1.033 sent_w=-0.685 ret=0 dt=49.0ms move_ms=0.4 policy_zmq_lag=0.6ms scan_age=31.1ms loop_to_send=5.7ms
[go2:sport] cmd#253 seq=338 policy_v=0.882 policy_w=-0.624 sent_v=0.882 sent_w=-0.624 ret=0 dt=50.5ms move_ms=0.6 policy_zmq_lag=0.8ms scan_age=41.4ms loop_to_send=5.9ms
[go2:sport] cmd#254 seq=339 policy_v=0.930 policy_w=-0.559 sent_v=0.930 sent_w=-0.559 ret=0 dt=49.7ms move_ms=0.4 policy_zmq_lag=0.6ms scan_age=32.2ms loop_to_send=6.0ms
[go2:sport] cmd#255 seq=340 policy_v=0.908 policy_w=-0.480 sent_v=0.908 sent_w=-0.480 ret=0 dt=50.0ms move_ms=0.4 policy_zmq_lag=0.7ms scan_age=41.4ms loop_to_send=6.0ms
[go2:sport] cmd#256 seq=341 policy_v=0.866 policy_w=-0.385 sent_v=0.866 sent_w=-0.385 ret=0 dt=49.8ms move_ms=0.4 policy_zmq_lag=0.6ms scan_age=31.1ms loop_to_send=5.8ms
[go2:sport] cmd#257 seq=342 policy_v=0.797 policy_w=-0.235 sent_v=0.797 sent_w=-0.235 ret=0 dt=50.0ms move_ms=0.5 policy_zmq_lag=0.7ms scan_age=41.1ms loop_to_send=5.8ms
[go2:sport] cmd#258 seq=343 policy_v=0.693 policy_w=-0.085 sent_v=0.693 sent_w=-0.085 ret=0 dt=50.7ms move_ms=0.4 policy_zmq_lag=0.6ms scan_age=32.0ms loop_to_send=6.3ms
[go2:sport] cmd#259 seq=344 policy_v=0.568 policy_w=0.065 sent_v=0.568 sent_w=0.065 ret=0 dt=50.1ms move_ms=0.4 policy_zmq_lag=0.6ms scan_age=42.1ms loop_to_send=6.6ms
[go2:sport] cmd#260 seq=345 policy_v=0.432 policy_w=0.215 sent_v=0.432 sent_w=0.215 ret=0 dt=49.4ms move_ms=0.4 policy_zmq_lag=0.6ms scan_age=32.4ms loop_to_send=6.1ms
[go2:sport] cmd#261 seq=346 policy_v=0.282 policy_w=0.440 sent_v=0.282 sent_w=0.440 ret=0 dt=50.0ms move_ms=0.4 policy_zmq_lag=0.7ms scan_age=41.3ms loop_to_send=6.0ms
[go2:sport] cmd#262 seq=347 policy_v=0.132 policy_w=0.290 sent_v=0.132 sent_w=0.290 ret=0 dt=49.6ms move_ms=0.4 policy_zmq_lag=0.6ms scan_age=31.1ms loop_to_send=5.7ms
[go2:sport] cmd#263 seq=348 policy_v=-0.018 policy_w=0.140 sent_v=-0.018 sent_w=0.140 ret=0 dt=50.1ms move_ms=0.4 policy_zmq_lag=0.6ms scan_age=41.3ms loop_to_send=5.8ms
[go2:sport] cmd#264 seq=349 policy_v=-0.169 policy_w=0.290 sent_v=-0.169 sent_w=0.290 ret=0 dt=50.5ms move_ms=0.4 policy_zmq_lag=0.7ms scan_age=31.5ms loop_to_send=6.1ms
[go2:sport] cmd#265 seq=350 policy_v=-0.318 policy_w=0.484 sent_v=-0.318 sent_w=0.484 ret=0 dt=49.8ms move_ms=0.4 policy_zmq_lag=0.6ms scan_age=41.5ms loop_to_send=6.1ms
[go2:sport] cmd#266 seq=351 policy_v=-0.468 policy_w=0.692 sent_v=-0.468 sent_w=0.692 ret=0 dt=49.9ms move_ms=0.6 policy_zmq_lag=0.7ms scan_age=32.2ms loop_to_send=5.9ms
[go2:sport] cmd#267 seq=352 policy_v=-0.619 policy_w=0.949 sent_v=-0.619 sent_w=0.949 ret=0 dt=50.2ms move_ms=0.6 policy_zmq_lag=0.8ms scan_age=42.5ms loop_to_send=6.0ms
[go2:sport] cmd#268 seq=353 policy_v=-0.768 policy_w=0.885 sent_v=-0.768 sent_w=0.885 ret=0 dt=49.7ms move_ms=0.6 policy_zmq_lag=0.7ms scan_age=31.1ms loop_to_send=5.8ms
[go2:sport] cmd#269 seq=354 policy_v=-0.918 policy_w=0.791 sent_v=-0.918 sent_w=0.791 ret=0 dt=50.2ms move_ms=0.4 policy_zmq_lag=0.7ms scan_age=41.4ms loop_to_send=6.0ms
[go2:sport] cmd#270 seq=355 policy_v=-1.049 policy_w=0.662 sent_v=-1.049 sent_w=0.662 ret=0 dt=49.8ms move_ms=0.4 policy_zmq_lag=0.6ms scan_age=31.3ms loop_to_send=6.0ms
[go2:sport] cmd#271 seq=356 policy_v=-1.042 policy_w=0.578 sent_v=-1.042 sent_w=0.578 ret=0 dt=50.1ms move_ms=0.4 policy_zmq_lag=0.6ms scan_age=42.4ms loop_to_send=6.0ms
[go2:sport] cmd#272 seq=357 policy_v=-1.045 policy_w=0.495 sent_v=-1.045 sent_w=0.495 ret=0 dt=49.8ms move_ms=0.4 policy_zmq_lag=0.6ms scan_age=32.1ms loop_to_send=5.9ms
[go2:sport] cmd#273 seq=358 policy_v=-1.046 policy_w=0.667 sent_v=-1.046 sent_w=0.667 ret=0 dt=50.2ms move_ms=0.4 policy_zmq_lag=0.6ms scan_age=41.5ms loop_to_send=6.1ms
[go2:sport] cmd#274 seq=359 policy_v=-1.037 policy_w=0.868 sent_v=-1.037 sent_w=0.868 ret=0 dt=49.7ms move_ms=0.4 policy_zmq_lag=0.6ms scan_age=32.1ms loop_to_send=5.8ms
[go2:sport] cmd#275 seq=360 policy_v=-0.887 policy_w=1.079 sent_v=-0.887 sent_w=1.079 ret=0 dt=50.3ms move_ms=0.4 policy_zmq_lag=0.6ms scan_age=41.4ms loop_to_send=6.0ms
[go2:sport] cmd#276 seq=361 policy_v=-0.737 policy_w=1.033 sent_v=-0.737 sent_w=1.033 ret=0 dt=49.8ms move_ms=0.4 policy_zmq_lag=0.6ms scan_age=32.0ms loop_to_send=5.8ms
[go2:sport] cmd#277 seq=362 policy_v=-0.587 policy_w=1.032 sent_v=-0.587 sent_w=1.032 ret=0 dt=50.1ms move_ms=0.4 policy_zmq_lag=0.6ms scan_age=41.4ms loop_to_send=5.9ms
[go2:sport] cmd#278 seq=363 policy_v=-0.437 policy_w=1.010 sent_v=-0.437 sent_w=1.010 ret=0 dt=50.1ms move_ms=0.4 policy_zmq_lag=0.7ms scan_age=31.4ms loop_to_send=6.0ms
[go2:sport] cmd#279 seq=364 policy_v=-0.287 policy_w=0.995 sent_v=-0.287 sent_w=0.995 ret=0 dt=50.2ms move_ms=0.4 policy_zmq_lag=0.6ms scan_age=41.6ms loop_to_send=6.2ms
[go2:sport] cmd#280 seq=365 policy_v=-0.437 policy_w=0.968 sent_v=-0.437 sent_w=0.968 ret=0 dt=49.6ms move_ms=0.4 policy_zmq_lag=0.6ms scan_age=31.2ms loop_to_send=5.9ms
[go2:sport] cmd#281 seq=366 policy_v=-0.287 policy_w=0.948 sent_v=-0.287 sent_w=0.948 ret=0 dt=50.2ms move_ms=0.4 policy_zmq_lag=0.6ms scan_age=41.5ms loop_to_send=6.0ms
[go2:sport] cmd#282 seq=367 policy_v=-0.137 policy_w=0.934 sent_v=-0.137 sent_w=0.934 ret=0 dt=50.0ms move_ms=0.4 policy_zmq_lag=0.7ms scan_age=31.4ms loop_to_send=5.9ms
[go2:sport] cmd#283 seq=368 policy_v=0.013 policy_w=0.922 sent_v=0.013 sent_w=0.922 ret=0 dt=50.0ms move_ms=0.4 policy_zmq_lag=0.7ms scan_age=41.4ms loop_to_send=6.0ms
[go2:sport] cmd#284 seq=369 policy_v=0.163 policy_w=0.910 sent_v=0.163 sent_w=0.910 ret=0 dt=50.1ms move_ms=0.4 policy_zmq_lag=0.7ms scan_age=32.3ms loop_to_send=6.0ms
[go2:sport] cmd#285 seq=370 policy_v=0.313 policy_w=0.897 sent_v=0.313 sent_w=0.897 ret=0 dt=49.8ms move_ms=0.4 policy_zmq_lag=0.6ms scan_age=41.4ms loop_to_send=6.0ms
[go2:sport] cmd#286 seq=371 policy_v=0.523 policy_w=0.877 sent_v=0.523 sent_w=0.877 ret=0 dt=50.1ms move_ms=0.4 policy_zmq_lag=0.7ms scan_age=31.3ms loop_to_send=6.0ms
[go2:sport] cmd#287 seq=372 policy_v=0.818 policy_w=0.846 sent_v=0.818 sent_w=0.846 ret=0 dt=49.8ms move_ms=0.4 policy_zmq_lag=0.6ms scan_age=41.3ms loop_to_send=5.8ms
[go2:sport] cmd#288 seq=373 policy_v=0.968 policy_w=0.788 sent_v=0.968 sent_w=0.788 ret=0 dt=50.3ms move_ms=0.6 policy_zmq_lag=0.7ms scan_age=31.4ms loop_to_send=6.0ms
[go2:sport] cmd#289 seq=374 policy_v=1.047 policy_w=0.715 sent_v=1.047 sent_w=0.715 ret=0 dt=49.8ms move_ms=0.4 policy_zmq_lag=0.7ms scan_age=41.3ms loop_to_send=5.9ms
[go2:sport] cmd#290 seq=375 policy_v=1.018 policy_w=0.636 sent_v=1.018 sent_w=0.636 ret=0 dt=50.5ms move_ms=0.4 policy_zmq_lag=0.6ms scan_age=32.6ms loop_to_send=6.3ms
[go2:sport] cmd#291 seq=376 policy_v=1.048 policy_w=0.544 sent_v=1.048 sent_w=0.544 ret=0 dt=49.3ms move_ms=0.4 policy_zmq_lag=0.6ms scan_age=42.1ms loop_to_send=5.8ms
[go2:sport] cmd#292 seq=377 policy_v=0.940 policy_w=0.446 sent_v=0.940 sent_w=0.446 ret=0 dt=50.1ms move_ms=0.4 policy_zmq_lag=0.6ms scan_age=31.3ms loop_to_send=5.9ms
[go2:sport] cmd#293 seq=378 policy_v=1.049 policy_w=0.296 sent_v=1.049 sent_w=0.296 ret=0 dt=50.7ms move_ms=0.4 policy_zmq_lag=0.6ms scan_age=42.1ms loop_to_send=6.5ms
[go2:sport] cmd#294 seq=379 policy_v=0.899 policy_w=0.146 sent_v=0.899 sent_w=0.146 ret=0 dt=49.6ms move_ms=0.4 policy_zmq_lag=0.6ms scan_age=31.7ms loop_to_send=6.1ms
[go2:sport] cmd#295 seq=380 policy_v=1.044 policy_w=-0.004 sent_v=1.044 sent_w=-0.004 ret=0 dt=50.4ms move_ms=0.5 policy_zmq_lag=0.7ms scan_age=42.8ms loop_to_send=6.5ms
[go2:sport] cmd#296 seq=381 policy_v=1.041 policy_w=-0.154 sent_v=1.041 sent_w=-0.154 ret=0 dt=49.6ms move_ms=0.5 policy_zmq_lag=0.6ms scan_age=31.4ms loop_to_send=6.1ms
[go2:sport] cmd#297 seq=382 policy_v=1.049 policy_w=-0.309 sent_v=1.049 sent_w=-0.309 ret=0 dt=56.1ms move_ms=0.4 policy_zmq_lag=0.6ms scan_age=47.6ms loop_to_send=10.4ms
[go2:sport] cmd#298 seq=383 policy_v=0.904 policy_w=-0.524 sent_v=0.904 sent_w=-0.524 ret=0 dt=45.1ms move_ms=0.5 policy_zmq_lag=0.6ms scan_age=32.6ms loop_to_send=7.1ms
[go2:sport] cmd#299 seq=384 policy_v=1.049 policy_w=-0.777 sent_v=1.049 sent_w=-0.777 ret=0 dt=49.0ms move_ms=0.5 policy_zmq_lag=0.7ms scan_age=41.8ms loop_to_send=6.1ms
[go2:sport] cmd#300 seq=385 policy_v=0.899 policy_w=-1.082 sent_v=0.899 sent_w=-1.082 ret=0 dt=50.7ms move_ms=0.4 policy_zmq_lag=0.7ms scan_age=34.1ms loop_to_send=6.8ms
[go2:sport] cmd#301 seq=386 policy_v=1.049 policy_w=-1.056 sent_v=1.049 sent_w=-1.056 ret=0 dt=49.2ms move_ms=0.4 policy_zmq_lag=0.7ms scan_age=41.6ms loop_to_send=6.1ms
[go2:sport] cmd#302 seq=387 policy_v=0.899 policy_w=-1.079 sent_v=0.899 sent_w=-1.079 ret=0 dt=49.9ms move_ms=0.4 policy_zmq_lag=0.6ms scan_age=32.5ms loop_to_send=6.1ms
[go2:sport] cmd#303 seq=388 policy_v=1.049 policy_w=-1.016 sent_v=1.049 sent_w=-1.016 ret=0 dt=49.8ms move_ms=0.4 policy_zmq_lag=0.6ms scan_age=41.2ms loop_to_send=5.9ms
[go2:sport] cmd#304 seq=389 policy_v=1.043 policy_w=-0.951 sent_v=1.043 sent_w=-0.951 ret=0 dt=50.5ms move_ms=0.5 policy_zmq_lag=0.7ms scan_age=31.8ms loop_to_send=6.0ms
[go2:sport] cmd#305 seq=390 policy_v=1.050 policy_w=-1.058 sent_v=1.050 sent_w=-1.058 ret=0 dt=49.5ms move_ms=0.4 policy_zmq_lag=0.6ms scan_age=41.4ms loop_to_send=5.9ms
[go2:sport] cmd#306 seq=391 policy_v=1.035 policy_w=-1.053 sent_v=1.035 sent_w=-1.053 ret=0 dt=49.9ms move_ms=0.4 policy_zmq_lag=0.6ms scan_age=31.3ms loop_to_send=5.9ms
[go2:sport] cmd#307 seq=392 policy_v=1.044 policy_w=-1.046 sent_v=1.044 sent_w=-1.046 ret=0 dt=50.3ms move_ms=0.5 policy_zmq_lag=0.6ms scan_age=42.4ms loop_to_send=6.1ms
[go2:sport] cmd#308 seq=393 policy_v=0.894 policy_w=-1.047 sent_v=0.894 sent_w=-1.047 ret=0 dt=49.8ms move_ms=0.5 policy_zmq_lag=0.6ms scan_age=31.3ms loop_to_send=5.9ms
[go2:sport] cmd#309 seq=394 policy_v=0.926 policy_w=-1.054 sent_v=0.926 sent_w=-1.054 ret=0 dt=50.5ms move_ms=0.5 policy_zmq_lag=0.7ms scan_age=41.7ms loop_to_send=6.4ms
[go2:sport] cmd#310 seq=395 policy_v=0.980 policy_w=-1.060 sent_v=0.980 sent_w=-1.060 ret=0 dt=50.3ms move_ms=0.4 policy_zmq_lag=0.7ms scan_age=32.3ms loop_to_send=6.7ms
[go2:sport] cmd#311 seq=396 policy_v=0.830 policy_w=-1.065 sent_v=0.830 sent_w=-1.065 ret=0 dt=49.2ms move_ms=0.4 policy_zmq_lag=0.6ms scan_age=41.5ms loop_to_send=5.9ms
[go2:sport] cmd#312 seq=397 policy_v=0.829 policy_w=-1.075 sent_v=0.829 sent_w=-1.075 ret=0 dt=50.3ms move_ms=0.4 policy_zmq_lag=0.6ms scan_age=32.5ms loop_to_send=6.1ms
[go2:sport] cmd#313 seq=398 policy_v=0.830 policy_w=-1.087 sent_v=0.830 sent_w=-1.087 ret=0 dt=49.8ms move_ms=0.4 policy_zmq_lag=0.6ms scan_age=41.4ms loop_to_send=6.0ms
[go2:sport] cmd#314 seq=399 policy_v=0.834 policy_w=-1.099 sent_v=0.834 sent_w=-1.099 ret=0 dt=49.8ms move_ms=0.4 policy_zmq_lag=0.6ms scan_age=31.2ms loop_to_send=5.8ms
[go2:sport] cmd#315 seq=400 policy_v=0.841 policy_w=-0.949 sent_v=0.841 sent_w=-0.949 ret=0 dt=51.4ms move_ms=0.6 policy_zmq_lag=0.8ms scan_age=42.5ms loop_to_send=7.0ms
[go2:sport] cmd#316 seq=401 policy_v=0.829 policy_w=-0.945 sent_v=0.829 sent_w=-0.945 ret=0 dt=48.8ms move_ms=0.4 policy_zmq_lag=0.6ms scan_age=31.5ms loop_to_send=6.1ms
[go2:sport] cmd#317 seq=402 policy_v=0.810 policy_w=-0.940 sent_v=0.810 sent_w=-0.940 ret=0 dt=50.6ms move_ms=0.4 policy_zmq_lag=0.7ms scan_age=42.0ms loop_to_send=6.5ms
[go2:sport] cmd#318 seq=403 policy_v=0.782 policy_w=-0.936 sent_v=0.782 sent_w=-0.936 ret=0 dt=49.4ms move_ms=0.5 policy_zmq_lag=0.7ms scan_age=31.5ms loop_to_send=5.9ms
[go2:sport] cmd#319 seq=404 policy_v=0.739 policy_w=-0.931 sent_v=0.739 sent_w=-0.931 ret=0 dt=50.8ms move_ms=0.4 policy_zmq_lag=0.7ms scan_age=42.0ms loop_to_send=6.7ms
[go2:sport] cmd#320 seq=405 policy_v=0.677 policy_w=-0.927 sent_v=0.677 sent_w=-0.927 ret=0 dt=49.3ms move_ms=0.6 policy_zmq_lag=0.7ms scan_age=32.3ms loop_to_send=6.0ms
[go2:sport] cmd#321 seq=406 policy_v=0.590 policy_w=-0.923 sent_v=0.590 sent_w=-0.923 ret=0 dt=50.0ms move_ms=0.4 policy_zmq_lag=0.6ms scan_age=41.4ms loop_to_send=6.0ms
[go2:sport] cmd#322 seq=407 policy_v=0.474 policy_w=-0.920 sent_v=0.474 sent_w=-0.920 ret=0 dt=49.7ms move_ms=0.4 policy_zmq_lag=0.5ms scan_age=31.2ms loop_to_send=5.8ms
[go2:sport] cmd#323 seq=408 policy_v=0.324 policy_w=-0.915 sent_v=0.324 sent_w=-0.915 ret=0 dt=50.5ms move_ms=0.5 policy_zmq_lag=0.7ms scan_age=41.7ms loop_to_send=6.2ms
[go2:sport] cmd#324 seq=409 policy_v=0.174 policy_w=-0.906 sent_v=0.174 sent_w=-0.906 ret=0 dt=49.7ms move_ms=0.4 policy_zmq_lag=0.7ms scan_age=31.5ms loop_to_send=6.0ms
[go2:sport] cmd#325 seq=410 policy_v=0.024 policy_w=-0.889 sent_v=0.024 sent_w=-0.889 ret=0 dt=50.1ms move_ms=0.4 policy_zmq_lag=0.6ms scan_age=42.4ms loop_to_send=6.1ms
[go2:sport] cmd#326 seq=411 policy_v=-0.126 policy_w=-0.862 sent_v=-0.126 sent_w=-0.862 ret=0 dt=50.0ms move_ms=0.6 policy_zmq_lag=0.8ms scan_age=31.3ms loop_to_send=5.9ms
[go2:sport] cmd#327 seq=412 policy_v=-0.276 policy_w=-0.821 sent_v=-0.276 sent_w=-0.821 ret=0 dt=49.7ms move_ms=0.4 policy_zmq_lag=0.6ms scan_age=41.3ms loop_to_send=5.8ms
[go2:sport] cmd#328 seq=413 policy_v=-0.426 policy_w=-0.764 sent_v=-0.426 sent_w=-0.764 ret=0 dt=50.0ms move_ms=0.4 policy_zmq_lag=0.6ms scan_age=31.3ms loop_to_send=5.8ms
[go2:sport] cmd#329 seq=414 policy_v=-0.377 policy_w=-0.688 sent_v=-0.377 sent_w=-0.688 ret=0 dt=50.3ms move_ms=0.5 policy_zmq_lag=0.7ms scan_age=41.4ms loop_to_send=6.1ms
[go2:sport] cmd#330 seq=415 policy_v=-0.527 policy_w=-0.614 sent_v=-0.527 sent_w=-0.614 ret=0 dt=49.7ms move_ms=0.4 policy_zmq_lag=0.6ms scan_age=31.4ms loop_to_send=5.9ms
[go2:sport] cmd#331 seq=416 policy_v=-0.369 policy_w=-0.520 sent_v=-0.369 sent_w=-0.520 ret=0 dt=50.6ms move_ms=0.4 policy_zmq_lag=0.6ms scan_age=43.2ms loop_to_send=6.4ms
[go2:sport] cmd#332 seq=417 policy_v=-0.519 policy_w=-0.434 sent_v=-0.519 sent_w=-0.434 ret=0 dt=49.7ms move_ms=0.5 policy_zmq_lag=0.7ms scan_age=32.4ms loop_to_send=6.1ms
[go2:sport] cmd#333 seq=418 policy_v=-0.669 policy_w=-0.284 sent_v=-0.669 sent_w=-0.284 ret=0 dt=50.2ms move_ms=0.6 policy_zmq_lag=0.8ms scan_age=41.7ms loop_to_send=6.2ms
[go2:sport] cmd#334 seq=419 policy_v=-0.819 policy_w=-0.134 sent_v=-0.819 sent_w=-0.134 ret=0 dt=49.5ms move_ms=0.4 policy_zmq_lag=0.6ms scan_age=31.4ms loop_to_send=5.9ms
[go2:sport] cmd#335 seq=420 policy_v=-0.969 policy_w=0.016 sent_v=-0.969 sent_w=0.016 ret=0 dt=50.1ms move_ms=0.5 policy_zmq_lag=0.6ms scan_age=41.5ms loop_to_send=6.0ms
[go2:sport] cmd#336 seq=421 policy_v=-1.045 policy_w=0.167 sent_v=-1.045 sent_w=0.167 ret=0 dt=51.2ms move_ms=0.4 policy_zmq_lag=0.6ms scan_age=32.5ms loop_to_send=6.8ms
[go2:sport] cmd#337 seq=422 policy_v=-1.047 policy_w=0.316 sent_v=-1.047 sent_w=0.316 ret=0 dt=49.7ms move_ms=0.4 policy_zmq_lag=0.7ms scan_age=42.2ms loop_to_send=6.8ms
[go2:sport] cmd#338 seq=423 policy_v=-0.906 policy_w=0.166 sent_v=-0.906 sent_w=0.166 ret=0 dt=49.2ms move_ms=0.4 policy_zmq_lag=0.6ms scan_age=31.5ms loop_to_send=6.1ms
[go2:sport] cmd#339 seq=424 policy_v=-1.042 policy_w=0.316 sent_v=-1.042 sent_w=0.316 ret=0 dt=50.4ms move_ms=0.4 policy_zmq_lag=0.7ms scan_age=41.8ms loop_to_send=6.3ms
[go2:sport] cmd#340 seq=425 policy_v=-0.892 policy_w=0.476 sent_v=-0.892 sent_w=0.476 ret=0 dt=50.0ms move_ms=0.4 policy_zmq_lag=0.7ms scan_age=32.0ms loop_to_send=6.4ms
[go2:sport] cmd#341 seq=426 policy_v=-0.892 policy_w=0.668 sent_v=-0.892 sent_w=0.668 ret=0 dt=49.7ms move_ms=0.4 policy_zmq_lag=0.6ms scan_age=41.7ms loop_to_send=6.2ms
[go2:sport] cmd#342 seq=427 policy_v=-0.742 policy_w=0.908 sent_v=-0.742 sent_w=0.908 ret=0 dt=49.8ms move_ms=0.4 policy_zmq_lag=0.6ms scan_age=31.6ms loop_to_send=6.0ms
[go2:sport] cmd#343 seq=428 policy_v=-0.821 policy_w=0.831 sent_v=-0.821 sent_w=0.831 ret=0 dt=50.6ms move_ms=0.4 policy_zmq_lag=0.6ms scan_age=42.2ms loop_to_send=6.6ms
[go2:sport] cmd#344 seq=429 policy_v=-0.671 policy_w=0.761 sent_v=-0.671 sent_w=0.761 ret=0 dt=49.6ms move_ms=0.4 policy_zmq_lag=0.6ms scan_age=31.7ms loop_to_send=6.3ms
[go2:sport] cmd#345 seq=430 policy_v=-0.521 policy_w=0.694 sent_v=-0.521 sent_w=0.694 ret=0 dt=50.0ms move_ms=0.4 policy_zmq_lag=0.7ms scan_age=41.8ms loop_to_send=6.2ms
[go2:sport] cmd#346 seq=431 policy_v=-0.371 policy_w=0.972 sent_v=-0.371 sent_w=0.972 ret=0 dt=50.1ms move_ms=0.4 policy_zmq_lag=0.6ms scan_age=31.6ms loop_to_send=6.3ms
[go2:sport] cmd#347 seq=432 policy_v=-0.220 policy_w=0.955 sent_v=-0.220 sent_w=0.955 ret=0 dt=50.5ms move_ms=0.4 policy_zmq_lag=0.6ms scan_age=42.4ms loop_to_send=6.6ms
[go2:sport] cmd#348 seq=433 policy_v=-0.070 policy_w=0.944 sent_v=-0.070 sent_w=0.944 ret=0 dt=49.8ms move_ms=0.4 policy_zmq_lag=0.6ms scan_age=32.1ms loop_to_send=6.4ms
[go2:sport] cmd#349 seq=434 policy_v=0.079 policy_w=0.935 sent_v=0.079 sent_w=0.935 ret=0 dt=49.4ms move_ms=0.4 policy_zmq_lag=0.6ms scan_age=41.5ms loop_to_send=6.0ms
[go2:sport] cmd#350 seq=435 policy_v=0.229 policy_w=0.925 sent_v=0.229 sent_w=0.925 ret=0 dt=49.8ms move_ms=0.4 policy_zmq_lag=0.6ms scan_age=31.4ms loop_to_send=5.8ms
[go2:sport] cmd#351 seq=436 policy_v=0.420 policy_w=0.911 sent_v=0.420 sent_w=0.911 ret=0 dt=50.3ms move_ms=0.4 policy_zmq_lag=0.6ms scan_age=42.4ms loop_to_send=6.1ms
[go2:sport] cmd#352 seq=437 policy_v=0.700 policy_w=0.961 sent_v=0.700 sent_w=0.961 ret=0 dt=49.9ms move_ms=0.5 policy_zmq_lag=0.6ms scan_age=31.4ms loop_to_send=6.0ms
[go2:sport] cmd#353 seq=438 policy_v=0.850 policy_w=0.925 sent_v=0.850 sent_w=0.925 ret=0 dt=50.2ms move_ms=0.6 policy_zmq_lag=0.7ms scan_age=41.6ms loop_to_send=6.1ms
[go2:sport] cmd#354 seq=439 policy_v=1.000 policy_w=0.995 sent_v=1.000 sent_w=0.995 ret=0 dt=50.0ms move_ms=0.6 policy_zmq_lag=0.7ms scan_age=31.6ms loop_to_send=6.2ms
[go2:sport] cmd#355 seq=440 policy_v=0.850 policy_w=0.961 sent_v=0.850 sent_w=0.961 ret=0 dt=50.1ms move_ms=0.6 policy_zmq_lag=0.7ms scan_age=41.8ms loop_to_send=6.2ms
[go2:sport] cmd#356 seq=441 policy_v=1.000 policy_w=0.909 sent_v=1.000 sent_w=0.909 ret=0 dt=49.6ms move_ms=0.4 policy_zmq_lag=0.6ms scan_age=32.2ms loop_to_send=5.9ms
[go2:sport] cmd#357 seq=442 policy_v=0.850 policy_w=0.868 sent_v=0.850 sent_w=0.868 ret=0 dt=50.3ms move_ms=0.4 policy_zmq_lag=0.7ms scan_age=42.5ms loop_to_send=6.0ms
[go2:sport] cmd#358 seq=443 policy_v=1.000 policy_w=0.809 sent_v=1.000 sent_w=0.809 ret=0 dt=49.6ms move_ms=0.4 policy_zmq_lag=0.6ms scan_age=31.3ms loop_to_send=5.7ms
[go2:sport] cmd#359 seq=444 policy_v=0.850 policy_w=0.757 sent_v=0.850 sent_w=0.757 ret=0 dt=50.7ms move_ms=0.5 policy_zmq_lag=0.7ms scan_age=41.6ms loop_to_send=6.2ms
[go2:sport] cmd#360 seq=445 policy_v=0.839 policy_w=0.710 sent_v=0.839 sent_w=0.710 ret=0 dt=49.7ms move_ms=0.5 policy_zmq_lag=0.7ms scan_age=31.5ms loop_to_send=5.9ms
[go2:sport] cmd#361 seq=446 policy_v=0.815 policy_w=0.656 sent_v=0.815 sent_w=0.656 ret=0 dt=50.3ms move_ms=0.6 policy_zmq_lag=0.7ms scan_age=42.6ms loop_to_send=6.2ms
[go2:sport] cmd#362 seq=447 policy_v=0.818 policy_w=0.933 sent_v=0.818 sent_w=0.933 ret=0 dt=49.8ms move_ms=0.6 policy_zmq_lag=0.7ms scan_age=31.5ms loop_to_send=6.0ms
[go2:sport] cmd#363 seq=448 policy_v=0.819 policy_w=0.907 sent_v=0.819 sent_w=0.907 ret=0 dt=49.9ms move_ms=0.4 policy_zmq_lag=0.6ms scan_age=41.5ms loop_to_send=6.0ms
[go2:sport] cmd#364 seq=449 policy_v=0.819 policy_w=0.899 sent_v=0.819 sent_w=0.899 ret=0 dt=50.3ms move_ms=0.5 policy_zmq_lag=0.7ms scan_age=31.7ms loop_to_send=6.2ms
[go2:sport] cmd#365 seq=450 policy_v=0.814 policy_w=0.870 sent_v=0.814 sent_w=0.870 ret=0 dt=49.7ms move_ms=0.4 policy_zmq_lag=0.6ms scan_age=42.4ms loop_to_send=6.0ms
[go2:sport] cmd#366 seq=451 policy_v=0.803 policy_w=0.838 sent_v=0.803 sent_w=0.838 ret=0 dt=49.9ms move_ms=0.4 policy_zmq_lag=0.6ms scan_age=31.5ms loop_to_send=5.8ms
[go2:sport] cmd#367 seq=452 policy_v=0.780 policy_w=0.803 sent_v=0.780 sent_w=0.803 ret=0 dt=50.2ms move_ms=0.4 policy_zmq_lag=0.6ms scan_age=41.5ms loop_to_send=6.0ms
[go2:sport] cmd#368 seq=453 policy_v=0.742 policy_w=0.766 sent_v=0.742 sent_w=0.766 ret=0 dt=50.1ms move_ms=0.6 policy_zmq_lag=0.7ms scan_age=32.5ms loop_to_send=6.1ms
[go2:sport] cmd#369 seq=454 policy_v=0.682 policy_w=0.725 sent_v=0.682 sent_w=0.725 ret=0 dt=50.0ms move_ms=0.4 policy_zmq_lag=0.6ms scan_age=41.6ms loop_to_send=6.1ms
[go2:sport] cmd#370 seq=455 policy_v=0.595 policy_w=0.686 sent_v=0.595 sent_w=0.686 ret=0 dt=50.0ms move_ms=0.4 policy_zmq_lag=0.5ms scan_age=31.8ms loop_to_send=5.7ms
[go2:sport] cmd#371 seq=456 policy_v=0.483 policy_w=0.642 sent_v=0.483 sent_w=0.642 ret=0 dt=49.8ms move_ms=0.4 policy_zmq_lag=0.6ms scan_age=42.3ms loop_to_send=5.9ms
[go2:sport] cmd#372 seq=457 policy_v=0.355 policy_w=0.745 sent_v=0.355 sent_w=0.745 ret=0 dt=50.5ms move_ms=0.4 policy_zmq_lag=0.7ms scan_age=31.8ms loop_to_send=6.2ms
[go2:sport] cmd#373 seq=458 policy_v=0.206 policy_w=0.711 sent_v=0.206 sent_w=0.711 ret=0 dt=49.8ms move_ms=0.6 policy_zmq_lag=0.7ms scan_age=41.6ms loop_to_send=6.1ms
[go2:sport] cmd#374 seq=459 policy_v=0.055 policy_w=0.669 sent_v=0.055 sent_w=0.669 ret=0 dt=49.9ms move_ms=0.5 policy_zmq_lag=0.8ms scan_age=31.5ms loop_to_send=6.0ms
[go2:sport] cmd#375 seq=460 policy_v=-0.095 policy_w=0.615 sent_v=-0.095 sent_w=0.615 ret=0 dt=50.4ms move_ms=0.4 policy_zmq_lag=0.6ms scan_age=42.2ms loop_to_send=6.6ms
[go2:sport] cmd#376 seq=461 policy_v=-0.245 policy_w=0.543 sent_v=-0.245 sent_w=0.543 ret=0 dt=49.4ms move_ms=0.4 policy_zmq_lag=0.6ms scan_age=31.6ms loop_to_send=6.0ms
[go2:sport] cmd#377 seq=462 policy_v=-0.395 policy_w=0.445 sent_v=-0.395 sent_w=0.445 ret=0 dt=50.1ms move_ms=0.6 policy_zmq_lag=0.8ms scan_age=41.6ms loop_to_send=6.0ms
[go2:sport] cmd#378 seq=463 policy_v=-0.545 policy_w=0.295 sent_v=-0.545 sent_w=0.295 ret=0 dt=50.0ms move_ms=0.6 policy_zmq_lag=0.7ms scan_age=32.5ms loop_to_send=6.0ms
[go2:sport] cmd#379 seq=464 policy_v=-0.694 policy_w=0.145 sent_v=-0.694 sent_w=0.145 ret=0 dt=50.0ms move_ms=0.4 policy_zmq_lag=0.7ms scan_age=42.6ms loop_to_send=6.1ms
[go2:sport] cmd#380 seq=465 policy_v=-0.844 policy_w=-0.005 sent_v=-0.844 sent_w=-0.005 ret=0 dt=49.9ms move_ms=0.5 policy_zmq_lag=0.6ms scan_age=31.5ms loop_to_send=6.0ms
[go2:sport] cmd#381 seq=466 policy_v=-0.775 policy_w=-0.155 sent_v=-0.775 sent_w=-0.155 ret=0 dt=49.9ms move_ms=0.4 policy_zmq_lag=0.6ms scan_age=42.4ms loop_to_send=6.0ms
[go2:sport] cmd#382 seq=467 policy_v=-0.871 policy_w=-0.005 sent_v=-0.871 sent_w=-0.005 ret=0 dt=49.7ms move_ms=0.4 policy_zmq_lag=0.6ms scan_age=31.2ms loop_to_send=5.7ms
[go2:sport] cmd#383 seq=468 policy_v=-0.880 policy_w=0.145 sent_v=-0.880 sent_w=0.145 ret=0 dt=53.2ms move_ms=0.5 policy_zmq_lag=1.0ms scan_age=44.9ms loop_to_send=8.6ms
[go2:sport] cmd#384 seq=469 policy_v=-0.730 policy_w=0.295 sent_v=-0.730 sent_w=0.295 ret=0 dt=47.7ms move_ms=0.4 policy_zmq_lag=0.6ms scan_age=32.3ms loop_to_send=6.5ms
[go2:sport] cmd#385 seq=470 policy_v=-0.880 policy_w=0.145 sent_v=-0.880 sent_w=0.145 ret=0 dt=49.7ms move_ms=0.4 policy_zmq_lag=0.6ms scan_age=41.8ms loop_to_send=6.3ms
[go2:sport] cmd#386 seq=471 policy_v=-0.730 policy_w=-0.004 sent_v=-0.730 sent_w=-0.004 ret=0 dt=49.4ms move_ms=0.4 policy_zmq_lag=0.6ms scan_age=31.3ms loop_to_send=5.8ms
[go2:sport] cmd#387 seq=472 policy_v=-0.864 policy_w=0.146 sent_v=-0.864 sent_w=0.146 ret=0 dt=50.5ms move_ms=0.4 policy_zmq_lag=0.6ms scan_age=41.8ms loop_to_send=6.2ms
[go2:sport] cmd#388 seq=473 policy_v=-0.714 policy_w=-0.004 sent_v=-0.714 sent_w=-0.004 ret=0 dt=49.6ms move_ms=0.4 policy_zmq_lag=0.5ms scan_age=31.4ms loop_to_send=5.9ms
[go2:sport] cmd#389 seq=474 policy_v=-0.564 policy_w=0.146 sent_v=-0.564 sent_w=0.146 ret=0 dt=50.3ms move_ms=0.5 policy_zmq_lag=0.6ms scan_age=41.7ms loop_to_send=6.0ms
[go2:sport] cmd#390 seq=475 policy_v=-0.414 policy_w=0.296 sent_v=-0.414 sent_w=0.296 ret=0 dt=49.6ms move_ms=0.5 policy_zmq_lag=0.6ms scan_age=31.3ms loop_to_send=5.7ms
[go2:sport] cmd#391 seq=476 policy_v=-0.264 policy_w=0.519 sent_v=-0.264 sent_w=0.519 ret=0 dt=50.6ms move_ms=0.4 policy_zmq_lag=0.7ms scan_age=42.7ms loop_to_send=6.2ms
[go2:sport] cmd#392 seq=477 policy_v=-0.114 policy_w=0.788 sent_v=-0.114 sent_w=0.788 ret=0 dt=49.7ms move_ms=0.4 policy_zmq_lag=0.6ms scan_age=31.5ms loop_to_send=5.9ms
[go2:sport] cmd#393 seq=478 policy_v=-0.264 policy_w=1.023 sent_v=-0.264 sent_w=1.023 ret=0 dt=50.1ms move_ms=0.4 policy_zmq_lag=0.6ms scan_age=41.6ms loop_to_send=6.0ms
[go2:sport] cmd#394 seq=479 policy_v=-0.414 policy_w=1.001 sent_v=-0.414 sent_w=1.001 ret=0 dt=49.9ms move_ms=0.6 policy_zmq_lag=0.7ms scan_age=31.5ms loop_to_send=5.9ms
[go2:sport] cmd#395 seq=480 policy_v=-0.564 policy_w=0.965 sent_v=-0.564 sent_w=0.965 ret=0 dt=50.1ms move_ms=0.4 policy_zmq_lag=0.6ms scan_age=41.0ms loop_to_send=6.0ms
[go2:sport] cmd#396 seq=481 policy_v=-0.414 policy_w=0.936 sent_v=-0.414 sent_w=0.936 ret=0 dt=49.8ms move_ms=0.5 policy_zmq_lag=0.6ms scan_age=32.2ms loop_to_send=5.8ms
[go2:sport] cmd#397 seq=482 policy_v=-0.264 policy_w=0.914 sent_v=-0.264 sent_w=0.914 ret=0 dt=50.2ms move_ms=0.5 policy_zmq_lag=0.7ms scan_age=41.5ms loop_to_send=6.0ms
[go2:sport] cmd#398 seq=483 policy_v=-0.114 policy_w=0.896 sent_v=-0.114 sent_w=0.896 ret=0 dt=49.7ms move_ms=0.6 policy_zmq_lag=0.6ms scan_age=31.3ms loop_to_send=5.8ms
[go2:sport] cmd#399 seq=484 policy_v=0.036 policy_w=0.880 sent_v=0.036 sent_w=0.880 ret=0 dt=50.4ms move_ms=0.6 policy_zmq_lag=0.7ms scan_age=41.7ms loop_to_send=6.0ms
[go2:sport] cmd#400 seq=485 policy_v=0.186 policy_w=0.864 sent_v=0.186 sent_w=0.864 ret=0 dt=50.6ms move_ms=0.6 policy_zmq_lag=0.7ms scan_age=32.1ms loop_to_send=6.5ms
[go2:sport] cmd#401 seq=486 policy_v=0.365 policy_w=0.845 sent_v=0.365 sent_w=0.845 ret=0 dt=49.3ms move_ms=0.5 policy_zmq_lag=0.7ms scan_age=42.3ms loop_to_send=5.9ms
[go2:sport] cmd#402 seq=487 policy_v=0.586 policy_w=0.818 sent_v=0.586 sent_w=0.818 ret=0 dt=50.0ms move_ms=0.4 policy_zmq_lag=0.8ms scan_age=31.5ms loop_to_send=5.8ms
[go2:sport] cmd#403 seq=488 policy_v=0.905 policy_w=0.775 sent_v=0.905 sent_w=0.775 ret=0 dt=51.0ms move_ms=0.4 policy_zmq_lag=0.6ms scan_age=42.5ms loop_to_send=7.0ms
[go2:sport] cmd#404 seq=489 policy_v=0.990 policy_w=0.707 sent_v=0.990 sent_w=0.707 ret=0 dt=48.8ms move_ms=0.4 policy_zmq_lag=0.6ms scan_age=31.3ms loop_to_send=5.7ms
[go2:sport] cmd#405 seq=490 policy_v=1.049 policy_w=0.625 sent_v=1.049 sent_w=0.625 ret=0 dt=50.6ms move_ms=0.6 policy_zmq_lag=0.8ms scan_age=41.8ms loop_to_send=6.1ms
[go2:sport] cmd#406 seq=491 policy_v=0.989 policy_w=0.536 sent_v=0.989 sent_w=0.536 ret=0 dt=49.5ms move_ms=0.5 policy_zmq_lag=0.7ms scan_age=31.4ms loop_to_send=5.8ms
[go2:sport] cmd#407 seq=492 policy_v=1.049 policy_w=0.427 sent_v=1.049 sent_w=0.427 ret=0 dt=50.0ms move_ms=0.5 policy_zmq_lag=0.7ms scan_age=42.3ms loop_to_send=5.8ms
[go2:sport] cmd#408 seq=493 policy_v=1.048 policy_w=0.277 sent_v=1.048 sent_w=0.277 ret=0 dt=50.8ms move_ms=0.6 policy_zmq_lag=0.7ms scan_age=32.2ms loop_to_send=6.5ms
[go2:sport] cmd#409 seq=494 policy_v=1.050 policy_w=0.127 sent_v=1.050 sent_w=0.127 ret=0 dt=49.7ms move_ms=0.5 policy_zmq_lag=0.7ms scan_age=42.8ms loop_to_send=6.2ms
[go2:sport] cmd#410 seq=495 policy_v=1.048 policy_w=-0.023 sent_v=1.048 sent_w=-0.023 ret=0 dt=49.6ms move_ms=0.4 policy_zmq_lag=0.6ms scan_age=31.5ms loop_to_send=5.8ms
[go2:sport] cmd#411 seq=496 policy_v=1.050 policy_w=-0.173 sent_v=1.050 sent_w=-0.173 ret=0 dt=50.3ms move_ms=0.6 policy_zmq_lag=0.7ms scan_age=41.9ms loop_to_send=6.1ms
[go2:sport] cmd#412 seq=497 policy_v=1.048 policy_w=-0.323 sent_v=1.048 sent_w=-0.323 ret=0 dt=49.9ms move_ms=0.6 policy_zmq_lag=0.7ms scan_age=31.7ms loop_to_send=6.0ms
[go2:sport] cmd#413 seq=498 policy_v=1.050 policy_w=-0.532 sent_v=1.050 sent_w=-0.532 ret=0 dt=50.0ms move_ms=0.4 policy_zmq_lag=0.6ms scan_age=41.6ms loop_to_send=6.1ms
[go2:sport] cmd#414 seq=499 policy_v=1.049 policy_w=-0.786 sent_v=1.049 sent_w=-0.786 ret=0 dt=50.0ms move_ms=0.6 policy_zmq_lag=0.7ms scan_age=32.6ms loop_to_send=6.0ms
[go2:sport] cmd#415 seq=500 policy_v=1.050 policy_w=-1.025 sent_v=1.050 sent_w=-1.025 ret=0 dt=49.8ms move_ms=0.4 policy_zmq_lag=0.6ms scan_age=41.5ms loop_to_send=6.0ms
[go2:sport] cmd#416 seq=501 policy_v=1.049 policy_w=-1.098 sent_v=1.049 sent_w=-1.098 ret=0 dt=50.1ms move_ms=0.5 policy_zmq_lag=0.7ms scan_age=31.6ms loop_to_send=6.0ms
[go2:sport] cmd#417 seq=502 policy_v=1.050 policy_w=-1.098 sent_v=1.050 sent_w=-1.098 ret=0 dt=50.8ms move_ms=0.4 policy_zmq_lag=0.7ms scan_age=42.5ms loop_to_send=6.8ms
[go2:sport] cmd#418 seq=503 policy_v=1.049 policy_w=-1.098 sent_v=1.049 sent_w=-1.098 ret=0 dt=48.9ms move_ms=0.4 policy_zmq_lag=0.6ms scan_age=31.4ms loop_to_send=5.8ms
[go2:sport] cmd#419 seq=504 policy_v=1.050 policy_w=-1.098 sent_v=1.050 sent_w=-1.098 ret=0 dt=50.0ms move_ms=0.4 policy_zmq_lag=0.6ms scan_age=41.5ms loop_to_send=5.8ms
[go2:sport] cmd#420 seq=505 policy_v=1.049 policy_w=-1.097 sent_v=1.049 sent_w=-1.097 ret=0 dt=49.8ms move_ms=0.4 policy_zmq_lag=0.6ms scan_age=31.3ms loop_to_send=5.6ms
[go2:sport] cmd#421 seq=506 policy_v=1.050 policy_w=-1.097 sent_v=1.050 sent_w=-1.097 ret=0 dt=50.4ms move_ms=0.5 policy_zmq_lag=0.7ms scan_age=42.4ms loop_to_send=5.9ms
[go2:sport] cmd#422 seq=507 policy_v=1.049 policy_w=-1.094 sent_v=1.049 sent_w=-1.094 ret=0 dt=49.9ms move_ms=0.4 policy_zmq_lag=0.6ms scan_age=32.4ms loop_to_send=5.8ms
[go2:sport] cmd#423 seq=508 policy_v=1.050 policy_w=-0.963 sent_v=1.050 sent_w=-0.963 ret=0 dt=50.1ms move_ms=0.4 policy_zmq_lag=0.6ms scan_age=41.5ms loop_to_send=5.9ms
[go2:sport] cmd#424 seq=509 policy_v=1.049 policy_w=-1.090 sent_v=1.049 sent_w=-1.090 ret=0 dt=50.2ms move_ms=0.4 policy_zmq_lag=0.6ms scan_age=32.0ms loop_to_send=6.2ms
[go2:sport] cmd#425 seq=510 policy_v=1.050 policy_w=-1.088 sent_v=1.050 sent_w=-1.088 ret=0 dt=49.6ms move_ms=0.4 policy_zmq_lag=0.6ms scan_age=41.5ms loop_to_send=5.8ms
[go2:sport] cmd#426 seq=511 policy_v=1.049 policy_w=-1.090 sent_v=1.049 sent_w=-1.090 ret=0 dt=50.0ms move_ms=0.4 policy_zmq_lag=0.6ms scan_age=31.3ms loop_to_send=5.8ms
[go2:sport] cmd#427 seq=512 policy_v=1.050 policy_w=-1.088 sent_v=1.050 sent_w=-1.088 ret=0 dt=50.0ms move_ms=0.4 policy_zmq_lag=0.6ms scan_age=42.3ms loop_to_send=5.8ms
[go2:sport] cmd#428 seq=513 policy_v=1.049 policy_w=-1.089 sent_v=1.049 sent_w=-1.089 ret=0 dt=50.2ms move_ms=0.4 policy_zmq_lag=0.6ms scan_age=31.6ms loop_to_send=6.0ms
[go2:sport] cmd#429 seq=514 policy_v=1.050 policy_w=-1.087 sent_v=1.050 sent_w=-1.087 ret=0 dt=49.9ms move_ms=0.4 policy_zmq_lag=0.6ms scan_age=41.5ms loop_to_send=5.9ms
[go2:sport] cmd#430 seq=515 policy_v=1.049 policy_w=-1.090 sent_v=1.049 sent_w=-1.090 ret=0 dt=49.8ms move_ms=0.4 policy_zmq_lag=0.6ms scan_age=31.3ms loop_to_send=5.7ms
[go2:sport] cmd#431 seq=516 policy_v=1.050 policy_w=-1.088 sent_v=1.050 sent_w=-1.088 ret=0 dt=50.2ms move_ms=0.5 policy_zmq_lag=0.6ms scan_age=41.4ms loop_to_send=5.9ms
[go2:sport] cmd#432 seq=517 policy_v=1.049 policy_w=-1.070 sent_v=1.049 sent_w=-1.070 ret=0 dt=49.8ms move_ms=0.4 policy_zmq_lag=0.6ms scan_age=31.4ms loop_to_send=5.8ms
[go2:sport] cmd#433 seq=518 policy_v=1.050 policy_w=-1.065 sent_v=1.050 sent_w=-1.065 ret=0 dt=50.3ms move_ms=0.4 policy_zmq_lag=0.6ms scan_age=41.5ms loop_to_send=6.0ms
[go2:sport] cmd#434 seq=519 policy_v=1.050 policy_w=-0.980 sent_v=1.050 sent_w=-0.980 ret=0 dt=49.7ms move_ms=0.4 policy_zmq_lag=0.6ms scan_age=31.3ms loop_to_send=5.7ms
[go2:sport] cmd#435 seq=520 policy_v=1.050 policy_w=-0.962 sent_v=1.050 sent_w=-0.962 ret=0 dt=50.1ms move_ms=0.4 policy_zmq_lag=0.6ms scan_age=41.5ms loop_to_send=5.9ms
[go2:sport] cmd#436 seq=521 policy_v=1.049 policy_w=-1.028 sent_v=1.049 sent_w=-1.028 ret=0 dt=50.1ms move_ms=0.5 policy_zmq_lag=0.6ms scan_age=31.5ms loop_to_send=5.8ms
[go2:sport] cmd#437 seq=522 policy_v=1.050 policy_w=-1.017 sent_v=1.050 sent_w=-1.017 ret=0 dt=49.9ms move_ms=0.4 policy_zmq_lag=0.6ms scan_age=41.6ms loop_to_send=5.8ms
[go2:sport] cmd#438 seq=523 policy_v=1.049 policy_w=-1.004 sent_v=1.049 sent_w=-1.004 ret=0 dt=49.9ms move_ms=0.4 policy_zmq_lag=0.6ms scan_age=31.4ms loop_to_send=5.7ms
[go2:sport] cmd#439 seq=524 policy_v=1.050 policy_w=-0.990 sent_v=1.050 sent_w=-0.990 ret=0 dt=50.1ms move_ms=0.4 policy_zmq_lag=0.6ms scan_age=42.4ms loop_to_send=5.8ms
[go2:sport] cmd#440 seq=525 policy_v=1.049 policy_w=-1.026 sent_v=1.049 sent_w=-1.026 ret=0 dt=50.3ms move_ms=0.4 policy_zmq_lag=0.7ms scan_age=32.6ms loop_to_send=6.0ms
[go2:sport] cmd#441 seq=526 policy_v=1.050 policy_w=-1.015 sent_v=1.050 sent_w=-1.015 ret=0 dt=49.7ms move_ms=0.4 policy_zmq_lag=0.7ms scan_age=41.4ms loop_to_send=5.8ms
[go2:sport] cmd#442 seq=527 policy_v=1.049 policy_w=-1.052 sent_v=1.049 sent_w=-1.052 ret=0 dt=49.8ms move_ms=0.4 policy_zmq_lag=0.6ms scan_age=31.3ms loop_to_send=5.6ms
[go2:sport] cmd#443 seq=528 policy_v=1.050 policy_w=-1.045 sent_v=1.050 sent_w=-1.045 ret=0 dt=50.2ms move_ms=0.3 policy_zmq_lag=0.6ms scan_age=41.6ms loop_to_send=5.8ms
[go2:sport] cmd#444 seq=529 policy_v=1.050 policy_w=-1.037 sent_v=1.050 sent_w=-1.037 ret=0 dt=49.9ms move_ms=0.4 policy_zmq_lag=0.6ms scan_age=31.3ms loop_to_send=5.7ms
[go2:sport] cmd#445 seq=530 policy_v=1.050 policy_w=-1.027 sent_v=1.050 sent_w=-1.027 ret=0 dt=50.1ms move_ms=0.4 policy_zmq_lag=0.6ms scan_age=41.4ms loop_to_send=5.8ms
[go2:sport] cmd#446 seq=531 policy_v=1.049 policy_w=-1.016 sent_v=1.049 sent_w=-1.016 ret=0 dt=50.1ms move_ms=0.4 policy_zmq_lag=0.6ms scan_age=31.5ms loop_to_send=5.9ms
[go2:sport] cmd#447 seq=532 policy_v=1.050 policy_w=-1.004 sent_v=1.050 sent_w=-1.004 ret=0 dt=50.2ms move_ms=0.5 policy_zmq_lag=0.8ms scan_age=41.6ms loop_to_send=5.8ms
[go2:sport] cmd#448 seq=533 policy_v=1.049 policy_w=-0.989 sent_v=1.049 sent_w=-0.989 ret=0 dt=49.6ms move_ms=0.4 policy_zmq_lag=0.6ms scan_age=31.4ms loop_to_send=5.7ms
[go2:sport] cmd#449 seq=534 policy_v=1.050 policy_w=-0.972 sent_v=1.050 sent_w=-0.972 ret=0 dt=50.3ms move_ms=0.3 policy_zmq_lag=0.5ms scan_age=41.9ms loop_to_send=6.0ms
[go2:sport] cmd#450 seq=535 policy_v=1.049 policy_w=-0.952 sent_v=1.049 sent_w=-0.952 ret=0 dt=49.7ms move_ms=0.4 policy_zmq_lag=0.5ms scan_age=31.5ms loop_to_send=5.8ms
[go2:sport] cmd#451 seq=536 policy_v=1.050 policy_w=-0.927 sent_v=1.050 sent_w=-0.927 ret=0 dt=51.8ms move_ms=0.4 policy_zmq_lag=0.5ms scan_age=43.1ms loop_to_send=6.8ms
[go2:sport] cmd#452 seq=537 policy_v=1.049 policy_w=-0.901 sent_v=1.049 sent_w=-0.901 ret=0 dt=48.4ms move_ms=0.4 policy_zmq_lag=0.6ms scan_age=31.4ms loop_to_send=5.9ms
[go2:sport] cmd#453 seq=538 policy_v=1.050 policy_w=-0.870 sent_v=1.050 sent_w=-0.870 ret=0 dt=49.9ms move_ms=0.3 policy_zmq_lag=0.7ms scan_age=41.4ms loop_to_send=5.8ms
[go2:sport] cmd#454 seq=539 policy_v=1.050 policy_w=-0.831 sent_v=1.050 sent_w=-0.831 ret=0 dt=49.9ms move_ms=0.4 policy_zmq_lag=0.6ms scan_age=31.4ms loop_to_send=5.7ms
[go2:sport] cmd#455 seq=540 policy_v=1.050 policy_w=-0.786 sent_v=1.050 sent_w=-0.786 ret=0 dt=50.2ms move_ms=0.4 policy_zmq_lag=0.6ms scan_age=41.7ms loop_to_send=5.9ms
[go2:sport] cmd#456 seq=541 policy_v=1.049 policy_w=-0.731 sent_v=1.049 sent_w=-0.731 ret=0 dt=49.9ms move_ms=0.4 policy_zmq_lag=0.6ms scan_age=31.5ms loop_to_send=5.8ms
[go2:sport] cmd#457 seq=542 policy_v=1.050 policy_w=-0.665 sent_v=1.050 sent_w=-0.665 ret=0 dt=50.3ms move_ms=0.4 policy_zmq_lag=0.8ms scan_age=41.5ms loop_to_send=5.9ms
[go2:sport] cmd#458 seq=543 policy_v=1.049 policy_w=-0.584 sent_v=1.049 sent_w=-0.584 ret=0 dt=49.7ms move_ms=0.4 policy_zmq_lag=0.6ms scan_age=31.6ms loop_to_send=5.8ms
[go2:sport] cmd#459 seq=544 policy_v=1.050 policy_w=-0.483 sent_v=1.050 sent_w=-0.483 ret=0 dt=50.2ms move_ms=0.3 policy_zmq_lag=0.9ms scan_age=41.3ms loop_to_send=5.7ms
[go2:sport] cmd#460 seq=545 policy_v=1.049 policy_w=-0.333 sent_v=1.049 sent_w=-0.333 ret=0 dt=49.9ms move_ms=0.4 policy_zmq_lag=0.6ms scan_age=31.5ms loop_to_send=5.8ms
[go2:sport] cmd#461 seq=546 policy_v=1.050 policy_w=-0.182 sent_v=1.050 sent_w=-0.182 ret=0 dt=51.0ms move_ms=0.4 policy_zmq_lag=0.6ms scan_age=42.5ms loop_to_send=6.6ms
[go2:sport] cmd#462 seq=547 policy_v=1.049 policy_w=-0.033 sent_v=1.049 sent_w=-0.033 ret=0 dt=49.9ms move_ms=0.4 policy_zmq_lag=0.6ms scan_age=32.6ms loop_to_send=6.8ms
[go2:sport] cmd#463 seq=548 policy_v=1.049 policy_w=0.117 sent_v=1.049 sent_w=0.117 ret=0 dt=49.6ms move_ms=0.4 policy_zmq_lag=0.6ms scan_age=42.0ms loop_to_send=6.2ms
[go2:sport] cmd#464 seq=549 policy_v=1.049 policy_w=0.267 sent_v=1.049 sent_w=0.267 ret=0 dt=49.6ms move_ms=0.4 policy_zmq_lag=0.6ms scan_age=31.5ms loop_to_send=6.0ms
[go2:sport] cmd#465 seq=550 policy_v=1.049 policy_w=0.463 sent_v=1.049 sent_w=0.463 ret=0 dt=49.9ms move_ms=0.6 policy_zmq_lag=0.7ms scan_age=41.5ms loop_to_send=5.8ms
[go2:sport] cmd#466 seq=551 policy_v=1.048 policy_w=0.687 sent_v=1.048 sent_w=0.687 ret=0 dt=49.9ms move_ms=0.4 policy_zmq_lag=0.6ms scan_age=31.4ms loop_to_send=5.9ms
[go2:sport] cmd#467 seq=552 policy_v=1.048 policy_w=0.933 sent_v=1.048 sent_w=0.933 ret=0 dt=50.2ms move_ms=0.7 policy_zmq_lag=0.8ms scan_age=41.7ms loop_to_send=5.9ms
[go2:sport] cmd#468 seq=553 policy_v=1.048 policy_w=0.872 sent_v=1.048 sent_w=0.872 ret=0 dt=50.6ms move_ms=0.5 policy_zmq_lag=0.6ms scan_age=32.3ms loop_to_send=5.9ms
[go2:sport] cmd#469 seq=554 policy_v=1.047 policy_w=0.808 sent_v=1.047 sent_w=0.808 ret=0 dt=50.1ms move_ms=0.6 policy_zmq_lag=0.7ms scan_age=42.0ms loop_to_send=6.0ms
[go2:sport] cmd#470 seq=555 policy_v=1.047 policy_w=0.738 sent_v=1.047 sent_w=0.738 ret=0 dt=49.7ms move_ms=0.4 policy_zmq_lag=0.6ms scan_age=31.9ms loop_to_send=5.7ms
[go2:sport] cmd#471 seq=556 policy_v=1.047 policy_w=0.659 sent_v=1.047 sent_w=0.659 ret=0 dt=50.1ms move_ms=0.3 policy_zmq_lag=0.6ms scan_age=41.9ms loop_to_send=5.8ms
[go2:sport] cmd#472 seq=557 policy_v=1.048 policy_w=0.572 sent_v=1.048 sent_w=0.572 ret=0 dt=49.1ms move_ms=0.4 policy_zmq_lag=0.5ms scan_age=31.2ms loop_to_send=5.7ms
[go2:sport] cmd#473 seq=558 policy_v=1.048 policy_w=0.467 sent_v=1.048 sent_w=0.467 ret=0 dt=51.4ms move_ms=0.6 policy_zmq_lag=0.8ms scan_age=42.5ms loop_to_send=6.0ms
[go2:sport] cmd#474 seq=559 policy_v=1.047 policy_w=0.573 sent_v=1.047 sent_w=0.573 ret=0 dt=49.7ms move_ms=0.4 policy_zmq_lag=0.6ms scan_age=32.4ms loop_to_send=6.0ms
[go2:sport] cmd#475 seq=560 policy_v=1.048 policy_w=0.809 sent_v=1.048 sent_w=0.809 ret=0 dt=50.6ms move_ms=0.4 policy_zmq_lag=0.6ms scan_age=42.9ms loop_to_send=6.5ms
[go2:sport] cmd#476 seq=561 policy_v=1.048 policy_w=0.739 sent_v=1.048 sent_w=0.739 ret=0 dt=49.3ms move_ms=0.4 policy_zmq_lag=0.6ms scan_age=32.1ms loop_to_send=5.9ms
[go2:sport] cmd#477 seq=562 policy_v=1.048 policy_w=0.661 sent_v=1.048 sent_w=0.661 ret=0 dt=50.1ms move_ms=0.3 policy_zmq_lag=0.7ms scan_age=42.2ms loop_to_send=6.0ms
[go2:sport] cmd#478 seq=563 policy_v=1.048 policy_w=0.571 sent_v=1.048 sent_w=0.571 ret=0 dt=49.8ms move_ms=0.4 policy_zmq_lag=0.6ms scan_age=32.1ms loop_to_send=5.9ms
[go2:sport] cmd#479 seq=564 policy_v=1.047 policy_w=0.469 sent_v=1.047 sent_w=0.469 ret=0 dt=50.2ms move_ms=0.3 policy_zmq_lag=0.7ms scan_age=42.3ms loop_to_send=6.0ms
[go2:sport] cmd#480 seq=565 policy_v=1.048 policy_w=0.318 sent_v=1.048 sent_w=0.318 ret=0 dt=50.0ms move_ms=0.4 policy_zmq_lag=0.6ms scan_age=32.2ms loop_to_send=5.8ms
[go2:sport] cmd#481 seq=566 policy_v=1.047 policy_w=0.169 sent_v=1.047 sent_w=0.169 ret=0 dt=50.5ms move_ms=0.4 policy_zmq_lag=1.2ms scan_age=42.3ms loop_to_send=5.9ms
[go2:sport] cmd#482 seq=567 policy_v=1.047 policy_w=0.318 sent_v=1.047 sent_w=0.318 ret=0 dt=49.1ms move_ms=0.4 policy_zmq_lag=0.6ms scan_age=31.8ms loop_to_send=5.8ms
[go2:sport] cmd#483 seq=568 policy_v=1.048 policy_w=0.523 sent_v=1.048 sent_w=0.523 ret=0 dt=50.1ms move_ms=0.4 policy_zmq_lag=0.6ms scan_age=42.0ms loop_to_send=5.8ms
[go2:sport] cmd#484 seq=569 policy_v=1.046 policy_w=0.659 sent_v=1.046 sent_w=0.659 ret=0 dt=49.9ms move_ms=0.4 policy_zmq_lag=0.6ms scan_age=32.0ms loop_to_send=5.7ms
[go2:sport] cmd#485 seq=570 policy_v=1.048 policy_w=0.903 sent_v=1.048 sent_w=0.903 ret=0 dt=51.0ms move_ms=0.3 policy_zmq_lag=0.6ms scan_age=43.1ms loop_to_send=6.6ms
[go2:sport] cmd#486 seq=571 policy_v=1.047 policy_w=0.842 sent_v=1.047 sent_w=0.842 ret=0 dt=50.0ms move_ms=0.5 policy_zmq_lag=0.6ms scan_age=33.0ms loop_to_send=6.4ms
[go2:sport] cmd#487 seq=572 policy_v=1.046 policy_w=0.775 sent_v=1.046 sent_w=0.775 ret=0 dt=50.1ms move_ms=0.4 policy_zmq_lag=0.7ms scan_age=43.0ms loop_to_send=6.5ms
[go2:sport] cmd#488 seq=573 policy_v=1.046 policy_w=0.701 sent_v=1.046 sent_w=0.701 ret=0 dt=49.1ms move_ms=0.4 policy_zmq_lag=0.5ms scan_age=32.1ms loop_to_send=5.8ms
[go2:sport] cmd#489 seq=574 policy_v=1.041 policy_w=0.619 sent_v=1.041 sent_w=0.619 ret=0 dt=57.4ms move_ms=0.4 policy_zmq_lag=2.3ms scan_age=47.8ms loop_to_send=11.6ms
[go2:sport] cmd#490 seq=575 policy_v=1.049 policy_w=0.525 sent_v=1.049 sent_w=0.525 ret=0 dt=43.3ms move_ms=0.4 policy_zmq_lag=0.6ms scan_age=32.9ms loop_to_send=7.1ms
[go2:sport] cmd#491 seq=576 policy_v=1.045 policy_w=0.412 sent_v=1.045 sent_w=0.412 ret=0 dt=50.5ms move_ms=0.4 policy_zmq_lag=0.6ms scan_age=43.6ms loop_to_send=6.7ms
[go2:sport] cmd#492 seq=577 policy_v=1.045 policy_w=0.262 sent_v=1.045 sent_w=0.262 ret=0 dt=49.2ms move_ms=0.4 policy_zmq_lag=0.6ms scan_age=32.7ms loop_to_send=6.1ms
[go2:sport] cmd#493 seq=578 policy_v=1.047 policy_w=0.456 sent_v=1.047 sent_w=0.456 ret=0 dt=49.5ms move_ms=0.4 policy_zmq_lag=0.6ms scan_age=43.1ms loop_to_send=6.2ms
[go2:sport] cmd#494 seq=579 policy_v=1.046 policy_w=0.681 sent_v=1.046 sent_w=0.681 ret=0 dt=49.8ms move_ms=0.4 policy_zmq_lag=0.6ms scan_age=32.0ms loop_to_send=5.8ms
[go2:sport] cmd#495 seq=580 policy_v=1.049 policy_w=0.925 sent_v=1.049 sent_w=0.925 ret=0 dt=50.3ms move_ms=0.4 policy_zmq_lag=0.6ms scan_age=42.1ms loop_to_send=6.2ms
[go2:sport] cmd#496 seq=581 policy_v=1.046 policy_w=1.019 sent_v=1.046 sent_w=1.019 ret=0 dt=50.0ms move_ms=0.4 policy_zmq_lag=0.6ms scan_age=32.3ms loop_to_send=6.1ms
[go2:sport] cmd#497 seq=582 policy_v=1.046 policy_w=0.967 sent_v=1.046 sent_w=0.967 ret=0 dt=49.7ms move_ms=0.4 policy_zmq_lag=0.6ms scan_age=41.7ms loop_to_send=6.0ms
[go2:sport] cmd#498 seq=583 policy_v=1.045 policy_w=0.910 sent_v=1.045 sent_w=0.910 ret=0 dt=50.3ms move_ms=0.4 policy_zmq_lag=0.6ms scan_age=32.2ms loop_to_send=5.9ms
[go2:sport] cmd#499 seq=584 policy_v=0.000 policy_w=0.000 sent_v=0.000 sent_w=0.000 ret=0 dt=44.2ms move_ms=0.4 policy_zmq_lag=0.5ms
[go2:sport] cmd#500 seq=585 policy_v=0.000 policy_w=0.000 sent_v=0.000 sent_w=0.000 ret=0 dt=50.3ms move_ms=0.5 policy_zmq_lag=0.6ms
[go2:sport] cmd#501 seq=586 policy_v=0.000 policy_w=0.000 sent_v=0.000 sent_w=0.000 ret=0 dt=49.9ms move_ms=0.6 policy_zmq_lag=0.6ms
[go2:sport] cmd#502 seq=587 policy_v=0.000 policy_w=0.000 sent_v=0.000 sent_w=0.000 ret=0 dt=50.4ms move_ms=0.4 policy_zmq_lag=0.6ms
[go2:sport] cmd#503 seq=588 policy_v=0.000 policy_w=0.000 sent_v=0.000 sent_w=0.000 ret=0 dt=49.4ms move_ms=0.4 policy_zmq_lag=0.5ms
[go2:sport] cmd#504 seq=589 policy_v=0.000 policy_w=0.000 sent_v=0.000 sent_w=0.000 ret=0 dt=50.4ms move_ms=0.5 policy_zmq_lag=0.5ms
[go2:sport] cmd#505 seq=590 policy_v=0.000 policy_w=0.000 sent_v=0.000 sent_w=0.000 ret=0 dt=50.2ms move_ms=0.5 policy_zmq_lag=0.5ms
[go2:sport] cmd#506 seq=591 policy_v=0.000 policy_w=0.000 sent_v=0.000 sent_w=0.000 ret=0 dt=49.1ms move_ms=0.4 policy_zmq_lag=0.5ms
[go2:sport] cmd#507 seq=592 policy_v=0.000 policy_w=0.000 sent_v=0.000 sent_w=0.000 ret=0 dt=50.1ms move_ms=0.4 policy_zmq_lag=0.5ms
[go2:sport] cmd#508 seq=593 policy_v=0.000 policy_w=0.000 sent_v=0.000 sent_w=0.000 ret=0 dt=50.4ms move_ms=0.4 policy_zmq_lag=0.6ms
[go2:sport] cmd#509 seq=594 policy_v=0.000 policy_w=0.000 sent_v=0.000 sent_w=0.000 ret=0 dt=49.7ms move_ms=0.4 policy_zmq_lag=0.5ms
[go2:sport] cmd#510 seq=595 policy_v=0.000 policy_w=0.000 sent_v=0.000 sent_w=0.000 ret=0 dt=50.3ms move_ms=0.4 policy_zmq_lag=0.6ms
[go2:sport] cmd#511 seq=596 policy_v=0.000 policy_w=0.000 sent_v=0.000 sent_w=0.000 ret=0 dt=50.2ms move_ms=0.6 policy_zmq_lag=0.7ms
[go2:sport] cmd#512 seq=597 policy_v=0.000 policy_w=0.000 sent_v=0.000 sent_w=0.000 ret=0 dt=49.5ms move_ms=0.3 policy_zmq_lag=0.5ms
[go2:sport] cmd#513 seq=598 policy_v=0.000 policy_w=0.000 sent_v=0.000 sent_w=0.000 ret=0 dt=50.8ms move_ms=0.4 policy_zmq_lag=0.5ms
[go2:sport] cmd#514 seq=599 policy_v=0.000 policy_w=0.000 sent_v=0.000 sent_w=0.000 ret=0 dt=49.4ms move_ms=0.4 policy_zmq_lag=0.6ms
[go2:sport] cmd#515 seq=600 policy_v=0.000 policy_w=0.000 sent_v=0.000 sent_w=0.000 ret=0 dt=49.8ms move_ms=0.4 policy_zmq_lag=0.5ms
[go2:sport] cmd#516 seq=601 policy_v=0.000 policy_w=0.000 sent_v=0.000 sent_w=0.000 ret=0 dt=50.2ms move_ms=0.6 policy_zmq_lag=0.6ms
[go2:sport] cmd#517 seq=602 policy_v=0.000 policy_w=0.000 sent_v=0.000 sent_w=0.000 ret=0 dt=50.4ms move_ms=0.7 policy_zmq_lag=0.6ms
[go2:sport] cmd#518 seq=603 policy_v=0.000 policy_w=0.000 sent_v=0.000 sent_w=0.000 ret=0 dt=49.5ms move_ms=0.6 policy_zmq_lag=0.6ms
[go2:sport] cmd#519 seq=604 policy_v=0.000 policy_w=0.000 sent_v=0.000 sent_w=0.000 ret=0 dt=49.9ms move_ms=0.4 policy_zmq_lag=0.5ms
[go2:sport] cmd#520 seq=605 policy_v=0.000 policy_w=0.000 sent_v=0.000 sent_w=0.000 ret=0 dt=49.9ms move_ms=0.4 policy_zmq_lag=0.5ms
[go2:sport] cmd#521 seq=606 policy_v=0.000 policy_w=0.000 sent_v=0.000 sent_w=0.000 ret=0 dt=50.4ms move_ms=0.4 policy_zmq_lag=0.5ms
[go2:sport] cmd#522 seq=607 policy_v=0.000 policy_w=0.000 sent_v=0.000 sent_w=0.000 ret=0 dt=49.8ms move_ms=0.4 policy_zmq_lag=0.5ms
[go2:sport] cmd#523 seq=608 policy_v=0.000 policy_w=0.000 sent_v=0.000 sent_w=0.000 ret=0 dt=49.8ms move_ms=0.4 policy_zmq_lag=0.5ms
[go2:sport] cmd#524 seq=609 policy_v=0.000 policy_w=0.000 sent_v=0.000 sent_w=0.000 ret=0 dt=50.9ms move_ms=0.5 policy_zmq_lag=0.6ms
[go2:sport] cmd#525 seq=610 policy_v=0.000 policy_w=0.000 sent_v=0.000 sent_w=0.000 ret=0 dt=49.4ms move_ms=0.5 policy_zmq_lag=0.5ms
[go2:sport] cmd#526 seq=611 policy_v=0.000 policy_w=0.000 sent_v=0.000 sent_w=0.000 ret=0 dt=50.3ms move_ms=0.6 policy_zmq_lag=0.6ms
[go2:sport] cmd#527 seq=612 policy_v=0.000 policy_w=0.000 sent_v=0.000 sent_w=0.000 ret=0 dt=49.4ms move_ms=0.5 policy_zmq_lag=0.5ms
[go2:sport] cmd#528 seq=613 policy_v=0.000 policy_w=0.000 sent_v=0.000 sent_w=0.000 ret=0 dt=50.8ms move_ms=0.4 policy_zmq_lag=0.5ms
[go2:sport] cmd#529 seq=614 policy_v=0.000 policy_w=0.000 sent_v=0.000 sent_w=0.000 ret=0 dt=49.6ms move_ms=0.4 policy_zmq_lag=0.6ms
[go2:sport] cmd#530 seq=615 policy_v=0.000 policy_w=0.000 sent_v=0.000 sent_w=0.000 ret=0 dt=50.2ms move_ms=0.5 policy_zmq_lag=0.6ms
[go2:sport] cmd#531 seq=616 policy_v=0.000 policy_w=0.000 sent_v=0.000 sent_w=0.000 ret=0 dt=50.1ms move_ms=0.5 policy_zmq_lag=0.6ms
[go2:sport] cmd#532 seq=617 policy_v=0.000 policy_w=0.000 sent_v=0.000 sent_w=0.000 ret=0 dt=50.2ms move_ms=0.5 policy_zmq_lag=0.7ms
[go2:sport] cmd#533 seq=618 policy_v=0.000 policy_w=0.000 sent_v=0.000 sent_w=0.000 ret=0 dt=49.2ms move_ms=0.4 policy_zmq_lag=0.5ms
[go2:sport] cmd#534 seq=619 policy_v=0.000 policy_w=0.000 sent_v=0.000 sent_w=0.000 ret=0 dt=50.7ms move_ms=0.4 policy_zmq_lag=0.5ms
[go2:sport] cmd#535 seq=620 policy_v=0.000 policy_w=0.000 sent_v=0.000 sent_w=0.000 ret=0 dt=49.6ms move_ms=0.4 policy_zmq_lag=0.5ms
[go2:sport] cmd#536 seq=621 policy_v=0.000 policy_w=0.000 sent_v=0.000 sent_w=0.000 ret=0 dt=49.8ms move_ms=0.4 policy_zmq_lag=0.5ms
[go2:sport] cmd#537 seq=622 policy_v=0.000 policy_w=0.000 sent_v=0.000 sent_w=0.000 ret=0 dt=50.2ms move_ms=0.4 policy_zmq_lag=0.6ms
[go2:sport] cmd#538 seq=623 policy_v=0.000 policy_w=0.000 sent_v=0.000 sent_w=0.000 ret=0 dt=49.9ms move_ms=0.4 policy_zmq_lag=0.5ms
[go2:sport] cmd#539 seq=624 policy_v=0.000 policy_w=0.000 sent_v=0.000 sent_w=0.000 ret=0 dt=50.0ms move_ms=0.4 policy_zmq_lag=0.6ms
[go2:sport] cmd#540 seq=625 policy_v=0.000 policy_w=0.000 sent_v=0.000 sent_w=0.000 ret=0 dt=50.2ms move_ms=0.4 policy_zmq_lag=0.5ms
[go2:sport] cmd#541 seq=626 policy_v=0.000 policy_w=0.000 sent_v=0.000 sent_w=0.000 ret=0 dt=49.6ms move_ms=0.4 policy_zmq_lag=0.5ms
[go2:sport] cmd#542 seq=627 policy_v=0.000 policy_w=0.000 sent_v=0.000 sent_w=0.000 ret=0 dt=50.1ms move_ms=0.4 policy_zmq_lag=0.6ms
[go2:sport] cmd#543 seq=628 policy_v=0.000 policy_w=0.000 sent_v=0.000 sent_w=0.000 ret=0 dt=50.0ms move_ms=0.4 policy_zmq_lag=0.6ms
[go2:sport] cmd#544 seq=629 policy_v=0.000 policy_w=0.000 sent_v=0.000 sent_w=0.000 ret=0 dt=50.3ms move_ms=0.4 policy_zmq_lag=0.5ms
[go2:sport] cmd#545 seq=630 policy_v=0.000 policy_w=0.000 sent_v=0.000 sent_w=0.000 ret=0 dt=49.7ms move_ms=0.4 policy_zmq_lag=0.5ms
[go2:sport] cmd#546 seq=631 policy_v=0.000 policy_w=0.000 sent_v=0.000 sent_w=0.000 ret=0 dt=50.3ms move_ms=0.4 policy_zmq_lag=0.5ms
[go2:sport] cmd#547 seq=632 policy_v=0.000 policy_w=0.000 sent_v=0.000 sent_w=0.000 ret=0 dt=50.0ms move_ms=0.4 policy_zmq_lag=0.5ms
[go2:sport] cmd#548 seq=633 policy_v=0.000 policy_w=0.000 sent_v=0.000 sent_w=0.000 ret=0 dt=49.8ms move_ms=0.4 policy_zmq_lag=0.5ms
[go2:sport] remote-command source restored
[go2:sport] joystick commands restored
