[INFO] [1787248335.972822781] [dclp_go2_policy_ros2]: trajectory log enabled: /home/unitree/qyw/dclp_20260710_reproduction/dclp_deploy/robots/unitree_go2/../trajectory_logs/trajectory_20260821_015215.csv (rate=2.00 Hz)
[INFO] [1787248335.979787184] [dclp_go2_policy_ros2]: Go2 DCLP policy ready: backend={"action_dim": 2, "backend_type": "pth", "checkpoint_meta": {"T": 1010000, "episode": 16356, "test_time": 101}, "deterministic_rule": "highest_weight_component_tanh_mu", "device": "cpu", "model_path": "/home/unitree/qyw/dclp_20260710_reproduction/models/dclp/V1_41lambda1_101.pth", "obs_dim": 548, "policy_id": "V1_41lambda1_101.pth"} scan=/scan odom=/odom goal=/move_base_simple/goal rel_goal=/dclp_relative_goal global=odom zmq=tcp://*:5596 rate=25.0Hz scan_stamp_timeout=0.08s experiment=<unset> profile=<unset> compensation=guarded mapping=range limiter=last_cmd_dt config={"accel_limiter_mode":"last_cmd_dt","action_mapping_mode":"range","backend":{"action_dim":2,"backend_type":"pth","checkpoint_meta":{"T":1010000,"episode":16356,"test_time":101},"deterministic_rule":"highest_weight_component_tanh_mu","device":"cpu","model_path":"/home/unitree/qyw/dclp_20260710_reproduction/models/dclp/V1_41lambda1_101.pth","obs_dim":548,"policy_id":"V1_41lambda1_101.pth"},"cap_angular":1.5708,"cap_linear":1.5,"compensation_available":true,"compensation_mode":"guarded","compensation_source":"/home/unitree/qyw/dclp_20260710_reproduction/dclp_deploy/robots/unitree_go2/velocity_compensation.py","compensation_source_sha256":"53f5318dde1c9965c6c7177ae72e8200b85b26c8b9143ecb9dcc5d356a458000","control_period_sec":0.02,"control_rate_hz":25.0,"dclp_length1":0.504,"dclp_length2":0.504,"dclp_width":0.4464,"deploy_core_source":"/home/unitree/qyw/dclp_20260710_reproduction/dclp_deploy/dclp_deploy_core.py","deploy_core_source_sha256":"df6c78b263454c8bf8fb616de9dff7d268f6f48fe40127c299dd56455464e7de","experiment_id":"","experiment_profile":"","floor_angular":0.27928,"floor_linear":0.29997,"goal_topic":"/move_base_simple/goal","max_angular":0.83776,"max_angular_acc":3.0,"max_linear":0.9,"max_linear_acc":3.0,"min_angular":0.27928,"min_linear":0.29997,"model_path":"/home/unitree/qyw/dclp_20260710_reproduction/models/dclp/V1_41lambda1_101.pth","model_sha256":"dacaf9fc45da536ae6b45cdbedc949370b7828fac4cadcf40ebedabc4080c452","odom_stamp_timeout":0.05,"odom_timeout":0.1,"odom_topic":"/odom","pid":31003,"policy_source":"/home/unitree/qyw/dclp_20260710_reproduction/dclp_deploy/robots/unitree_go2/dclp_go2_policy_ros2.py","policy_source_sha256":"a36311ff63689d70cf49745e9c12bc935929553ded284408283e961e8b27afdf","relative_goal_topic":"/dclp_relative_goal","scan_stamp_timeout":0.08,"scan_timeout":0.1,"scan_topic":"/scan","schema_version":1,"speed_scale":1.0,"straighten_front_clear_angle":0.35,"straighten_front_clear_range":1.2,"straighten_front_goal_angle":0.0,"straighten_front_goal_w_limit":0.0,"trajectory_log_path":"/home/unitree/qyw/dclp_20260710_reproduction/dclp_deploy/robots/unitree_go2/../trajectory_logs/trajectory_20260821_015215.csv","written_at":"2026-08-21T01:52:15"}
[INFO] [1787248335.983133682] [dclp_go2_policy_ros2]: received first scan: frame=base_link beams=1081
[INFO] [1787248335.984655370] [dclp_go2_policy_ros2]: received first odom: frame=odom child=base_link
[WARN] [1787248336.020657421] [dclp_go2_policy_ros2]: DCLP stop: waiting goal
[WARN] [1787248338.060994320] [dclp_go2_policy_ros2]: DCLP stop: waiting goal
[WARN] [1787248340.100247336] [dclp_go2_policy_ros2]: DCLP stop: waiting goal
[WARN] [1787248342.100299508] [dclp_go2_policy_ros2]: DCLP stop: waiting goal
[WARN] [1787248344.140228152] [dclp_go2_policy_ros2]: DCLP stop: waiting goal
[WARN] [1787248346.140338412] [dclp_go2_policy_ros2]: DCLP stop: waiting goal
[WARN] [1787248348.140872811] [dclp_go2_policy_ros2]: DCLP stop: waiting goal
[WARN] [1787248350.180755364] [dclp_go2_policy_ros2]: DCLP stop: waiting goal
[INFO] [1787248351.498399896] [dclp_go2_policy_ros2]: received relative goal: right=0.000 forward=5.000 -> global=(5.016, -0.074) frame=odom
[INFO] [1787248351.509167400] [dclp_go2_policy_ros2]: ⏱ v=0.005 w=-0.005 dist=5.00 | total=9.2ms (tf=0.2 feat=0.4 infer=2.5 conv=4.7) | e2e_scan→cmd=37.1ms | cov=90/90
[INFO] [1787248351.906626748] [dclp_go2_policy_ros2]: ⏱ v=0.900 w=-0.765 dist=5.00 | total=6.7ms (tf=0.2 feat=0.4 infer=2.5 conv=2.5) | e2e_scan→cmd=34.3ms | cov=90/90
[INFO] [1787248352.305480259] [dclp_go2_policy_ros2]: ⏱ v=0.900 w=-0.763 dist=5.00 | total=5.7ms (tf=0.1 feat=0.3 infer=2.4 conv=2.0) | e2e_scan→cmd=33.2ms | cov=90/90
[INFO] [1787248352.705614613] [dclp_go2_policy_ros2]: ⏱ v=0.900 w=-0.764 dist=5.00 | total=5.9ms (tf=0.1 feat=0.3 infer=2.4 conv=2.2) | e2e_scan→cmd=33.4ms | cov=90/90
[INFO] [1787248353.105639904] [dclp_go2_policy_ros2]: ⏱ v=0.900 w=-0.763 dist=5.00 | total=5.7ms (tf=0.1 feat=0.3 infer=2.4 conv=2.1) | e2e_scan→cmd=33.2ms | cov=90/90
[INFO] [1787248353.505552134] [dclp_go2_policy_ros2]: ⏱ v=0.900 w=-0.766 dist=5.00 | total=5.7ms (tf=0.1 feat=0.3 infer=2.4 conv=2.1) | e2e_scan→cmd=33.2ms | cov=90/90
[INFO] [1787248353.906304413] [dclp_go2_policy_ros2]: ⏱ v=0.900 w=-0.764 dist=5.00 | total=6.3ms (tf=0.1 feat=0.3 infer=2.6 conv=2.3) | e2e_scan→cmd=33.9ms | cov=90/90
[INFO] [1787248354.305655012] [dclp_go2_policy_ros2]: ⏱ v=0.900 w=-0.764 dist=5.00 | total=5.7ms (tf=0.1 feat=0.3 infer=2.4 conv=2.0) | e2e_scan→cmd=33.2ms | cov=90/90
[INFO] [1787248354.705762200] [dclp_go2_policy_ros2]: ⏱ v=0.900 w=-0.764 dist=5.00 | total=5.9ms (tf=0.1 feat=0.3 infer=2.4 conv=2.2) | e2e_scan→cmd=33.4ms | cov=90/90
[INFO] [1787248355.110209767] [dclp_go2_policy_ros2]: ⏱ v=0.900 w=-0.766 dist=5.00 | total=8.9ms (tf=0.2 feat=0.7 infer=3.2 conv=3.5) | e2e_scan→cmd=37.3ms | cov=90/90
[INFO] [1787248355.505752148] [dclp_go2_policy_ros2]: ⏱ v=0.900 w=-0.764 dist=5.00 | total=5.9ms (tf=0.1 feat=0.3 infer=2.4 conv=2.2) | e2e_scan→cmd=33.5ms | cov=90/90
[INFO] [1787248355.905771844] [dclp_go2_policy_ros2]: ⏱ v=0.900 w=-0.762 dist=5.00 | total=6.0ms (tf=0.1 feat=0.3 infer=2.4 conv=2.2) | e2e_scan→cmd=33.4ms | cov=90/90
[INFO] [1787248356.306239503] [dclp_go2_policy_ros2]: ⏱ v=0.900 w=-0.795 dist=5.00 | total=6.4ms (tf=0.1 feat=0.4 infer=2.6 conv=2.4) | e2e_scan→cmd=33.8ms | cov=90/90
[INFO] [1787248356.706021971] [dclp_go2_policy_ros2]: ⏱ v=0.900 w=-0.792 dist=5.00 | total=6.4ms (tf=0.1 feat=0.3 infer=2.4 conv=2.2) | e2e_scan→cmd=33.6ms | cov=90/90
[INFO] [1787248357.106054854] [dclp_go2_policy_ros2]: ⏱ v=0.900 w=-0.818 dist=5.00 | total=6.2ms (tf=0.2 feat=0.3 infer=2.4 conv=2.3) | e2e_scan→cmd=33.7ms | cov=90/90
[INFO] [1787248357.506473617] [dclp_go2_policy_ros2]: ⏱ v=0.900 w=-0.808 dist=5.00 | total=6.6ms (tf=0.2 feat=0.4 infer=2.6 conv=2.6) | e2e_scan→cmd=34.0ms | cov=90/90
[INFO] [1787248357.906029098] [dclp_go2_policy_ros2]: ⏱ v=0.900 w=-0.787 dist=5.00 | total=5.8ms (tf=0.1 feat=0.3 infer=2.4 conv=2.1) | e2e_scan→cmd=33.6ms | cov=90/90
[INFO] [1787248358.306085633] [dclp_go2_policy_ros2]: ⏱ v=0.900 w=-0.803 dist=5.00 | total=5.9ms (tf=0.1 feat=0.3 infer=2.4 conv=2.2) | e2e_scan→cmd=33.7ms | cov=90/90
[INFO] [1787248358.705723008] [dclp_go2_policy_ros2]: ⏱ v=0.900 w=-0.780 dist=5.00 | total=6.0ms (tf=0.1 feat=0.3 infer=2.5 conv=2.2) | e2e_scan→cmd=33.3ms | cov=90/90
[INFO] [1787248359.106005317] [dclp_go2_policy_ros2]: ⏱ v=0.900 w=-0.796 dist=5.00 | total=5.8ms (tf=0.1 feat=0.3 infer=2.5 conv=2.1) | e2e_scan→cmd=33.5ms | cov=90/90
[INFO] [1787248359.505703433] [dclp_go2_policy_ros2]: ⏱ v=0.900 w=-0.788 dist=5.00 | total=5.8ms (tf=0.1 feat=0.3 infer=2.4 conv=2.1) | e2e_scan→cmd=32.7ms | cov=90/90
[INFO] [1787248359.905819974] [dclp_go2_policy_ros2]: ⏱ v=0.900 w=-0.760 dist=5.00 | total=5.7ms (tf=0.1 feat=0.3 infer=2.4 conv=2.1) | e2e_scan→cmd=33.4ms | cov=90/90
[INFO] [1787248360.305743449] [dclp_go2_policy_ros2]: ⏱ v=0.900 w=-0.803 dist=5.00 | total=5.8ms (tf=0.1 feat=0.3 infer=2.4 conv=2.1) | e2e_scan→cmd=33.2ms | cov=90/90
[INFO] [1787248360.706079492] [dclp_go2_policy_ros2]: ⏱ v=0.900 w=-0.817 dist=5.00 | total=6.0ms (tf=0.1 feat=0.3 infer=2.5 conv=2.2) | e2e_scan→cmd=33.6ms | cov=90/90
[INFO] [1787248361.106182018] [dclp_go2_policy_ros2]: ⏱ v=0.900 w=-0.753 dist=5.00 | total=6.2ms (tf=0.2 feat=0.3 infer=2.5 conv=2.3) | e2e_scan→cmd=33.6ms | cov=90/90
[INFO] [1787248361.506039187] [dclp_go2_policy_ros2]: ⏱ v=0.900 w=-0.811 dist=5.00 | total=6.0ms (tf=0.2 feat=0.3 infer=2.5 conv=2.2) | e2e_scan→cmd=33.5ms | cov=90/90
[INFO] [1787248361.906087056] [dclp_go2_policy_ros2]: ⏱ v=0.900 w=-0.766 dist=5.00 | total=6.2ms (tf=0.1 feat=0.3 infer=2.4 conv=2.1) | e2e_scan→cmd=33.5ms | cov=90/90
[INFO] [1787248362.305743671] [dclp_go2_policy_ros2]: ⏱ v=0.900 w=-0.764 dist=5.00 | total=5.8ms (tf=0.1 feat=0.3 infer=2.4 conv=2.1) | e2e_scan→cmd=33.3ms | cov=90/90
[INFO] [1787248362.705484355] [dclp_go2_policy_ros2]: ⏱ v=0.900 w=-0.765 dist=5.00 | total=5.8ms (tf=0.1 feat=0.3 infer=2.4 conv=2.1) | e2e_scan→cmd=32.8ms | cov=90/90
[INFO] [1787248363.105742221] [dclp_go2_policy_ros2]: ⏱ v=0.900 w=-0.764 dist=5.00 | total=5.7ms (tf=0.1 feat=0.3 infer=2.4 conv=2.1) | e2e_scan→cmd=33.2ms | cov=90/90
[INFO] [1787248363.505947926] [dclp_go2_policy_ros2]: ⏱ v=0.900 w=-0.783 dist=5.01 | total=5.9ms (tf=0.1 feat=0.3 infer=2.5 conv=2.3) | e2e_scan→cmd=33.4ms | cov=90/90
[INFO] [1787248363.905851150] [dclp_go2_policy_ros2]: ⏱ v=0.900 w=-0.775 dist=5.01 | total=5.9ms (tf=0.1 feat=0.3 infer=2.4 conv=2.2) | e2e_scan→cmd=33.2ms | cov=90/90
[INFO] [1787248364.305254953] [dclp_go2_policy_ros2]: ⏱ v=0.900 w=-0.776 dist=5.01 | total=5.7ms (tf=0.1 feat=0.3 infer=2.4 conv=2.1) | e2e_scan→cmd=32.7ms | cov=90/90
[INFO] [1787248364.705637278] [dclp_go2_policy_ros2]: ⏱ v=0.900 w=-0.775 dist=5.01 | total=5.8ms (tf=0.1 feat=0.3 infer=2.4 conv=2.1) | e2e_scan→cmd=32.9ms | cov=90/90
