
[0;36m══════════════════════════════════════════[0m
[0;36m  停止 DCLP 导航链路[0m
[0;36m══════════════════════════════════════════[0m
[0;32m[dclp_nav][0m 停止完成

[0;36m══════════════════════════════════════════[0m
[0;36m  DCLP 一键导航 — 续航步态 (economic)[0m
[0;36m══════════════════════════════════════════[0m

[0;32m[dclp_nav][0m 传感器:  MID360 -> /livox/lidar -> pc2scan -> /scan
[0;32m[dclp_nav][0m 里程计:  /sportmodestate -> 足部里程计 -> /odom + odom->base_link TF
[0;32m[dclp_nav][0m 策略:    /scan + /odom -> DCLP -> ZMQ -> Go2 SportClient
[0;32m[dclp_nav][0m 调试:    dry-run=OFF, zero-motion=OFF
[0;32m[dclp_nav][0m 补偿:    速度前馈补偿=OFF
[0;32m[dclp_nav][0m 模型:    /home/unitree/qyw/dclp_20260710_reproduction/models/dclp/V1_41lambda1_101.pth
[0;32m[dclp_nav][0m 日志:    /home/unitree/qyw/dclp_20260710_reproduction/runs/20260720_001838_030670609_S2L_r1_c1_final_off_live/component_logs

[0;32m[dclp_nav][0m 启动 mid360...
[0;32m[dclp_nav][0m   mid360 started (pid=11731, log=/home/unitree/qyw/dclp_20260710_reproduction/runs/20260720_001838_030670609_S2L_r1_c1_final_off_live/component_logs/mid360.log)
[0;32m[dclp_nav][0m   MID360 /livox/lidar OK count=151 rate=49.99Hz age_ms recent_avg=21.8 recent_max=22.2 last=21.6 all_max=22.8 frame=livox_frame points=3936
[0;32m[dclp_nav][0m 启动 tf...
[0;32m[dclp_nav][0m   tf started (pid=11919, log=/home/unitree/qyw/dclp_20260710_reproduction/runs/20260720_001838_030670609_S2L_r1_c1_final_off_live/component_logs/tf.log)
[0;32m[dclp_nav][0m 启动 pc2scan...
[0;32m[dclp_nav][0m   pc2scan started (pid=11962, log=/home/unitree/qyw/dclp_20260710_reproduction/runs/20260720_001838_030670609_S2L_r1_c1_final_off_live/component_logs/pc2scan.log)
[0;32m[dclp_nav][0m   LaserScan /scan OK count=151 rate=49.98Hz age_ms recent_avg=24.7 recent_max=25.3 last=23.8 all_max=26.0 frame=base_link beams=1081
[0;32m[dclp_nav][0m 启动 odom...
[0;32m[dclp_nav][0m   odom started (pid=12100, log=/home/unitree/qyw/dclp_20260710_reproduction/runs/20260720_001838_030670609_S2L_r1_c1_final_off_live/component_logs/odom.log)
[0;32m[dclp_nav][0m   足部里程计 /odom OK count=601 rate=300.09Hz age_ms recent_avg=1.0 recent_max=1.1 last=1.0 all_max=1.9 frame=odom
[0;32m[dclp_nav][0m 启动 policy...
[0;32m[dclp_nav][0m   policy started (pid=12270, log=/home/unitree/qyw/dclp_20260710_reproduction/runs/20260720_001838_030670609_S2L_r1_c1_final_off_live/component_logs/policy.log)
[0;32m[dclp_nav][0m 启动 zmq...
[0;32m[dclp_nav][0m   zmq started (pid=12338, log=/home/unitree/qyw/dclp_20260710_reproduction/runs/20260720_001838_030670609_S2L_r1_c1_final_off_live/component_logs/zmq.log)
[0;32m[dclp_nav][0m 启动 watchdog...
[0;32m[dclp_nav][0m   watchdog started (pid=12373, log=/home/unitree/qyw/dclp_20260710_reproduction/runs/20260720_001838_030670609_S2L_r1_c1_final_off_live/component_logs/watchdog.log)
[0;32m[dclp_nav][0m 启动 rosbag...
[0;32m[dclp_nav][0m   rosbag started (pid=12397, log=/home/unitree/qyw/dclp_20260710_reproduction/runs/20260720_001838_030670609_S2L_r1_c1_final_off_live/component_logs/rosbag.log)
[0;32m[dclp_nav][0m 核心组件已启动，rosbag=ON
[0;32m[dclp_nav][0m 等待组件就绪 (最长 60s)...
[0;32m[dclp_nav][0m   MID360 /livox/lidar OK count=151 rate=49.98Hz age_ms recent_avg=21.4 recent_max=22.3 last=22.3 all_max=24.6 frame=livox_frame points=3936
[0;32m[dclp_nav][0m   LaserScan /scan OK count=151 rate=50.01Hz age_ms recent_avg=23.1 recent_max=24.0 last=24.0 all_max=25.3 frame=base_link beams=1081
[0;32m[dclp_nav][0m   足部里程计 /odom OK count=595 rate=297.05Hz age_ms recent_avg=0.9 recent_max=1.3 last=0.9 all_max=2.2 frame=odom
[0;32m[dclp_nav][0m   /nav_status OK
[0;32m[dclp_nav][0m 全部组件就绪。


[0;36m══════════════════════════════════════════[0m
[0;36m  导航目标: 向右 0 m, 向前 4 m[0m
[0;36m══════════════════════════════════════════[0m
publisher: beginning loop
publishing #1: geometry_msgs.msg.Point(x=0.0, y=4.0, z=0.0)

[0;32m[dclp_nav][0m 目标已发送，等待到达...
[0;31m[dclp_nav][0m 导航超时 (60s)
