[INFO] [1787254891.621249284] [dclp_go2_policy_ros2]: trajectory log enabled: /home/unitree/qyw/dclp_20260710_reproduction/dclp_deploy/robots/unitree_go2/../trajectory_logs/trajectory_20260821_034131.csv (rate=2.00 Hz)
[INFO] [1787254891.628258548] [dclp_go2_policy_ros2]: Go2 DCLP policy ready: backend={"action_dim": 2, "backend_type": "pth", "checkpoint_meta": {"T": 1010000, "episode": 16356, "test_time": 101}, "deterministic_rule": "highest_weight_component_tanh_mu", "device": "cpu", "model_path": "/home/unitree/qyw/dclp_20260710_reproduction/models/dclp/V1_41lambda1_101.pth", "obs_dim": 548, "policy_id": "V1_41lambda1_101.pth"} scan=/scan odom=/odom goal=/move_base_simple/goal rel_goal=/dclp_relative_goal global=odom zmq=tcp://*:5596 rate=25.0Hz scan_stamp_timeout=0.08s experiment=<unset> profile=<unset> compensation=off mapping=range limiter=last_cmd_dt config={"accel_limiter_mode":"last_cmd_dt","action_mapping_mode":"range","backend":{"action_dim":2,"backend_type":"pth","checkpoint_meta":{"T":1010000,"episode":16356,"test_time":101},"deterministic_rule":"highest_weight_component_tanh_mu","device":"cpu","model_path":"/home/unitree/qyw/dclp_20260710_reproduction/models/dclp/V1_41lambda1_101.pth","obs_dim":548,"policy_id":"V1_41lambda1_101.pth"},"cap_angular":1.5708,"cap_linear":1.5,"compensation_available":true,"compensation_mode":"off","compensation_source":"/home/unitree/qyw/dclp_20260710_reproduction/dclp_deploy/robots/unitree_go2/velocity_compensation.py","compensation_source_sha256":"53f5318dde1c9965c6c7177ae72e8200b85b26c8b9143ecb9dcc5d356a458000","control_period_sec":0.02,"control_rate_hz":25.0,"dclp_length1":0.6048,"dclp_length2":0.6048,"dclp_width":0.53568,"deploy_core_source":"/home/unitree/qyw/dclp_20260710_reproduction/dclp_deploy/dclp_deploy_core.py","deploy_core_source_sha256":"df6c78b263454c8bf8fb616de9dff7d268f6f48fe40127c299dd56455464e7de","experiment_id":"","experiment_profile":"","floor_angular":0.27928,"floor_linear":0.29997,"goal_topic":"/move_base_simple/goal","max_angular":0.83776,"max_angular_acc":3.0,"max_linear":0.9,"max_linear_acc":3.0,"min_angular":0.27928,"min_linear":0.29997,"model_path":"/home/unitree/qyw/dclp_20260710_reproduction/models/dclp/V1_41lambda1_101.pth","model_sha256":"dacaf9fc45da536ae6b45cdbedc949370b7828fac4cadcf40ebedabc4080c452","odom_stamp_timeout":0.05,"odom_timeout":0.1,"odom_topic":"/odom","pid":91215,"policy_source":"/home/unitree/qyw/dclp_20260710_reproduction/dclp_deploy/robots/unitree_go2/dclp_go2_policy_ros2.py","policy_source_sha256":"b9544fd560d917bc0dd2edc2e35e23eac68db819ac29259e2a988c7209cf810c","relative_goal_topic":"/dclp_relative_goal","scan_stamp_timeout":0.08,"scan_timeout":0.1,"scan_topic":"/scan","schema_version":1,"speed_scale":1.0,"straighten_front_clear_angle":0.35,"straighten_front_clear_range":1.2,"straighten_front_goal_angle":0.0,"straighten_front_goal_w_limit":0.0,"trajectory_log_path":"/home/unitree/qyw/dclp_20260710_reproduction/dclp_deploy/robots/unitree_go2/../trajectory_logs/trajectory_20260821_034131.csv","written_at":"2026-08-21T03:41:31"}
[INFO] [1787254891.631712843] [dclp_go2_policy_ros2]: received first scan: frame=base_link beams=1081
[INFO] [1787254891.633351700] [dclp_go2_policy_ros2]: received first odom: frame=odom child=base_link
[WARN] [1787254891.668612459] [dclp_go2_policy_ros2]: DCLP stop: waiting goal
[WARN] [1787254893.669004655] [dclp_go2_policy_ros2]: DCLP stop: waiting goal
[WARN] [1787254895.708661175] [dclp_go2_policy_ros2]: DCLP stop: waiting goal
[WARN] [1787254897.708659999] [dclp_go2_policy_ros2]: DCLP stop: waiting goal
[WARN] [1787254899.708702896] [dclp_go2_policy_ros2]: DCLP stop: waiting goal
[WARN] [1787254901.709117201] [dclp_go2_policy_ros2]: DCLP stop: waiting goal
[WARN] [1787254903.748836151] [dclp_go2_policy_ros2]: DCLP stop: waiting goal
[WARN] [1787254905.749242470] [dclp_go2_policy_ros2]: DCLP stop: waiting goal
[INFO] [1787254907.123366437] [dclp_go2_policy_ros2]: received relative goal: right=0.000 forward=4.000 -> global=(3.746, 0.117) frame=odom
[INFO] [1787254907.158132112] [dclp_go2_policy_ros2]: ⏱ v=0.076 w=0.076 dist=4.00 | total=9.3ms (tf=0.2 feat=0.4 infer=2.7 conv=4.5) | e2e_scan→cmd=53.0ms | cov=90/90
[INFO] [1787254907.555991696] [dclp_go2_policy_ros2]: ⏱ v=0.900 w=-0.321 dist=3.99 | total=6.7ms (tf=0.2 feat=0.4 infer=2.6 conv=2.5) | e2e_scan→cmd=51.1ms | cov=90/90
[INFO] [1787254907.954818761] [dclp_go2_policy_ros2]: ⏱ v=0.900 w=0.821 dist=3.99 | total=6.0ms (tf=0.1 feat=0.3 infer=2.5 conv=2.1) | e2e_scan→cmd=49.9ms | cov=90/90
[INFO] [1787254908.355384078] [dclp_go2_policy_ros2]: ⏱ v=0.900 w=0.821 dist=3.99 | total=6.4ms (tf=0.2 feat=0.4 infer=2.6 conv=2.4) | e2e_scan→cmd=50.5ms | cov=90/90
[INFO] [1787254908.754155749] [dclp_go2_policy_ros2]: ⏱ v=0.900 w=0.792 dist=4.00 | total=5.9ms (tf=0.1 feat=0.3 infer=2.5 conv=2.1) | e2e_scan→cmd=49.1ms | cov=90/90
[INFO] [1787254909.154780588] [dclp_go2_policy_ros2]: ⏱ v=0.900 w=0.780 dist=3.99 | total=6.3ms (tf=0.1 feat=0.3 infer=2.6 conv=2.3) | e2e_scan→cmd=29.7ms | cov=90/90
[INFO] [1787254909.554888518] [dclp_go2_policy_ros2]: ⏱ v=0.900 w=0.554 dist=3.98 | total=6.1ms (tf=0.1 feat=0.3 infer=2.6 conv=2.2) | e2e_scan→cmd=50.0ms | cov=90/90
[INFO] [1787254909.954621079] [dclp_go2_policy_ros2]: ⏱ v=0.899 w=-0.645 dist=3.98 | total=6.1ms (tf=0.1 feat=0.3 infer=2.6 conv=2.3) | e2e_scan→cmd=49.5ms | cov=90/90
[INFO] [1787254910.355348737] [dclp_go2_policy_ros2]: ⏱ v=0.900 w=-0.008 dist=3.98 | total=6.4ms (tf=0.1 feat=0.3 infer=2.6 conv=2.4) | e2e_scan→cmd=50.4ms | cov=90/90
[INFO] [1787254910.755441500] [dclp_go2_policy_ros2]: ⏱ v=0.900 w=0.791 dist=3.98 | total=6.6ms (tf=0.2 feat=0.4 infer=2.7 conv=2.4) | e2e_scan→cmd=50.4ms | cov=90/90
[INFO] [1787254911.154948616] [dclp_go2_policy_ros2]: ⏱ v=0.900 w=0.796 dist=3.98 | total=6.4ms (tf=0.2 feat=0.4 infer=2.6 conv=2.3) | e2e_scan→cmd=49.6ms | cov=90/90
[INFO] [1787254911.554672825] [dclp_go2_policy_ros2]: ⏱ v=0.900 w=0.430 dist=3.98 | total=6.2ms (tf=0.1 feat=0.3 infer=2.6 conv=2.2) | e2e_scan→cmd=49.8ms | cov=90/90
[INFO] [1787254911.955247937] [dclp_go2_policy_ros2]: ⏱ v=0.896 w=-0.771 dist=3.98 | total=6.6ms (tf=0.2 feat=0.3 infer=2.6 conv=2.5) | e2e_scan→cmd=50.5ms | cov=90/90
[INFO] [1787254912.355479584] [dclp_go2_policy_ros2]: ⏱ v=0.248 w=-0.836 dist=3.98 | total=7.0ms (tf=0.1 feat=0.3 infer=2.6 conv=2.5) | e2e_scan→cmd=50.6ms | cov=90/90
[INFO] [1787254912.754137592] [dclp_go2_policy_ros2]: ⏱ v=0.886 w=-0.824 dist=3.98 | total=6.0ms (tf=0.1 feat=0.3 infer=2.6 conv=2.1) | e2e_scan→cmd=49.1ms | cov=90/90
[INFO] [1787254913.160103944] [dclp_go2_policy_ros2]: ⏱ v=0.737 w=-0.832 dist=3.98 | total=8.6ms (tf=0.3 feat=0.4 infer=3.3 conv=3.2) | e2e_scan→cmd=54.8ms | cov=90/90
[INFO] [1787254913.554524341] [dclp_go2_policy_ros2]: ⏱ v=0.282 w=-0.836 dist=3.98 | total=6.3ms (tf=0.1 feat=0.3 infer=2.6 conv=2.3) | e2e_scan→cmd=49.5ms | cov=90/90
[INFO] [1787254913.955044092] [dclp_go2_policy_ros2]: ⏱ v=-0.870 w=-0.836 dist=3.98 | total=6.4ms (tf=0.2 feat=0.3 infer=2.7 conv=2.4) | e2e_scan→cmd=50.1ms | cov=90/90
[INFO] [1787254914.355277629] [dclp_go2_policy_ros2]: ⏱ v=0.276 w=-0.813 dist=3.98 | total=6.7ms (tf=0.2 feat=0.4 infer=2.7 conv=2.5) | e2e_scan→cmd=50.2ms | cov=90/90
[INFO] [1787254914.754886766] [dclp_go2_policy_ros2]: ⏱ v=0.900 w=-0.106 dist=3.98 | total=6.2ms (tf=0.1 feat=0.3 infer=2.6 conv=2.3) | e2e_scan→cmd=49.8ms | cov=90/90
[INFO] [1787254915.155547898] [dclp_go2_policy_ros2]: ⏱ v=0.900 w=0.789 dist=3.98 | total=6.9ms (tf=0.2 feat=0.4 infer=2.7 conv=2.6) | e2e_scan→cmd=50.6ms | cov=90/90
[INFO] [1787254915.554801794] [dclp_go2_policy_ros2]: ⏱ v=0.900 w=0.785 dist=3.98 | total=6.0ms (tf=0.1 feat=0.3 infer=2.5 conv=2.1) | e2e_scan→cmd=29.9ms | cov=90/90
[INFO] [1787254915.954736860] [dclp_go2_policy_ros2]: ⏱ v=0.900 w=0.783 dist=3.98 | total=6.3ms (tf=0.1 feat=0.3 infer=2.6 conv=2.4) | e2e_scan→cmd=49.8ms | cov=90/90
[INFO] [1787254916.354882876] [dclp_go2_policy_ros2]: ⏱ v=0.900 w=0.781 dist=3.98 | total=6.2ms (tf=0.1 feat=0.3 infer=2.6 conv=2.3) | e2e_scan→cmd=50.0ms | cov=90/90
[INFO] [1787254916.754526639] [dclp_go2_policy_ros2]: ⏱ v=0.900 w=0.747 dist=3.98 | total=6.1ms (tf=0.1 feat=0.3 infer=2.6 conv=2.2) | e2e_scan→cmd=49.7ms | cov=90/90
[INFO] [1787254917.155315360] [dclp_go2_policy_ros2]: ⏱ v=0.900 w=0.411 dist=3.98 | total=6.4ms (tf=0.1 feat=0.3 infer=2.6 conv=2.4) | e2e_scan→cmd=50.5ms | cov=90/90
[INFO] [1787254917.555096599] [dclp_go2_policy_ros2]: ⏱ v=0.897 w=-0.633 dist=3.98 | total=6.5ms (tf=0.1 feat=0.3 infer=2.6 conv=2.2) | e2e_scan→cmd=50.3ms | cov=90/90
[INFO] [1787254917.954702186] [dclp_go2_policy_ros2]: ⏱ v=0.894 w=-0.614 dist=3.98 | total=6.1ms (tf=0.1 feat=0.3 infer=2.6 conv=2.2) | e2e_scan→cmd=49.8ms | cov=90/90
[INFO] [1787254918.354456865] [dclp_go2_policy_ros2]: ⏱ v=0.894 w=-0.583 dist=3.98 | total=6.1ms (tf=0.1 feat=0.3 infer=2.6 conv=2.3) | e2e_scan→cmd=49.6ms | cov=90/90
[INFO] [1787254918.754579906] [dclp_go2_policy_ros2]: ⏱ v=0.893 w=-0.580 dist=3.98 | total=6.2ms (tf=0.1 feat=0.3 infer=2.6 conv=2.3) | e2e_scan→cmd=29.7ms | cov=90/90
[INFO] [1787254919.155661819] [dclp_go2_policy_ros2]: ⏱ v=0.894 w=-0.574 dist=3.98 | total=6.7ms (tf=0.2 feat=0.4 infer=2.6 conv=2.5) | e2e_scan→cmd=50.2ms | cov=90/90
[INFO] [1787254919.555476980] [dclp_go2_policy_ros2]: ⏱ v=0.894 w=-0.559 dist=3.98 | total=7.0ms (tf=0.2 feat=0.4 infer=2.7 conv=2.6) | e2e_scan→cmd=50.4ms | cov=90/90
[INFO] [1787254919.954702495] [dclp_go2_policy_ros2]: ⏱ v=0.893 w=-0.572 dist=3.98 | total=6.4ms (tf=0.2 feat=0.4 infer=2.6 conv=2.3) | e2e_scan→cmd=49.8ms | cov=90/90
[INFO] [1787254920.355569108] [dclp_go2_policy_ros2]: ⏱ v=0.894 w=-0.573 dist=3.98 | total=6.9ms (tf=0.2 feat=0.4 infer=2.7 conv=2.7) | e2e_scan→cmd=50.6ms | cov=90/90
[INFO] [1787254920.754534008] [dclp_go2_policy_ros2]: ⏱ v=0.894 w=-0.571 dist=3.97 | total=6.3ms (tf=0.1 feat=0.3 infer=2.6 conv=2.4) | e2e_scan→cmd=49.6ms | cov=90/90
[INFO] [1787254921.154826879] [dclp_go2_policy_ros2]: ⏱ v=0.894 w=-0.574 dist=3.97 | total=6.6ms (tf=0.2 feat=0.4 infer=2.6 conv=2.4) | e2e_scan→cmd=50.0ms | cov=90/90
[INFO] [1787254921.554681947] [dclp_go2_policy_ros2]: ⏱ v=0.894 w=-0.572 dist=3.97 | total=6.3ms (tf=0.1 feat=0.3 infer=2.6 conv=2.4) | e2e_scan→cmd=49.8ms | cov=90/90
[INFO] [1787254921.955256649] [dclp_go2_policy_ros2]: ⏱ v=0.894 w=-0.577 dist=3.98 | total=6.9ms (tf=0.2 feat=0.4 infer=2.8 conv=2.4) | e2e_scan→cmd=50.2ms | cov=90/90
[INFO] [1787254922.354651514] [dclp_go2_policy_ros2]: ⏱ v=0.893 w=-0.561 dist=3.98 | total=6.2ms (tf=0.1 feat=0.3 infer=2.6 conv=2.3) | e2e_scan→cmd=49.6ms | cov=90/90
[INFO] [1787254922.755564305] [dclp_go2_policy_ros2]: ⏱ v=0.894 w=-0.552 dist=3.98 | total=7.2ms (tf=0.2 feat=0.4 infer=2.7 conv=2.6) | e2e_scan→cmd=50.7ms | cov=90/90
[INFO] [1787254923.154585497] [dclp_go2_policy_ros2]: ⏱ v=0.893 w=-0.580 dist=3.98 | total=6.3ms (tf=0.1 feat=0.3 infer=2.6 conv=2.4) | e2e_scan→cmd=49.7ms | cov=90/90
[INFO] [1787254923.555444527] [dclp_go2_policy_ros2]: ⏱ v=0.894 w=-0.580 dist=3.98 | total=6.8ms (tf=0.2 feat=0.4 infer=2.7 conv=2.4) | e2e_scan→cmd=50.5ms | cov=90/90
[INFO] [1787254923.954544089] [dclp_go2_policy_ros2]: ⏱ v=0.894 w=-0.577 dist=3.98 | total=6.3ms (tf=0.1 feat=0.3 infer=2.6 conv=2.3) | e2e_scan→cmd=49.5ms | cov=90/90
[INFO] [1787254924.354390199] [dclp_go2_policy_ros2]: ⏱ v=0.893 w=-0.595 dist=3.98 | total=6.1ms (tf=0.1 feat=0.3 infer=2.5 conv=2.3) | e2e_scan→cmd=49.6ms | cov=90/90
[INFO] [1787254924.754761730] [dclp_go2_policy_ros2]: ⏱ v=0.893 w=-0.572 dist=3.98 | total=6.4ms (tf=0.2 feat=0.4 infer=2.6 conv=2.4) | e2e_scan→cmd=49.9ms | cov=90/90
[INFO] [1787254925.154385786] [dclp_go2_policy_ros2]: ⏱ v=0.894 w=-0.574 dist=3.98 | total=6.1ms (tf=0.1 feat=0.3 infer=2.5 conv=2.2) | e2e_scan→cmd=49.4ms | cov=90/90
[INFO] [1787254925.554449342] [dclp_go2_policy_ros2]: ⏱ v=0.894 w=-0.568 dist=3.98 | total=6.2ms (tf=0.1 feat=0.3 infer=2.6 conv=2.3) | e2e_scan→cmd=49.6ms | cov=90/90
[INFO] [1787254925.954620388] [dclp_go2_policy_ros2]: ⏱ v=0.894 w=-0.582 dist=3.97 | total=6.3ms (tf=0.1 feat=0.3 infer=2.5 conv=2.4) | e2e_scan→cmd=49.6ms | cov=90/90
[INFO] [1787254926.354410338] [dclp_go2_policy_ros2]: ⏱ v=0.894 w=-0.585 dist=3.97 | total=6.1ms (tf=0.1 feat=0.3 infer=2.5 conv=2.3) | e2e_scan→cmd=49.6ms | cov=90/90
[INFO] [1787254926.754665739] [dclp_go2_policy_ros2]: ⏱ v=0.894 w=-0.584 dist=3.97 | total=6.3ms (tf=0.1 feat=0.3 infer=2.6 conv=2.3) | e2e_scan→cmd=49.8ms | cov=90/90
[INFO] [1787254927.154284805] [dclp_go2_policy_ros2]: ⏱ v=0.894 w=-0.576 dist=3.97 | total=6.1ms (tf=0.1 feat=0.3 infer=2.6 conv=2.2) | e2e_scan→cmd=49.5ms | cov=90/90
[INFO] [1787254927.554850806] [dclp_go2_policy_ros2]: ⏱ v=0.894 w=-0.571 dist=3.97 | total=6.5ms (tf=0.2 feat=0.4 infer=2.6 conv=2.4) | e2e_scan→cmd=49.9ms | cov=90/90
[INFO] [1787254927.955663758] [dclp_go2_policy_ros2]: ⏱ v=0.894 w=-0.573 dist=3.97 | total=7.1ms (tf=0.2 feat=0.4 infer=2.6 conv=2.4) | e2e_scan→cmd=50.9ms | cov=90/90
[INFO] [1787254928.354901759] [dclp_go2_policy_ros2]: ⏱ v=0.894 w=-0.584 dist=3.97 | total=6.4ms (tf=0.1 feat=0.4 infer=2.7 conv=2.3) | e2e_scan→cmd=49.9ms | cov=90/90
[INFO] [1787254928.754572923] [dclp_go2_policy_ros2]: ⏱ v=0.894 w=-0.576 dist=3.97 | total=6.1ms (tf=0.1 feat=0.3 infer=2.6 conv=2.2) | e2e_scan→cmd=29.7ms | cov=90/90
[INFO] [1787254929.154186230] [dclp_go2_policy_ros2]: ⏱ v=0.894 w=-0.576 dist=3.97 | total=5.9ms (tf=0.1 feat=0.3 infer=2.6 conv=2.1) | e2e_scan→cmd=49.5ms | cov=90/90
[INFO] [1787254929.555459675] [dclp_go2_policy_ros2]: ⏱ v=0.894 w=-0.568 dist=3.97 | total=6.8ms (tf=0.2 feat=0.4 infer=2.8 conv=2.5) | e2e_scan→cmd=52.0ms | cov=90/90
[INFO] [1787254929.954989140] [dclp_go2_policy_ros2]: ⏱ v=0.894 w=-0.570 dist=3.97 | total=6.6ms (tf=0.2 feat=0.4 infer=2.6 conv=2.5) | e2e_scan→cmd=50.1ms | cov=90/90
[INFO] [1787254930.354475660] [dclp_go2_policy_ros2]: ⏱ v=0.894 w=-0.561 dist=3.97 | total=6.2ms (tf=0.1 feat=0.3 infer=2.5 conv=2.3) | e2e_scan→cmd=49.5ms | cov=90/90
[INFO] [1787254930.754601077] [dclp_go2_policy_ros2]: ⏱ v=0.894 w=-0.586 dist=3.97 | total=6.3ms (tf=0.2 feat=0.4 infer=2.6 conv=2.3) | e2e_scan→cmd=49.6ms | cov=90/90
[INFO] [1787254931.154709501] [dclp_go2_policy_ros2]: ⏱ v=0.894 w=-0.577 dist=3.98 | total=6.4ms (tf=0.2 feat=0.3 infer=2.6 conv=2.4) | e2e_scan→cmd=49.7ms | cov=90/90
[INFO] [1787254931.554621793] [dclp_go2_policy_ros2]: ⏱ v=0.893 w=-0.563 dist=3.98 | total=6.3ms (tf=0.1 feat=0.3 infer=2.6 conv=2.3) | e2e_scan→cmd=29.8ms | cov=90/90
[INFO] [1787254931.955241559] [dclp_go2_policy_ros2]: ⏱ v=0.894 w=-0.569 dist=3.98 | total=6.7ms (tf=0.2 feat=0.4 infer=2.7 conv=2.5) | e2e_scan→cmd=30.3ms | cov=90/90
[INFO] [1787254932.357149902] [dclp_go2_policy_ros2]: ⏱ v=0.893 w=-0.572 dist=3.98 | total=8.5ms (tf=0.2 feat=0.4 infer=2.6 conv=4.0) | e2e_scan→cmd=52.1ms | cov=90/90
[INFO] [1787254932.754466129] [dclp_go2_policy_ros2]: ⏱ v=0.894 w=-0.569 dist=3.97 | total=6.2ms (tf=0.1 feat=0.3 infer=2.6 conv=2.2) | e2e_scan→cmd=49.5ms | cov=90/90
[INFO] [1787254933.154813985] [dclp_go2_policy_ros2]: ⏱ v=0.894 w=-0.576 dist=3.97 | total=6.5ms (tf=0.1 feat=0.3 infer=2.5 conv=2.2) | e2e_scan→cmd=50.0ms | cov=90/90
[INFO] [1787254933.554620675] [dclp_go2_policy_ros2]: ⏱ v=0.894 w=-0.572 dist=3.97 | total=6.3ms (tf=0.1 feat=0.3 infer=2.6 conv=2.3) | e2e_scan→cmd=49.8ms | cov=90/90
[INFO] [1787254933.955052822] [dclp_go2_policy_ros2]: ⏱ v=0.893 w=-0.573 dist=3.97 | total=6.7ms (tf=0.1 feat=0.3 infer=2.7 conv=2.4) | e2e_scan→cmd=50.2ms | cov=90/90
[INFO] [1787254934.354146983] [dclp_go2_policy_ros2]: ⏱ v=0.893 w=-0.576 dist=3.97 | total=5.9ms (tf=0.1 feat=0.3 infer=2.5 conv=2.1) | e2e_scan→cmd=49.3ms | cov=90/90
[INFO] [1787254934.754697597] [dclp_go2_policy_ros2]: ⏱ v=0.894 w=-0.566 dist=3.98 | total=6.4ms (tf=0.1 feat=0.3 infer=2.6 conv=2.3) | e2e_scan→cmd=49.8ms | cov=90/90
[INFO] [1787254935.155236051] [dclp_go2_policy_ros2]: ⏱ v=0.893 w=-0.571 dist=3.98 | total=6.3ms (tf=0.1 feat=0.3 infer=2.6 conv=2.3) | e2e_scan→cmd=50.4ms | cov=90/90
[INFO] [1787254935.554146272] [dclp_go2_policy_ros2]: ⏱ v=0.894 w=-0.573 dist=3.98 | total=5.9ms (tf=0.1 feat=0.3 infer=2.5 conv=2.1) | e2e_scan→cmd=49.3ms | cov=90/90
[INFO] [1787254935.955440970] [dclp_go2_policy_ros2]: ⏱ v=0.894 w=-0.570 dist=3.98 | total=6.3ms (tf=0.1 feat=0.3 infer=2.6 conv=2.3) | e2e_scan→cmd=50.7ms | cov=90/90
[INFO] [1787254936.354836580] [dclp_go2_policy_ros2]: ⏱ v=0.894 w=-0.571 dist=3.97 | total=6.0ms (tf=0.1 feat=0.3 infer=2.5 conv=2.2) | e2e_scan→cmd=50.0ms | cov=90/90
[INFO] [1787254936.754940368] [dclp_go2_policy_ros2]: ⏱ v=0.894 w=-0.585 dist=3.97 | total=6.4ms (tf=0.2 feat=0.4 infer=2.6 conv=2.3) | e2e_scan→cmd=49.9ms | cov=90/90
[INFO] [1787254937.155665004] [dclp_go2_policy_ros2]: ⏱ v=0.893 w=-0.577 dist=3.97 | total=6.4ms (tf=0.1 feat=0.3 infer=2.6 conv=2.4) | e2e_scan→cmd=50.7ms | cov=90/90
[INFO] [1787254937.555283244] [dclp_go2_policy_ros2]: ⏱ v=0.893 w=-0.586 dist=3.97 | total=6.2ms (tf=0.2 feat=0.3 infer=2.6 conv=2.2) | e2e_scan→cmd=50.4ms | cov=90/90
[INFO] [1787254937.955182900] [dclp_go2_policy_ros2]: ⏱ v=0.893 w=-0.576 dist=3.97 | total=6.3ms (tf=0.1 feat=0.3 infer=2.6 conv=2.4) | e2e_scan→cmd=50.2ms | cov=90/90
[INFO] [1787254938.355396228] [dclp_go2_policy_ros2]: ⏱ v=0.894 w=-0.563 dist=3.97 | total=7.1ms (tf=0.1 feat=0.3 infer=2.7 conv=2.3) | e2e_scan→cmd=50.6ms | cov=90/90
[INFO] [1787254938.754330420] [dclp_go2_policy_ros2]: ⏱ v=0.894 w=-0.563 dist=3.97 | total=6.1ms (tf=0.1 feat=0.3 infer=2.6 conv=2.2) | e2e_scan→cmd=49.6ms | cov=90/90
[INFO] [1787254939.154916109] [dclp_go2_policy_ros2]: ⏱ v=0.894 w=-0.577 dist=3.98 | total=6.2ms (tf=0.1 feat=0.3 infer=2.6 conv=2.3) | e2e_scan→cmd=30.1ms | cov=90/90
[INFO] [1787254939.555463142] [dclp_go2_policy_ros2]: ⏱ v=0.894 w=-0.563 dist=3.98 | total=6.6ms (tf=0.2 feat=0.4 infer=2.7 conv=2.4) | e2e_scan→cmd=50.5ms | cov=90/90
[INFO] [1787254939.954987206] [dclp_go2_policy_ros2]: ⏱ v=0.893 w=-0.573 dist=3.97 | total=6.6ms (tf=0.2 feat=0.3 infer=2.7 conv=2.4) | e2e_scan→cmd=50.1ms | cov=90/90
[INFO] [1787254940.355124117] [dclp_go2_policy_ros2]: ⏱ v=0.894 w=-0.563 dist=3.98 | total=6.4ms (tf=0.2 feat=0.3 infer=2.6 conv=2.4) | e2e_scan→cmd=50.1ms | cov=90/90
[INFO] [1787254940.755486090] [dclp_go2_policy_ros2]: ⏱ v=0.893 w=-0.573 dist=3.98 | total=6.4ms (tf=0.2 feat=0.3 infer=2.6 conv=2.4) | e2e_scan→cmd=50.7ms | cov=90/90
[INFO] [1787254941.155278673] [dclp_go2_policy_ros2]: ⏱ v=0.894 w=-0.572 dist=3.97 | total=6.5ms (tf=0.2 feat=0.3 infer=2.6 conv=2.5) | e2e_scan→cmd=50.4ms | cov=90/90
[INFO] [1787254941.554702831] [dclp_go2_policy_ros2]: ⏱ v=0.894 w=-0.558 dist=3.97 | total=6.4ms (tf=0.2 feat=0.3 infer=2.6 conv=2.3) | e2e_scan→cmd=29.9ms | cov=90/90
[INFO] [1787254941.956002269] [dclp_go2_policy_ros2]: ⏱ v=0.894 w=-0.564 dist=3.97 | total=7.5ms (tf=0.2 feat=0.4 infer=3.0 conv=2.9) | e2e_scan→cmd=50.9ms | cov=90/90
[INFO] [1787254942.354979824] [dclp_go2_policy_ros2]: ⏱ v=0.894 w=-0.578 dist=3.97 | total=6.2ms (tf=0.1 feat=0.3 infer=2.6 conv=2.3) | e2e_scan→cmd=30.1ms | cov=90/90
[INFO] [1787254942.754931260] [dclp_go2_policy_ros2]: ⏱ v=0.893 w=-0.571 dist=3.97 | total=6.3ms (tf=0.2 feat=0.4 infer=2.6 conv=2.3) | e2e_scan→cmd=50.0ms | cov=90/90
[INFO] [1787254943.155980228] [dclp_go2_policy_ros2]: ⏱ v=0.894 w=-0.578 dist=3.97 | total=7.2ms (tf=0.2 feat=0.4 infer=2.9 conv=2.7) | e2e_scan→cmd=51.0ms | cov=90/90
[INFO] [1787254943.555573800] [dclp_go2_policy_ros2]: ⏱ v=0.893 w=-0.568 dist=3.97 | total=7.2ms (tf=0.1 feat=0.4 infer=2.7 conv=2.5) | e2e_scan→cmd=50.6ms | cov=90/90
[INFO] [1787254943.954944198] [dclp_go2_policy_ros2]: ⏱ v=0.894 w=-0.581 dist=3.97 | total=6.2ms (tf=0.2 feat=0.4 infer=2.5 conv=2.4) | e2e_scan→cmd=50.2ms | cov=90/90
[INFO] [1787254944.354728399] [dclp_go2_policy_ros2]: ⏱ v=0.893 w=-0.582 dist=3.97 | total=6.3ms (tf=0.2 feat=0.4 infer=2.5 conv=2.3) | e2e_scan→cmd=49.8ms | cov=90/90
[INFO] [1787254944.754562073] [dclp_go2_policy_ros2]: ⏱ v=0.894 w=-0.579 dist=3.97 | total=6.0ms (tf=0.1 feat=0.3 infer=2.6 conv=2.1) | e2e_scan→cmd=49.6ms | cov=90/90
[INFO] [1787254945.154951730] [dclp_go2_policy_ros2]: ⏱ v=0.893 w=-0.552 dist=3.97 | total=6.3ms (tf=0.1 feat=0.3 infer=2.7 conv=2.3) | e2e_scan→cmd=50.1ms | cov=90/90
[INFO] [1787254945.554493238] [dclp_go2_policy_ros2]: ⏱ v=0.893 w=-0.577 dist=3.97 | total=6.1ms (tf=0.1 feat=0.3 infer=2.6 conv=2.2) | e2e_scan→cmd=49.6ms | cov=90/90
[INFO] [1787254945.954482405] [dclp_go2_policy_ros2]: ⏱ v=0.893 w=-0.582 dist=3.97 | total=6.0ms (tf=0.1 feat=0.3 infer=2.5 conv=2.2) | e2e_scan→cmd=49.8ms | cov=90/90
[INFO] [1787254946.355051395] [dclp_go2_policy_ros2]: ⏱ v=0.893 w=-0.566 dist=3.97 | total=6.3ms (tf=0.1 feat=0.3 infer=2.6 conv=2.4) | e2e_scan→cmd=50.2ms | cov=90/90
[INFO] [1787254946.754523781] [dclp_go2_policy_ros2]: ⏱ v=0.893 w=-0.575 dist=3.97 | total=6.1ms (tf=0.1 feat=0.3 infer=2.6 conv=2.2) | e2e_scan→cmd=49.8ms | cov=90/90
[INFO] [1787254947.154948064] [dclp_go2_policy_ros2]: ⏱ v=0.893 w=-0.566 dist=3.98 | total=6.3ms (tf=0.1 feat=0.3 infer=2.6 conv=2.3) | e2e_scan→cmd=50.2ms | cov=90/90
[INFO] [1787254947.554861806] [dclp_go2_policy_ros2]: ⏱ v=0.894 w=-0.567 dist=3.98 | total=6.2ms (tf=0.1 feat=0.3 infer=2.6 conv=2.3) | e2e_scan→cmd=50.1ms | cov=90/90
[INFO] [1787254947.954609304] [dclp_go2_policy_ros2]: ⏱ v=0.894 w=-0.568 dist=3.98 | total=6.1ms (tf=0.1 feat=0.3 infer=2.6 conv=2.2) | e2e_scan→cmd=49.9ms | cov=90/90
[INFO] [1787254948.355261978] [dclp_go2_policy_ros2]: ⏱ v=0.894 w=-0.578 dist=3.98 | total=6.6ms (tf=0.2 feat=0.4 infer=2.4 conv=2.6) | e2e_scan→cmd=50.3ms | cov=90/90
[INFO] [1787254948.754979556] [dclp_go2_policy_ros2]: ⏱ v=0.893 w=-0.590 dist=3.97 | total=6.6ms (tf=0.1 feat=0.3 infer=2.4 conv=2.4) | e2e_scan→cmd=50.3ms | cov=90/90
[INFO] [1787254949.155104824] [dclp_go2_policy_ros2]: ⏱ v=0.893 w=-0.576 dist=3.97 | total=6.4ms (tf=0.2 feat=0.4 infer=2.4 conv=2.4) | e2e_scan→cmd=50.4ms | cov=90/90
[INFO] [1787254949.554429593] [dclp_go2_policy_ros2]: ⏱ v=0.893 w=-0.563 dist=3.97 | total=6.0ms (tf=0.1 feat=0.3 infer=2.3 conv=2.3) | e2e_scan→cmd=49.6ms | cov=90/90
[INFO] [1787254949.954856886] [dclp_go2_policy_ros2]: ⏱ v=0.893 w=-0.576 dist=3.97 | total=6.3ms (tf=0.2 feat=0.4 infer=2.4 conv=2.3) | e2e_scan→cmd=50.2ms | cov=90/90
[INFO] [1787254950.354348571] [dclp_go2_policy_ros2]: ⏱ v=0.893 w=-0.567 dist=3.97 | total=5.9ms (tf=0.1 feat=0.3 infer=2.3 conv=2.3) | e2e_scan→cmd=49.5ms | cov=90/90
[INFO] [1787254950.754618612] [dclp_go2_policy_ros2]: ⏱ v=0.894 w=-0.577 dist=3.97 | total=6.1ms (tf=0.2 feat=0.4 infer=2.4 conv=2.3) | e2e_scan→cmd=49.7ms | cov=90/90
[INFO] [1787254951.154627047] [dclp_go2_policy_ros2]: ⏱ v=0.894 w=-0.573 dist=3.97 | total=6.3ms (tf=0.2 feat=0.4 infer=2.5 conv=2.3) | e2e_scan→cmd=49.9ms | cov=90/90
[INFO] [1787254951.554871488] [dclp_go2_policy_ros2]: ⏱ v=0.894 w=-0.573 dist=3.97 | total=6.1ms (tf=0.1 feat=0.4 infer=2.3 conv=2.3) | e2e_scan→cmd=50.1ms | cov=90/90
[INFO] [1787254951.954077471] [dclp_go2_policy_ros2]: ⏱ v=0.894 w=-0.573 dist=3.97 | total=5.9ms (tf=0.1 feat=0.3 infer=2.3 conv=2.2) | e2e_scan→cmd=49.3ms | cov=90/90
[INFO] [1787254952.354334617] [dclp_go2_policy_ros2]: ⏱ v=0.894 w=-0.566 dist=3.97 | total=6.1ms (tf=0.1 feat=0.3 infer=2.3 conv=2.4) | e2e_scan→cmd=49.6ms | cov=90/90
[INFO] [1787254952.754352237] [dclp_go2_policy_ros2]: ⏱ v=0.893 w=-0.578 dist=3.97 | total=6.1ms (tf=0.1 feat=0.3 infer=2.4 conv=2.4) | e2e_scan→cmd=49.5ms | cov=90/90
[INFO] [1787254953.154672649] [dclp_go2_policy_ros2]: ⏱ v=0.894 w=-0.579 dist=3.97 | total=6.2ms (tf=0.1 feat=0.3 infer=2.4 conv=2.4) | e2e_scan→cmd=49.9ms | cov=90/90
[INFO] [1787254953.554164913] [dclp_go2_policy_ros2]: ⏱ v=0.893 w=-0.560 dist=3.97 | total=5.7ms (tf=0.1 feat=0.3 infer=2.3 conv=2.1) | e2e_scan→cmd=29.4ms | cov=90/90
[INFO] [1787254953.954601520] [dclp_go2_policy_ros2]: ⏱ v=0.893 w=-0.580 dist=3.97 | total=6.2ms (tf=0.1 feat=0.3 infer=2.3 conv=2.2) | e2e_scan→cmd=49.9ms | cov=90/90
[INFO] [1787254954.354345918] [dclp_go2_policy_ros2]: ⏱ v=0.893 w=-0.572 dist=3.97 | total=5.9ms (tf=0.1 feat=0.3 infer=2.4 conv=2.3) | e2e_scan→cmd=49.6ms | cov=90/90
[INFO] [1787254954.754175183] [dclp_go2_policy_ros2]: ⏱ v=0.893 w=-0.579 dist=3.97 | total=6.0ms (tf=0.1 feat=0.3 infer=2.3 conv=2.4) | e2e_scan→cmd=49.4ms | cov=90/90
[INFO] [1787254955.154106498] [dclp_go2_policy_ros2]: ⏱ v=0.894 w=-0.571 dist=3.97 | total=5.9ms (tf=0.1 feat=0.3 infer=2.3 conv=2.3) | e2e_scan→cmd=49.3ms | cov=90/90
[INFO] [1787254955.554355006] [dclp_go2_policy_ros2]: ⏱ v=0.894 w=-0.575 dist=3.97 | total=6.0ms (tf=0.1 feat=0.3 infer=2.3 conv=2.4) | e2e_scan→cmd=49.6ms | cov=90/90
[INFO] [1787254955.954428630] [dclp_go2_policy_ros2]: ⏱ v=0.894 w=-0.570 dist=3.97 | total=6.2ms (tf=0.2 feat=0.4 infer=2.3 conv=2.4) | e2e_scan→cmd=49.6ms | cov=90/90
[INFO] [1787254956.354126852] [dclp_go2_policy_ros2]: ⏱ v=0.894 w=-0.575 dist=3.97 | total=5.8ms (tf=0.1 feat=0.3 infer=2.3 conv=2.2) | e2e_scan→cmd=49.4ms | cov=90/90
[INFO] [1787254956.755072818] [dclp_go2_policy_ros2]: ⏱ v=0.893 w=-0.584 dist=3.98 | total=6.6ms (tf=0.1 feat=0.4 infer=2.5 conv=2.5) | e2e_scan→cmd=50.1ms | cov=90/90
[INFO] [1787254957.154326069] [dclp_go2_policy_ros2]: ⏱ v=0.894 w=-0.571 dist=3.98 | total=6.0ms (tf=0.1 feat=0.3 infer=2.4 conv=2.3) | e2e_scan→cmd=49.6ms | cov=90/90
[INFO] [1787254957.554120295] [dclp_go2_policy_ros2]: ⏱ v=0.893 w=-0.569 dist=3.97 | total=5.8ms (tf=0.1 feat=0.3 infer=2.3 conv=2.2) | e2e_scan→cmd=49.3ms | cov=90/90
[INFO] [1787254957.954648139] [dclp_go2_policy_ros2]: ⏱ v=0.894 w=-0.568 dist=3.97 | total=6.3ms (tf=0.1 feat=0.4 infer=2.4 conv=2.5) | e2e_scan→cmd=49.9ms | cov=90/90
[INFO] [1787254958.354814983] [dclp_go2_policy_ros2]: ⏱ v=0.893 w=-0.581 dist=3.97 | total=6.4ms (tf=0.2 feat=0.4 infer=2.4 conv=2.5) | e2e_scan→cmd=50.1ms | cov=90/90
[INFO] [1787254958.754401460] [dclp_go2_policy_ros2]: ⏱ v=0.893 w=-0.584 dist=3.97 | total=6.1ms (tf=0.2 feat=0.4 infer=2.3 conv=2.3) | e2e_scan→cmd=49.6ms | cov=90/90
[INFO] [1787254959.155035835] [dclp_go2_policy_ros2]: ⏱ v=0.894 w=-0.578 dist=3.97 | total=6.7ms (tf=0.2 feat=0.4 infer=2.4 conv=2.4) | e2e_scan→cmd=50.1ms | cov=90/90
[INFO] [1787254959.554185022] [dclp_go2_policy_ros2]: ⏱ v=0.893 w=-0.577 dist=3.97 | total=5.9ms (tf=0.1 feat=0.3 infer=2.3 conv=2.3) | e2e_scan→cmd=49.3ms | cov=90/90
[INFO] [1787254959.954651266] [dclp_go2_policy_ros2]: ⏱ v=0.894 w=-0.577 dist=3.97 | total=6.3ms (tf=0.2 feat=0.4 infer=2.3 conv=2.5) | e2e_scan→cmd=49.7ms | cov=90/90
[INFO] [1787254960.354971842] [dclp_go2_policy_ros2]: ⏱ v=0.893 w=-0.573 dist=3.97 | total=6.6ms (tf=0.2 feat=0.4 infer=2.6 conv=2.4) | e2e_scan→cmd=50.1ms | cov=90/90
[INFO] [1787254960.754914617] [dclp_go2_policy_ros2]: ⏱ v=0.893 w=-0.569 dist=3.97 | total=6.5ms (tf=0.2 feat=0.4 infer=2.4 conv=2.5) | e2e_scan→cmd=50.1ms | cov=90/90
[INFO] [1787254961.154046300] [dclp_go2_policy_ros2]: ⏱ v=0.893 w=-0.571 dist=3.97 | total=5.7ms (tf=0.1 feat=0.3 infer=2.3 conv=2.2) | e2e_scan→cmd=49.3ms | cov=90/90
[INFO] [1787254961.554387102] [dclp_go2_policy_ros2]: ⏱ v=0.894 w=-0.570 dist=3.97 | total=6.1ms (tf=0.1 feat=0.3 infer=2.3 conv=2.3) | e2e_scan→cmd=49.7ms | cov=90/90
[INFO] [1787254961.954246516] [dclp_go2_policy_ros2]: ⏱ v=0.893 w=-0.576 dist=3.97 | total=5.9ms (tf=0.1 feat=0.3 infer=2.3 conv=2.3) | e2e_scan→cmd=49.5ms | cov=90/90
[INFO] [1787254962.354394641] [dclp_go2_policy_ros2]: ⏱ v=0.894 w=-0.577 dist=3.97 | total=6.1ms (tf=0.2 feat=0.3 infer=2.4 conv=2.3) | e2e_scan→cmd=49.7ms | cov=90/90
[INFO] [1787254962.754770805] [dclp_go2_policy_ros2]: ⏱ v=0.893 w=-0.584 dist=3.97 | total=6.4ms (tf=0.2 feat=0.4 infer=2.4 conv=2.5) | e2e_scan→cmd=49.9ms | cov=90/90
[INFO] [1787254963.154111038] [dclp_go2_policy_ros2]: ⏱ v=0.893 w=-0.582 dist=3.97 | total=5.8ms (tf=0.1 feat=0.3 infer=2.3 conv=2.2) | e2e_scan→cmd=49.4ms | cov=90/90
[INFO] [1787254963.554117273] [dclp_go2_policy_ros2]: ⏱ v=0.893 w=-0.566 dist=3.97 | total=5.9ms (tf=0.1 feat=0.3 infer=2.3 conv=2.3) | e2e_scan→cmd=49.3ms | cov=90/90
[INFO] [1787254963.954626432] [dclp_go2_policy_ros2]: ⏱ v=0.893 w=-0.562 dist=3.97 | total=6.3ms (tf=0.1 feat=0.3 infer=2.4 conv=2.4) | e2e_scan→cmd=49.8ms | cov=90/90
[INFO] [1787254964.354486360] [dclp_go2_policy_ros2]: ⏱ v=0.893 w=-0.569 dist=3.97 | total=6.2ms (tf=0.1 feat=0.3 infer=2.3 conv=2.2) | e2e_scan→cmd=49.8ms | cov=90/90
[INFO] [1787254964.754097257] [dclp_go2_policy_ros2]: ⏱ v=0.894 w=-0.581 dist=3.97 | total=5.8ms (tf=0.1 feat=0.3 infer=2.3 conv=2.2) | e2e_scan→cmd=49.2ms | cov=90/90
[INFO] [1787254965.154725812] [dclp_go2_policy_ros2]: ⏱ v=0.893 w=-0.578 dist=3.97 | total=5.8ms (tf=0.1 feat=0.3 infer=2.3 conv=2.2) | e2e_scan→cmd=29.9ms | cov=90/90
[INFO] [1787254965.556428859] [dclp_go2_policy_ros2]: ⏱ v=0.893 w=-0.574 dist=3.97 | total=6.7ms (tf=0.1 feat=0.4 infer=2.6 conv=2.6) | e2e_scan→cmd=51.6ms | cov=90/90
[INFO] [1787254965.954091196] [dclp_go2_policy_ros2]: ⏱ v=0.893 w=-0.578 dist=3.97 | total=5.9ms (tf=0.1 feat=0.3 infer=2.3 conv=2.2) | e2e_scan→cmd=49.4ms | cov=90/90
[INFO] [1787254966.354665958] [dclp_go2_policy_ros2]: ⏱ v=0.893 w=-0.569 dist=3.98 | total=5.8ms (tf=0.1 feat=0.3 infer=2.3 conv=2.2) | e2e_scan→cmd=50.0ms | cov=90/90
[INFO] [1787254966.754840903] [dclp_go2_policy_ros2]: ⏱ v=0.893 w=-0.583 dist=3.98 | total=5.9ms (tf=0.1 feat=0.3 infer=2.3 conv=2.2) | e2e_scan→cmd=50.0ms | cov=90/90
[INFO] [1787254967.155145483] [dclp_go2_policy_ros2]: ⏱ v=0.893 w=-0.566 dist=3.98 | total=6.0ms (tf=0.1 feat=0.3 infer=2.3 conv=2.4) | e2e_scan→cmd=50.4ms | cov=90/90
[INFO] [1787254967.554785247] [dclp_go2_policy_ros2]: ⏱ v=0.893 w=-0.577 dist=3.98 | total=6.0ms (tf=0.1 feat=0.3 infer=2.3 conv=2.3) | e2e_scan→cmd=50.1ms | cov=90/90
[INFO] [1787254967.955220551] [dclp_go2_policy_ros2]: ⏱ v=0.893 w=-0.563 dist=3.97 | total=6.4ms (tf=0.2 feat=0.4 infer=2.4 conv=2.5) | e2e_scan→cmd=50.5ms | cov=90/90
[INFO] [1787254968.354876604] [dclp_go2_policy_ros2]: ⏱ v=0.893 w=-0.584 dist=3.97 | total=6.1ms (tf=0.2 feat=0.4 infer=2.4 conv=2.3) | e2e_scan→cmd=50.1ms | cov=90/90
[INFO] [1787254968.754671508] [dclp_go2_policy_ros2]: ⏱ v=0.893 w=-0.574 dist=3.97 | total=5.9ms (tf=0.1 feat=0.3 infer=2.3 conv=2.2) | e2e_scan→cmd=49.9ms | cov=90/90
[INFO] [1787254969.154796853] [dclp_go2_policy_ros2]: ⏱ v=0.893 w=-0.583 dist=3.97 | total=6.1ms (tf=0.1 feat=0.3 infer=2.3 conv=2.4) | e2e_scan→cmd=50.0ms | cov=90/90
[INFO] [1787254969.555600136] [dclp_go2_policy_ros2]: ⏱ v=0.893 w=-0.573 dist=3.98 | total=6.7ms (tf=0.2 feat=0.3 infer=2.4 conv=2.4) | e2e_scan→cmd=50.8ms | cov=90/90
[INFO] [1787254969.954586316] [dclp_go2_policy_ros2]: ⏱ v=0.894 w=-0.569 dist=3.98 | total=5.9ms (tf=0.1 feat=0.3 infer=2.3 conv=2.2) | e2e_scan→cmd=49.9ms | cov=90/90
[INFO] [1787254970.355183994] [dclp_go2_policy_ros2]: ⏱ v=0.894 w=-0.573 dist=3.98 | total=6.4ms (tf=0.2 feat=0.4 infer=2.4 conv=2.5) | e2e_scan→cmd=50.3ms | cov=90/90
[INFO] [1787254970.754792111] [dclp_go2_policy_ros2]: ⏱ v=0.893 w=-0.588 dist=3.98 | total=6.0ms (tf=0.1 feat=0.4 infer=2.3 conv=2.2) | e2e_scan→cmd=49.9ms | cov=90/90
[INFO] [1787254971.154230816] [dclp_go2_policy_ros2]: ⏱ v=0.894 w=-0.573 dist=3.98 | total=5.8ms (tf=0.1 feat=0.3 infer=2.3 conv=2.2) | e2e_scan→cmd=49.5ms | cov=90/90
[INFO] [1787254971.554229759] [dclp_go2_policy_ros2]: ⏱ v=0.894 w=-0.570 dist=3.97 | total=5.9ms (tf=0.1 feat=0.3 infer=2.3 conv=2.3) | e2e_scan→cmd=49.5ms | cov=90/90
[INFO] [1787254971.955019218] [dclp_go2_policy_ros2]: ⏱ v=0.893 w=-0.575 dist=3.97 | total=6.2ms (tf=0.2 feat=0.4 infer=2.4 conv=2.4) | e2e_scan→cmd=50.2ms | cov=90/90
[INFO] [1787254972.354912431] [dclp_go2_policy_ros2]: ⏱ v=0.893 w=-0.587 dist=3.97 | total=6.4ms (tf=0.2 feat=0.4 infer=2.4 conv=2.5) | e2e_scan→cmd=50.2ms | cov=90/90
[INFO] [1787254972.753949271] [dclp_go2_policy_ros2]: ⏱ v=0.893 w=-0.571 dist=3.97 | total=5.8ms (tf=0.1 feat=0.3 infer=2.3 conv=2.2) | e2e_scan→cmd=49.2ms | cov=90/90
[INFO] [1787254973.154394786] [dclp_go2_policy_ros2]: ⏱ v=0.893 w=-0.569 dist=3.97 | total=5.7ms (tf=0.1 feat=0.3 infer=2.3 conv=2.2) | e2e_scan→cmd=49.8ms | cov=90/90
[INFO] [1787254973.554265216] [dclp_go2_policy_ros2]: ⏱ v=0.894 w=-0.568 dist=3.97 | total=5.9ms (tf=0.1 feat=0.3 infer=2.3 conv=2.3) | e2e_scan→cmd=49.4ms | cov=90/90
[INFO] [1787254973.954101116] [dclp_go2_policy_ros2]: ⏱ v=0.894 w=-0.575 dist=3.97 | total=5.8ms (tf=0.1 feat=0.3 infer=2.3 conv=2.2) | e2e_scan→cmd=49.4ms | cov=90/90
[INFO] [1787254974.355213433] [dclp_go2_policy_ros2]: ⏱ v=0.894 w=-0.581 dist=3.97 | total=6.8ms (tf=0.2 feat=0.3 infer=2.6 conv=2.6) | e2e_scan→cmd=50.4ms | cov=90/90
[INFO] [1787254974.754855730] [dclp_go2_policy_ros2]: ⏱ v=0.894 w=-0.574 dist=3.97 | total=6.4ms (tf=0.1 feat=0.3 infer=2.3 conv=2.3) | e2e_scan→cmd=50.2ms | cov=90/90
[INFO] [1787254975.154415240] [dclp_go2_policy_ros2]: ⏱ v=0.894 w=-0.578 dist=3.98 | total=5.8ms (tf=0.1 feat=0.3 infer=2.3 conv=2.1) | e2e_scan→cmd=49.6ms | cov=90/90
[INFO] [1787254975.554790003] [dclp_go2_policy_ros2]: ⏱ v=0.893 w=-0.572 dist=3.97 | total=6.0ms (tf=0.1 feat=0.3 infer=2.3 conv=2.4) | e2e_scan→cmd=50.0ms | cov=90/90
[INFO] [1787254975.954848054] [dclp_go2_policy_ros2]: ⏱ v=0.894 w=-0.567 dist=3.97 | total=6.1ms (tf=0.1 feat=0.3 infer=2.4 conv=2.4) | e2e_scan→cmd=50.2ms | cov=90/90
[INFO] [1787254976.355785488] [dclp_go2_policy_ros2]: ⏱ v=0.894 w=-0.571 dist=3.97 | total=6.9ms (tf=0.2 feat=0.4 infer=2.9 conv=2.5) | e2e_scan→cmd=51.1ms | cov=90/90
[INFO] [1787254976.754213931] [dclp_go2_policy_ros2]: ⏱ v=0.894 w=-0.577 dist=3.97 | total=5.8ms (tf=0.1 feat=0.3 infer=2.3 conv=2.2) | e2e_scan→cmd=49.5ms | cov=90/90
[INFO] [1787254977.154137516] [dclp_go2_policy_ros2]: ⏱ v=0.893 w=-0.569 dist=3.97 | total=5.7ms (tf=0.1 feat=0.3 infer=2.3 conv=2.1) | e2e_scan→cmd=49.4ms | cov=90/90
[INFO] [1787254977.554767327] [dclp_go2_policy_ros2]: ⏱ v=0.894 w=-0.565 dist=3.97 | total=6.3ms (tf=0.2 feat=0.4 infer=2.4 conv=2.4) | e2e_scan→cmd=50.0ms | cov=90/90
[INFO] [1787254977.954480570] [dclp_go2_policy_ros2]: ⏱ v=0.894 w=-0.571 dist=3.97 | total=5.8ms (tf=0.2 feat=0.3 infer=2.3 conv=2.2) | e2e_scan→cmd=49.9ms | cov=90/90
[INFO] [1787254978.355193648] [dclp_go2_policy_ros2]: ⏱ v=0.894 w=-0.579 dist=3.97 | total=6.6ms (tf=0.2 feat=0.4 infer=2.5 conv=2.5) | e2e_scan→cmd=50.4ms | cov=90/90
[INFO] [1787254978.754827050] [dclp_go2_policy_ros2]: ⏱ v=0.894 w=-0.578 dist=3.97 | total=6.1ms (tf=0.2 feat=0.4 infer=2.3 conv=2.3) | e2e_scan→cmd=50.2ms | cov=90/90
[INFO] [1787254979.155753605] [dclp_go2_policy_ros2]: ⏱ v=0.894 w=-0.557 dist=3.97 | total=6.6ms (tf=0.2 feat=0.3 infer=2.4 conv=2.7) | e2e_scan→cmd=51.0ms | cov=90/90
[INFO] [1787254979.556397978] [dclp_go2_policy_ros2]: ⏱ v=0.893 w=-0.568 dist=3.97 | total=7.2ms (tf=0.2 feat=0.4 infer=2.7 conv=2.9) | e2e_scan→cmd=51.6ms | cov=90/90
[INFO] [1787254979.957074511] [dclp_go2_policy_ros2]: ⏱ v=0.894 w=-0.573 dist=3.97 | total=7.8ms (tf=0.4 feat=0.5 infer=2.6 conv=2.8) | e2e_scan→cmd=52.3ms | cov=90/90
[INFO] [1787254980.354584053] [dclp_go2_policy_ros2]: ⏱ v=0.894 w=-0.568 dist=3.97 | total=5.9ms (tf=0.1 feat=0.3 infer=2.3 conv=2.2) | e2e_scan→cmd=29.9ms | cov=90/90
[INFO] [1787254980.757724297] [dclp_go2_policy_ros2]: ⏱ v=0.894 w=-0.582 dist=3.97 | total=6.9ms (tf=0.2 feat=0.4 infer=2.6 conv=2.6) | e2e_scan→cmd=53.0ms | cov=90/90
[INFO] [1787254981.154071090] [dclp_go2_policy_ros2]: ⏱ v=0.894 w=-0.568 dist=3.97 | total=5.9ms (tf=0.1 feat=0.3 infer=2.3 conv=2.3) | e2e_scan→cmd=49.5ms | cov=90/90
[INFO] [1787254981.554461665] [dclp_go2_policy_ros2]: ⏱ v=0.894 w=-0.583 dist=3.97 | total=6.2ms (tf=0.1 feat=0.4 infer=2.4 conv=2.4) | e2e_scan→cmd=49.8ms | cov=90/90
[INFO] [1787254981.954539016] [dclp_go2_policy_ros2]: ⏱ v=0.894 w=-0.567 dist=3.97 | total=6.0ms (tf=0.1 feat=0.3 infer=2.3 conv=2.4) | e2e_scan→cmd=50.0ms | cov=90/90
[INFO] [1787254982.354188165] [dclp_go2_policy_ros2]: ⏱ v=0.894 w=-0.573 dist=3.97 | total=5.9ms (tf=0.1 feat=0.3 infer=2.4 conv=2.3) | e2e_scan→cmd=49.4ms | cov=90/90
[INFO] [1787254982.754673784] [dclp_go2_policy_ros2]: ⏱ v=0.893 w=-0.581 dist=3.97 | total=6.0ms (tf=0.1 feat=0.3 infer=2.3 conv=2.3) | e2e_scan→cmd=30.1ms | cov=90/90
[INFO] [1787254983.154265907] [dclp_go2_policy_ros2]: ⏱ v=0.894 w=-0.570 dist=3.97 | total=6.0ms (tf=0.1 feat=0.3 infer=2.3 conv=2.3) | e2e_scan→cmd=49.6ms | cov=90/90
[INFO] [1787254983.555229682] [dclp_go2_policy_ros2]: ⏱ v=0.894 w=-0.572 dist=3.97 | total=6.9ms (tf=0.2 feat=0.3 infer=2.5 conv=2.7) | e2e_scan→cmd=50.4ms | cov=90/90
[INFO] [1787254983.954199583] [dclp_go2_policy_ros2]: ⏱ v=0.894 w=-0.569 dist=3.97 | total=6.0ms (tf=0.1 feat=0.3 infer=2.3 conv=2.4) | e2e_scan→cmd=49.5ms | cov=90/90
[INFO] [1787254984.354171461] [dclp_go2_policy_ros2]: ⏱ v=0.894 w=-0.560 dist=3.97 | total=5.9ms (tf=0.1 feat=0.3 infer=2.3 conv=2.3) | e2e_scan→cmd=49.4ms | cov=90/90
[INFO] [1787254984.754072426] [dclp_go2_policy_ros2]: ⏱ v=0.894 w=-0.568 dist=3.97 | total=5.8ms (tf=0.1 feat=0.3 infer=2.3 conv=2.2) | e2e_scan→cmd=49.5ms | cov=90/90
[INFO] [1787254985.154663296] [dclp_go2_policy_ros2]: ⏱ v=0.894 w=-0.573 dist=3.97 | total=6.5ms (tf=0.1 feat=0.3 infer=2.3 conv=2.3) | e2e_scan→cmd=50.0ms | cov=90/90
[INFO] [1787254985.554351648] [dclp_go2_policy_ros2]: ⏱ v=0.894 w=-0.573 dist=3.97 | total=6.0ms (tf=0.1 feat=0.3 infer=2.3 conv=2.4) | e2e_scan→cmd=49.6ms | cov=90/90
[INFO] [1787254985.954638031] [dclp_go2_policy_ros2]: ⏱ v=0.893 w=-0.575 dist=3.97 | total=6.1ms (tf=0.1 feat=0.3 infer=2.4 conv=2.4) | e2e_scan→cmd=30.1ms | cov=90/90
[INFO] [1787254986.354550293] [dclp_go2_policy_ros2]: ⏱ v=0.894 w=-0.571 dist=3.97 | total=5.9ms (tf=0.1 feat=0.3 infer=2.3 conv=2.3) | e2e_scan→cmd=29.9ms | cov=90/90
[INFO] [1787254986.754530429] [dclp_go2_policy_ros2]: ⏱ v=0.893 w=-0.573 dist=3.97 | total=5.8ms (tf=0.1 feat=0.3 infer=2.3 conv=2.3) | e2e_scan→cmd=29.8ms | cov=90/90
[INFO] [1787254987.157033957] [dclp_go2_policy_ros2]: ⏱ v=0.894 w=-0.579 dist=3.98 | total=6.5ms (tf=0.2 feat=0.4 infer=2.4 conv=2.6) | e2e_scan→cmd=52.3ms | cov=90/90
[INFO] [1787254987.554860919] [dclp_go2_policy_ros2]: ⏱ v=0.894 w=-0.576 dist=3.98 | total=6.4ms (tf=0.1 feat=0.4 infer=2.4 conv=2.5) | e2e_scan→cmd=50.1ms | cov=90/90
[INFO] [1787254987.954455861] [dclp_go2_policy_ros2]: ⏱ v=0.894 w=-0.572 dist=3.97 | total=6.1ms (tf=0.1 feat=0.3 infer=2.3 conv=2.4) | e2e_scan→cmd=49.8ms | cov=90/90
[INFO] [1787254988.354153463] [dclp_go2_policy_ros2]: ⏱ v=0.893 w=-0.569 dist=3.97 | total=5.9ms (tf=0.2 feat=0.3 infer=2.3 conv=2.2) | e2e_scan→cmd=49.5ms | cov=90/90
[INFO] [1787254988.754357606] [dclp_go2_policy_ros2]: ⏱ v=0.893 w=-0.566 dist=3.97 | total=6.1ms (tf=0.2 feat=0.4 infer=2.3 conv=2.3) | e2e_scan→cmd=49.6ms | cov=90/90
[INFO] [1787254989.154804187] [dclp_go2_policy_ros2]: ⏱ v=0.893 w=-0.582 dist=3.97 | total=6.5ms (tf=0.2 feat=0.4 infer=2.4 conv=2.6) | e2e_scan→cmd=50.2ms | cov=90/90
[INFO] [1787254989.555553912] [dclp_go2_policy_ros2]: ⏱ v=0.894 w=-0.577 dist=3.97 | total=7.1ms (tf=0.2 feat=0.4 infer=2.5 conv=2.8) | e2e_scan→cmd=51.0ms | cov=90/90
[INFO] [1787254989.954436486] [dclp_go2_policy_ros2]: ⏱ v=0.893 w=-0.573 dist=3.97 | total=6.1ms (tf=0.1 feat=0.3 infer=2.3 conv=2.5) | e2e_scan→cmd=49.7ms | cov=90/90
[INFO] [1787254990.355005471] [dclp_go2_policy_ros2]: ⏱ v=0.893 w=-0.582 dist=3.97 | total=6.7ms (tf=0.2 feat=0.3 infer=2.3 conv=2.4) | e2e_scan→cmd=50.4ms | cov=90/90
[INFO] [1787254990.754530813] [dclp_go2_policy_ros2]: ⏱ v=0.893 w=-0.585 dist=3.97 | total=6.0ms (tf=0.1 feat=0.3 infer=2.3 conv=2.3) | e2e_scan→cmd=29.9ms | cov=90/90
[INFO] [1787254991.154923602] [dclp_go2_policy_ros2]: ⏱ v=0.893 w=-0.572 dist=3.97 | total=6.6ms (tf=0.3 feat=0.4 infer=2.3 conv=2.6) | e2e_scan→cmd=50.3ms | cov=90/90
[INFO] [1787254991.555308839] [dclp_go2_policy_ros2]: ⏱ v=0.894 w=-0.573 dist=3.97 | total=6.9ms (tf=0.2 feat=0.4 infer=2.4 conv=2.8) | e2e_scan→cmd=50.6ms | cov=90/90
[INFO] [1787254991.954772197] [dclp_go2_policy_ros2]: ⏱ v=0.894 w=-0.564 dist=3.97 | total=6.3ms (tf=0.2 feat=0.4 infer=2.4 conv=2.4) | e2e_scan→cmd=50.1ms | cov=90/90
[INFO] [1787254992.354066015] [dclp_go2_policy_ros2]: ⏱ v=0.894 w=-0.584 dist=3.97 | total=5.8ms (tf=0.1 feat=0.3 infer=2.3 conv=2.2) | e2e_scan→cmd=49.5ms | cov=90/90
[INFO] [1787254992.754162637] [dclp_go2_policy_ros2]: ⏱ v=0.893 w=-0.581 dist=3.97 | total=5.9ms (tf=0.1 feat=0.3 infer=2.3 conv=2.2) | e2e_scan→cmd=49.6ms | cov=90/90
[INFO] [1787254993.154591588] [dclp_go2_policy_ros2]: ⏱ v=0.894 w=-0.561 dist=3.97 | total=6.1ms (tf=0.2 feat=0.4 infer=2.3 conv=2.3) | e2e_scan→cmd=50.0ms | cov=90/90
[INFO] [1787254993.554182726] [dclp_go2_policy_ros2]: ⏱ v=0.894 w=-0.561 dist=3.97 | total=5.9ms (tf=0.1 feat=0.3 infer=2.3 conv=2.2) | e2e_scan→cmd=49.5ms | cov=90/90
[INFO] [1787254993.954991431] [dclp_go2_policy_ros2]: ⏱ v=0.894 w=-0.576 dist=3.97 | total=6.5ms (tf=0.2 feat=0.4 infer=2.4 conv=2.5) | e2e_scan→cmd=50.3ms | cov=90/90
