[INFO] [1784477948.491010752] [dclp_go2_policy_ros2]: trajectory log enabled: /home/unitree/qyw/dclp_20260710_reproduction/runs/20260720_001838_030670609_S2L_r1_c1_final_off_live/trajectory/trajectory.csv (rate=2.00 Hz)
[INFO] [1784477948.499411630] [dclp_go2_policy_ros2]: Go2 DCLP policy ready: backend={"action_dim": 2, "backend_type": "pth", "checkpoint_meta": {"T": 1010000, "episode": 16356, "test_time": 101}, "deterministic_rule": "highest_weight_component_tanh_mu", "device": "cpu", "model_path": "/home/unitree/qyw/dclp_20260710_reproduction/models/dclp/V1_41lambda1_101.pth", "obs_dim": 548, "policy_id": "V1_41lambda1_101.pth"} scan=/scan odom=/odom goal=/move_base_simple/goal rel_goal=/dclp_relative_goal global=odom zmq=tcp://*:5596 rate=20.0Hz scan_stamp_timeout=0.30s experiment=20260720_001838_030670609_S2L_r1_c1_final_off_live profile=c1_final_off compensation=off mapping=range limiter=last_cmd_dt config={"accel_limiter_mode":"last_cmd_dt","action_mapping_mode":"range","backend":{"action_dim":2,"backend_type":"pth","checkpoint_meta":{"T":1010000,"episode":16356,"test_time":101},"deterministic_rule":"highest_weight_component_tanh_mu","device":"cpu","model_path":"/home/unitree/qyw/dclp_20260710_reproduction/models/dclp/V1_41lambda1_101.pth","obs_dim":548,"policy_id":"V1_41lambda1_101.pth"},"cap_angular":1.5708,"cap_linear":1.5,"compensation_available":true,"compensation_mode":"off","compensation_source":"/home/unitree/qyw/dclp_20260710_reproduction/dclp_deploy/robots/unitree_go2/velocity_compensation.py","compensation_source_sha256":"53f5318dde1c9965c6c7177ae72e8200b85b26c8b9143ecb9dcc5d356a458000","control_period_sec":0.02,"control_rate_hz":20.0,"dclp_length1":0.504,"dclp_length2":0.504,"dclp_width":0.4464,"deploy_core_source":"/home/unitree/qyw/dclp_20260710_reproduction/dclp_deploy/dclp_deploy_core.py","deploy_core_source_sha256":"df6c78b263454c8bf8fb616de9dff7d268f6f48fe40127c299dd56455464e7de","experiment_id":"20260720_001838_030670609_S2L_r1_c1_final_off_live","experiment_profile":"c1_final_off","floor_angular":0.0,"floor_linear":0.0,"goal_topic":"/move_base_simple/goal","max_angular":0.83776,"max_angular_acc":3.0,"max_linear":0.9,"max_linear_acc":3.0,"min_angular":0.27928,"min_linear":0.29997,"model_path":"/home/unitree/qyw/dclp_20260710_reproduction/models/dclp/V1_41lambda1_101.pth","model_sha256":"dacaf9fc45da536ae6b45cdbedc949370b7828fac4cadcf40ebedabc4080c452","odom_topic":"/odom","pid":12270,"policy_source":"/home/unitree/qyw/dclp_20260710_reproduction/dclp_deploy/robots/unitree_go2/dclp_go2_policy_ros2.py","policy_source_sha256":"66d8558d2f68a7caef976ef59ba74070b99af27b8fe4af35b8b0dc6a68228997","relative_goal_topic":"/dclp_relative_goal","scan_topic":"/scan","schema_version":1,"speed_scale":1.0,"straighten_front_clear_angle":0.35,"straighten_front_clear_range":1.2,"straighten_front_goal_angle":0.0,"straighten_front_goal_w_limit":0.0,"trajectory_log_path":"/home/unitree/qyw/dclp_20260710_reproduction/runs/20260720_001838_030670609_S2L_r1_c1_final_off_live/trajectory/trajectory.csv","written_at":"2026-07-20T00:19:08"}
[INFO] [1784477948.502990554] [dclp_go2_policy_ros2]: received first scan: frame=base_link beams=1081
[INFO] [1784477948.504744603] [dclp_go2_policy_ros2]: received first odom: frame=odom child=base_link
[WARN] [1784477948.550628313] [dclp_go2_policy_ros2]: DCLP stop: waiting goal
[WARN] [1784477950.599816802] [dclp_go2_policy_ros2]: DCLP stop: waiting goal
[WARN] [1784477952.599878069] [dclp_go2_policy_ros2]: DCLP stop: waiting goal
[WARN] [1784477954.599893801] [dclp_go2_policy_ros2]: DCLP stop: waiting goal
[WARN] [1784477956.600111045] [dclp_go2_policy_ros2]: DCLP stop: waiting goal
[WARN] [1784477958.650069857] [dclp_go2_policy_ros2]: DCLP stop: waiting goal
[WARN] [1784477960.699870192] [dclp_go2_policy_ros2]: DCLP stop: waiting goal
[WARN] [1784477962.699904676] [dclp_go2_policy_ros2]: DCLP stop: waiting goal
[INFO] [1784477964.329018744] [dclp_go2_policy_ros2]: received relative goal: right=0.000 forward=4.000 -> global=(4.016, -0.114) frame=odom
[INFO] [1784477964.358357842] [dclp_go2_policy_ros2]: ⏱ v=0.061 w=-0.061 dist=4.00 | total=9.0ms (tf=0.2 feat=0.4 infer=2.6 conv=4.3) | e2e_scan→cmd=45.2ms | cov=90/90
[INFO] [1784477964.856464831] [dclp_go2_policy_ros2]: ⏱ v=0.896 w=-0.765 dist=3.92 | total=7.0ms (tf=0.1 feat=0.4 infer=2.5 conv=2.4) | e2e_scan→cmd=43.2ms | cov=90/90
[INFO] [1784477965.357666265] [dclp_go2_policy_ros2]: ⏱ v=0.762 w=0.133 dist=3.64 | total=7.9ms (tf=0.2 feat=0.4 infer=2.7 conv=2.8) | e2e_scan→cmd=44.0ms | cov=90/90
[INFO] [1784477965.855804800] [dclp_go2_policy_ros2]: ⏱ v=-0.150 w=0.610 dist=3.36 | total=6.3ms (tf=0.1 feat=0.4 infer=2.5 conv=2.3) | e2e_scan→cmd=42.6ms | cov=90/90
[INFO] [1784477966.356123159] [dclp_go2_policy_ros2]: ⏱ v=-0.853 w=0.751 dist=3.44 | total=6.7ms (tf=0.1 feat=0.4 infer=2.6 conv=2.4) | e2e_scan→cmd=42.9ms | cov=90/90
[INFO] [1784477966.856191196] [dclp_go2_policy_ros2]: ⏱ v=-0.069 w=0.449 dist=3.72 | total=6.7ms (tf=0.1 feat=0.4 infer=2.7 conv=2.4) | e2e_scan→cmd=42.9ms | cov=90/90
[INFO] [1784477967.361373502] [dclp_go2_policy_ros2]: ⏱ v=0.765 w=-0.051 dist=3.72 | total=11.1ms (tf=0.4 feat=0.6 infer=4.4 conv=3.9) | e2e_scan→cmd=46.3ms | cov=90/90
[INFO] [1784477967.855976982] [dclp_go2_policy_ros2]: ⏱ v=0.102 w=0.525 dist=3.49 | total=6.5ms (tf=0.1 feat=0.4 infer=2.5 conv=2.5) | e2e_scan→cmd=42.1ms | cov=90/90
[INFO] [1784477968.361540739] [dclp_go2_policy_ros2]: ⏱ v=-0.200 w=-0.377 dist=3.47 | total=11.2ms (tf=0.2 feat=0.3 infer=4.8 conv=3.9) | e2e_scan→cmd=47.8ms | cov=90/90
[INFO] [1784477968.855735457] [dclp_go2_policy_ros2]: ⏱ v=0.401 w=-0.377 dist=3.59 | total=6.3ms (tf=0.1 feat=0.3 infer=2.4 conv=2.4) | e2e_scan→cmd=42.2ms | cov=90/90
[INFO] [1784477969.356328138] [dclp_go2_policy_ros2]: ⏱ v=0.893 w=-0.678 dist=3.49 | total=6.6ms (tf=0.1 feat=0.4 infer=2.6 conv=2.4) | e2e_scan→cmd=42.6ms | cov=90/90
[INFO] [1784477969.864038755] [dclp_go2_policy_ros2]: ⏱ v=0.461 w=-0.153 dist=3.26 | total=12.8ms (tf=0.1 feat=0.4 infer=4.1 conv=5.6) | e2e_scan→cmd=48.8ms | cov=90/90
[INFO] [1784477970.355949817] [dclp_go2_policy_ros2]: ⏱ v=-0.139 w=0.669 dist=3.07 | total=6.5ms (tf=0.1 feat=0.4 infer=2.5 conv=2.4) | e2e_scan→cmd=42.4ms | cov=90/90
[INFO] [1784477970.855798607] [dclp_go2_policy_ros2]: ⏱ v=-0.134 w=0.417 dist=3.11 | total=6.1ms (tf=0.1 feat=0.3 infer=2.5 conv=2.3) | e2e_scan→cmd=42.1ms | cov=90/90
[INFO] [1784477971.355752414] [dclp_go2_policy_ros2]: ⏱ v=0.765 w=0.547 dist=3.10 | total=6.3ms (tf=0.1 feat=0.4 infer=2.5 conv=2.3) | e2e_scan→cmd=41.9ms | cov=90/90
[INFO] [1784477971.855963301] [dclp_go2_policy_ros2]: ⏱ v=0.514 w=0.289 dist=2.99 | total=6.5ms (tf=0.1 feat=0.4 infer=2.5 conv=2.4) | e2e_scan→cmd=42.2ms | cov=90/90
[INFO] [1784477972.355965180] [dclp_go2_policy_ros2]: ⏱ v=0.899 w=-0.169 dist=2.88 | total=6.6ms (tf=0.1 feat=0.4 infer=2.6 conv=2.5) | e2e_scan→cmd=42.1ms | cov=90/90
[INFO] [1784477972.856279251] [dclp_go2_policy_ros2]: ⏱ v=0.899 w=0.311 dist=2.74 | total=6.7ms (tf=0.1 feat=0.5 infer=2.7 conv=2.4) | e2e_scan→cmd=42.3ms | cov=90/90
[INFO] [1784477973.356465830] [dclp_go2_policy_ros2]: ⏱ v=0.900 w=-0.818 dist=2.61 | total=7.0ms (tf=0.1 feat=0.4 infer=2.6 conv=2.7) | e2e_scan→cmd=42.6ms | cov=90/90
[INFO] [1784477973.855786206] [dclp_go2_policy_ros2]: ⏱ v=0.900 w=-0.814 dist=2.49 | total=6.3ms (tf=0.1 feat=0.3 infer=2.5 conv=2.4) | e2e_scan→cmd=41.9ms | cov=90/90
[INFO] [1784477974.356002684] [dclp_go2_policy_ros2]: ⏱ v=0.900 w=-0.818 dist=2.27 | total=6.5ms (tf=0.1 feat=0.4 infer=2.5 conv=2.4) | e2e_scan→cmd=42.1ms | cov=90/90
[INFO] [1784477974.855642404] [dclp_go2_policy_ros2]: ⏱ v=0.900 w=-0.766 dist=2.02 | total=6.2ms (tf=0.1 feat=0.3 infer=2.5 conv=2.3) | e2e_scan→cmd=41.7ms | cov=90/90
[INFO] [1784477975.356398577] [dclp_go2_policy_ros2]: ⏱ v=0.900 w=-0.610 dist=1.69 | total=6.9ms (tf=0.1 feat=0.4 infer=2.5 conv=2.4) | e2e_scan→cmd=42.3ms | cov=90/90
[INFO] [1784477975.855689876] [dclp_go2_policy_ros2]: ⏱ v=0.899 w=-0.527 dist=1.35 | total=6.2ms (tf=0.1 feat=0.3 infer=2.4 conv=2.3) | e2e_scan→cmd=41.7ms | cov=90/90
[INFO] [1784477976.355827833] [dclp_go2_policy_ros2]: ⏱ v=0.899 w=-0.289 dist=0.98 | total=6.4ms (tf=0.1 feat=0.4 infer=2.5 conv=2.4) | e2e_scan→cmd=41.7ms | cov=90/90
[INFO] [1784477976.855626090] [dclp_go2_policy_ros2]: ⏱ v=0.898 w=-0.291 dist=0.62 | total=6.2ms (tf=0.1 feat=0.3 infer=2.4 conv=2.3) | e2e_scan→cmd=41.6ms | cov=90/90
[WARN] [1784477977.200605298] [dclp_go2_policy_ros2]: DCLP stop: goal reached
[WARN] [1784477979.250259218] [dclp_go2_policy_ros2]: DCLP stop: goal reached
[WARN] [1784477981.300250052] [dclp_go2_policy_ros2]: DCLP stop: goal reached
[WARN] [1784477983.300235238] [dclp_go2_policy_ros2]: DCLP stop: goal reached
[WARN] [1784477985.350294264] [dclp_go2_policy_ros2]: DCLP stop: goal reached
[WARN] [1784477987.400237535] [dclp_go2_policy_ros2]: DCLP stop: goal reached
[WARN] [1784477989.400208416] [dclp_go2_policy_ros2]: DCLP stop: goal reached
[WARN] [1784477991.400246083] [dclp_go2_policy_ros2]: DCLP stop: goal reached
[WARN] [1784477993.450180673] [dclp_go2_policy_ros2]: DCLP stop: goal reached
[WARN] [1784477995.450193815] [dclp_go2_policy_ros2]: DCLP stop: goal reached
[WARN] [1784477997.450243162] [dclp_go2_policy_ros2]: DCLP stop: goal reached
[WARN] [1784477999.450522652] [dclp_go2_policy_ros2]: DCLP stop: goal reached
[WARN] [1784478001.451089438] [dclp_go2_policy_ros2]: DCLP stop: goal reached
[WARN] [1784478003.501193477] [dclp_go2_policy_ros2]: DCLP stop: goal reached
[WARN] [1784478005.551144473] [dclp_go2_policy_ros2]: DCLP stop: goal reached
[WARN] [1784478007.601653162] [dclp_go2_policy_ros2]: DCLP stop: goal reached
[WARN] [1784478009.650755053] [dclp_go2_policy_ros2]: DCLP stop: goal reached
[WARN] [1784478011.700371547] [dclp_go2_policy_ros2]: DCLP stop: goal reached
[WARN] [1784478013.750285942] [dclp_go2_policy_ros2]: DCLP stop: goal reached
[WARN] [1784478015.750490894] [dclp_go2_policy_ros2]: DCLP stop: goal reached
[WARN] [1784478017.758478687] [dclp_go2_policy_ros2]: DCLP stop: goal reached
[WARN] [1784478019.800338584] [dclp_go2_policy_ros2]: DCLP stop: goal reached
[WARN] [1784478021.800870074] [dclp_go2_policy_ros2]: DCLP stop: goal reached
[WARN] [1784478023.850417483] [dclp_go2_policy_ros2]: DCLP stop: goal reached
[WARN] [1784478025.900549750] [dclp_go2_policy_ros2]: DCLP stop: goal reached
[WARN] [1784478027.950160052] [dclp_go2_policy_ros2]: DCLP stop: goal reached
