[INFO] [1787249221.312147841] [dclp_go2_policy_ros2]: trajectory log enabled: /home/unitree/qyw/dclp_20260710_reproduction/dclp_deploy/robots/unitree_go2/../trajectory_logs/trajectory_20260821_020701.csv (rate=2.00 Hz)
[INFO] [1787249221.318897739] [dclp_go2_policy_ros2]: Go2 DCLP policy ready: backend={"action_dim": 2, "backend_type": "pth", "checkpoint_meta": {"T": 1010000, "episode": 16356, "test_time": 101}, "deterministic_rule": "highest_weight_component_tanh_mu", "device": "cpu", "model_path": "/home/unitree/qyw/dclp_20260710_reproduction/models/dclp/V1_41lambda1_101.pth", "obs_dim": 548, "policy_id": "V1_41lambda1_101.pth"} scan=/scan odom=/odom goal=/move_base_simple/goal rel_goal=/dclp_relative_goal global=odom zmq=tcp://*:5596 rate=25.0Hz scan_stamp_timeout=0.08s experiment=<unset> profile=<unset> compensation=guarded mapping=range limiter=last_cmd_dt config={"accel_limiter_mode":"last_cmd_dt","action_mapping_mode":"range","backend":{"action_dim":2,"backend_type":"pth","checkpoint_meta":{"T":1010000,"episode":16356,"test_time":101},"deterministic_rule":"highest_weight_component_tanh_mu","device":"cpu","model_path":"/home/unitree/qyw/dclp_20260710_reproduction/models/dclp/V1_41lambda1_101.pth","obs_dim":548,"policy_id":"V1_41lambda1_101.pth"},"cap_angular":1.5708,"cap_linear":1.5,"compensation_available":true,"compensation_mode":"guarded","compensation_source":"/home/unitree/qyw/dclp_20260710_reproduction/dclp_deploy/robots/unitree_go2/velocity_compensation.py","compensation_source_sha256":"53f5318dde1c9965c6c7177ae72e8200b85b26c8b9143ecb9dcc5d356a458000","control_period_sec":0.02,"control_rate_hz":25.0,"dclp_length1":0.6048,"dclp_length2":0.6048,"dclp_width":0.53568,"deploy_core_source":"/home/unitree/qyw/dclp_20260710_reproduction/dclp_deploy/dclp_deploy_core.py","deploy_core_source_sha256":"df6c78b263454c8bf8fb616de9dff7d268f6f48fe40127c299dd56455464e7de","experiment_id":"","experiment_profile":"","floor_angular":0.27928,"floor_linear":0.29997,"goal_topic":"/move_base_simple/goal","max_angular":0.83776,"max_angular_acc":3.0,"max_linear":0.9,"max_linear_acc":3.0,"min_angular":0.27928,"min_linear":0.29997,"model_path":"/home/unitree/qyw/dclp_20260710_reproduction/models/dclp/V1_41lambda1_101.pth","model_sha256":"dacaf9fc45da536ae6b45cdbedc949370b7828fac4cadcf40ebedabc4080c452","odom_stamp_timeout":0.05,"odom_timeout":0.1,"odom_topic":"/odom","pid":41713,"policy_source":"/home/unitree/qyw/dclp_20260710_reproduction/dclp_deploy/robots/unitree_go2/dclp_go2_policy_ros2.py","policy_source_sha256":"b9544fd560d917bc0dd2edc2e35e23eac68db819ac29259e2a988c7209cf810c","relative_goal_topic":"/dclp_relative_goal","scan_stamp_timeout":0.08,"scan_timeout":0.1,"scan_topic":"/scan","schema_version":1,"speed_scale":1.0,"straighten_front_clear_angle":0.35,"straighten_front_clear_range":1.2,"straighten_front_goal_angle":0.0,"straighten_front_goal_w_limit":0.0,"trajectory_log_path":"/home/unitree/qyw/dclp_20260710_reproduction/dclp_deploy/robots/unitree_go2/../trajectory_logs/trajectory_20260821_020701.csv","written_at":"2026-08-21T02:07:01"}
[INFO] [1787249221.322324578] [dclp_go2_policy_ros2]: received first scan: frame=base_link beams=1081
[INFO] [1787249221.323941306] [dclp_go2_policy_ros2]: received first odom: frame=odom child=base_link
[WARN] [1787249221.359273700] [dclp_go2_policy_ros2]: DCLP stop: waiting goal
[WARN] [1787249223.359471770] [dclp_go2_policy_ros2]: DCLP stop: waiting goal
[WARN] [1787249225.359542995] [dclp_go2_policy_ros2]: DCLP stop: waiting goal
[WARN] [1787249227.400180316] [dclp_go2_policy_ros2]: DCLP stop: waiting goal
[WARN] [1787249229.439502627] [dclp_go2_policy_ros2]: DCLP stop: waiting goal
[WARN] [1787249231.440201581] [dclp_go2_policy_ros2]: DCLP stop: waiting goal
[WARN] [1787249233.480066620] [dclp_go2_policy_ros2]: DCLP stop: waiting goal
[WARN] [1787249235.519590889] [dclp_go2_policy_ros2]: DCLP stop: waiting goal
[INFO] [1787249236.925778423] [dclp_go2_policy_ros2]: received relative goal: right=0.000 forward=5.000 -> global=(5.000, -0.006) frame=odom
[INFO] [1787249236.968759360] [dclp_go2_policy_ros2]: ⏱ v=0.101 w=-0.101 dist=5.00 | total=9.3ms (tf=0.2 feat=0.4 infer=2.8 conv=4.5) | e2e_scan→cmd=34.9ms | cov=90/90
[INFO] [1787249237.366318199] [dclp_go2_policy_ros2]: ⏱ v=0.892 w=-0.822 dist=5.00 | total=7.3ms (tf=0.2 feat=0.4 infer=2.9 conv=2.8) | e2e_scan→cmd=32.6ms | cov=90/90
[INFO] [1787249237.764974518] [dclp_go2_policy_ros2]: ⏱ v=0.893 w=-0.820 dist=5.00 | total=5.8ms (tf=0.1 feat=0.3 infer=2.5 conv=2.1) | e2e_scan→cmd=31.1ms | cov=90/90
[INFO] [1787249238.165203218] [dclp_go2_policy_ros2]: ⏱ v=0.887 w=-0.830 dist=5.00 | total=6.0ms (tf=0.1 feat=0.3 infer=2.6 conv=2.2) | e2e_scan→cmd=31.3ms | cov=90/90
[INFO] [1787249238.564975110] [dclp_go2_policy_ros2]: ⏱ v=0.887 w=-0.828 dist=5.00 | total=6.0ms (tf=0.1 feat=0.3 infer=2.5 conv=2.2) | e2e_scan→cmd=30.9ms | cov=90/90
[INFO] [1787249238.965102342] [dclp_go2_policy_ros2]: ⏱ v=0.893 w=-0.813 dist=5.00 | total=5.9ms (tf=0.1 feat=0.3 infer=2.5 conv=2.1) | e2e_scan→cmd=31.2ms | cov=90/90
[INFO] [1787249239.364822179] [dclp_go2_policy_ros2]: ⏱ v=0.900 w=-0.744 dist=5.00 | total=5.8ms (tf=0.1 feat=0.3 infer=2.5 conv=2.1) | e2e_scan→cmd=30.9ms | cov=90/90
[INFO] [1787249239.765230427] [dclp_go2_policy_ros2]: ⏱ v=0.900 w=-0.740 dist=5.00 | total=6.1ms (tf=0.2 feat=0.3 infer=2.6 conv=2.2) | e2e_scan→cmd=31.6ms | cov=90/90
[INFO] [1787249240.165483442] [dclp_go2_policy_ros2]: ⏱ v=0.900 w=-0.743 dist=5.00 | total=6.2ms (tf=0.2 feat=0.4 infer=2.5 conv=2.2) | e2e_scan→cmd=51.5ms | cov=90/90
[INFO] [1787249240.565356579] [dclp_go2_policy_ros2]: ⏱ v=0.900 w=-0.742 dist=5.00 | total=6.2ms (tf=0.2 feat=0.3 infer=2.5 conv=2.3) | e2e_scan→cmd=31.5ms | cov=90/90
[INFO] [1787249240.965215924] [dclp_go2_policy_ros2]: ⏱ v=0.900 w=-0.745 dist=5.00 | total=6.1ms (tf=0.1 feat=0.3 infer=2.5 conv=2.2) | e2e_scan→cmd=31.3ms | cov=90/90
[INFO] [1787249241.365089618] [dclp_go2_policy_ros2]: ⏱ v=0.900 w=-0.743 dist=5.00 | total=6.1ms (tf=0.1 feat=0.3 infer=2.5 conv=2.3) | e2e_scan→cmd=31.3ms | cov=90/90
[INFO] [1787249241.765590310] [dclp_go2_policy_ros2]: ⏱ v=0.900 w=-0.742 dist=5.00 | total=6.5ms (tf=0.1 feat=0.3 infer=2.7 conv=2.4) | e2e_scan→cmd=31.6ms | cov=90/90
[INFO] [1787249242.165236098] [dclp_go2_policy_ros2]: ⏱ v=0.900 w=-0.827 dist=5.00 | total=6.3ms (tf=0.1 feat=0.3 infer=2.5 conv=2.2) | e2e_scan→cmd=31.3ms | cov=90/90
[INFO] [1787249242.565432634] [dclp_go2_policy_ros2]: ⏱ v=0.885 w=-0.829 dist=5.00 | total=6.4ms (tf=0.2 feat=0.4 infer=2.7 conv=2.3) | e2e_scan→cmd=31.0ms | cov=90/90
[INFO] [1787249242.964983994] [dclp_go2_policy_ros2]: ⏱ v=0.893 w=-0.821 dist=5.00 | total=6.1ms (tf=0.1 feat=0.3 infer=2.5 conv=2.2) | e2e_scan→cmd=31.3ms | cov=90/90
[INFO] [1787249243.365060281] [dclp_go2_policy_ros2]: ⏱ v=0.893 w=-0.820 dist=5.00 | total=6.1ms (tf=0.1 feat=0.3 infer=2.6 conv=2.2) | e2e_scan→cmd=31.1ms | cov=90/90
[INFO] [1787249243.765029781] [dclp_go2_policy_ros2]: ⏱ v=0.894 w=-0.819 dist=5.00 | total=6.1ms (tf=0.1 feat=0.3 infer=2.5 conv=2.3) | e2e_scan→cmd=51.1ms | cov=90/90
[INFO] [1787249244.165693967] [dclp_go2_policy_ros2]: ⏱ v=0.895 w=-0.818 dist=5.00 | total=6.1ms (tf=0.1 feat=0.4 infer=2.5 conv=2.2) | e2e_scan→cmd=31.7ms | cov=90/90
[INFO] [1787249244.565461009] [dclp_go2_policy_ros2]: ⏱ v=0.895 w=-0.817 dist=5.00 | total=6.3ms (tf=0.2 feat=0.4 infer=2.5 conv=2.3) | e2e_scan→cmd=32.4ms | cov=90/90
[INFO] [1787249244.964860454] [dclp_go2_policy_ros2]: ⏱ v=0.894 w=-0.818 dist=5.00 | total=6.0ms (tf=0.1 feat=0.3 infer=2.5 conv=2.2) | e2e_scan→cmd=31.2ms | cov=90/90
[INFO] [1787249245.364912958] [dclp_go2_policy_ros2]: ⏱ v=0.895 w=-0.818 dist=5.00 | total=6.0ms (tf=0.1 feat=0.3 infer=2.5 conv=2.2) | e2e_scan→cmd=31.0ms | cov=90/90
