Setup unitree ros2 environment
[go2:sport] connecting zmq: tcp://192.168.123.222:5596
[go2:sport] DRY RUN: SportClient is not initialized; commands will only be logged
[go2:sport] DRY cmd#1 seq=53 v=0.000 w=0.000 dt=0.0ms policy_zmq_lag=0.5ms
[go2:sport] DRY cmd#2 seq=54 v=0.000 w=0.000 dt=50.2ms policy_zmq_lag=0.5ms
[go2:sport] DRY cmd#3 seq=55 v=0.000 w=0.000 dt=50.1ms policy_zmq_lag=0.5ms
[go2:sport] DRY cmd#4 seq=56 v=0.000 w=0.000 dt=49.7ms policy_zmq_lag=0.5ms
[go2:sport] DRY cmd#5 seq=57 v=0.000 w=0.000 dt=49.9ms policy_zmq_lag=0.5ms
[go2:sport] DRY cmd#6 seq=58 v=0.000 w=0.000 dt=50.3ms policy_zmq_lag=0.6ms
[go2:sport] DRY cmd#7 seq=59 v=0.000 w=0.000 dt=49.9ms policy_zmq_lag=0.5ms
[go2:sport] DRY cmd#8 seq=60 v=0.000 w=0.000 dt=50.6ms policy_zmq_lag=0.6ms
[go2:sport] DRY cmd#9 seq=61 v=0.000 w=0.000 dt=49.6ms policy_zmq_lag=0.5ms
[go2:sport] DRY cmd#10 seq=62 v=0.000 w=0.000 dt=50.0ms policy_zmq_lag=0.5ms
[go2:sport] DRY cmd#11 seq=63 v=0.000 w=0.000 dt=49.8ms policy_zmq_lag=0.5ms
[go2:sport] DRY cmd#12 seq=64 v=0.000 w=0.000 dt=50.4ms policy_zmq_lag=0.6ms
[go2:sport] DRY cmd#13 seq=65 v=0.000 w=0.000 dt=49.8ms policy_zmq_lag=0.5ms
[go2:sport] DRY cmd#14 seq=66 v=0.000 w=0.000 dt=50.5ms policy_zmq_lag=0.6ms
[go2:sport] DRY cmd#15 seq=67 v=0.000 w=0.000 dt=49.3ms policy_zmq_lag=0.5ms
[go2:sport] DRY cmd#16 seq=68 v=0.000 w=0.000 dt=50.2ms policy_zmq_lag=0.6ms
[go2:sport] DRY cmd#17 seq=69 v=0.000 w=0.000 dt=50.7ms policy_zmq_lag=0.6ms
[go2:sport] DRY cmd#18 seq=70 v=0.000 w=0.000 dt=49.3ms policy_zmq_lag=0.6ms
[go2:sport] DRY cmd#19 seq=71 v=0.000 w=0.000 dt=49.8ms policy_zmq_lag=0.5ms
[go2:sport] DRY cmd#20 seq=72 v=0.000 w=0.000 dt=50.4ms policy_zmq_lag=0.5ms
[go2:sport] DRY cmd#21 seq=73 v=0.000 w=0.000 dt=50.0ms policy_zmq_lag=0.6ms
[go2:sport] DRY cmd#22 seq=74 v=0.000 w=0.000 dt=50.0ms policy_zmq_lag=0.5ms
[go2:sport] DRY cmd#23 seq=75 v=0.000 w=0.000 dt=50.0ms policy_zmq_lag=0.7ms
[go2:sport] DRY cmd#24 seq=76 v=0.000 w=0.000 dt=50.1ms policy_zmq_lag=0.7ms
[go2:sport] DRY cmd#25 seq=77 v=0.000 w=0.000 dt=50.1ms policy_zmq_lag=0.7ms
[go2:sport] DRY cmd#26 seq=78 v=0.000 w=0.000 dt=50.0ms policy_zmq_lag=0.7ms
[go2:sport] DRY cmd#27 seq=79 v=0.000 w=0.000 dt=49.8ms policy_zmq_lag=0.5ms
[go2:sport] DRY cmd#28 seq=80 v=0.000 w=0.000 dt=50.5ms policy_zmq_lag=0.5ms
[go2:sport] DRY cmd#29 seq=81 v=0.000 w=0.000 dt=49.7ms policy_zmq_lag=0.5ms
[go2:sport] DRY cmd#30 seq=82 v=0.000 w=0.000 dt=50.0ms policy_zmq_lag=0.6ms
[go2:sport] DRY cmd#31 seq=83 v=0.000 w=0.000 dt=49.7ms policy_zmq_lag=0.5ms
[go2:sport] DRY cmd#32 seq=84 v=0.000 w=0.000 dt=50.3ms policy_zmq_lag=0.6ms
[go2:sport] DRY cmd#33 seq=85 v=0.000 w=0.000 dt=49.9ms policy_zmq_lag=0.5ms
[go2:sport] DRY cmd#34 seq=86 v=0.000 w=0.000 dt=50.5ms policy_zmq_lag=0.6ms
[go2:sport] DRY cmd#35 seq=87 v=0.000 w=0.000 dt=49.6ms policy_zmq_lag=0.5ms
[go2:sport] DRY cmd#36 seq=88 v=0.000 w=0.000 dt=49.8ms policy_zmq_lag=0.6ms
[go2:sport] DRY cmd#37 seq=89 v=0.000 w=0.000 dt=50.0ms policy_zmq_lag=0.5ms
[go2:sport] DRY cmd#38 seq=90 v=0.000 w=0.000 dt=50.2ms policy_zmq_lag=0.6ms
[go2:sport] DRY cmd#39 seq=91 v=0.000 w=0.000 dt=49.8ms policy_zmq_lag=0.6ms
[go2:sport] DRY cmd#40 seq=92 v=0.000 w=0.000 dt=50.0ms policy_zmq_lag=0.5ms
[go2:sport] DRY cmd#41 seq=93 v=0.000 w=0.000 dt=50.2ms policy_zmq_lag=0.8ms
[go2:sport] DRY cmd#42 seq=94 v=0.000 w=0.000 dt=49.8ms policy_zmq_lag=0.6ms
[go2:sport] DRY cmd#43 seq=95 v=0.000 w=0.000 dt=50.0ms policy_zmq_lag=0.5ms
[go2:sport] DRY cmd#44 seq=96 v=0.000 w=0.000 dt=50.6ms policy_zmq_lag=0.5ms
[go2:sport] DRY cmd#45 seq=97 v=0.000 w=0.000 dt=49.6ms policy_zmq_lag=0.5ms
[go2:sport] DRY cmd#46 seq=98 v=0.000 w=0.000 dt=50.0ms policy_zmq_lag=0.6ms
[go2:sport] DRY cmd#47 seq=99 v=0.000 w=0.000 dt=50.1ms policy_zmq_lag=0.6ms
[go2:sport] DRY cmd#48 seq=100 v=0.000 w=0.000 dt=50.0ms policy_zmq_lag=0.5ms
[go2:sport] DRY cmd#49 seq=101 v=0.000 w=0.000 dt=49.9ms policy_zmq_lag=0.6ms
[go2:sport] DRY cmd#50 seq=102 v=0.000 w=0.000 dt=49.9ms policy_zmq_lag=0.6ms
[go2:sport] DRY cmd#51 seq=103 v=0.000 w=0.000 dt=49.9ms policy_zmq_lag=0.5ms
[go2:sport] DRY cmd#52 seq=104 v=0.000 w=0.000 dt=50.6ms policy_zmq_lag=0.6ms
[go2:sport] DRY cmd#53 seq=105 v=0.000 w=0.000 dt=52.3ms policy_zmq_lag=0.5ms
[go2:sport] DRY cmd#54 seq=106 v=0.000 w=0.000 dt=47.4ms policy_zmq_lag=0.5ms
[go2:sport] DRY cmd#55 seq=107 v=0.000 w=0.000 dt=50.3ms policy_zmq_lag=0.6ms
[go2:sport] DRY cmd#56 seq=108 v=0.000 w=0.000 dt=49.8ms policy_zmq_lag=0.6ms
[go2:sport] DRY cmd#57 seq=109 v=0.000 w=0.000 dt=49.6ms policy_zmq_lag=0.5ms
[go2:sport] DRY cmd#58 seq=110 v=0.000 w=0.000 dt=50.4ms policy_zmq_lag=0.5ms
[go2:sport] DRY cmd#59 seq=111 v=0.000 w=0.000 dt=49.7ms policy_zmq_lag=0.6ms
[go2:sport] DRY cmd#60 seq=112 v=0.000 w=0.000 dt=50.1ms policy_zmq_lag=0.6ms
[go2:sport] DRY cmd#61 seq=113 v=0.000 w=0.000 dt=49.6ms policy_zmq_lag=0.6ms
[go2:sport] DRY cmd#62 seq=114 v=0.000 w=0.000 dt=50.2ms policy_zmq_lag=0.6ms
[go2:sport] DRY cmd#63 seq=115 v=0.000 w=0.000 dt=49.9ms policy_zmq_lag=0.5ms
[go2:sport] DRY cmd#64 seq=116 v=0.000 w=0.000 dt=50.3ms policy_zmq_lag=0.6ms
[go2:sport] DRY cmd#65 seq=117 v=0.000 w=0.000 dt=50.0ms policy_zmq_lag=0.5ms
[go2:sport] DRY cmd#66 seq=118 v=0.000 w=0.000 dt=49.7ms policy_zmq_lag=0.6ms
[go2:sport] DRY cmd#67 seq=119 v=0.000 w=0.000 dt=50.1ms policy_zmq_lag=0.6ms
[go2:sport] DRY cmd#68 seq=120 v=0.000 w=0.000 dt=49.8ms policy_zmq_lag=0.5ms
[go2:sport] DRY cmd#69 seq=121 v=0.000 w=0.000 dt=50.3ms policy_zmq_lag=0.7ms
[go2:sport] DRY cmd#70 seq=122 v=0.000 w=0.000 dt=49.9ms policy_zmq_lag=0.5ms
[go2:sport] DRY cmd#71 seq=123 v=0.000 w=0.000 dt=49.8ms policy_zmq_lag=0.5ms
[go2:sport] DRY cmd#72 seq=124 v=0.000 w=0.000 dt=50.0ms policy_zmq_lag=0.5ms
[go2:sport] DRY cmd#73 seq=125 v=0.000 w=0.000 dt=50.0ms policy_zmq_lag=0.6ms
[go2:sport] DRY cmd#74 seq=126 v=0.000 w=0.000 dt=50.3ms policy_zmq_lag=0.6ms
[go2:sport] DRY cmd#75 seq=127 v=0.000 w=0.000 dt=49.9ms policy_zmq_lag=0.5ms
[go2:sport] DRY cmd#76 seq=128 v=0.000 w=0.000 dt=49.9ms policy_zmq_lag=0.6ms
[go2:sport] DRY cmd#77 seq=129 v=0.000 w=0.000 dt=50.0ms policy_zmq_lag=0.5ms
[go2:sport] DRY cmd#78 seq=130 v=0.000 w=0.000 dt=50.0ms policy_zmq_lag=0.5ms
[go2:sport] DRY cmd#79 seq=131 v=0.000 w=0.000 dt=50.3ms policy_zmq_lag=0.8ms
[go2:sport] DRY cmd#80 seq=132 v=0.000 w=0.000 dt=49.9ms policy_zmq_lag=0.8ms
[go2:sport] DRY cmd#81 seq=133 v=0.000 w=0.000 dt=49.9ms policy_zmq_lag=0.5ms
[go2:sport] DRY cmd#82 seq=134 v=0.000 w=0.000 dt=50.1ms policy_zmq_lag=0.6ms
[go2:sport] DRY cmd#83 seq=135 v=0.000 w=0.000 dt=50.0ms policy_zmq_lag=0.6ms
[go2:sport] DRY cmd#84 seq=136 v=0.000 w=0.000 dt=49.8ms policy_zmq_lag=0.7ms
[go2:sport] DRY cmd#85 seq=137 v=0.000 w=0.000 dt=50.7ms policy_zmq_lag=0.6ms
[go2:sport] DRY cmd#86 seq=138 v=0.000 w=0.000 dt=49.3ms policy_zmq_lag=0.6ms
[go2:sport] DRY cmd#87 seq=139 v=0.000 w=0.000 dt=50.1ms policy_zmq_lag=0.5ms
[go2:sport] DRY cmd#88 seq=140 v=0.000 w=0.000 dt=50.1ms policy_zmq_lag=0.6ms
[go2:sport] DRY cmd#89 seq=141 v=0.000 w=0.000 dt=49.8ms policy_zmq_lag=0.5ms
[go2:sport] DRY cmd#90 seq=142 v=0.000 w=0.000 dt=50.3ms policy_zmq_lag=0.6ms
[go2:sport] DRY cmd#91 seq=143 v=0.000 w=0.000 dt=49.8ms policy_zmq_lag=0.5ms
[go2:sport] DRY cmd#92 seq=144 v=0.000 w=0.000 dt=49.9ms policy_zmq_lag=0.6ms
[go2:sport] DRY cmd#93 seq=145 v=0.000 w=0.000 dt=50.1ms policy_zmq_lag=0.5ms
[go2:sport] DRY cmd#94 seq=146 v=0.000 w=0.000 dt=50.2ms policy_zmq_lag=0.7ms
[go2:sport] DRY cmd#95 seq=147 v=0.000 w=0.000 dt=49.7ms policy_zmq_lag=0.6ms
[go2:sport] DRY cmd#96 seq=148 v=0.000 w=0.000 dt=50.3ms policy_zmq_lag=0.6ms
[go2:sport] DRY cmd#97 seq=149 v=0.000 w=0.000 dt=49.9ms policy_zmq_lag=0.6ms
[go2:sport] DRY cmd#98 seq=150 v=0.000 w=0.000 dt=49.9ms policy_zmq_lag=0.5ms
[go2:sport] DRY cmd#99 seq=151 v=0.000 w=0.000 dt=50.3ms policy_zmq_lag=0.7ms
[go2:sport] DRY cmd#100 seq=152 v=0.000 w=0.000 dt=50.0ms policy_zmq_lag=0.6ms
[go2:sport] DRY cmd#101 seq=153 v=0.000 w=0.000 dt=49.8ms policy_zmq_lag=0.5ms
[go2:sport] DRY cmd#102 seq=154 v=0.000 w=0.000 dt=49.8ms policy_zmq_lag=0.6ms
[go2:sport] DRY cmd#103 seq=155 v=0.000 w=0.000 dt=50.5ms policy_zmq_lag=0.6ms
[go2:sport] DRY cmd#104 seq=156 v=0.000 w=0.000 dt=49.5ms policy_zmq_lag=0.6ms
[go2:sport] DRY cmd#105 seq=157 v=0.000 w=0.000 dt=50.0ms policy_zmq_lag=0.5ms
[go2:sport] DRY cmd#106 seq=158 v=0.000 w=0.000 dt=50.2ms policy_zmq_lag=0.6ms
[go2:sport] DRY cmd#107 seq=159 v=0.000 w=0.000 dt=50.1ms policy_zmq_lag=0.6ms
[go2:sport] DRY cmd#108 seq=160 v=0.000 w=0.000 dt=50.0ms policy_zmq_lag=0.6ms
[go2:sport] DRY cmd#109 seq=161 v=0.000 w=0.000 dt=49.7ms policy_zmq_lag=0.5ms
[go2:sport] DRY cmd#110 seq=162 v=0.000 w=0.000 dt=50.1ms policy_zmq_lag=0.6ms
[go2:sport] DRY cmd#111 seq=163 v=0.000 w=0.000 dt=49.9ms policy_zmq_lag=0.6ms
[go2:sport] DRY cmd#112 seq=164 v=0.000 w=0.000 dt=50.3ms policy_zmq_lag=0.6ms
[go2:sport] DRY cmd#113 seq=165 v=0.000 w=0.000 dt=49.9ms policy_zmq_lag=0.5ms
[go2:sport] DRY cmd#114 seq=166 v=0.000 w=0.000 dt=50.1ms policy_zmq_lag=0.5ms
[go2:sport] DRY cmd#115 seq=167 v=0.000 w=0.000 dt=50.3ms policy_zmq_lag=0.5ms
[go2:sport] DRY cmd#116 seq=168 v=0.000 w=0.000 dt=49.5ms policy_zmq_lag=0.6ms
[go2:sport] DRY cmd#117 seq=169 v=0.000 w=0.000 dt=49.9ms policy_zmq_lag=0.5ms
[go2:sport] DRY cmd#118 seq=170 v=0.000 w=0.000 dt=50.0ms policy_zmq_lag=0.5ms
[go2:sport] DRY cmd#119 seq=171 v=0.000 w=0.000 dt=49.9ms policy_zmq_lag=0.5ms
[go2:sport] DRY cmd#120 seq=172 v=0.000 w=0.000 dt=50.4ms policy_zmq_lag=0.5ms
[go2:sport] DRY cmd#121 seq=173 v=0.000 w=0.000 dt=49.7ms policy_zmq_lag=0.6ms
[go2:sport] DRY cmd#122 seq=174 v=0.000 w=0.000 dt=49.9ms policy_zmq_lag=0.5ms
[go2:sport] DRY cmd#123 seq=175 v=0.000 w=0.000 dt=50.0ms policy_zmq_lag=0.5ms
[go2:sport] DRY cmd#124 seq=176 v=0.000 w=0.000 dt=50.1ms policy_zmq_lag=0.6ms
[go2:sport] DRY cmd#125 seq=177 v=0.000 w=0.000 dt=50.1ms policy_zmq_lag=0.6ms
[go2:sport] DRY cmd#126 seq=178 v=0.000 w=0.000 dt=50.3ms policy_zmq_lag=0.7ms
[go2:sport] DRY cmd#127 seq=179 v=0.000 w=0.000 dt=49.7ms policy_zmq_lag=0.5ms
[go2:sport] DRY cmd#128 seq=180 v=0.000 w=0.000 dt=49.9ms policy_zmq_lag=0.5ms
[go2:sport] DRY cmd#129 seq=181 v=0.000 w=0.000 dt=50.0ms policy_zmq_lag=0.5ms
[go2:sport] DRY cmd#130 seq=182 v=0.000 w=0.000 dt=50.1ms policy_zmq_lag=0.6ms
[go2:sport] DRY cmd#131 seq=183 v=0.000 w=0.000 dt=50.2ms policy_zmq_lag=0.5ms
[go2:sport] DRY cmd#132 seq=184 v=0.000 w=0.000 dt=50.3ms policy_zmq_lag=0.6ms
[go2:sport] DRY cmd#133 seq=185 v=0.000 w=0.000 dt=49.4ms policy_zmq_lag=0.5ms
[go2:sport] DRY cmd#134 seq=186 v=0.000 w=0.000 dt=50.2ms policy_zmq_lag=0.5ms
[go2:sport] DRY cmd#135 seq=187 v=0.000 w=0.000 dt=49.8ms policy_zmq_lag=0.6ms
[go2:sport] DRY cmd#136 seq=188 v=0.000 w=0.000 dt=50.2ms policy_zmq_lag=0.6ms
[go2:sport] DRY cmd#137 seq=189 v=0.000 w=0.000 dt=50.0ms policy_zmq_lag=0.5ms
[go2:sport] DRY cmd#138 seq=190 v=0.000 w=0.000 dt=50.2ms policy_zmq_lag=0.6ms
[go2:sport] DRY cmd#139 seq=191 v=0.000 w=0.000 dt=50.2ms policy_zmq_lag=0.5ms
[go2:sport] DRY cmd#140 seq=192 v=0.000 w=0.000 dt=49.8ms policy_zmq_lag=0.5ms
[go2:sport] DRY cmd#141 seq=193 v=0.000 w=0.000 dt=49.6ms policy_zmq_lag=0.6ms
[go2:sport] DRY cmd#142 seq=194 v=0.000 w=0.000 dt=52.2ms policy_zmq_lag=0.6ms
[go2:sport] DRY cmd#143 seq=195 v=0.000 w=0.000 dt=48.8ms policy_zmq_lag=0.6ms
[go2:sport] DRY cmd#144 seq=196 v=0.000 w=0.000 dt=52.0ms policy_zmq_lag=0.6ms
[go2:sport] DRY cmd#145 seq=197 v=0.000 w=0.000 dt=47.5ms policy_zmq_lag=0.5ms
[go2:sport] DRY cmd#146 seq=198 v=0.000 w=0.000 dt=49.6ms policy_zmq_lag=0.5ms
[go2:sport] DRY cmd#147 seq=199 v=0.000 w=0.000 dt=49.7ms policy_zmq_lag=0.5ms
[go2:sport] DRY cmd#148 seq=200 v=0.000 w=0.000 dt=50.4ms policy_zmq_lag=0.6ms
[go2:sport] DRY cmd#149 seq=201 v=0.000 w=0.000 dt=49.8ms policy_zmq_lag=0.5ms
[go2:sport] DRY cmd#150 seq=202 v=0.000 w=0.000 dt=49.9ms policy_zmq_lag=0.5ms
[go2:sport] DRY cmd#151 seq=203 v=0.000 w=0.000 dt=50.5ms policy_zmq_lag=0.5ms
[go2:sport] DRY cmd#152 seq=204 v=0.000 w=0.000 dt=49.7ms policy_zmq_lag=0.6ms
[go2:sport] DRY cmd#153 seq=205 v=0.000 w=0.000 dt=50.0ms policy_zmq_lag=0.7ms
[go2:sport] DRY cmd#154 seq=206 v=0.000 w=0.000 dt=52.0ms policy_zmq_lag=0.8ms
[go2:sport] DRY cmd#155 seq=207 v=0.000 w=0.000 dt=48.1ms policy_zmq_lag=0.6ms
[go2:sport] DRY cmd#156 seq=208 v=0.000 w=0.000 dt=50.3ms policy_zmq_lag=0.7ms
[go2:sport] DRY cmd#157 seq=209 v=0.000 w=0.000 dt=49.8ms policy_zmq_lag=0.6ms
[go2:sport] DRY cmd#158 seq=210 v=0.000 w=0.000 dt=50.0ms policy_zmq_lag=0.5ms
[go2:sport] DRY cmd#159 seq=211 v=0.000 w=0.000 dt=49.7ms policy_zmq_lag=0.6ms
[go2:sport] DRY cmd#160 seq=212 v=0.000 w=0.000 dt=50.0ms policy_zmq_lag=0.6ms
[go2:sport] DRY cmd#161 seq=213 v=0.000 w=0.000 dt=50.1ms policy_zmq_lag=0.6ms
[go2:sport] DRY cmd#162 seq=214 v=0.000 w=0.000 dt=50.1ms policy_zmq_lag=0.6ms
[go2:sport] DRY cmd#163 seq=215 v=0.000 w=0.000 dt=50.0ms policy_zmq_lag=0.5ms
[go2:sport] DRY cmd#164 seq=216 v=0.000 w=0.000 dt=50.0ms policy_zmq_lag=0.6ms
[go2:sport] DRY cmd#165 seq=217 v=0.000 w=0.000 dt=49.8ms policy_zmq_lag=0.5ms
[go2:sport] DRY cmd#166 seq=218 v=0.000 w=0.000 dt=50.3ms policy_zmq_lag=0.6ms
[go2:sport] DRY cmd#167 seq=219 v=0.000 w=0.000 dt=49.8ms policy_zmq_lag=0.6ms
[go2:sport] DRY cmd#168 seq=220 v=0.000 w=0.000 dt=50.0ms policy_zmq_lag=0.6ms
[go2:sport] DRY cmd#169 seq=221 v=0.000 w=0.000 dt=49.9ms policy_zmq_lag=0.5ms
[go2:sport] DRY cmd#170 seq=222 v=0.000 w=0.000 dt=50.1ms policy_zmq_lag=0.6ms
[go2:sport] DRY cmd#171 seq=223 v=0.000 w=0.000 dt=50.0ms policy_zmq_lag=0.6ms
[go2:sport] DRY cmd#172 seq=224 v=0.000 w=0.000 dt=50.1ms policy_zmq_lag=0.6ms
[go2:sport] DRY cmd#173 seq=225 v=0.000 w=0.000 dt=49.8ms policy_zmq_lag=0.6ms
[go2:sport] DRY cmd#174 seq=226 v=0.000 w=0.000 dt=50.2ms policy_zmq_lag=0.5ms
[go2:sport] DRY cmd#175 seq=227 v=0.000 w=0.000 dt=49.9ms policy_zmq_lag=0.6ms
[go2:sport] DRY cmd#176 seq=228 v=0.000 w=0.000 dt=49.9ms policy_zmq_lag=0.6ms
[go2:sport] DRY cmd#177 seq=229 v=0.000 w=0.000 dt=50.0ms policy_zmq_lag=0.5ms
[go2:sport] DRY cmd#178 seq=230 v=0.000 w=0.000 dt=50.1ms policy_zmq_lag=0.5ms
[go2:sport] DRY cmd#179 seq=231 v=0.000 w=0.000 dt=52.0ms policy_zmq_lag=2.4ms
[go2:sport] DRY cmd#180 seq=232 v=0.000 w=0.000 dt=48.6ms policy_zmq_lag=0.6ms
[go2:sport] DRY cmd#181 seq=233 v=0.000 w=0.000 dt=49.3ms policy_zmq_lag=0.6ms
[go2:sport] DRY cmd#182 seq=234 v=0.000 w=0.000 dt=49.9ms policy_zmq_lag=0.6ms
[go2:sport] DRY cmd#183 seq=235 v=0.000 w=0.000 dt=50.4ms policy_zmq_lag=0.6ms
[go2:sport] DRY cmd#184 seq=236 v=0.000 w=0.000 dt=49.9ms policy_zmq_lag=0.6ms
[go2:sport] DRY cmd#185 seq=237 v=0.000 w=0.000 dt=53.1ms policy_zmq_lag=0.7ms
[go2:sport] DRY cmd#186 seq=238 v=0.000 w=0.000 dt=46.9ms policy_zmq_lag=0.6ms
[go2:sport] DRY cmd#187 seq=239 v=0.000 w=0.000 dt=50.0ms policy_zmq_lag=0.6ms
[go2:sport] DRY cmd#188 seq=240 v=0.000 w=0.000 dt=50.0ms policy_zmq_lag=0.5ms
[go2:sport] DRY cmd#189 seq=241 v=0.000 w=0.000 dt=49.9ms policy_zmq_lag=0.5ms
[go2:sport] DRY cmd#190 seq=242 v=0.000 w=0.000 dt=50.0ms policy_zmq_lag=0.5ms
[go2:sport] DRY cmd#191 seq=243 v=0.000 w=0.000 dt=49.9ms policy_zmq_lag=0.6ms
[go2:sport] DRY cmd#192 seq=244 v=0.000 w=0.000 dt=50.2ms policy_zmq_lag=0.6ms
[go2:sport] DRY cmd#193 seq=245 v=0.000 w=0.000 dt=50.1ms policy_zmq_lag=0.7ms
[go2:sport] DRY cmd#194 seq=246 v=0.000 w=0.000 dt=49.7ms policy_zmq_lag=0.6ms
[go2:sport] DRY cmd#195 seq=247 v=0.000 w=0.000 dt=49.9ms policy_zmq_lag=0.6ms
[go2:sport] DRY cmd#196 seq=248 v=0.000 w=0.000 dt=50.0ms policy_zmq_lag=0.6ms
[go2:sport] DRY cmd#197 seq=249 v=0.000 w=0.000 dt=50.4ms policy_zmq_lag=0.6ms
[go2:sport] DRY cmd#198 seq=250 v=0.000 w=0.000 dt=49.7ms policy_zmq_lag=0.6ms
[go2:sport] DRY cmd#199 seq=251 v=0.000 w=0.000 dt=50.8ms policy_zmq_lag=0.7ms
[go2:sport] DRY cmd#200 seq=252 v=0.000 w=0.000 dt=49.3ms policy_zmq_lag=0.6ms
[go2:sport] DRY cmd#201 seq=253 v=0.000 w=0.000 dt=50.8ms policy_zmq_lag=1.1ms
[go2:sport] DRY cmd#202 seq=254 v=0.000 w=0.000 dt=49.1ms policy_zmq_lag=0.6ms
[go2:sport] DRY cmd#203 seq=255 v=0.000 w=0.000 dt=50.3ms policy_zmq_lag=0.6ms
[go2:sport] DRY cmd#204 seq=256 v=0.000 w=0.000 dt=49.7ms policy_zmq_lag=0.6ms
[go2:sport] DRY cmd#205 seq=257 v=0.000 w=0.000 dt=50.2ms policy_zmq_lag=0.5ms
[go2:sport] DRY cmd#206 seq=258 v=0.000 w=0.000 dt=49.9ms policy_zmq_lag=0.6ms
[go2:sport] DRY cmd#207 seq=259 v=0.000 w=0.000 dt=49.8ms policy_zmq_lag=0.5ms
[go2:sport] DRY cmd#208 seq=260 v=0.000 w=0.000 dt=50.1ms policy_zmq_lag=0.5ms
[go2:sport] DRY cmd#209 seq=261 v=0.000 w=0.000 dt=49.9ms policy_zmq_lag=0.6ms
[go2:sport] DRY cmd#210 seq=262 v=0.000 w=0.000 dt=50.1ms policy_zmq_lag=0.6ms
[go2:sport] DRY cmd#211 seq=263 v=0.000 w=0.000 dt=50.2ms policy_zmq_lag=0.7ms
[go2:sport] DRY cmd#212 seq=264 v=0.000 w=0.000 dt=49.7ms policy_zmq_lag=0.5ms
[go2:sport] DRY cmd#213 seq=265 v=0.000 w=0.000 dt=53.4ms policy_zmq_lag=0.5ms
[go2:sport] DRY cmd#214 seq=266 v=0.000 w=0.000 dt=46.6ms policy_zmq_lag=0.6ms
[go2:sport] DRY cmd#215 seq=267 v=0.000 w=0.000 dt=50.0ms policy_zmq_lag=0.6ms
[go2:sport] DRY cmd#216 seq=268 v=0.000 w=0.000 dt=50.1ms policy_zmq_lag=0.6ms
[go2:sport] DRY cmd#217 seq=269 v=0.000 w=0.000 dt=50.1ms policy_zmq_lag=0.6ms
[go2:sport] DRY cmd#218 seq=270 v=0.000 w=0.000 dt=49.7ms policy_zmq_lag=0.5ms
[go2:sport] DRY cmd#219 seq=271 v=0.000 w=0.000 dt=50.1ms policy_zmq_lag=0.5ms
[go2:sport] DRY cmd#220 seq=272 v=0.000 w=0.000 dt=50.4ms policy_zmq_lag=0.7ms
[go2:sport] DRY cmd#221 seq=273 v=0.000 w=0.000 dt=49.7ms policy_zmq_lag=0.5ms
[go2:sport] DRY cmd#222 seq=274 v=0.000 w=0.000 dt=50.0ms policy_zmq_lag=0.6ms
[go2:sport] DRY cmd#223 seq=275 v=0.000 w=0.000 dt=50.0ms policy_zmq_lag=0.5ms
[go2:sport] DRY cmd#224 seq=276 v=0.000 w=0.000 dt=50.2ms policy_zmq_lag=0.5ms
[go2:sport] DRY cmd#225 seq=277 v=0.000 w=0.000 dt=50.1ms policy_zmq_lag=0.6ms
[go2:sport] DRY cmd#226 seq=278 v=0.000 w=0.000 dt=50.5ms policy_zmq_lag=0.6ms
[go2:sport] DRY cmd#227 seq=279 v=0.000 w=0.000 dt=49.2ms policy_zmq_lag=0.5ms
[go2:sport] DRY cmd#228 seq=280 v=0.000 w=0.000 dt=52.7ms policy_zmq_lag=0.6ms
[go2:sport] DRY cmd#229 seq=281 v=0.000 w=0.000 dt=47.4ms policy_zmq_lag=0.6ms
[go2:sport] DRY cmd#230 seq=282 v=0.000 w=0.000 dt=53.0ms policy_zmq_lag=0.6ms
[go2:sport] DRY cmd#231 seq=283 v=0.000 w=0.000 dt=47.0ms policy_zmq_lag=0.5ms
[go2:sport] DRY cmd#232 seq=284 v=0.000 w=0.000 dt=50.1ms policy_zmq_lag=0.6ms
[go2:sport] DRY cmd#233 seq=285 v=0.000 w=0.000 dt=49.8ms policy_zmq_lag=0.5ms
[go2:sport] DRY cmd#234 seq=286 v=0.000 w=0.000 dt=50.3ms policy_zmq_lag=0.7ms
[go2:sport] DRY cmd#235 seq=287 v=0.000 w=0.000 dt=49.8ms policy_zmq_lag=0.6ms
[go2:sport] DRY cmd#236 seq=288 v=0.000 w=0.000 dt=50.1ms policy_zmq_lag=0.5ms
[go2:sport] DRY cmd#237 seq=289 v=0.000 w=0.000 dt=49.9ms policy_zmq_lag=0.6ms
[go2:sport] DRY cmd#238 seq=290 v=0.000 w=0.000 dt=50.0ms policy_zmq_lag=0.6ms
[go2:sport] DRY cmd#239 seq=291 v=0.000 w=0.000 dt=50.1ms policy_zmq_lag=0.7ms
[go2:sport] DRY cmd#240 seq=292 v=0.000 w=0.000 dt=50.0ms policy_zmq_lag=0.6ms
[go2:sport] DRY cmd#241 seq=293 v=0.000 w=0.000 dt=49.9ms policy_zmq_lag=0.6ms
[go2:sport] DRY cmd#242 seq=294 v=0.000 w=0.000 dt=50.0ms policy_zmq_lag=0.5ms
[go2:sport] DRY cmd#243 seq=295 v=0.000 w=0.000 dt=50.1ms policy_zmq_lag=0.6ms
[go2:sport] DRY cmd#244 seq=296 v=0.000 w=0.000 dt=50.0ms policy_zmq_lag=0.6ms
[go2:sport] DRY cmd#245 seq=297 v=0.000 w=0.000 dt=50.0ms policy_zmq_lag=0.5ms
[go2:sport] DRY cmd#246 seq=298 v=0.000 w=0.000 dt=50.2ms policy_zmq_lag=0.6ms
[go2:sport] DRY cmd#247 seq=299 v=0.000 w=0.000 dt=49.7ms policy_zmq_lag=0.6ms
[go2:sport] DRY cmd#248 seq=300 v=0.000 w=0.000 dt=50.0ms policy_zmq_lag=0.6ms
[go2:sport] DRY cmd#249 seq=301 v=0.000 w=0.000 dt=50.0ms policy_zmq_lag=0.5ms
[go2:sport] DRY cmd#250 seq=302 v=0.000 w=0.000 dt=50.3ms policy_zmq_lag=0.7ms
[go2:sport] DRY cmd#251 seq=303 v=0.000 w=0.000 dt=49.8ms policy_zmq_lag=0.6ms
[go2:sport] DRY cmd#252 seq=304 v=0.000 w=0.000 dt=49.9ms policy_zmq_lag=0.5ms
[go2:sport] DRY cmd#253 seq=305 v=0.000 w=0.000 dt=50.2ms policy_zmq_lag=0.6ms
[go2:sport] DRY cmd#254 seq=306 v=0.000 w=0.000 dt=49.8ms policy_zmq_lag=0.5ms
[go2:sport] DRY cmd#255 seq=307 v=0.000 w=0.000 dt=50.0ms policy_zmq_lag=0.6ms
[go2:sport] DRY cmd#256 seq=308 v=0.000 w=0.000 dt=50.1ms policy_zmq_lag=0.7ms
[go2:sport] DRY cmd#257 seq=309 v=0.000 w=0.000 dt=50.0ms policy_zmq_lag=0.6ms
[go2:sport] DRY cmd#258 seq=310 v=0.000 w=0.000 dt=49.9ms policy_zmq_lag=0.6ms
[go2:sport] DRY cmd#259 seq=311 v=0.000 w=0.000 dt=49.9ms policy_zmq_lag=0.5ms
[go2:sport] DRY cmd#260 seq=312 v=0.000 w=0.000 dt=50.5ms policy_zmq_lag=0.5ms
[go2:sport] DRY cmd#261 seq=313 v=0.000 w=0.000 dt=49.7ms policy_zmq_lag=0.7ms
[go2:sport] DRY cmd#262 seq=314 v=0.033 w=-0.033 dt=77.0ms policy_zmq_lag=0.9ms scan_age=68.5ms loop_to_send=26.9ms
[go2:sport] DRY cmd#263 seq=315 v=0.183 w=-0.183 dt=29.0ms policy_zmq_lag=0.6ms scan_age=37.9ms loop_to_send=6.2ms
[go2:sport] DRY cmd#264 seq=316 v=0.335 w=-0.416 dt=50.0ms policy_zmq_lag=0.6ms scan_age=27.8ms loop_to_send=5.9ms
[go2:sport] DRY cmd#265 seq=317 v=0.517 w=-0.682 dt=50.1ms policy_zmq_lag=0.6ms scan_age=38.8ms loop_to_send=6.3ms
[go2:sport] DRY cmd#266 seq=318 v=0.798 w=-0.832 dt=49.7ms policy_zmq_lag=0.6ms scan_age=47.5ms loop_to_send=5.9ms
[go2:sport] DRY cmd#267 seq=319 v=0.897 w=-0.831 dt=49.8ms policy_zmq_lag=0.6ms scan_age=37.3ms loop_to_send=5.8ms
[go2:sport] DRY cmd#268 seq=320 v=0.897 w=-0.832 dt=51.4ms policy_zmq_lag=0.7ms scan_age=48.6ms loop_to_send=7.1ms
[go2:sport] DRY cmd#269 seq=321 v=0.897 w=-0.832 dt=49.7ms policy_zmq_lag=0.7ms scan_age=38.5ms loop_to_send=6.6ms
[go2:sport] DRY cmd#270 seq=322 v=0.897 w=-0.832 dt=49.2ms policy_zmq_lag=0.6ms scan_age=47.7ms loop_to_send=6.2ms
[go2:sport] DRY cmd#271 seq=323 v=0.897 w=-0.832 dt=49.8ms policy_zmq_lag=0.6ms scan_age=37.4ms loop_to_send=6.0ms
[go2:sport] DRY cmd#272 seq=324 v=0.900 w=-0.748 dt=50.2ms policy_zmq_lag=0.7ms scan_age=27.6ms loop_to_send=5.9ms
[go2:sport] DRY cmd#273 seq=325 v=0.897 w=-0.832 dt=51.1ms policy_zmq_lag=0.6ms scan_age=39.8ms loop_to_send=7.2ms
[go2:sport] DRY cmd#274 seq=326 v=0.898 w=-0.831 dt=48.6ms policy_zmq_lag=0.6ms scan_age=47.5ms loop_to_send=5.9ms
[go2:sport] DRY cmd#275 seq=327 v=0.897 w=-0.831 dt=50.2ms policy_zmq_lag=0.7ms scan_age=37.4ms loop_to_send=6.0ms
[go2:sport] DRY cmd#276 seq=328 v=0.897 w=-0.832 dt=50.5ms policy_zmq_lag=0.6ms scan_age=48.2ms loop_to_send=6.5ms
[go2:sport] DRY cmd#277 seq=329 v=0.897 w=-0.832 dt=49.2ms policy_zmq_lag=0.6ms scan_age=37.3ms loop_to_send=5.8ms
[go2:sport] DRY cmd#278 seq=330 v=0.897 w=-0.831 dt=50.2ms policy_zmq_lag=0.6ms scan_age=47.5ms loop_to_send=6.0ms
[go2:sport] DRY cmd#279 seq=331 v=0.897 w=-0.832 dt=50.3ms policy_zmq_lag=0.6ms scan_age=37.7ms loop_to_send=6.2ms
[go2:sport] DRY cmd#280 seq=332 v=0.897 w=-0.832 dt=50.2ms policy_zmq_lag=0.6ms scan_age=47.7ms loop_to_send=6.3ms
[go2:sport] DRY cmd#281 seq=333 v=0.897 w=-0.832 dt=49.5ms policy_zmq_lag=0.6ms scan_age=37.5ms loop_to_send=5.8ms
[go2:sport] DRY cmd#282 seq=334 v=0.897 w=-0.832 dt=50.1ms policy_zmq_lag=0.7ms scan_age=47.3ms loop_to_send=5.9ms
[go2:sport] DRY cmd#283 seq=335 v=0.897 w=-0.832 dt=49.9ms policy_zmq_lag=0.6ms scan_age=38.2ms loop_to_send=5.9ms
[go2:sport] DRY cmd#284 seq=336 v=0.897 w=-0.831 dt=49.8ms policy_zmq_lag=0.6ms scan_age=47.2ms loop_to_send=5.8ms
[go2:sport] DRY cmd#285 seq=337 v=0.897 w=-0.832 dt=50.2ms policy_zmq_lag=0.6ms scan_age=38.4ms loop_to_send=5.9ms
[go2:sport] DRY cmd#286 seq=338 v=0.897 w=-0.832 dt=50.0ms policy_zmq_lag=0.6ms scan_age=47.6ms loop_to_send=5.9ms
[go2:sport] DRY cmd#287 seq=339 v=0.897 w=-0.831 dt=50.1ms policy_zmq_lag=0.7ms scan_age=37.4ms loop_to_send=6.0ms
[go2:sport] DRY cmd#288 seq=340 v=0.897 w=-0.832 dt=49.7ms policy_zmq_lag=0.6ms scan_age=47.2ms loop_to_send=5.7ms
[go2:sport] DRY cmd#289 seq=341 v=0.897 w=-0.831 dt=50.0ms policy_zmq_lag=0.6ms scan_age=37.4ms loop_to_send=5.8ms
[go2:sport] DRY cmd#290 seq=342 v=0.898 w=-0.833 dt=52.0ms policy_zmq_lag=0.6ms scan_age=29.3ms loop_to_send=6.6ms
[go2:sport] DRY cmd#291 seq=343 v=0.897 w=-0.832 dt=48.2ms policy_zmq_lag=0.6ms scan_age=38.4ms loop_to_send=5.9ms
[go2:sport] DRY cmd#292 seq=344 v=0.897 w=-0.832 dt=50.3ms policy_zmq_lag=0.6ms scan_age=47.9ms loop_to_send=6.1ms
[go2:sport] DRY cmd#293 seq=345 v=0.897 w=-0.831 dt=50.3ms policy_zmq_lag=0.6ms scan_age=38.2ms loop_to_send=6.6ms
[go2:sport] DRY cmd#294 seq=346 v=0.897 w=-0.832 dt=49.3ms policy_zmq_lag=0.6ms scan_age=47.5ms loop_to_send=5.9ms
[go2:sport] DRY cmd#295 seq=347 v=0.897 w=-0.832 dt=49.9ms policy_zmq_lag=0.5ms scan_age=37.4ms loop_to_send=5.8ms
[go2:sport] DRY cmd#296 seq=348 v=0.897 w=-0.832 dt=50.4ms policy_zmq_lag=0.6ms scan_age=48.5ms loop_to_send=6.1ms
[go2:sport] DRY cmd#297 seq=349 v=0.897 w=-0.832 dt=50.3ms policy_zmq_lag=0.8ms scan_age=37.8ms loop_to_send=6.3ms
[go2:sport] DRY cmd#298 seq=350 v=0.897 w=-0.832 dt=49.6ms policy_zmq_lag=0.6ms scan_age=48.2ms loop_to_send=6.0ms
[go2:sport] DRY cmd#299 seq=351 v=0.897 w=-0.831 dt=50.0ms policy_zmq_lag=0.6ms scan_age=37.5ms loop_to_send=6.0ms
[go2:sport] DRY cmd#300 seq=352 v=0.897 w=-0.832 dt=50.4ms policy_zmq_lag=0.7ms scan_age=48.6ms loop_to_send=6.2ms
[go2:sport] DRY cmd#301 seq=353 v=0.897 w=-0.832 dt=49.4ms policy_zmq_lag=0.6ms scan_age=38.2ms loop_to_send=5.8ms
[go2:sport] DRY cmd#302 seq=354 v=0.897 w=-0.832 dt=50.4ms policy_zmq_lag=0.7ms scan_age=48.4ms loop_to_send=6.0ms
[go2:sport] DRY cmd#303 seq=355 v=0.897 w=-0.832 dt=49.7ms policy_zmq_lag=0.7ms scan_age=37.4ms loop_to_send=5.8ms
[go2:sport] DRY cmd#304 seq=356 v=0.897 w=-0.832 dt=49.8ms policy_zmq_lag=0.6ms scan_age=48.2ms loop_to_send=5.7ms
[go2:sport] DRY cmd#305 seq=357 v=0.897 w=-0.831 dt=49.8ms policy_zmq_lag=0.6ms scan_age=37.1ms loop_to_send=5.5ms
[go2:sport] DRY cmd#306 seq=358 v=0.897 w=-0.832 dt=50.1ms policy_zmq_lag=0.6ms scan_age=48.1ms loop_to_send=5.7ms
[go2:sport] DRY cmd#307 seq=359 v=0.897 w=-0.831 dt=50.1ms policy_zmq_lag=0.6ms scan_age=37.3ms loop_to_send=5.8ms
[go2:sport] DRY cmd#308 seq=360 v=0.897 w=-0.832 dt=50.0ms policy_zmq_lag=0.6ms scan_age=48.2ms loop_to_send=5.8ms
[go2:sport] DRY cmd#309 seq=361 v=0.897 w=-0.831 dt=49.9ms policy_zmq_lag=0.6ms scan_age=37.2ms loop_to_send=5.7ms
[go2:sport] DRY cmd#310 seq=362 v=0.897 w=-0.832 dt=50.4ms policy_zmq_lag=0.7ms scan_age=47.5ms loop_to_send=6.0ms
[go2:sport] DRY cmd#311 seq=363 v=0.897 w=-0.831 dt=50.1ms policy_zmq_lag=0.7ms scan_age=38.5ms loop_to_send=6.1ms
[go2:sport] DRY cmd#312 seq=364 v=0.897 w=-0.832 dt=50.1ms policy_zmq_lag=0.8ms scan_age=47.6ms loop_to_send=6.1ms
[go2:sport] DRY cmd#313 seq=365 v=0.897 w=-0.832 dt=49.4ms policy_zmq_lag=0.6ms scan_age=37.2ms loop_to_send=5.8ms
[go2:sport] DRY cmd#314 seq=366 v=0.897 w=-0.831 dt=50.4ms policy_zmq_lag=0.7ms scan_age=48.5ms loop_to_send=6.0ms
[go2:sport] DRY cmd#315 seq=367 v=0.898 w=-0.832 dt=49.4ms policy_zmq_lag=0.6ms scan_age=37.9ms loop_to_send=5.6ms
[go2:sport] DRY cmd#316 seq=368 v=0.899 w=-0.834 dt=50.1ms policy_zmq_lag=0.6ms scan_age=48.0ms loop_to_send=5.7ms
[go2:sport] DRY cmd#317 seq=369 v=0.898 w=-0.832 dt=50.2ms policy_zmq_lag=0.6ms scan_age=37.4ms loop_to_send=5.9ms
[go2:sport] DRY cmd#318 seq=370 v=0.899 w=-0.835 dt=50.3ms policy_zmq_lag=0.7ms scan_age=47.7ms loop_to_send=6.1ms
[go2:sport] DRY cmd#319 seq=371 v=0.898 w=-0.832 dt=49.7ms policy_zmq_lag=0.6ms scan_age=37.4ms loop_to_send=5.9ms
[go2:sport] DRY cmd#320 seq=372 v=0.897 w=-0.832 dt=50.5ms policy_zmq_lag=0.7ms scan_age=47.7ms loop_to_send=6.3ms
[go2:sport] DRY cmd#321 seq=373 v=0.898 w=-0.833 dt=49.5ms policy_zmq_lag=0.6ms scan_age=37.3ms loop_to_send=5.9ms
[go2:sport] DRY cmd#322 seq=374 v=0.899 w=-0.835 dt=49.9ms policy_zmq_lag=0.6ms scan_age=47.3ms loop_to_send=5.8ms
[go2:sport] DRY cmd#323 seq=375 v=0.899 w=-0.802 dt=50.1ms policy_zmq_lag=0.6ms scan_age=38.3ms loop_to_send=5.7ms
[go2:sport] DRY cmd#324 seq=376 v=0.899 w=-0.835 dt=49.9ms policy_zmq_lag=0.6ms scan_age=48.2ms loop_to_send=5.8ms
[go2:sport] DRY cmd#325 seq=377 v=0.899 w=-0.803 dt=49.9ms policy_zmq_lag=0.6ms scan_age=37.2ms loop_to_send=5.8ms
[go2:sport] DRY cmd#326 seq=378 v=0.899 w=-0.835 dt=50.5ms policy_zmq_lag=0.7ms scan_age=48.5ms loop_to_send=6.1ms
[go2:sport] DRY cmd#327 seq=379 v=0.898 w=-0.825 dt=50.1ms policy_zmq_lag=0.7ms scan_age=37.8ms loop_to_send=6.2ms
[go2:sport] DRY cmd#328 seq=380 v=0.899 w=-0.836 dt=50.0ms policy_zmq_lag=0.7ms scan_age=47.7ms loop_to_send=6.2ms
[go2:sport] DRY cmd#329 seq=381 v=0.898 w=-0.832 dt=50.3ms policy_zmq_lag=0.8ms scan_age=37.9ms loop_to_send=6.4ms
[go2:sport] DRY cmd#330 seq=382 v=0.897 w=-0.831 dt=49.6ms policy_zmq_lag=0.7ms scan_age=48.7ms loop_to_send=6.2ms
[go2:sport] DRY cmd#331 seq=383 v=0.899 w=-0.798 dt=50.5ms policy_zmq_lag=0.7ms scan_age=38.2ms loop_to_send=6.7ms
[go2:sport] DRY cmd#332 seq=384 v=0.897 w=-0.831 dt=50.1ms policy_zmq_lag=0.7ms scan_age=49.3ms loop_to_send=6.3ms
[go2:sport] DRY cmd#333 seq=385 v=0.900 w=-0.750 dt=50.1ms policy_zmq_lag=0.6ms scan_age=38.4ms loop_to_send=7.0ms
[go2:sport] DRY cmd#334 seq=386 v=0.897 w=-0.831 dt=49.2ms policy_zmq_lag=0.6ms scan_age=49.6ms loop_to_send=6.2ms
[go2:sport] DRY cmd#335 seq=387 v=0.900 w=-0.749 dt=49.9ms policy_zmq_lag=0.6ms scan_age=38.5ms loop_to_send=6.1ms
[go2:sport] DRY cmd#336 seq=388 v=0.899 w=-0.832 dt=50.2ms policy_zmq_lag=0.6ms scan_age=47.7ms loop_to_send=6.3ms
[go2:sport] DRY cmd#337 seq=389 v=0.900 w=-0.750 dt=49.9ms policy_zmq_lag=0.6ms scan_age=37.8ms loop_to_send=6.2ms
[go2:sport] DRY cmd#338 seq=390 v=0.897 w=-0.831 dt=50.2ms policy_zmq_lag=0.7ms scan_age=47.9ms loop_to_send=6.3ms
[go2:sport] DRY cmd#339 seq=391 v=0.900 w=-0.751 dt=49.8ms policy_zmq_lag=0.6ms scan_age=38.5ms loop_to_send=6.2ms
[go2:sport] DRY cmd#340 seq=392 v=0.897 w=-0.831 dt=49.6ms policy_zmq_lag=0.6ms scan_age=47.3ms loop_to_send=5.8ms
[go2:sport] DRY cmd#341 seq=393 v=0.900 w=-0.748 dt=49.9ms policy_zmq_lag=0.6ms scan_age=37.1ms loop_to_send=5.8ms
[go2:sport] DRY cmd#342 seq=394 v=0.897 w=-0.831 dt=50.3ms policy_zmq_lag=0.6ms scan_age=48.4ms loop_to_send=6.1ms
[go2:sport] DRY cmd#343 seq=395 v=0.900 w=-0.750 dt=50.0ms policy_zmq_lag=0.6ms scan_age=38.3ms loop_to_send=6.0ms
[go2:sport] DRY cmd#344 seq=396 v=0.897 w=-0.832 dt=50.3ms policy_zmq_lag=0.6ms scan_age=47.8ms loop_to_send=6.2ms
[go2:sport] DRY cmd#345 seq=397 v=0.900 w=-0.749 dt=49.6ms policy_zmq_lag=0.6ms scan_age=37.4ms loop_to_send=5.9ms
[go2:sport] DRY cmd#346 seq=398 v=0.897 w=-0.832 dt=50.0ms policy_zmq_lag=0.6ms scan_age=47.5ms loop_to_send=6.0ms
[go2:sport] DRY cmd#347 seq=399 v=0.900 w=-0.749 dt=50.1ms policy_zmq_lag=0.7ms scan_age=37.4ms loop_to_send=5.9ms
[go2:sport] DRY cmd#348 seq=400 v=0.897 w=-0.832 dt=50.4ms policy_zmq_lag=0.7ms scan_age=47.7ms loop_to_send=6.1ms
[go2:sport] DRY cmd#349 seq=401 v=0.900 w=-0.750 dt=49.8ms policy_zmq_lag=0.7ms scan_age=37.5ms loop_to_send=6.1ms
[go2:sport] DRY cmd#350 seq=402 v=0.897 w=-0.832 dt=49.8ms policy_zmq_lag=0.6ms scan_age=47.4ms loop_to_send=6.0ms
[go2:sport] DRY cmd#351 seq=403 v=0.900 w=-0.749 dt=50.0ms policy_zmq_lag=0.7ms scan_age=37.4ms loop_to_send=6.0ms
[go2:sport] DRY cmd#352 seq=404 v=0.897 w=-0.832 dt=50.1ms policy_zmq_lag=0.7ms scan_age=47.4ms loop_to_send=6.0ms
[go2:sport] DRY cmd#353 seq=405 v=0.900 w=-0.748 dt=50.5ms policy_zmq_lag=0.6ms scan_age=38.0ms loop_to_send=6.6ms
[go2:sport] DRY cmd#354 seq=406 v=0.897 w=-0.832 dt=49.3ms policy_zmq_lag=0.6ms scan_age=47.4ms loop_to_send=6.0ms
[go2:sport] DRY cmd#355 seq=407 v=0.900 w=-0.747 dt=50.0ms policy_zmq_lag=0.6ms scan_age=38.1ms loop_to_send=5.9ms
[go2:sport] DRY cmd#356 seq=408 v=0.897 w=-0.832 dt=50.1ms policy_zmq_lag=0.6ms scan_age=48.2ms loop_to_send=5.9ms
[go2:sport] DRY cmd#357 seq=409 v=0.900 w=-0.747 dt=49.9ms policy_zmq_lag=0.6ms scan_age=37.3ms loop_to_send=5.9ms
[go2:sport] DRY cmd#358 seq=410 v=0.897 w=-0.831 dt=50.3ms policy_zmq_lag=0.6ms scan_age=47.6ms loop_to_send=6.1ms
[go2:sport] DRY cmd#359 seq=411 v=0.900 w=-0.748 dt=49.6ms policy_zmq_lag=0.6ms scan_age=37.3ms loop_to_send=5.9ms
[go2:sport] DRY cmd#360 seq=412 v=0.897 w=-0.832 dt=50.2ms policy_zmq_lag=0.6ms scan_age=47.4ms loop_to_send=5.9ms
[go2:sport] DRY cmd#361 seq=413 v=0.900 w=-0.749 dt=50.1ms policy_zmq_lag=0.8ms scan_age=37.4ms loop_to_send=5.9ms
[go2:sport] DRY cmd#362 seq=414 v=0.897 w=-0.832 dt=50.1ms policy_zmq_lag=0.8ms scan_age=47.4ms loop_to_send=6.0ms
[go2:sport] DRY cmd#363 seq=415 v=0.900 w=-0.748 dt=49.6ms policy_zmq_lag=0.6ms scan_age=37.1ms loop_to_send=5.8ms
[go2:sport] DRY cmd#364 seq=416 v=0.897 w=-0.832 dt=50.1ms policy_zmq_lag=0.6ms scan_age=48.0ms loop_to_send=5.8ms
[go2:sport] DRY cmd#365 seq=417 v=0.899 w=-0.799 dt=50.3ms policy_zmq_lag=0.6ms scan_age=37.6ms loop_to_send=6.1ms
[go2:sport] DRY cmd#366 seq=418 v=0.897 w=-0.832 dt=49.9ms policy_zmq_lag=0.6ms scan_age=47.4ms loop_to_send=6.0ms
[go2:sport] DRY cmd#367 seq=419 v=0.898 w=-0.831 dt=49.9ms policy_zmq_lag=0.7ms scan_age=37.3ms loop_to_send=5.9ms
[go2:sport] DRY cmd#368 seq=420 v=0.897 w=-0.832 dt=49.9ms policy_zmq_lag=0.6ms scan_age=48.2ms loop_to_send=5.9ms
[go2:sport] DRY cmd#369 seq=421 v=0.898 w=-0.831 dt=49.9ms policy_zmq_lag=0.6ms scan_age=38.2ms loop_to_send=5.8ms
[go2:sport] DRY cmd#370 seq=422 v=0.897 w=-0.831 dt=50.9ms policy_zmq_lag=0.8ms scan_age=48.0ms loop_to_send=6.5ms
[go2:sport] DRY cmd#371 seq=423 v=0.898 w=-0.833 dt=49.3ms policy_zmq_lag=0.6ms scan_age=38.2ms loop_to_send=6.0ms
[go2:sport] DRY cmd#372 seq=424 v=0.897 w=-0.832 dt=50.3ms policy_zmq_lag=0.6ms scan_age=48.5ms loop_to_send=6.4ms
[go2:sport] DRY cmd#373 seq=425 v=0.898 w=-0.833 dt=50.2ms policy_zmq_lag=0.6ms scan_age=38.0ms loop_to_send=6.6ms
[go2:sport] DRY cmd#374 seq=426 v=0.897 w=-0.832 dt=49.4ms policy_zmq_lag=0.6ms scan_age=48.5ms loop_to_send=6.1ms
[go2:sport] DRY cmd#375 seq=427 v=0.898 w=-0.832 dt=50.1ms policy_zmq_lag=0.6ms scan_age=37.6ms loop_to_send=6.2ms
[go2:sport] DRY cmd#376 seq=428 v=0.897 w=-0.832 dt=50.2ms policy_zmq_lag=0.6ms scan_age=47.7ms loop_to_send=6.3ms
[go2:sport] DRY cmd#377 seq=429 v=0.898 w=-0.832 dt=50.3ms policy_zmq_lag=0.7ms scan_age=38.0ms loop_to_send=6.6ms
[go2:sport] DRY cmd#378 seq=430 v=0.897 w=-0.832 dt=51.3ms policy_zmq_lag=0.7ms scan_age=50.1ms loop_to_send=6.8ms
[go2:sport] DRY cmd#379 seq=431 v=0.898 w=-0.831 dt=48.7ms policy_zmq_lag=0.6ms scan_age=37.9ms loop_to_send=6.5ms
[go2:sport] DRY cmd#380 seq=432 v=0.897 w=-0.831 dt=49.5ms policy_zmq_lag=0.6ms scan_age=48.4ms loop_to_send=6.1ms
[go2:sport] DRY cmd#381 seq=433 v=0.898 w=-0.831 dt=49.7ms policy_zmq_lag=0.6ms scan_age=37.2ms loop_to_send=5.8ms
[go2:sport] DRY cmd#382 seq=434 v=0.897 w=-0.832 dt=50.1ms policy_zmq_lag=0.6ms scan_age=48.2ms loop_to_send=5.9ms
[go2:sport] DRY cmd#383 seq=435 v=0.898 w=-0.832 dt=49.9ms policy_zmq_lag=0.6ms scan_age=38.0ms loop_to_send=5.8ms
[go2:sport] DRY cmd#384 seq=436 v=0.897 w=-0.832 dt=50.3ms policy_zmq_lag=0.7ms scan_age=47.4ms loop_to_send=6.0ms
[go2:sport] DRY cmd#385 seq=437 v=0.897 w=-0.831 dt=49.7ms policy_zmq_lag=0.6ms scan_age=38.4ms loop_to_send=5.8ms
[go2:sport] DRY cmd#386 seq=438 v=0.897 w=-0.832 dt=50.0ms policy_zmq_lag=0.6ms scan_age=48.3ms loop_to_send=5.8ms
[go2:sport] DRY cmd#387 seq=439 v=0.897 w=-0.832 dt=50.0ms policy_zmq_lag=0.6ms scan_age=38.2ms loop_to_send=5.8ms
[go2:sport] DRY cmd#388 seq=440 v=0.897 w=-0.831 dt=50.0ms policy_zmq_lag=0.6ms scan_age=48.0ms loop_to_send=5.8ms
[go2:sport] DRY cmd#389 seq=441 v=0.897 w=-0.832 dt=50.2ms policy_zmq_lag=0.7ms scan_age=38.4ms loop_to_send=5.9ms
[go2:sport] DRY cmd#390 seq=442 v=0.898 w=-0.832 dt=50.1ms policy_zmq_lag=0.6ms scan_age=47.4ms loop_to_send=5.9ms
[go2:sport] DRY cmd#391 seq=443 v=0.898 w=-0.831 dt=49.8ms policy_zmq_lag=0.6ms scan_age=37.2ms loop_to_send=5.9ms
[go2:sport] DRY cmd#392 seq=444 v=0.897 w=-0.832 dt=50.6ms policy_zmq_lag=0.6ms scan_age=47.7ms loop_to_send=6.2ms
[go2:sport] DRY cmd#393 seq=445 v=0.897 w=-0.832 dt=49.5ms policy_zmq_lag=0.6ms scan_age=38.6ms loop_to_send=5.9ms
[go2:sport] DRY cmd#394 seq=446 v=0.897 w=-0.831 dt=50.2ms policy_zmq_lag=0.7ms scan_age=48.5ms loop_to_send=6.0ms
[go2:sport] DRY cmd#395 seq=447 v=0.897 w=-0.832 dt=50.0ms policy_zmq_lag=0.7ms scan_age=38.4ms loop_to_send=6.1ms
[go2:sport] DRY cmd#396 seq=448 v=0.898 w=-0.831 dt=50.9ms policy_zmq_lag=0.7ms scan_age=48.2ms loop_to_send=6.5ms
[go2:sport] DRY cmd#397 seq=449 v=0.897 w=-0.831 dt=49.0ms policy_zmq_lag=0.7ms scan_age=37.3ms loop_to_send=5.9ms
[go2:sport] DRY cmd#398 seq=450 v=0.898 w=-0.831 dt=49.9ms policy_zmq_lag=0.6ms scan_age=48.1ms loop_to_send=5.9ms
[go2:sport] DRY cmd#399 seq=451 v=0.897 w=-0.832 dt=50.1ms policy_zmq_lag=0.6ms scan_age=38.3ms loop_to_send=6.0ms
[go2:sport] DRY cmd#400 seq=452 v=0.897 w=-0.832 dt=51.0ms policy_zmq_lag=0.6ms scan_age=29.4ms loop_to_send=6.5ms
[go2:sport] DRY cmd#401 seq=453 v=0.897 w=-0.832 dt=49.0ms policy_zmq_lag=0.7ms scan_age=38.6ms loop_to_send=5.9ms
[go2:sport] DRY cmd#402 seq=454 v=0.898 w=-0.831 dt=49.8ms policy_zmq_lag=0.6ms scan_age=48.1ms loop_to_send=5.9ms
[go2:sport] DRY cmd#403 seq=455 v=0.897 w=-0.831 dt=49.9ms policy_zmq_lag=0.6ms scan_age=38.1ms loop_to_send=5.8ms
[go2:sport] DRY cmd#404 seq=456 v=0.898 w=-0.832 dt=50.2ms policy_zmq_lag=0.6ms scan_age=48.2ms loop_to_send=6.0ms
[go2:sport] DRY cmd#405 seq=457 v=0.897 w=-0.831 dt=49.9ms policy_zmq_lag=0.6ms scan_age=38.5ms loop_to_send=5.9ms
[go2:sport] DRY cmd#406 seq=458 v=0.898 w=-0.831 dt=50.2ms policy_zmq_lag=0.6ms scan_age=48.3ms loop_to_send=6.1ms
[go2:sport] DRY cmd#407 seq=459 v=0.897 w=-0.832 dt=49.7ms policy_zmq_lag=0.6ms scan_age=38.4ms loop_to_send=5.8ms
[go2:sport] DRY cmd#408 seq=460 v=0.898 w=-0.832 dt=50.3ms policy_zmq_lag=0.7ms scan_age=48.4ms loop_to_send=6.1ms
[go2:sport] DRY cmd#409 seq=461 v=0.897 w=-0.832 dt=49.6ms policy_zmq_lag=0.6ms scan_age=38.0ms loop_to_send=5.8ms
[go2:sport] DRY cmd#410 seq=462 v=0.899 w=-0.799 dt=50.4ms policy_zmq_lag=0.7ms scan_age=48.3ms loop_to_send=6.1ms
[go2:sport] DRY cmd#411 seq=463 v=0.897 w=-0.832 dt=49.7ms policy_zmq_lag=0.6ms scan_age=38.1ms loop_to_send=5.8ms
[go2:sport] DRY cmd#412 seq=464 v=0.900 w=-0.750 dt=50.3ms policy_zmq_lag=0.6ms scan_age=48.7ms loop_to_send=6.1ms
[go2:sport] DRY cmd#413 seq=465 v=0.897 w=-0.832 dt=49.7ms policy_zmq_lag=0.6ms scan_age=38.0ms loop_to_send=5.8ms
[go2:sport] DRY cmd#414 seq=466 v=0.899 w=-0.799 dt=50.5ms policy_zmq_lag=0.8ms scan_age=48.6ms loop_to_send=6.2ms
[go2:sport] DRY cmd#415 seq=467 v=0.897 w=-0.832 dt=50.2ms policy_zmq_lag=0.7ms scan_age=38.6ms loop_to_send=6.4ms
[go2:sport] DRY cmd#416 seq=468 v=0.899 w=-0.798 dt=49.5ms policy_zmq_lag=0.5ms scan_age=48.3ms loop_to_send=6.0ms
[go2:sport] DRY cmd#417 seq=469 v=0.897 w=-0.832 dt=49.8ms policy_zmq_lag=0.6ms scan_age=38.0ms loop_to_send=5.8ms
[go2:sport] DRY cmd#418 seq=470 v=0.899 w=-0.799 dt=49.9ms policy_zmq_lag=0.6ms scan_age=47.9ms loop_to_send=5.8ms
[go2:sport] DRY cmd#419 seq=471 v=0.894 w=-0.835 dt=50.1ms policy_zmq_lag=0.6ms scan_age=38.0ms loop_to_send=5.8ms
[go2:sport] DRY cmd#420 seq=472 v=0.897 w=-0.832 dt=50.5ms policy_zmq_lag=0.6ms scan_age=28.9ms loop_to_send=5.9ms
[go2:sport] DRY cmd#421 seq=473 v=0.897 w=-0.832 dt=49.4ms policy_zmq_lag=0.7ms scan_age=37.8ms loop_to_send=5.7ms
[go2:sport] DRY cmd#422 seq=474 v=0.897 w=-0.831 dt=50.8ms policy_zmq_lag=0.6ms scan_age=28.6ms loop_to_send=6.0ms
[go2:sport] DRY cmd#423 seq=475 v=0.897 w=-0.832 dt=49.3ms policy_zmq_lag=0.5ms scan_age=37.9ms loop_to_send=5.9ms
[go2:sport] DRY cmd#424 seq=476 v=0.900 w=-0.749 dt=50.1ms policy_zmq_lag=0.6ms scan_age=48.2ms loop_to_send=5.9ms
[go2:sport] DRY cmd#425 seq=477 v=0.897 w=-0.832 dt=50.1ms policy_zmq_lag=0.7ms scan_age=37.9ms loop_to_send=6.0ms
[go2:sport] DRY cmd#426 seq=478 v=0.897 w=-0.831 dt=50.5ms policy_zmq_lag=0.8ms scan_age=28.5ms loop_to_send=6.0ms
[go2:sport] DRY cmd#427 seq=479 v=0.897 w=-0.832 dt=49.7ms policy_zmq_lag=0.6ms scan_age=39.0ms loop_to_send=6.3ms
[go2:sport] DRY cmd#428 seq=480 v=0.900 w=-0.751 dt=49.4ms policy_zmq_lag=0.5ms scan_age=47.9ms loop_to_send=5.7ms
[go2:sport] DRY cmd#429 seq=481 v=0.897 w=-0.832 dt=50.1ms policy_zmq_lag=0.6ms scan_age=38.3ms loop_to_send=5.8ms
[go2:sport] DRY cmd#430 seq=482 v=0.900 w=-0.748 dt=49.9ms policy_zmq_lag=0.6ms scan_age=48.2ms loop_to_send=5.7ms
[go2:sport] DRY cmd#431 seq=483 v=0.897 w=-0.832 dt=50.3ms policy_zmq_lag=0.7ms scan_age=38.4ms loop_to_send=5.9ms
[go2:sport] DRY cmd#432 seq=484 v=0.900 w=-0.750 dt=49.9ms policy_zmq_lag=0.7ms scan_age=48.3ms loop_to_send=5.8ms
[go2:sport] DRY cmd#433 seq=485 v=0.897 w=-0.832 dt=50.3ms policy_zmq_lag=0.7ms scan_age=38.5ms loop_to_send=6.0ms
[go2:sport] DRY cmd#434 seq=486 v=0.900 w=-0.747 dt=49.7ms policy_zmq_lag=0.6ms scan_age=48.3ms loop_to_send=5.7ms
[go2:sport] DRY cmd#435 seq=487 v=0.897 w=-0.832 dt=50.2ms policy_zmq_lag=0.7ms scan_age=38.4ms loop_to_send=5.9ms
[go2:sport] DRY cmd#436 seq=488 v=0.900 w=-0.750 dt=50.0ms policy_zmq_lag=0.7ms scan_age=48.4ms loop_to_send=5.9ms
[go2:sport] DRY cmd#437 seq=489 v=0.897 w=-0.832 dt=49.7ms policy_zmq_lag=0.6ms scan_age=38.4ms loop_to_send=5.7ms
[go2:sport] DRY cmd#438 seq=490 v=0.900 w=-0.749 dt=50.1ms policy_zmq_lag=0.6ms scan_age=48.3ms loop_to_send=5.9ms
[go2:sport] DRY cmd#439 seq=491 v=0.897 w=-0.832 dt=50.7ms policy_zmq_lag=0.6ms scan_age=39.0ms loop_to_send=6.3ms
[go2:sport] DRY cmd#440 seq=492 v=0.898 w=-0.832 dt=49.7ms policy_zmq_lag=0.6ms scan_age=28.5ms loop_to_send=5.8ms
[go2:sport] DRY cmd#441 seq=493 v=0.897 w=-0.831 dt=49.6ms policy_zmq_lag=0.6ms scan_age=37.8ms loop_to_send=5.8ms
[go2:sport] DRY cmd#442 seq=494 v=0.900 w=-0.750 dt=50.4ms policy_zmq_lag=0.6ms scan_age=48.3ms loop_to_send=6.0ms
[go2:sport] DRY cmd#443 seq=495 v=0.897 w=-0.831 dt=49.8ms policy_zmq_lag=0.6ms scan_age=38.0ms loop_to_send=5.9ms
[go2:sport] DRY cmd#444 seq=496 v=0.898 w=-0.833 dt=50.6ms policy_zmq_lag=0.6ms scan_age=28.7ms loop_to_send=6.2ms
[go2:sport] DRY cmd#445 seq=497 v=0.899 w=-0.835 dt=49.8ms policy_zmq_lag=0.7ms scan_age=38.5ms loop_to_send=6.0ms
[go2:sport] DRY cmd#446 seq=498 v=0.900 w=-0.835 dt=49.4ms policy_zmq_lag=0.6ms scan_age=48.1ms loop_to_send=5.8ms
[go2:sport] DRY cmd#447 seq=499 v=0.899 w=-0.835 dt=49.9ms policy_zmq_lag=0.6ms scan_age=38.0ms loop_to_send=5.7ms
[go2:sport] DRY cmd#448 seq=500 v=0.900 w=-0.835 dt=50.3ms policy_zmq_lag=0.7ms scan_age=48.5ms loop_to_send=5.9ms
[go2:sport] DRY cmd#449 seq=501 v=0.899 w=-0.836 dt=50.2ms policy_zmq_lag=0.7ms scan_age=38.8ms loop_to_send=6.2ms
[go2:sport] DRY cmd#450 seq=502 v=0.899 w=-0.803 dt=49.5ms policy_zmq_lag=0.6ms scan_age=48.0ms loop_to_send=5.8ms
[go2:sport] DRY cmd#451 seq=503 v=0.899 w=-0.835 dt=50.2ms policy_zmq_lag=0.7ms scan_age=38.0ms loop_to_send=5.9ms
[go2:sport] DRY cmd#452 seq=504 v=0.899 w=-0.802 dt=50.1ms policy_zmq_lag=0.7ms scan_age=48.6ms loop_to_send=5.9ms
[go2:sport] DRY cmd#453 seq=505 v=0.899 w=-0.836 dt=49.7ms policy_zmq_lag=0.6ms scan_age=37.9ms loop_to_send=5.8ms
[go2:sport] DRY cmd#454 seq=506 v=0.900 w=-0.750 dt=50.3ms policy_zmq_lag=0.6ms scan_age=28.1ms loop_to_send=5.7ms
[go2:sport] DRY cmd#455 seq=507 v=0.900 w=-0.835 dt=49.7ms policy_zmq_lag=0.6ms scan_age=38.3ms loop_to_send=5.7ms
[go2:sport] DRY cmd#456 seq=508 v=0.898 w=-0.831 dt=50.3ms policy_zmq_lag=0.7ms scan_age=48.4ms loop_to_send=5.9ms
[go2:sport] DRY cmd#457 seq=509 v=0.898 w=-0.831 dt=50.1ms policy_zmq_lag=0.8ms scan_age=38.2ms loop_to_send=5.9ms
[go2:sport] DRY cmd#458 seq=510 v=0.900 w=-0.750 dt=50.1ms policy_zmq_lag=0.5ms scan_age=28.9ms loop_to_send=5.7ms
[go2:sport] DRY cmd#459 seq=511 v=0.897 w=-0.831 dt=49.7ms policy_zmq_lag=0.6ms scan_age=38.1ms loop_to_send=6.0ms
[go2:sport] DRY cmd#460 seq=512 v=0.900 w=-0.750 dt=50.3ms policy_zmq_lag=0.5ms scan_age=28.8ms loop_to_send=5.8ms
[go2:sport] DRY cmd#461 seq=513 v=0.897 w=-0.831 dt=49.6ms policy_zmq_lag=0.5ms scan_age=38.1ms loop_to_send=5.9ms
[go2:sport] DRY cmd#462 seq=514 v=0.898 w=-0.832 dt=50.1ms policy_zmq_lag=0.7ms scan_age=48.0ms loop_to_send=5.9ms
[go2:sport] DRY cmd#463 seq=515 v=0.897 w=-0.831 dt=50.0ms policy_zmq_lag=0.6ms scan_age=38.6ms loop_to_send=5.9ms
[go2:sport] DRY cmd#464 seq=516 v=0.898 w=-0.832 dt=50.2ms policy_zmq_lag=0.6ms scan_age=48.7ms loop_to_send=6.0ms
[go2:sport] DRY cmd#465 seq=517 v=0.897 w=-0.832 dt=49.9ms policy_zmq_lag=0.7ms scan_age=38.4ms loop_to_send=5.9ms
[go2:sport] DRY cmd#466 seq=518 v=0.900 w=-0.752 dt=50.1ms policy_zmq_lag=0.7ms scan_age=28.7ms loop_to_send=5.8ms
[go2:sport] DRY cmd#467 seq=519 v=0.897 w=-0.832 dt=49.7ms policy_zmq_lag=0.6ms scan_age=38.3ms loop_to_send=5.8ms
[go2:sport] DRY cmd#468 seq=520 v=0.900 w=-0.748 dt=50.0ms policy_zmq_lag=0.6ms scan_age=28.1ms loop_to_send=5.7ms
[go2:sport] DRY cmd#469 seq=521 v=0.897 w=-0.832 dt=50.0ms policy_zmq_lag=0.6ms scan_age=38.0ms loop_to_send=5.9ms
[go2:sport] DRY cmd#470 seq=522 v=0.900 w=-0.746 dt=52.0ms policy_zmq_lag=0.7ms scan_age=29.9ms loop_to_send=6.6ms
[go2:sport] DRY cmd#471 seq=523 v=0.897 w=-0.832 dt=48.2ms policy_zmq_lag=0.7ms scan_age=38.1ms loop_to_send=5.9ms
[go2:sport] DRY cmd#472 seq=524 v=0.900 w=-0.749 dt=50.0ms policy_zmq_lag=0.6ms scan_age=28.3ms loop_to_send=5.7ms
[go2:sport] DRY cmd#473 seq=525 v=0.897 w=-0.832 dt=50.1ms policy_zmq_lag=0.7ms scan_age=38.2ms loop_to_send=6.0ms
[go2:sport] DRY cmd#474 seq=526 v=0.897 w=-0.832 dt=50.0ms policy_zmq_lag=0.7ms scan_age=48.8ms loop_to_send=6.0ms
[go2:sport] DRY cmd#475 seq=527 v=0.897 w=-0.832 dt=49.9ms policy_zmq_lag=0.7ms scan_age=38.5ms loop_to_send=5.9ms
[go2:sport] DRY cmd#476 seq=528 v=0.900 w=-0.749 dt=50.4ms policy_zmq_lag=0.6ms scan_age=28.9ms loop_to_send=6.2ms
[go2:sport] DRY cmd#477 seq=529 v=0.897 w=-0.832 dt=49.2ms policy_zmq_lag=0.6ms scan_age=37.8ms loop_to_send=5.6ms
[go2:sport] DRY cmd#478 seq=530 v=0.897 w=-0.831 dt=50.4ms policy_zmq_lag=0.7ms scan_age=48.5ms loop_to_send=5.9ms
[go2:sport] DRY cmd#479 seq=531 v=0.897 w=-0.832 dt=49.8ms policy_zmq_lag=0.6ms scan_age=38.5ms loop_to_send=5.9ms
[go2:sport] DRY cmd#480 seq=532 v=0.897 w=-0.831 dt=49.8ms policy_zmq_lag=0.6ms scan_age=47.9ms loop_to_send=5.8ms
[go2:sport] DRY cmd#481 seq=533 v=0.897 w=-0.831 dt=50.3ms policy_zmq_lag=0.8ms scan_age=38.3ms loop_to_send=5.9ms
[go2:sport] DRY cmd#482 seq=534 v=0.897 w=-0.831 dt=49.9ms policy_zmq_lag=0.8ms scan_age=48.5ms loop_to_send=5.8ms
[go2:sport] DRY cmd#483 seq=535 v=0.897 w=-0.832 dt=50.1ms policy_zmq_lag=0.7ms scan_age=38.6ms loop_to_send=5.9ms
[go2:sport] DRY cmd#484 seq=536 v=0.899 w=-0.797 dt=51.0ms policy_zmq_lag=0.8ms scan_age=29.1ms loop_to_send=6.4ms
[go2:sport] DRY cmd#485 seq=537 v=0.897 w=-0.832 dt=48.7ms policy_zmq_lag=0.6ms scan_age=37.9ms loop_to_send=5.8ms
[go2:sport] DRY cmd#486 seq=538 v=0.897 w=-0.831 dt=50.1ms policy_zmq_lag=0.6ms scan_age=48.4ms loop_to_send=5.8ms
[go2:sport] DRY cmd#487 seq=539 v=0.897 w=-0.832 dt=49.9ms policy_zmq_lag=0.6ms scan_age=37.9ms loop_to_send=5.7ms
[go2:sport] DRY cmd#488 seq=540 v=0.897 w=-0.831 dt=50.1ms policy_zmq_lag=0.6ms scan_age=48.1ms loop_to_send=5.9ms
[go2:sport] DRY cmd#489 seq=541 v=0.897 w=-0.832 dt=49.8ms policy_zmq_lag=0.6ms scan_age=37.9ms loop_to_send=5.7ms
[go2:sport] DRY cmd#490 seq=542 v=0.899 w=-0.833 dt=50.3ms policy_zmq_lag=0.6ms scan_age=28.6ms loop_to_send=5.6ms
[go2:sport] DRY cmd#491 seq=543 v=0.897 w=-0.832 dt=49.9ms policy_zmq_lag=0.7ms scan_age=38.3ms loop_to_send=5.8ms
[go2:sport] DRY cmd#492 seq=544 v=0.897 w=-0.831 dt=50.0ms policy_zmq_lag=0.7ms scan_age=48.5ms loop_to_send=5.8ms
[go2:sport] DRY cmd#493 seq=545 v=0.897 w=-0.831 dt=49.8ms policy_zmq_lag=0.6ms scan_age=38.3ms loop_to_send=5.8ms
[go2:sport] DRY cmd#494 seq=546 v=0.897 w=-0.831 dt=50.2ms policy_zmq_lag=0.6ms scan_age=48.5ms loop_to_send=5.9ms
[go2:sport] DRY cmd#495 seq=547 v=0.897 w=-0.832 dt=50.0ms policy_zmq_lag=0.7ms scan_age=38.5ms loop_to_send=5.9ms
[go2:sport] DRY cmd#496 seq=548 v=0.897 w=-0.832 dt=50.1ms policy_zmq_lag=0.6ms scan_age=48.7ms loop_to_send=6.0ms
[go2:sport] DRY cmd#497 seq=549 v=0.897 w=-0.831 dt=49.9ms policy_zmq_lag=0.7ms scan_age=38.5ms loop_to_send=5.9ms
[go2:sport] DRY cmd#498 seq=550 v=0.898 w=-0.831 dt=50.5ms policy_zmq_lag=0.5ms scan_age=29.0ms loop_to_send=5.9ms
[go2:sport] DRY cmd#499 seq=551 v=0.897 w=-0.832 dt=49.6ms policy_zmq_lag=0.5ms scan_age=38.6ms loop_to_send=6.1ms
[go2:sport] DRY cmd#500 seq=552 v=0.897 w=-0.831 dt=49.8ms policy_zmq_lag=0.6ms scan_age=48.6ms loop_to_send=5.8ms
[go2:sport] DRY cmd#501 seq=553 v=0.897 w=-0.832 dt=49.9ms policy_zmq_lag=0.6ms scan_age=38.4ms loop_to_send=5.8ms
[go2:sport] DRY cmd#502 seq=554 v=0.897 w=-0.831 dt=50.1ms policy_zmq_lag=0.6ms scan_age=47.7ms loop_to_send=5.9ms
[go2:sport] DRY cmd#503 seq=555 v=0.897 w=-0.832 dt=51.2ms policy_zmq_lag=0.6ms scan_age=39.6ms loop_to_send=5.9ms
[go2:sport] DRY cmd#504 seq=556 v=0.897 w=-0.832 dt=48.9ms policy_zmq_lag=0.6ms scan_age=48.0ms loop_to_send=5.9ms
[go2:sport] DRY cmd#505 seq=557 v=0.897 w=-0.832 dt=49.9ms policy_zmq_lag=0.6ms scan_age=38.5ms loop_to_send=5.8ms
[go2:sport] DRY cmd#506 seq=558 v=0.897 w=-0.832 dt=50.2ms policy_zmq_lag=0.6ms scan_age=47.8ms loop_to_send=5.9ms
[go2:sport] DRY cmd#507 seq=559 v=0.897 w=-0.831 dt=50.0ms policy_zmq_lag=0.6ms scan_age=38.6ms loop_to_send=6.0ms
[go2:sport] DRY cmd#508 seq=560 v=0.898 w=-0.832 dt=50.1ms policy_zmq_lag=0.5ms scan_age=28.8ms loop_to_send=5.7ms
[go2:sport] DRY cmd#509 seq=561 v=0.898 w=-0.832 dt=49.5ms policy_zmq_lag=0.5ms scan_age=38.3ms loop_to_send=5.7ms
[go2:sport] DRY cmd#510 seq=562 v=0.895 w=-0.835 dt=50.5ms policy_zmq_lag=0.7ms scan_age=48.0ms loop_to_send=6.0ms
[go2:sport] DRY cmd#511 seq=563 v=0.897 w=-0.831 dt=49.9ms policy_zmq_lag=0.7ms scan_age=38.4ms loop_to_send=5.9ms
[go2:sport] DRY cmd#512 seq=564 v=0.897 w=-0.832 dt=50.1ms policy_zmq_lag=0.7ms scan_age=48.0ms loop_to_send=5.9ms
[go2:sport] DRY cmd#513 seq=565 v=0.897 w=-0.831 dt=49.8ms policy_zmq_lag=0.6ms scan_age=38.5ms loop_to_send=5.9ms
[go2:sport] DRY cmd#514 seq=566 v=0.895 w=-0.834 dt=51.1ms policy_zmq_lag=0.7ms scan_age=49.4ms loop_to_send=6.5ms
[go2:sport] DRY cmd#515 seq=567 v=0.897 w=-0.831 dt=49.7ms policy_zmq_lag=0.6ms scan_age=39.2ms loop_to_send=6.5ms
[go2:sport] DRY cmd#516 seq=568 v=0.897 w=-0.832 dt=49.5ms policy_zmq_lag=0.6ms scan_age=48.8ms loop_to_send=6.0ms
[go2:sport] DRY cmd#517 seq=569 v=0.897 w=-0.832 dt=50.3ms policy_zmq_lag=0.6ms scan_age=38.9ms loop_to_send=6.2ms
[go2:sport] DRY cmd#518 seq=570 v=0.897 w=-0.831 dt=50.0ms policy_zmq_lag=0.6ms scan_age=49.0ms loop_to_send=6.2ms
[go2:sport] DRY cmd#519 seq=571 v=0.898 w=-0.832 dt=49.9ms policy_zmq_lag=0.6ms scan_age=38.7ms loop_to_send=6.2ms
[go2:sport] DRY cmd#520 seq=572 v=0.899 w=-0.835 dt=50.6ms policy_zmq_lag=0.8ms scan_age=49.3ms loop_to_send=6.5ms
[go2:sport] DRY cmd#521 seq=573 v=0.898 w=-0.832 dt=49.7ms policy_zmq_lag=0.8ms scan_age=38.9ms loop_to_send=6.3ms
[go2:sport] DRY cmd#522 seq=574 v=0.899 w=-0.835 dt=49.6ms policy_zmq_lag=0.5ms scan_age=48.7ms loop_to_send=6.1ms
[go2:sport] DRY cmd#523 seq=575 v=0.898 w=-0.832 dt=50.9ms policy_zmq_lag=0.6ms scan_age=39.5ms loop_to_send=6.6ms
[go2:sport] DRY cmd#524 seq=576 v=0.897 w=-0.831 dt=49.7ms policy_zmq_lag=0.6ms scan_age=48.6ms loop_to_send=6.5ms
[go2:sport] DRY cmd#525 seq=577 v=0.898 w=-0.832 dt=49.5ms policy_zmq_lag=0.6ms scan_age=38.7ms loop_to_send=6.2ms
[go2:sport] DRY cmd#526 seq=578 v=0.897 w=-0.831 dt=49.6ms policy_zmq_lag=0.5ms scan_age=48.0ms loop_to_send=5.8ms
[go2:sport] DRY cmd#527 seq=579 v=0.898 w=-0.832 dt=50.7ms policy_zmq_lag=0.7ms scan_age=39.0ms loop_to_send=6.5ms
[go2:sport] DRY cmd#528 seq=580 v=0.899 w=-0.836 dt=50.1ms policy_zmq_lag=0.7ms scan_age=49.1ms loop_to_send=6.5ms
[go2:sport] DRY cmd#529 seq=581 v=0.899 w=-0.804 dt=49.7ms policy_zmq_lag=0.6ms scan_age=38.9ms loop_to_send=6.3ms
[go2:sport] DRY cmd#530 seq=582 v=0.899 w=-0.835 dt=49.6ms policy_zmq_lag=0.6ms scan_age=48.6ms loop_to_send=5.9ms
[go2:sport] DRY cmd#531 seq=583 v=0.898 w=-0.801 dt=49.8ms policy_zmq_lag=0.6ms scan_age=38.5ms loop_to_send=5.8ms
[go2:sport] DRY cmd#532 seq=584 v=0.900 w=-0.836 dt=50.4ms policy_zmq_lag=0.7ms scan_age=48.8ms loop_to_send=5.9ms
[go2:sport] DRY cmd#533 seq=585 v=0.898 w=-0.832 dt=50.3ms policy_zmq_lag=0.6ms scan_age=38.9ms loop_to_send=6.3ms
[go2:sport] DRY cmd#534 seq=586 v=0.898 w=-0.832 dt=50.2ms policy_zmq_lag=0.6ms scan_age=49.3ms loop_to_send=6.6ms
[go2:sport] DRY cmd#535 seq=587 v=0.899 w=-0.800 dt=49.4ms policy_zmq_lag=0.7ms scan_age=38.5ms loop_to_send=6.0ms
[go2:sport] DRY cmd#536 seq=588 v=0.897 w=-0.831 dt=50.1ms policy_zmq_lag=0.7ms scan_age=48.8ms loop_to_send=6.0ms
[go2:sport] DRY cmd#537 seq=589 v=0.899 w=-0.798 dt=50.4ms policy_zmq_lag=0.6ms scan_age=39.3ms loop_to_send=6.5ms
[go2:sport] DRY cmd#538 seq=590 v=0.897 w=-0.831 dt=50.0ms policy_zmq_lag=0.6ms scan_age=49.2ms loop_to_send=6.5ms
[go2:sport] DRY cmd#539 seq=591 v=0.900 w=-0.752 dt=50.2ms policy_zmq_lag=0.6ms scan_age=39.3ms loop_to_send=6.6ms
[go2:sport] DRY cmd#540 seq=592 v=0.899 w=-0.835 dt=49.2ms policy_zmq_lag=0.6ms scan_age=48.6ms loop_to_send=5.8ms
[go2:sport] DRY cmd#541 seq=593 v=0.900 w=-0.747 dt=49.9ms policy_zmq_lag=0.6ms scan_age=38.3ms loop_to_send=5.8ms
[go2:sport] DRY cmd#542 seq=594 v=0.897 w=-0.832 dt=50.3ms policy_zmq_lag=0.7ms scan_age=48.6ms loop_to_send=6.0ms
[go2:sport] DRY cmd#543 seq=595 v=0.900 w=-0.749 dt=49.7ms policy_zmq_lag=0.6ms scan_age=38.4ms loop_to_send=5.8ms
[go2:sport] DRY cmd#544 seq=596 v=0.897 w=-0.831 dt=50.3ms policy_zmq_lag=0.6ms scan_age=48.7ms loop_to_send=6.0ms
[go2:sport] DRY cmd#545 seq=597 v=0.900 w=-0.749 dt=50.2ms policy_zmq_lag=0.5ms scan_age=39.0ms loop_to_send=6.4ms
[go2:sport] DRY cmd#546 seq=598 v=0.897 w=-0.831 dt=49.5ms policy_zmq_lag=0.6ms scan_age=48.3ms loop_to_send=5.8ms
[go2:sport] DRY cmd#547 seq=599 v=0.900 w=-0.751 dt=50.0ms policy_zmq_lag=0.6ms scan_age=38.3ms loop_to_send=5.8ms
[go2:sport] DRY cmd#548 seq=600 v=0.897 w=-0.832 dt=50.4ms policy_zmq_lag=0.7ms scan_age=48.6ms loop_to_send=5.9ms
[go2:sport] DRY cmd#549 seq=601 v=0.900 w=-0.748 dt=49.9ms policy_zmq_lag=0.6ms scan_age=38.6ms loop_to_send=6.0ms
[go2:sport] DRY cmd#550 seq=602 v=0.897 w=-0.832 dt=49.6ms policy_zmq_lag=0.6ms scan_age=48.4ms loop_to_send=5.8ms
[go2:sport] DRY cmd#551 seq=603 v=0.900 w=-0.749 dt=50.1ms policy_zmq_lag=0.6ms scan_age=38.6ms loop_to_send=5.9ms
[go2:sport] DRY cmd#552 seq=604 v=0.897 w=-0.831 dt=50.4ms policy_zmq_lag=0.6ms scan_age=48.9ms loop_to_send=6.0ms
[go2:sport] DRY cmd#553 seq=605 v=0.900 w=-0.749 dt=49.9ms policy_zmq_lag=0.7ms scan_age=38.5ms loop_to_send=5.9ms
[go2:sport] DRY cmd#554 seq=606 v=0.897 w=-0.831 dt=49.9ms policy_zmq_lag=0.6ms scan_age=48.6ms loop_to_send=5.9ms
[go2:sport] DRY cmd#555 seq=607 v=0.900 w=-0.749 dt=49.7ms policy_zmq_lag=0.6ms scan_age=38.4ms loop_to_send=5.8ms
[go2:sport] DRY cmd#556 seq=608 v=0.897 w=-0.831 dt=50.1ms policy_zmq_lag=0.6ms scan_age=48.5ms loop_to_send=5.9ms
[go2:sport] DRY cmd#557 seq=609 v=0.900 w=-0.749 dt=50.0ms policy_zmq_lag=0.6ms scan_age=38.4ms loop_to_send=5.8ms
[go2:sport] DRY cmd#558 seq=610 v=0.897 w=-0.832 dt=50.1ms policy_zmq_lag=0.6ms scan_age=48.5ms loop_to_send=5.9ms
[go2:sport] DRY cmd#559 seq=611 v=0.900 w=-0.750 dt=49.8ms policy_zmq_lag=0.6ms scan_age=38.4ms loop_to_send=5.8ms
[go2:sport] DRY cmd#560 seq=612 v=0.897 w=-0.832 dt=50.7ms policy_zmq_lag=0.6ms scan_age=49.1ms loop_to_send=6.4ms
[go2:sport] DRY cmd#561 seq=613 v=0.900 w=-0.751 dt=49.8ms policy_zmq_lag=0.6ms scan_age=39.0ms loop_to_send=6.2ms
[go2:sport] DRY cmd#562 seq=614 v=0.897 w=-0.831 dt=50.0ms policy_zmq_lag=0.6ms scan_age=48.8ms loop_to_send=6.1ms
[go2:sport] DRY cmd#563 seq=615 v=0.900 w=-0.750 dt=49.9ms policy_zmq_lag=0.6ms scan_age=38.7ms loop_to_send=6.1ms
[go2:sport] DRY cmd#564 seq=616 v=0.897 w=-0.832 dt=50.4ms policy_zmq_lag=0.6ms scan_age=49.1ms loop_to_send=6.3ms
[go2:sport] DRY cmd#565 seq=617 v=0.900 w=-0.750 dt=49.5ms policy_zmq_lag=0.6ms scan_age=38.7ms loop_to_send=6.0ms
[go2:sport] DRY cmd#566 seq=618 v=0.897 w=-0.832 dt=50.5ms policy_zmq_lag=0.7ms scan_age=49.1ms loop_to_send=6.4ms
[go2:sport] DRY cmd#567 seq=619 v=0.900 w=-0.751 dt=49.4ms policy_zmq_lag=0.6ms scan_age=38.5ms loop_to_send=5.9ms
[go2:sport] DRY cmd#568 seq=620 v=0.897 w=-0.832 dt=51.0ms policy_zmq_lag=0.6ms scan_age=49.5ms loop_to_send=6.3ms
[go2:sport] DRY cmd#569 seq=621 v=0.899 w=-0.800 dt=49.3ms policy_zmq_lag=0.6ms scan_age=38.8ms loop_to_send=6.2ms
[go2:sport] DRY cmd#570 seq=622 v=0.897 w=-0.832 dt=50.0ms policy_zmq_lag=0.6ms scan_age=48.9ms loop_to_send=6.2ms
[go2:sport] DRY cmd#571 seq=623 v=0.898 w=-0.832 dt=49.8ms policy_zmq_lag=0.6ms scan_age=38.6ms loop_to_send=6.0ms
[go2:sport] DRY cmd#572 seq=624 v=0.897 w=-0.832 dt=49.9ms policy_zmq_lag=0.6ms scan_age=48.5ms loop_to_send=5.9ms
[go2:sport] DRY cmd#573 seq=625 v=0.898 w=-0.832 dt=49.9ms policy_zmq_lag=0.6ms scan_age=38.3ms loop_to_send=5.8ms
[go2:sport] DRY cmd#574 seq=626 v=0.897 w=-0.831 dt=50.7ms policy_zmq_lag=0.7ms scan_age=49.1ms loop_to_send=6.2ms
[go2:sport] DRY cmd#575 seq=627 v=0.898 w=-0.833 dt=49.2ms policy_zmq_lag=0.5ms scan_age=38.4ms loop_to_send=5.8ms
[go2:sport] DRY cmd#576 seq=628 v=0.897 w=-0.832 dt=51.2ms policy_zmq_lag=0.6ms scan_age=49.5ms loop_to_send=6.6ms
[go2:sport] DRY cmd#577 seq=629 v=0.898 w=-0.832 dt=49.1ms policy_zmq_lag=0.6ms scan_age=38.6ms loop_to_send=6.0ms
[go2:sport] DRY cmd#578 seq=630 v=0.897 w=-0.831 dt=50.2ms policy_zmq_lag=0.5ms scan_age=48.9ms loop_to_send=5.9ms
[go2:sport] DRY cmd#579 seq=631 v=0.898 w=-0.832 dt=49.7ms policy_zmq_lag=0.6ms scan_age=38.4ms loop_to_send=5.8ms
[go2:sport] DRY cmd#580 seq=632 v=0.897 w=-0.831 dt=50.9ms policy_zmq_lag=0.6ms scan_age=49.2ms loop_to_send=6.6ms
[go2:sport] DRY cmd#581 seq=633 v=0.898 w=-0.831 dt=49.2ms policy_zmq_lag=0.6ms scan_age=38.5ms loop_to_send=5.9ms
[go2:sport] DRY cmd#582 seq=634 v=0.897 w=-0.832 dt=51.0ms policy_zmq_lag=0.8ms scan_age=29.4ms loop_to_send=5.9ms
[go2:sport] DRY cmd#583 seq=635 v=0.898 w=-0.831 dt=49.2ms policy_zmq_lag=0.7ms scan_age=38.5ms loop_to_send=6.0ms
[go2:sport] DRY cmd#584 seq=636 v=0.897 w=-0.831 dt=49.9ms policy_zmq_lag=0.6ms scan_age=48.5ms loop_to_send=5.9ms
[go2:sport] DRY cmd#585 seq=637 v=0.898 w=-0.831 dt=49.9ms policy_zmq_lag=0.6ms scan_age=38.4ms loop_to_send=5.9ms
[go2:sport] DRY cmd#586 seq=638 v=0.897 w=-0.831 dt=50.0ms policy_zmq_lag=0.6ms scan_age=48.4ms loop_to_send=5.8ms
[go2:sport] DRY cmd#587 seq=639 v=0.897 w=-0.832 dt=49.9ms policy_zmq_lag=0.6ms scan_age=38.3ms loop_to_send=5.8ms
[go2:sport] DRY cmd#588 seq=640 v=0.897 w=-0.831 dt=50.1ms policy_zmq_lag=0.6ms scan_age=48.4ms loop_to_send=5.8ms
[go2:sport] DRY cmd#589 seq=641 v=0.897 w=-0.832 dt=49.9ms policy_zmq_lag=0.6ms scan_age=38.2ms loop_to_send=5.8ms
[go2:sport] DRY cmd#590 seq=642 v=0.897 w=-0.831 dt=50.2ms policy_zmq_lag=0.6ms scan_age=48.4ms loop_to_send=5.9ms
[go2:sport] DRY cmd#591 seq=643 v=0.897 w=-0.831 dt=50.2ms policy_zmq_lag=0.7ms scan_age=38.5ms loop_to_send=5.9ms
[go2:sport] DRY cmd#592 seq=644 v=0.897 w=-0.831 dt=50.0ms policy_zmq_lag=0.7ms scan_age=48.5ms loop_to_send=6.0ms
[go2:sport] DRY cmd#593 seq=645 v=0.897 w=-0.831 dt=50.5ms policy_zmq_lag=0.8ms scan_age=39.1ms loop_to_send=6.2ms
[go2:sport] DRY cmd#594 seq=646 v=0.898 w=-0.831 dt=49.4ms policy_zmq_lag=0.6ms scan_age=48.7ms loop_to_send=6.0ms
[go2:sport] DRY cmd#595 seq=647 v=0.897 w=-0.831 dt=50.0ms policy_zmq_lag=0.6ms scan_age=38.6ms loop_to_send=6.0ms
[go2:sport] DRY cmd#596 seq=648 v=0.898 w=-0.831 dt=49.8ms policy_zmq_lag=0.5ms scan_age=48.5ms loop_to_send=5.9ms
[go2:sport] DRY cmd#597 seq=649 v=0.897 w=-0.831 dt=50.3ms policy_zmq_lag=0.7ms scan_age=38.6ms loop_to_send=6.0ms
[go2:sport] DRY cmd#598 seq=650 v=0.898 w=-0.831 dt=49.7ms policy_zmq_lag=0.6ms scan_age=48.5ms loop_to_send=5.9ms
[go2:sport] DRY cmd#599 seq=651 v=0.897 w=-0.831 dt=49.9ms policy_zmq_lag=0.6ms scan_age=38.3ms loop_to_send=5.8ms
[go2:sport] DRY cmd#600 seq=652 v=0.898 w=-0.832 dt=50.4ms policy_zmq_lag=0.7ms scan_age=48.5ms loop_to_send=6.1ms
[go2:sport] DRY cmd#601 seq=653 v=0.897 w=-0.832 dt=49.6ms policy_zmq_lag=0.5ms scan_age=38.3ms loop_to_send=5.9ms
[go2:sport] DRY cmd#602 seq=654 v=0.898 w=-0.831 dt=50.2ms policy_zmq_lag=0.6ms scan_age=48.5ms loop_to_send=5.9ms
[go2:sport] DRY cmd#603 seq=655 v=0.897 w=-0.831 dt=50.1ms policy_zmq_lag=0.7ms scan_age=38.6ms loop_to_send=6.0ms
[go2:sport] DRY cmd#604 seq=656 v=0.897 w=-0.831 dt=50.4ms policy_zmq_lag=0.5ms scan_age=29.1ms loop_to_send=5.9ms
[go2:sport] DRY cmd#605 seq=657 v=0.897 w=-0.832 dt=50.2ms policy_zmq_lag=0.6ms scan_age=39.2ms loop_to_send=6.7ms
[go2:sport] DRY cmd#606 seq=658 v=0.899 w=-0.798 dt=49.5ms policy_zmq_lag=0.6ms scan_age=48.8ms loop_to_send=6.2ms
[go2:sport] DRY cmd#607 seq=659 v=0.897 w=-0.832 dt=49.5ms policy_zmq_lag=0.6ms scan_age=38.4ms loop_to_send=5.9ms
[go2:sport] DRY cmd#608 seq=660 v=0.898 w=-0.831 dt=50.0ms policy_zmq_lag=0.6ms scan_age=48.4ms loop_to_send=5.8ms
[go2:sport] DRY cmd#609 seq=661 v=0.897 w=-0.832 dt=49.9ms policy_zmq_lag=0.6ms scan_age=38.3ms loop_to_send=5.8ms
[go2:sport] DRY cmd#610 seq=662 v=0.897 w=-0.832 dt=50.8ms policy_zmq_lag=0.6ms scan_age=29.0ms loop_to_send=6.0ms
[go2:sport] DRY cmd#611 seq=663 v=0.897 w=-0.832 dt=49.4ms policy_zmq_lag=0.6ms scan_age=38.5ms loop_to_send=6.0ms
[go2:sport] DRY cmd#612 seq=664 v=0.899 w=-0.798 dt=50.0ms policy_zmq_lag=0.5ms scan_age=48.5ms loop_to_send=5.9ms
[go2:sport] DRY cmd#613 seq=665 v=0.897 w=-0.832 dt=50.0ms policy_zmq_lag=0.6ms scan_age=38.3ms loop_to_send=5.9ms
[go2:sport] DRY cmd#614 seq=666 v=0.897 w=-0.831 dt=50.4ms policy_zmq_lag=0.5ms scan_age=28.8ms loop_to_send=5.8ms
[go2:sport] DRY cmd#615 seq=667 v=0.896 w=-0.833 dt=49.5ms policy_zmq_lag=0.6ms scan_age=38.3ms loop_to_send=6.0ms
[go2:sport] DRY cmd#616 seq=668 v=0.900 w=-0.750 dt=50.0ms policy_zmq_lag=0.5ms scan_age=48.4ms loop_to_send=5.8ms
[go2:sport] DRY cmd#617 seq=669 v=0.897 w=-0.832 dt=50.0ms policy_zmq_lag=0.6ms scan_age=38.3ms loop_to_send=5.8ms
[go2:sport] DRY cmd#618 seq=670 v=0.900 w=-0.750 dt=50.1ms policy_zmq_lag=0.6ms scan_age=48.4ms loop_to_send=5.8ms
[go2:sport] DRY cmd#619 seq=671 v=0.897 w=-0.831 dt=50.4ms policy_zmq_lag=0.6ms scan_age=38.6ms loop_to_send=6.2ms
[go2:sport] DRY cmd#620 seq=672 v=0.900 w=-0.746 dt=49.7ms policy_zmq_lag=0.6ms scan_age=48.3ms loop_to_send=5.8ms
[go2:sport] DRY cmd#621 seq=673 v=0.897 w=-0.832 dt=49.9ms policy_zmq_lag=0.6ms scan_age=38.1ms loop_to_send=5.7ms
[go2:sport] DRY cmd#622 seq=674 v=0.900 w=-0.750 dt=50.2ms policy_zmq_lag=0.6ms scan_age=48.3ms loop_to_send=5.8ms
[go2:sport] DRY cmd#623 seq=675 v=0.897 w=-0.832 dt=49.8ms policy_zmq_lag=0.6ms scan_age=38.2ms loop_to_send=5.7ms
[go2:sport] DRY cmd#624 seq=676 v=0.900 w=-0.751 dt=50.3ms policy_zmq_lag=0.6ms scan_age=48.5ms loop_to_send=5.9ms
[go2:sport] DRY cmd#625 seq=677 v=0.897 w=-0.832 dt=49.8ms policy_zmq_lag=0.6ms scan_age=37.5ms loop_to_send=5.8ms
[go2:sport] DRY cmd#626 seq=678 v=0.900 w=-0.748 dt=50.0ms policy_zmq_lag=0.6ms scan_age=48.2ms loop_to_send=5.7ms
[go2:sport] DRY cmd#627 seq=679 v=0.897 w=-0.832 dt=49.9ms policy_zmq_lag=0.6ms scan_age=37.4ms loop_to_send=5.7ms
[go2:sport] DRY cmd#628 seq=680 v=0.900 w=-0.748 dt=50.1ms policy_zmq_lag=0.6ms scan_age=48.3ms loop_to_send=5.8ms
[go2:sport] DRY cmd#629 seq=681 v=0.897 w=-0.832 dt=50.0ms policy_zmq_lag=0.6ms scan_age=38.3ms loop_to_send=5.8ms
[go2:sport] DRY cmd#630 seq=682 v=0.900 w=-0.752 dt=49.9ms policy_zmq_lag=0.6ms scan_age=48.2ms loop_to_send=5.7ms
[go2:sport] DRY cmd#631 seq=683 v=0.897 w=-0.832 dt=50.1ms policy_zmq_lag=0.6ms scan_age=38.2ms loop_to_send=5.8ms
[go2:sport] DRY cmd#632 seq=684 v=0.900 w=-0.750 dt=50.8ms policy_zmq_lag=0.5ms scan_age=49.0ms loop_to_send=6.6ms
[go2:sport] DRY cmd#633 seq=685 v=0.897 w=-0.832 dt=50.0ms policy_zmq_lag=0.5ms scan_age=39.1ms loop_to_send=6.7ms
[go2:sport] DRY cmd#634 seq=686 v=0.900 w=-0.750 dt=49.9ms policy_zmq_lag=0.5ms scan_age=49.1ms loop_to_send=6.5ms
[go2:sport] DRY cmd#635 seq=687 v=0.897 w=-0.832 dt=49.5ms policy_zmq_lag=0.6ms scan_age=38.4ms loop_to_send=6.1ms
[go2:sport] DRY cmd#636 seq=688 v=0.900 w=-0.749 dt=49.9ms policy_zmq_lag=0.6ms scan_age=48.4ms loop_to_send=5.8ms
[go2:sport] DRY cmd#637 seq=689 v=0.897 w=-0.831 dt=50.1ms policy_zmq_lag=0.7ms scan_age=38.5ms loop_to_send=6.0ms
[go2:sport] DRY cmd#638 seq=690 v=0.900 w=-0.749 dt=49.8ms policy_zmq_lag=0.7ms scan_age=48.2ms loop_to_send=5.8ms
[go2:sport] DRY cmd#639 seq=691 v=0.899 w=-0.834 dt=49.7ms policy_zmq_lag=0.6ms scan_age=38.1ms loop_to_send=5.7ms
[go2:sport] DRY cmd#640 seq=692 v=0.900 w=-0.748 dt=50.5ms policy_zmq_lag=0.6ms scan_age=48.5ms loop_to_send=5.9ms
[go2:sport] DRY cmd#641 seq=693 v=0.897 w=-0.832 dt=50.3ms policy_zmq_lag=0.6ms scan_age=38.7ms loop_to_send=6.4ms
[go2:sport] DRY cmd#642 seq=694 v=0.900 w=-0.751 dt=49.6ms policy_zmq_lag=0.6ms scan_age=48.4ms loop_to_send=5.9ms
[go2:sport] DRY cmd#643 seq=695 v=0.897 w=-0.831 dt=49.6ms policy_zmq_lag=0.6ms scan_age=38.0ms loop_to_send=5.6ms
[go2:sport] DRY cmd#644 seq=696 v=0.900 w=-0.748 dt=50.2ms policy_zmq_lag=0.6ms scan_age=48.2ms loop_to_send=5.7ms
[go2:sport] DRY cmd#645 seq=697 v=0.897 w=-0.831 dt=50.2ms policy_zmq_lag=0.6ms scan_age=38.3ms loop_to_send=5.9ms
[go2:sport] DRY cmd#646 seq=698 v=0.899 w=-0.797 dt=50.1ms policy_zmq_lag=0.7ms scan_age=48.2ms loop_to_send=5.8ms
[go2:sport] DRY cmd#647 seq=699 v=0.899 w=-0.836 dt=49.8ms policy_zmq_lag=0.6ms scan_age=38.3ms loop_to_send=5.8ms
[go2:sport] DRY cmd#648 seq=700 v=0.899 w=-0.804 dt=50.0ms policy_zmq_lag=0.6ms scan_age=48.2ms loop_to_send=5.8ms
[go2:sport] DRY cmd#649 seq=701 v=0.899 w=-0.835 dt=51.1ms policy_zmq_lag=0.7ms scan_age=39.2ms loop_to_send=6.0ms
[go2:sport] DRY cmd#650 seq=702 v=0.900 w=-0.835 dt=48.9ms policy_zmq_lag=0.5ms scan_age=48.2ms loop_to_send=5.8ms
[go2:sport] DRY cmd#651 seq=703 v=0.900 w=-0.836 dt=50.5ms policy_zmq_lag=0.6ms scan_age=38.7ms loop_to_send=5.7ms
[go2:sport] DRY cmd#652 seq=704 v=0.899 w=-0.805 dt=49.7ms policy_zmq_lag=0.6ms scan_age=48.3ms loop_to_send=5.9ms
[go2:sport] DRY cmd#653 seq=705 v=0.898 w=-0.832 dt=50.4ms policy_zmq_lag=0.6ms scan_age=38.8ms loop_to_send=5.7ms
[go2:sport] DRY cmd#654 seq=706 v=0.899 w=-0.799 dt=49.9ms policy_zmq_lag=0.5ms scan_age=28.8ms loop_to_send=5.8ms
[go2:sport] DRY cmd#655 seq=707 v=0.899 w=-0.835 dt=49.7ms policy_zmq_lag=0.6ms scan_age=38.4ms loop_to_send=5.7ms
[go2:sport] DRY cmd#656 seq=708 v=0.898 w=-0.832 dt=50.7ms policy_zmq_lag=0.5ms scan_age=49.1ms loop_to_send=6.3ms
[go2:sport] DRY cmd#657 seq=709 v=0.898 w=-0.834 dt=49.8ms policy_zmq_lag=0.6ms scan_age=38.9ms loop_to_send=6.5ms
[go2:sport] DRY cmd#658 seq=710 v=0.898 w=-0.832 dt=49.5ms policy_zmq_lag=0.7ms scan_age=48.4ms loop_to_send=5.9ms
[go2:sport] DRY cmd#659 seq=711 v=0.900 w=-0.835 dt=50.2ms policy_zmq_lag=0.6ms scan_age=38.8ms loop_to_send=5.8ms
[go2:sport] DRY cmd#660 seq=712 v=0.898 w=-0.831 dt=49.7ms policy_zmq_lag=0.6ms scan_age=48.2ms loop_to_send=5.9ms
[go2:sport] DRY cmd#661 seq=713 v=0.897 w=-0.832 dt=50.4ms policy_zmq_lag=0.6ms scan_age=38.7ms loop_to_send=5.8ms
[go2:sport] DRY cmd#662 seq=714 v=0.900 w=-0.751 dt=49.8ms policy_zmq_lag=0.6ms scan_age=28.6ms loop_to_send=5.8ms
[go2:sport] DRY cmd#663 seq=715 v=0.897 w=-0.831 dt=49.9ms policy_zmq_lag=0.5ms scan_age=38.6ms loop_to_send=5.8ms
[go2:sport] DRY cmd#664 seq=716 v=0.898 w=-0.832 dt=49.5ms policy_zmq_lag=0.5ms scan_age=48.0ms loop_to_send=5.7ms
[go2:sport] DRY cmd#665 seq=717 v=0.897 w=-0.831 dt=51.2ms policy_zmq_lag=0.6ms scan_age=39.1ms loop_to_send=5.8ms
[go2:sport] DRY cmd#666 seq=718 v=0.900 w=-0.750 dt=49.2ms policy_zmq_lag=0.5ms scan_age=28.5ms loop_to_send=5.7ms
[go2:sport] DRY cmd#667 seq=719 v=0.897 w=-0.832 dt=50.3ms policy_zmq_lag=0.7ms scan_age=38.6ms loop_to_send=5.8ms
[go2:sport] DRY cmd#668 seq=720 v=0.900 w=-0.749 dt=49.8ms policy_zmq_lag=0.5ms scan_age=28.7ms loop_to_send=5.8ms
[go2:sport] DRY cmd#669 seq=721 v=0.897 w=-0.832 dt=49.7ms policy_zmq_lag=0.6ms scan_age=40.0ms loop_to_send=5.9ms
[go2:sport] DRY cmd#670 seq=722 v=0.898 w=-0.831 dt=50.5ms policy_zmq_lag=0.6ms scan_age=48.8ms loop_to_send=6.0ms
[go2:sport] DRY cmd#671 seq=723 v=0.897 w=-0.832 dt=49.4ms policy_zmq_lag=0.6ms scan_age=38.2ms loop_to_send=5.8ms
[go2:sport] DRY cmd#672 seq=724 v=0.898 w=-0.832 dt=50.1ms policy_zmq_lag=0.7ms scan_age=48.1ms loop_to_send=5.8ms
[go2:sport] DRY cmd#673 seq=725 v=0.897 w=-0.832 dt=49.7ms policy_zmq_lag=0.5ms scan_age=38.0ms loop_to_send=5.7ms
[go2:sport] DRY cmd#674 seq=726 v=0.897 w=-0.832 dt=49.9ms policy_zmq_lag=0.5ms scan_age=48.0ms loop_to_send=5.7ms
[go2:sport] DRY cmd#675 seq=727 v=0.897 w=-0.832 dt=50.6ms policy_zmq_lag=0.5ms scan_age=38.6ms loop_to_send=5.8ms
[go2:sport] DRY cmd#676 seq=728 v=0.900 w=-0.750 dt=51.6ms policy_zmq_lag=0.7ms scan_age=30.2ms loop_to_send=6.8ms
[go2:sport] DRY cmd#677 seq=729 v=0.897 w=-0.832 dt=49.1ms policy_zmq_lag=0.7ms scan_age=39.2ms loop_to_send=6.2ms
[go2:sport] DRY cmd#678 seq=730 v=0.897 w=-0.832 dt=49.0ms policy_zmq_lag=0.6ms scan_age=48.3ms loop_to_send=5.8ms
[go2:sport] DRY cmd#679 seq=731 v=0.897 w=-0.832 dt=49.8ms policy_zmq_lag=0.6ms scan_age=38.1ms loop_to_send=5.9ms
[go2:sport] DRY cmd#680 seq=732 v=0.897 w=-0.832 dt=50.1ms policy_zmq_lag=0.5ms scan_age=48.3ms loop_to_send=5.9ms
[go2:sport] DRY cmd#681 seq=733 v=0.897 w=-0.832 dt=50.1ms policy_zmq_lag=0.5ms scan_age=38.5ms loop_to_send=5.7ms
[go2:sport] DRY cmd#682 seq=734 v=0.900 w=-0.749 dt=50.1ms policy_zmq_lag=0.6ms scan_age=28.5ms loop_to_send=5.7ms
[go2:sport] DRY cmd#683 seq=735 v=0.897 w=-0.832 dt=50.0ms policy_zmq_lag=0.6ms scan_age=38.7ms loop_to_send=5.8ms
[go2:sport] DRY cmd#684 seq=736 v=0.897 w=-0.832 dt=49.5ms policy_zmq_lag=0.6ms scan_age=48.0ms loop_to_send=5.7ms
[go2:sport] DRY cmd#685 seq=737 v=0.897 w=-0.832 dt=50.0ms policy_zmq_lag=0.6ms scan_age=38.0ms loop_to_send=5.9ms
[go2:sport] DRY cmd#686 seq=738 v=0.900 w=-0.751 dt=50.5ms policy_zmq_lag=0.6ms scan_age=28.5ms loop_to_send=5.7ms
[go2:sport] DRY cmd#687 seq=739 v=0.897 w=-0.832 dt=49.9ms policy_zmq_lag=0.6ms scan_age=38.4ms loop_to_send=5.7ms
[go2:sport] DRY cmd#688 seq=740 v=0.897 w=-0.831 dt=49.7ms policy_zmq_lag=0.6ms scan_age=48.1ms loop_to_send=5.8ms
[go2:sport] DRY cmd#689 seq=741 v=0.897 w=-0.831 dt=50.2ms policy_zmq_lag=0.6ms scan_age=38.3ms loop_to_send=5.6ms
[go2:sport] DRY cmd#690 seq=742 v=0.897 w=-0.832 dt=49.8ms policy_zmq_lag=0.6ms scan_age=48.2ms loop_to_send=5.8ms
[go2:sport] DRY cmd#691 seq=743 v=0.897 w=-0.832 dt=50.3ms policy_zmq_lag=0.6ms scan_age=38.5ms loop_to_send=5.7ms
[go2:sport] DRY cmd#692 seq=744 v=0.897 w=-0.831 dt=50.4ms policy_zmq_lag=0.7ms scan_age=48.8ms loop_to_send=5.8ms
[go2:sport] DRY cmd#693 seq=745 v=0.897 w=-0.832 dt=49.8ms policy_zmq_lag=0.6ms scan_age=38.7ms loop_to_send=5.8ms
[go2:sport] DRY cmd#694 seq=746 v=0.897 w=-0.832 dt=49.8ms policy_zmq_lag=0.6ms scan_age=48.4ms loop_to_send=6.2ms
[go2:sport] DRY cmd#695 seq=747 v=0.897 w=-0.831 dt=50.1ms policy_zmq_lag=0.6ms scan_age=38.6ms loop_to_send=5.9ms
[go2:sport] DRY cmd#696 seq=748 v=0.897 w=-0.832 dt=49.5ms policy_zmq_lag=0.6ms scan_age=48.1ms loop_to_send=5.9ms
[go2:sport] DRY cmd#697 seq=749 v=0.897 w=-0.832 dt=50.2ms policy_zmq_lag=0.6ms scan_age=38.4ms loop_to_send=5.8ms
[go2:sport] DRY cmd#698 seq=750 v=0.897 w=-0.831 dt=50.5ms policy_zmq_lag=0.6ms scan_age=48.9ms loop_to_send=5.8ms
[go2:sport] DRY cmd#699 seq=751 v=0.897 w=-0.831 dt=49.6ms policy_zmq_lag=0.6ms scan_age=38.4ms loop_to_send=5.7ms
[go2:sport] DRY cmd#700 seq=752 v=0.897 w=-0.832 dt=49.7ms policy_zmq_lag=0.6ms scan_age=48.1ms loop_to_send=5.8ms
[go2:sport] DRY cmd#701 seq=753 v=0.897 w=-0.831 dt=50.4ms policy_zmq_lag=0.6ms scan_age=38.4ms loop_to_send=5.7ms
[go2:sport] DRY cmd#702 seq=754 v=0.897 w=-0.832 dt=49.6ms policy_zmq_lag=0.6ms scan_age=48.2ms loop_to_send=5.8ms
[go2:sport] DRY cmd#703 seq=755 v=0.897 w=-0.831 dt=49.9ms policy_zmq_lag=0.6ms scan_age=38.0ms loop_to_send=5.9ms
[go2:sport] DRY cmd#704 seq=756 v=0.897 w=-0.832 dt=50.7ms policy_zmq_lag=0.6ms scan_age=48.8ms loop_to_send=5.8ms
[go2:sport] DRY cmd#705 seq=757 v=0.897 w=-0.832 dt=49.6ms policy_zmq_lag=0.6ms scan_age=38.4ms loop_to_send=5.8ms
[go2:sport] DRY cmd#706 seq=758 v=0.897 w=-0.831 dt=52.0ms policy_zmq_lag=0.6ms scan_age=50.3ms loop_to_send=6.9ms
[go2:sport] DRY cmd#707 seq=759 v=0.897 w=-0.832 dt=49.3ms policy_zmq_lag=0.6ms scan_age=39.6ms loop_to_send=6.7ms
[go2:sport] DRY cmd#708 seq=760 v=0.897 w=-0.832 dt=50.3ms policy_zmq_lag=0.6ms scan_age=49.9ms loop_to_send=7.1ms
[go2:sport] DRY cmd#709 seq=761 v=0.897 w=-0.831 dt=49.6ms policy_zmq_lag=0.8ms scan_age=39.3ms loop_to_send=6.3ms
[go2:sport] DRY cmd#710 seq=762 v=0.897 w=-0.832 dt=49.0ms policy_zmq_lag=0.6ms scan_age=48.4ms loop_to_send=6.2ms
[go2:sport] DRY cmd#711 seq=763 v=0.897 w=-0.832 dt=53.8ms policy_zmq_lag=0.6ms scan_age=42.2ms loop_to_send=8.5ms
[go2:sport] DRY cmd#712 seq=764 v=0.897 w=-0.831 dt=46.8ms policy_zmq_lag=0.5ms scan_age=48.3ms loop_to_send=6.1ms
[go2:sport] DRY cmd#713 seq=765 v=0.897 w=-0.831 dt=49.2ms policy_zmq_lag=0.6ms scan_age=38.2ms loop_to_send=6.0ms
[go2:sport] DRY cmd#714 seq=766 v=0.897 w=-0.831 dt=50.8ms policy_zmq_lag=0.6ms scan_age=49.0ms loop_to_send=6.0ms
[go2:sport] DRY cmd#715 seq=767 v=0.897 w=-0.831 dt=50.4ms policy_zmq_lag=0.6ms scan_age=39.4ms loop_to_send=6.6ms
[go2:sport] DRY cmd#716 seq=768 v=0.897 w=-0.832 dt=48.7ms policy_zmq_lag=0.6ms scan_age=48.1ms loop_to_send=6.0ms
[go2:sport] DRY cmd#717 seq=769 v=0.897 w=-0.831 dt=50.3ms policy_zmq_lag=0.5ms scan_age=38.6ms loop_to_send=5.9ms
[go2:sport] DRY cmd#718 seq=770 v=0.897 w=-0.832 dt=50.7ms policy_zmq_lag=0.6ms scan_age=49.1ms loop_to_send=5.9ms
[go2:sport] DRY cmd#719 seq=771 v=0.898 w=-0.832 dt=49.7ms policy_zmq_lag=0.7ms scan_age=38.6ms loop_to_send=6.0ms
[go2:sport] DRY cmd#720 seq=772 v=0.897 w=-0.832 dt=49.3ms policy_zmq_lag=0.5ms scan_age=48.3ms loop_to_send=5.9ms
[go2:sport] DRY cmd#721 seq=773 v=0.898 w=-0.832 dt=50.1ms policy_zmq_lag=0.5ms scan_age=38.4ms loop_to_send=5.8ms
[go2:sport] DRY cmd#722 seq=774 v=0.897 w=-0.831 dt=50.0ms policy_zmq_lag=0.6ms scan_age=48.1ms loop_to_send=5.9ms
[go2:sport] DRY cmd#723 seq=775 v=0.898 w=-0.832 dt=50.2ms policy_zmq_lag=0.5ms scan_age=38.4ms loop_to_send=5.9ms
[go2:sport] DRY cmd#724 seq=776 v=0.899 w=-0.835 dt=50.4ms policy_zmq_lag=0.6ms scan_age=48.8ms loop_to_send=5.9ms
[go2:sport] DRY cmd#725 seq=777 v=0.898 w=-0.832 dt=49.5ms policy_zmq_lag=0.5ms scan_age=38.3ms loop_to_send=5.8ms
[go2:sport] DRY cmd#726 seq=778 v=0.899 w=-0.835 dt=50.7ms policy_zmq_lag=0.6ms scan_age=49.0ms loop_to_send=6.0ms
[go2:sport] DRY cmd#727 seq=779 v=0.898 w=-0.832 dt=49.7ms policy_zmq_lag=0.6ms scan_age=38.7ms loop_to_send=5.9ms
[go2:sport] DRY cmd#728 seq=780 v=0.897 w=-0.831 dt=50.5ms policy_zmq_lag=0.7ms scan_age=49.1ms loop_to_send=6.0ms
[go2:sport] DRY cmd#729 seq=781 v=0.898 w=-0.833 dt=49.1ms policy_zmq_lag=0.6ms scan_age=38.3ms loop_to_send=5.8ms
[go2:sport] DRY cmd#730 seq=782 v=0.898 w=-0.834 dt=50.1ms policy_zmq_lag=0.6ms scan_age=48.3ms loop_to_send=6.0ms
[go2:sport] DRY cmd#731 seq=783 v=0.898 w=-0.832 dt=50.2ms policy_zmq_lag=0.6ms scan_age=38.6ms loop_to_send=5.9ms
[go2:sport] DRY cmd#732 seq=784 v=0.900 w=-0.836 dt=49.7ms policy_zmq_lag=0.5ms scan_age=48.1ms loop_to_send=5.9ms
[go2:sport] DRY cmd#733 seq=785 v=0.899 w=-0.803 dt=50.0ms policy_zmq_lag=0.6ms scan_age=38.0ms loop_to_send=5.8ms
[go2:sport] DRY cmd#734 seq=786 v=0.899 w=-0.835 dt=50.0ms policy_zmq_lag=0.6ms scan_age=48.1ms loop_to_send=5.9ms
[go2:sport] DRY cmd#735 seq=787 v=0.899 w=-0.802 dt=50.0ms policy_zmq_lag=0.5ms scan_age=38.1ms loop_to_send=5.7ms
[go2:sport] DRY cmd#736 seq=788 v=0.900 w=-0.835 dt=49.9ms policy_zmq_lag=0.5ms scan_age=48.0ms loop_to_send=5.8ms
[go2:sport] DRY cmd#737 seq=789 v=0.899 w=-0.802 dt=50.2ms policy_zmq_lag=0.5ms scan_age=38.3ms loop_to_send=5.8ms
[go2:sport] DRY cmd#738 seq=790 v=0.897 w=-0.832 dt=51.0ms policy_zmq_lag=0.7ms scan_age=48.9ms loop_to_send=5.9ms
[go2:sport] DRY cmd#739 seq=791 v=0.899 w=-0.800 dt=49.5ms policy_zmq_lag=0.7ms scan_age=38.4ms loop_to_send=5.8ms
[go2:sport] DRY cmd#740 seq=792 v=0.897 w=-0.831 dt=50.3ms policy_zmq_lag=0.5ms scan_age=48.8ms loop_to_send=5.9ms
[go2:sport] DRY cmd#741 seq=793 v=0.900 w=-0.750 dt=49.6ms policy_zmq_lag=0.7ms scan_age=38.5ms loop_to_send=5.9ms
[go2:sport] DRY cmd#742 seq=794 v=0.897 w=-0.831 dt=49.6ms policy_zmq_lag=0.6ms scan_age=48.1ms loop_to_send=5.9ms
[go2:sport] DRY cmd#743 seq=795 v=0.900 w=-0.747 dt=50.5ms policy_zmq_lag=0.6ms scan_age=38.6ms loop_to_send=5.9ms
[go2:sport] DRY cmd#744 seq=796 v=0.898 w=-0.833 dt=49.5ms policy_zmq_lag=0.6ms scan_age=48.1ms loop_to_send=5.9ms
[go2:sport] DRY cmd#745 seq=797 v=0.900 w=-0.749 dt=50.5ms policy_zmq_lag=0.7ms scan_age=38.6ms loop_to_send=5.9ms
[go2:sport] DRY cmd#746 seq=798 v=0.897 w=-0.831 dt=50.2ms policy_zmq_lag=0.6ms scan_age=48.7ms loop_to_send=6.0ms
[go2:sport] DRY cmd#747 seq=799 v=0.900 w=-0.750 dt=49.3ms policy_zmq_lag=0.5ms scan_age=38.1ms loop_to_send=5.8ms
[go2:sport] DRY cmd#748 seq=800 v=0.897 w=-0.831 dt=50.8ms policy_zmq_lag=0.6ms scan_age=49.0ms loop_to_send=5.8ms
[go2:sport] DRY cmd#749 seq=801 v=0.900 w=-0.750 dt=49.2ms policy_zmq_lag=0.7ms scan_age=38.0ms loop_to_send=5.7ms
[go2:sport] DRY cmd#750 seq=802 v=0.897 w=-0.832 dt=50.8ms policy_zmq_lag=0.6ms scan_age=49.1ms loop_to_send=6.7ms
[go2:sport] DRY cmd#751 seq=803 v=0.900 w=-0.751 dt=49.7ms policy_zmq_lag=0.6ms scan_age=38.7ms loop_to_send=6.0ms
[go2:sport] DRY cmd#752 seq=804 v=0.897 w=-0.832 dt=50.3ms policy_zmq_lag=0.6ms scan_age=49.0ms loop_to_send=6.1ms
[go2:sport] DRY cmd#753 seq=805 v=0.900 w=-0.749 dt=50.0ms policy_zmq_lag=0.6ms scan_age=38.9ms loop_to_send=6.3ms
[go2:sport] DRY cmd#754 seq=806 v=0.897 w=-0.832 dt=50.4ms policy_zmq_lag=0.6ms scan_age=49.3ms loop_to_send=6.2ms
[go2:sport] DRY cmd#755 seq=807 v=0.900 w=-0.752 dt=49.4ms policy_zmq_lag=0.6ms scan_age=38.7ms loop_to_send=6.0ms
[go2:sport] DRY cmd#756 seq=808 v=0.897 w=-0.832 dt=49.7ms policy_zmq_lag=0.6ms scan_age=48.2ms loop_to_send=6.2ms
[go2:sport] DRY cmd#757 seq=809 v=0.900 w=-0.751 dt=50.4ms policy_zmq_lag=0.6ms scan_age=38.8ms loop_to_send=6.2ms
[go2:sport] DRY cmd#758 seq=810 v=0.897 w=-0.832 dt=51.0ms policy_zmq_lag=0.6ms scan_age=49.7ms loop_to_send=7.2ms
[go2:sport] DRY cmd#759 seq=811 v=0.900 w=-0.751 dt=52.6ms policy_zmq_lag=0.6ms scan_age=42.3ms loop_to_send=8.2ms
[go2:sport] DRY cmd#760 seq=812 v=0.897 w=-0.832 dt=46.7ms policy_zmq_lag=0.6ms scan_age=49.0ms loop_to_send=6.1ms
[go2:sport] DRY cmd#761 seq=813 v=0.900 w=-0.749 dt=49.4ms policy_zmq_lag=0.6ms scan_age=38.4ms loop_to_send=6.0ms
[go2:sport] DRY cmd#762 seq=814 v=0.897 w=-0.832 dt=49.7ms policy_zmq_lag=0.6ms scan_age=48.1ms loop_to_send=5.9ms
[go2:sport] DRY cmd#763 seq=815 v=0.900 w=-0.750 dt=50.5ms policy_zmq_lag=0.6ms scan_age=38.7ms loop_to_send=5.9ms
[go2:sport] DRY cmd#764 seq=816 v=0.897 w=-0.832 dt=50.1ms policy_zmq_lag=0.5ms scan_age=48.6ms loop_to_send=6.0ms
[go2:sport] DRY cmd#765 seq=817 v=0.900 w=-0.751 dt=49.4ms policy_zmq_lag=0.5ms scan_age=38.1ms loop_to_send=5.8ms
[go2:sport] DRY cmd#766 seq=818 v=0.897 w=-0.832 dt=50.4ms policy_zmq_lag=0.6ms scan_age=48.5ms loop_to_send=5.8ms
[go2:sport] DRY cmd#767 seq=819 v=0.900 w=-0.751 dt=49.7ms policy_zmq_lag=0.6ms scan_age=38.2ms loop_to_send=5.8ms
[go2:sport] DRY cmd#768 seq=820 v=0.897 w=-0.832 dt=51.5ms policy_zmq_lag=0.6ms scan_age=49.5ms loop_to_send=6.6ms
[go2:sport] DRY cmd#769 seq=821 v=0.900 w=-0.747 dt=48.9ms policy_zmq_lag=0.6ms scan_age=38.5ms loop_to_send=6.2ms
[go2:sport] DRY cmd#770 seq=822 v=0.897 w=-0.832 dt=51.2ms policy_zmq_lag=0.6ms scan_age=49.7ms loop_to_send=6.9ms
[go2:sport] DRY cmd#771 seq=823 v=0.900 w=-0.751 dt=48.2ms policy_zmq_lag=0.6ms scan_age=37.9ms loop_to_send=5.8ms
[go2:sport] DRY cmd#772 seq=824 v=0.897 w=-0.831 dt=51.4ms policy_zmq_lag=0.8ms scan_age=49.1ms loop_to_send=6.1ms
[go2:sport] DRY cmd#773 seq=825 v=0.899 w=-0.801 dt=48.6ms policy_zmq_lag=0.6ms scan_age=38.0ms loop_to_send=5.7ms
[go2:sport] DRY cmd#774 seq=826 v=0.897 w=-0.831 dt=50.9ms policy_zmq_lag=0.6ms scan_age=48.9ms loop_to_send=6.0ms
[go2:sport] DRY cmd#775 seq=827 v=0.898 w=-0.832 dt=49.5ms policy_zmq_lag=0.6ms scan_age=38.2ms loop_to_send=5.9ms
[go2:sport] DRY cmd#776 seq=828 v=0.897 w=-0.831 dt=50.8ms policy_zmq_lag=0.7ms scan_age=49.1ms loop_to_send=6.2ms
[go2:sport] DRY cmd#777 seq=829 v=0.898 w=-0.832 dt=49.4ms policy_zmq_lag=0.8ms scan_age=38.3ms loop_to_send=6.2ms
[go2:sport] DRY cmd#778 seq=830 v=0.897 w=-0.832 dt=50.0ms policy_zmq_lag=0.5ms scan_age=48.7ms loop_to_send=5.9ms
[go2:sport] DRY cmd#779 seq=831 v=0.898 w=-0.831 dt=49.4ms policy_zmq_lag=0.5ms scan_age=38.1ms loop_to_send=5.8ms
[go2:sport] DRY cmd#780 seq=832 v=0.897 w=-0.832 dt=50.5ms policy_zmq_lag=0.6ms scan_age=48.5ms loop_to_send=6.1ms
[go2:sport] DRY cmd#781 seq=833 v=0.898 w=-0.831 dt=49.6ms policy_zmq_lag=0.6ms scan_age=38.1ms loop_to_send=5.9ms
[go2:sport] DRY cmd#782 seq=834 v=0.897 w=-0.832 dt=50.5ms policy_zmq_lag=0.6ms scan_age=48.6ms loop_to_send=5.9ms
[go2:sport] DRY cmd#783 seq=835 v=0.898 w=-0.832 dt=50.0ms policy_zmq_lag=0.6ms scan_age=38.7ms loop_to_send=5.9ms
[go2:sport] DRY cmd#784 seq=836 v=0.897 w=-0.832 dt=49.9ms policy_zmq_lag=0.5ms scan_age=48.6ms loop_to_send=5.8ms
[go2:sport] DRY cmd#785 seq=837 v=0.898 w=-0.832 dt=51.1ms policy_zmq_lag=0.7ms scan_age=39.3ms loop_to_send=6.5ms
[go2:sport] DRY cmd#786 seq=838 v=0.897 w=-0.832 dt=49.3ms policy_zmq_lag=0.7ms scan_age=48.8ms loop_to_send=6.0ms
[go2:sport] DRY cmd#787 seq=839 v=0.898 w=-0.832 dt=49.1ms policy_zmq_lag=0.6ms scan_age=37.9ms loop_to_send=5.9ms
[go2:sport] DRY cmd#788 seq=840 v=0.897 w=-0.832 dt=50.3ms policy_zmq_lag=0.6ms scan_age=48.2ms loop_to_send=5.8ms
[go2:sport] DRY cmd#789 seq=841 v=0.898 w=-0.831 dt=50.3ms policy_zmq_lag=0.7ms scan_age=38.4ms loop_to_send=6.0ms
[go2:sport] DRY cmd#790 seq=842 v=0.897 w=-0.831 dt=49.8ms policy_zmq_lag=0.6ms scan_age=48.4ms loop_to_send=5.8ms
[go2:sport] DRY cmd#791 seq=843 v=0.897 w=-0.831 dt=50.7ms policy_zmq_lag=0.6ms scan_age=39.0ms loop_to_send=6.2ms
[go2:sport] DRY cmd#792 seq=844 v=0.897 w=-0.831 dt=49.2ms policy_zmq_lag=0.6ms scan_age=48.1ms loop_to_send=5.9ms
[go2:sport] DRY cmd#793 seq=845 v=0.897 w=-0.831 dt=49.7ms policy_zmq_lag=0.6ms scan_age=38.0ms loop_to_send=5.8ms
[go2:sport] DRY cmd#794 seq=846 v=0.898 w=-0.831 dt=50.5ms policy_zmq_lag=0.5ms scan_age=48.4ms loop_to_send=5.8ms
[go2:sport] DRY cmd#795 seq=847 v=0.897 w=-0.832 dt=50.4ms policy_zmq_lag=0.7ms scan_age=38.7ms loop_to_send=6.3ms
[go2:sport] DRY cmd#796 seq=848 v=0.898 w=-0.831 dt=50.5ms policy_zmq_lag=0.6ms scan_age=49.4ms loop_to_send=6.4ms
[go2:sport] DRY cmd#797 seq=849 v=0.897 w=-0.832 dt=48.6ms policy_zmq_lag=0.6ms scan_age=38.1ms loop_to_send=6.0ms
[go2:sport] DRY cmd#798 seq=850 v=0.898 w=-0.832 dt=50.4ms policy_zmq_lag=0.6ms scan_age=48.4ms loop_to_send=5.9ms
[go2:sport] DRY cmd#799 seq=851 v=0.897 w=-0.832 dt=49.6ms policy_zmq_lag=0.6ms scan_age=38.0ms loop_to_send=5.8ms
[go2:sport] DRY cmd#800 seq=852 v=0.898 w=-0.832 dt=50.2ms policy_zmq_lag=0.6ms scan_age=48.1ms loop_to_send=5.8ms
[go2:sport] DRY cmd#801 seq=853 v=0.897 w=-0.832 dt=50.0ms policy_zmq_lag=0.6ms scan_age=38.2ms loop_to_send=6.0ms
[go2:sport] DRY cmd#802 seq=854 v=0.898 w=-0.831 dt=50.1ms policy_zmq_lag=0.6ms scan_age=48.2ms loop_to_send=5.8ms
[go2:sport] DRY cmd#803 seq=855 v=0.897 w=-0.831 dt=49.6ms policy_zmq_lag=0.6ms scan_age=37.9ms loop_to_send=5.8ms
[go2:sport] DRY cmd#804 seq=856 v=0.898 w=-0.832 dt=50.6ms policy_zmq_lag=0.6ms scan_age=48.4ms loop_to_send=5.9ms
[go2:sport] DRY cmd#805 seq=857 v=0.897 w=-0.831 dt=49.2ms policy_zmq_lag=0.5ms scan_age=37.7ms loop_to_send=5.7ms
[go2:sport] DRY cmd#806 seq=858 v=0.898 w=-0.832 dt=50.3ms policy_zmq_lag=0.5ms scan_age=48.0ms loop_to_send=5.7ms
[go2:sport] DRY cmd#807 seq=859 v=0.897 w=-0.832 dt=50.8ms policy_zmq_lag=0.6ms scan_age=38.7ms loop_to_send=6.6ms
[go2:sport] DRY cmd#808 seq=860 v=0.899 w=-0.798 dt=49.6ms policy_zmq_lag=0.6ms scan_age=48.3ms loop_to_send=5.9ms
[go2:sport] DRY cmd#809 seq=861 v=0.897 w=-0.832 dt=49.9ms policy_zmq_lag=0.6ms scan_age=38.0ms loop_to_send=5.8ms
[go2:sport] DRY cmd#810 seq=862 v=0.900 w=-0.748 dt=50.3ms policy_zmq_lag=0.6ms scan_age=48.3ms loop_to_send=5.9ms
[go2:sport] DRY cmd#811 seq=863 v=0.897 w=-0.831 dt=49.7ms policy_zmq_lag=0.7ms scan_age=37.9ms loop_to_send=6.0ms
[go2:sport] DRY cmd#812 seq=864 v=0.899 w=-0.795 dt=50.7ms policy_zmq_lag=0.5ms scan_age=48.9ms loop_to_send=6.0ms
[go2:sport] DRY cmd#813 seq=865 v=0.897 w=-0.832 dt=49.7ms policy_zmq_lag=0.6ms scan_age=38.3ms loop_to_send=6.3ms
[go2:sport] DRY cmd#814 seq=866 v=0.899 w=-0.792 dt=51.4ms policy_zmq_lag=0.6ms scan_age=49.8ms loop_to_send=5.8ms
[go2:sport] DRY cmd#815 seq=867 v=0.897 w=-0.832 dt=49.2ms policy_zmq_lag=0.6ms scan_age=38.9ms loop_to_send=6.5ms
[go2:sport] DRY cmd#816 seq=868 v=0.900 w=-0.751 dt=48.9ms policy_zmq_lag=0.6ms scan_age=47.9ms loop_to_send=5.7ms
[go2:sport] DRY cmd#817 seq=869 v=0.897 w=-0.832 dt=50.2ms policy_zmq_lag=0.6ms scan_age=38.3ms loop_to_send=6.1ms
[go2:sport] DRY cmd#818 seq=870 v=0.900 w=-0.750 dt=49.8ms policy_zmq_lag=0.6ms scan_age=47.9ms loop_to_send=5.8ms
[go2:sport] DRY cmd#819 seq=871 v=0.897 w=-0.832 dt=50.0ms policy_zmq_lag=0.6ms scan_age=37.8ms loop_to_send=5.8ms
[go2:sport] DRY cmd#820 seq=872 v=0.900 w=-0.753 dt=51.1ms policy_zmq_lag=0.7ms scan_age=48.8ms loop_to_send=6.0ms
[go2:sport] DRY cmd#821 seq=873 v=0.897 w=-0.832 dt=48.7ms policy_zmq_lag=0.6ms scan_age=37.7ms loop_to_send=5.8ms
[go2:sport] DRY cmd#822 seq=874 v=0.900 w=-0.748 dt=50.5ms policy_zmq_lag=0.6ms scan_age=48.2ms loop_to_send=5.8ms
[go2:sport] DRY cmd#823 seq=875 v=0.897 w=-0.832 dt=49.6ms policy_zmq_lag=0.6ms scan_age=37.8ms loop_to_send=5.9ms
[go2:sport] DRY cmd#824 seq=876 v=0.900 w=-0.747 dt=50.3ms policy_zmq_lag=0.6ms scan_age=48.2ms loop_to_send=5.9ms
[go2:sport] DRY cmd#825 seq=877 v=0.897 w=-0.832 dt=49.5ms policy_zmq_lag=0.6ms scan_age=37.8ms loop_to_send=5.7ms
[go2:sport] DRY cmd#826 seq=878 v=0.900 w=-0.748 dt=50.3ms policy_zmq_lag=0.6ms scan_age=48.1ms loop_to_send=5.8ms
[go2:sport] DRY cmd#827 seq=879 v=0.897 w=-0.832 dt=50.7ms policy_zmq_lag=0.6ms scan_age=38.9ms loop_to_send=6.2ms
[go2:sport] DRY cmd#828 seq=880 v=0.900 w=-0.748 dt=48.9ms policy_zmq_lag=0.5ms scan_age=47.5ms loop_to_send=5.7ms
[go2:sport] DRY cmd#829 seq=881 v=0.897 w=-0.832 dt=50.2ms policy_zmq_lag=0.6ms scan_age=38.0ms loop_to_send=5.7ms
[go2:sport] DRY cmd#830 seq=882 v=0.900 w=-0.750 dt=50.8ms policy_zmq_lag=0.6ms scan_age=48.6ms loop_to_send=5.8ms
[go2:sport] DRY cmd#831 seq=883 v=0.896 w=-0.833 dt=49.4ms policy_zmq_lag=0.6ms scan_age=38.6ms loop_to_send=5.8ms
[go2:sport] DRY cmd#832 seq=884 v=0.900 w=-0.749 dt=51.6ms policy_zmq_lag=0.6ms scan_age=49.3ms loop_to_send=6.6ms
[go2:sport] DRY cmd#833 seq=885 v=0.897 w=-0.832 dt=48.9ms policy_zmq_lag=0.6ms scan_age=38.3ms loop_to_send=6.5ms
[go2:sport] DRY cmd#834 seq=886 v=0.900 w=-0.749 dt=50.0ms policy_zmq_lag=0.6ms scan_age=48.4ms loop_to_send=5.9ms
[go2:sport] DRY cmd#835 seq=887 v=0.897 w=-0.832 dt=49.6ms policy_zmq_lag=0.7ms scan_age=38.0ms loop_to_send=5.9ms
[go2:sport] DRY cmd#836 seq=888 v=0.900 w=-0.752 dt=50.0ms policy_zmq_lag=0.6ms scan_age=48.1ms loop_to_send=5.8ms
[go2:sport] DRY cmd#837 seq=889 v=0.897 w=-0.832 dt=49.7ms policy_zmq_lag=0.6ms scan_age=37.7ms loop_to_send=5.9ms
[go2:sport] DRY cmd#838 seq=890 v=0.900 w=-0.750 dt=50.8ms policy_zmq_lag=0.6ms scan_age=48.6ms loop_to_send=5.9ms
[go2:sport] DRY cmd#839 seq=891 v=0.897 w=-0.831 dt=49.3ms policy_zmq_lag=0.7ms scan_age=37.9ms loop_to_send=5.9ms
[go2:sport] DRY cmd#840 seq=892 v=0.900 w=-0.752 dt=50.3ms policy_zmq_lag=0.7ms scan_age=48.1ms loop_to_send=6.0ms
[go2:sport] DRY cmd#841 seq=893 v=0.899 w=-0.835 dt=49.5ms policy_zmq_lag=0.5ms scan_age=37.6ms loop_to_send=5.9ms
[go2:sport] DRY cmd#842 seq=894 v=0.900 w=-0.750 dt=50.5ms policy_zmq_lag=0.6ms scan_age=48.3ms loop_to_send=5.8ms
[go2:sport] DRY cmd#843 seq=895 v=0.899 w=-0.835 dt=50.1ms policy_zmq_lag=0.6ms scan_age=38.2ms loop_to_send=5.9ms
[go2:sport] DRY cmd#844 seq=896 v=0.900 w=-0.835 dt=50.0ms policy_zmq_lag=0.7ms scan_age=48.3ms loop_to_send=5.8ms
[go2:sport] DRY cmd#845 seq=897 v=0.899 w=-0.836 dt=49.7ms policy_zmq_lag=0.7ms scan_age=38.0ms loop_to_send=5.8ms
[go2:sport] DRY cmd#846 seq=898 v=0.900 w=-0.751 dt=50.1ms policy_zmq_lag=0.7ms scan_age=48.0ms loop_to_send=5.8ms
[go2:sport] DRY cmd#847 seq=899 v=0.898 w=-0.832 dt=49.7ms policy_zmq_lag=0.7ms scan_age=37.6ms loop_to_send=5.8ms
[go2:sport] DRY cmd#848 seq=900 v=0.899 w=-0.796 dt=50.8ms policy_zmq_lag=0.6ms scan_age=48.7ms loop_to_send=5.9ms
[go2:sport] DRY cmd#849 seq=901 v=0.900 w=-0.836 dt=48.9ms policy_zmq_lag=0.6ms scan_age=37.5ms loop_to_send=5.7ms
[go2:sport] DRY cmd#850 seq=902 v=0.898 w=-0.832 dt=52.0ms policy_zmq_lag=0.6ms scan_age=49.6ms loop_to_send=6.6ms
[go2:sport] DRY cmd#851 seq=903 v=0.900 w=-0.836 dt=48.4ms policy_zmq_lag=0.7ms scan_age=37.7ms loop_to_send=5.8ms
[go2:sport] DRY cmd#852 seq=904 v=0.898 w=-0.832 dt=49.9ms policy_zmq_lag=0.5ms scan_age=47.9ms loop_to_send=5.8ms
[go2:sport] DRY cmd#853 seq=905 v=0.897 w=-0.831 dt=50.2ms policy_zmq_lag=0.5ms scan_age=38.0ms loop_to_send=5.7ms
[go2:sport] DRY cmd#854 seq=906 v=0.898 w=-0.831 dt=51.5ms policy_zmq_lag=0.7ms scan_age=49.4ms loop_to_send=6.7ms
[go2:sport] DRY cmd#855 seq=907 v=0.897 w=-0.831 dt=48.8ms policy_zmq_lag=0.7ms scan_age=38.2ms loop_to_send=6.0ms
[go2:sport] DRY cmd#856 seq=908 v=0.898 w=-0.831 dt=49.9ms policy_zmq_lag=0.5ms scan_age=48.1ms loop_to_send=5.8ms
[go2:sport] DRY cmd#857 seq=909 v=0.897 w=-0.831 dt=49.4ms policy_zmq_lag=0.6ms scan_age=37.6ms loop_to_send=5.8ms
[go2:sport] DRY cmd#858 seq=910 v=0.898 w=-0.832 dt=50.7ms policy_zmq_lag=0.6ms scan_age=48.2ms loop_to_send=6.0ms
[go2:sport] DRY cmd#859 seq=911 v=0.897 w=-0.832 dt=49.3ms policy_zmq_lag=0.6ms scan_age=37.6ms loop_to_send=5.8ms
[go2:sport] DRY cmd#860 seq=912 v=0.897 w=-0.832 dt=50.5ms policy_zmq_lag=0.6ms scan_age=48.0ms loop_to_send=5.9ms
[go2:sport] DRY cmd#861 seq=913 v=0.897 w=-0.831 dt=50.5ms policy_zmq_lag=0.6ms scan_age=38.4ms loop_to_send=5.9ms
[go2:sport] DRY cmd#862 seq=914 v=0.898 w=-0.832 dt=49.8ms policy_zmq_lag=0.6ms scan_age=48.2ms loop_to_send=5.9ms
[go2:sport] DRY cmd#863 seq=915 v=0.897 w=-0.831 dt=49.3ms policy_zmq_lag=0.6ms scan_age=37.7ms loop_to_send=5.8ms
[go2:sport] DRY cmd#864 seq=916 v=0.897 w=-0.831 dt=50.3ms policy_zmq_lag=0.6ms scan_age=47.9ms loop_to_send=5.9ms
[go2:sport] DRY cmd#865 seq=917 v=0.897 w=-0.832 dt=49.7ms policy_zmq_lag=0.5ms scan_age=37.7ms loop_to_send=5.9ms
[go2:sport] DRY cmd#866 seq=918 v=0.897 w=-0.831 dt=50.5ms policy_zmq_lag=0.5ms scan_age=48.3ms loop_to_send=5.8ms
[go2:sport] DRY cmd#867 seq=919 v=0.897 w=-0.831 dt=49.7ms policy_zmq_lag=0.6ms scan_age=38.0ms loop_to_send=5.7ms
[go2:sport] DRY cmd#868 seq=920 v=0.897 w=-0.831 dt=50.3ms policy_zmq_lag=0.6ms scan_age=48.1ms loop_to_send=5.9ms
[go2:sport] DRY cmd#869 seq=921 v=0.897 w=-0.831 dt=49.3ms policy_zmq_lag=0.6ms scan_age=37.4ms loop_to_send=5.7ms
[go2:sport] DRY cmd#870 seq=922 v=0.897 w=-0.831 dt=50.5ms policy_zmq_lag=0.6ms scan_age=47.8ms loop_to_send=5.7ms
[go2:sport] DRY cmd#871 seq=923 v=0.897 w=-0.832 dt=49.9ms policy_zmq_lag=0.7ms scan_age=37.6ms loop_to_send=5.9ms
[go2:sport] DRY cmd#872 seq=924 v=0.897 w=-0.832 dt=50.4ms policy_zmq_lag=0.6ms scan_age=48.3ms loop_to_send=6.0ms
[go2:sport] DRY cmd#873 seq=925 v=0.897 w=-0.832 dt=49.7ms policy_zmq_lag=0.6ms scan_age=37.9ms loop_to_send=5.9ms
[go2:sport] DRY cmd#874 seq=926 v=0.897 w=-0.831 dt=49.8ms policy_zmq_lag=0.7ms scan_age=47.6ms loop_to_send=5.8ms
[go2:sport] DRY cmd#875 seq=927 v=0.897 w=-0.832 dt=50.2ms policy_zmq_lag=0.7ms scan_age=37.8ms loop_to_send=5.9ms
[go2:sport] DRY cmd#876 seq=928 v=0.897 w=-0.832 dt=49.7ms policy_zmq_lag=0.5ms scan_age=47.7ms loop_to_send=5.7ms
[go2:sport] DRY cmd#877 seq=929 v=0.897 w=-0.832 dt=50.5ms policy_zmq_lag=0.6ms scan_age=38.0ms loop_to_send=6.1ms
[go2:sport] DRY cmd#878 seq=930 v=0.897 w=-0.831 dt=50.8ms policy_zmq_lag=0.6ms scan_age=48.9ms loop_to_send=6.2ms
[go2:sport] DRY cmd#879 seq=931 v=0.897 w=-0.831 dt=49.8ms policy_zmq_lag=0.6ms scan_age=38.8ms loop_to_send=6.4ms
[go2:sport] DRY cmd#880 seq=932 v=0.897 w=-0.831 dt=49.8ms policy_zmq_lag=0.5ms scan_age=48.4ms loop_to_send=6.5ms
[go2:sport] DRY cmd#881 seq=933 v=0.897 w=-0.832 dt=49.3ms policy_zmq_lag=0.7ms scan_age=37.6ms loop_to_send=5.8ms
[go2:sport] DRY cmd#882 seq=934 v=0.897 w=-0.832 dt=51.3ms policy_zmq_lag=0.7ms scan_age=49.0ms loop_to_send=6.4ms
[go2:sport] DRY cmd#883 seq=935 v=0.897 w=-0.832 dt=48.8ms policy_zmq_lag=0.6ms scan_age=37.8ms loop_to_send=6.1ms
[go2:sport] DRY cmd#884 seq=936 v=0.897 w=-0.832 dt=49.8ms policy_zmq_lag=0.6ms scan_age=47.6ms loop_to_send=5.9ms
[go2:sport] DRY cmd#885 seq=937 v=0.897 w=-0.831 dt=50.3ms policy_zmq_lag=0.5ms scan_age=37.9ms loop_to_send=5.7ms
[go2:sport] DRY cmd#886 seq=938 v=0.897 w=-0.832 dt=49.7ms policy_zmq_lag=0.6ms scan_age=47.7ms loop_to_send=5.8ms
[go2:sport] DRY cmd#887 seq=939 v=0.897 w=-0.832 dt=49.9ms policy_zmq_lag=0.6ms scan_age=37.5ms loop_to_send=5.9ms
[go2:sport] DRY cmd#888 seq=940 v=0.897 w=-0.832 dt=51.3ms policy_zmq_lag=0.7ms scan_age=48.7ms loop_to_send=6.4ms
[go2:sport] DRY cmd#889 seq=941 v=0.897 w=-0.832 dt=49.9ms policy_zmq_lag=0.6ms scan_age=38.9ms loop_to_send=6.4ms
[go2:sport] DRY cmd#890 seq=942 v=0.894 w=-0.835 dt=49.3ms policy_zmq_lag=0.7ms scan_age=48.0ms loop_to_send=5.8ms
[go2:sport] DRY cmd#891 seq=943 v=0.897 w=-0.832 dt=50.6ms policy_zmq_lag=0.5ms scan_age=38.8ms loop_to_send=6.5ms
[go2:sport] DRY cmd#892 seq=944 v=0.897 w=-0.832 dt=49.3ms policy_zmq_lag=0.6ms scan_age=48.1ms loop_to_send=5.8ms
[go2:sport] DRY cmd#893 seq=945 v=0.897 w=-0.831 dt=49.9ms policy_zmq_lag=0.6ms scan_age=38.0ms loop_to_send=5.7ms
[go2:sport] DRY cmd#894 seq=946 v=0.897 w=-0.832 dt=49.4ms policy_zmq_lag=0.5ms scan_age=47.4ms loop_to_send=5.5ms
[go2:sport] DRY cmd#895 seq=947 v=0.897 w=-0.831 dt=50.3ms policy_zmq_lag=0.5ms scan_age=37.7ms loop_to_send=5.4ms
[go2:sport] DRY cmd#896 seq=948 v=0.897 w=-0.832 dt=50.4ms policy_zmq_lag=0.5ms scan_age=48.2ms loop_to_send=5.7ms
[go2:sport] DRY cmd#897 seq=949 v=0.897 w=-0.832 dt=50.4ms policy_zmq_lag=0.6ms scan_age=38.4ms loop_to_send=6.1ms
[go2:sport] DRY cmd#898 seq=950 v=0.897 w=-0.832 dt=49.7ms policy_zmq_lag=0.6ms scan_age=48.4ms loop_to_send=6.1ms
[go2:sport] DRY cmd#899 seq=951 v=0.897 w=-0.832 dt=50.0ms policy_zmq_lag=0.6ms scan_age=38.3ms loop_to_send=5.9ms
[go2:sport] DRY cmd#900 seq=952 v=0.897 w=-0.832 dt=50.2ms policy_zmq_lag=0.6ms scan_age=49.2ms loop_to_send=6.3ms
[go2:sport] DRY cmd#901 seq=953 v=0.897 w=-0.831 dt=49.3ms policy_zmq_lag=0.6ms scan_age=37.7ms loop_to_send=5.9ms
[go2:sport] DRY cmd#902 seq=954 v=0.897 w=-0.832 dt=50.1ms policy_zmq_lag=0.6ms scan_age=48.5ms loop_to_send=5.9ms
[go2:sport] DRY cmd#903 seq=955 v=0.898 w=-0.831 dt=50.5ms policy_zmq_lag=0.6ms scan_age=38.3ms loop_to_send=6.2ms
[go2:sport] DRY cmd#904 seq=956 v=0.897 w=-0.832 dt=50.1ms policy_zmq_lag=0.6ms scan_age=49.4ms loop_to_send=6.0ms
[go2:sport] DRY cmd#905 seq=957 v=0.898 w=-0.831 dt=50.6ms policy_zmq_lag=0.6ms scan_age=39.0ms loop_to_send=6.4ms
[go2:sport] DRY cmd#906 seq=958 v=0.897 w=-0.832 dt=49.3ms policy_zmq_lag=0.6ms scan_age=48.4ms loop_to_send=6.1ms
[go2:sport] DRY cmd#907 seq=959 v=0.898 w=-0.831 dt=49.6ms policy_zmq_lag=0.6ms scan_age=38.0ms loop_to_send=5.8ms
[go2:sport] DRY cmd#908 seq=960 v=0.897 w=-0.832 dt=49.8ms policy_zmq_lag=0.5ms scan_age=47.9ms loop_to_send=6.0ms
[go2:sport] DRY cmd#909 seq=961 v=0.898 w=-0.832 dt=50.3ms policy_zmq_lag=0.5ms scan_age=38.2ms loop_to_send=5.8ms
[go2:sport] DRY cmd#910 seq=962 v=0.897 w=-0.832 dt=49.6ms policy_zmq_lag=0.6ms scan_age=47.7ms loop_to_send=5.9ms
[go2:sport] DRY cmd#911 seq=963 v=0.898 w=-0.831 dt=50.0ms policy_zmq_lag=0.5ms scan_age=37.6ms loop_to_send=5.7ms
[go2:sport] DRY cmd#912 seq=964 v=0.897 w=-0.831 dt=50.4ms policy_zmq_lag=0.6ms scan_age=48.0ms loop_to_send=5.8ms
[go2:sport] DRY cmd#913 seq=965 v=0.898 w=-0.831 dt=50.2ms policy_zmq_lag=0.6ms scan_age=38.2ms loop_to_send=6.1ms
