[INFO] [1784481343.741647700] [dclp_go2_policy_ros2]: trajectory log enabled: /home/unitree/qyw/dclp_20260710_reproduction/runs/20260720_011513_158244530_S2L_r1_h4_on_guard_v6_live/trajectory/trajectory.csv (rate=2.00 Hz)
[INFO] [1784481343.766619573] [dclp_go2_policy_ros2]: Go2 DCLP policy ready: backend={"action_dim": 2, "backend_type": "pth", "checkpoint_meta": {"T": 1010000, "episode": 16356, "test_time": 101}, "deterministic_rule": "highest_weight_component_tanh_mu", "device": "cpu", "model_path": "/home/unitree/qyw/dclp_20260710_reproduction/models/dclp/V1_41lambda1_101.pth", "obs_dim": 548, "policy_id": "V1_41lambda1_101.pth"} scan=/scan odom=/odom goal=/move_base_simple/goal rel_goal=/dclp_relative_goal global=odom zmq=tcp://*:5596 rate=20.0Hz scan_stamp_timeout=0.30s experiment=20260720_011513_158244530_S2L_r1_h4_on_guard_v6_live profile=h4_on_guard_v6 compensation=guarded mapping=range limiter=last_cmd_dt config={"accel_limiter_mode":"last_cmd_dt","action_mapping_mode":"range","backend":{"action_dim":2,"backend_type":"pth","checkpoint_meta":{"T":1010000,"episode":16356,"test_time":101},"deterministic_rule":"highest_weight_component_tanh_mu","device":"cpu","model_path":"/home/unitree/qyw/dclp_20260710_reproduction/models/dclp/V1_41lambda1_101.pth","obs_dim":548,"policy_id":"V1_41lambda1_101.pth"},"cap_angular":1.09956,"cap_linear":1.05,"compensation_available":true,"compensation_mode":"guarded","compensation_source":"/home/unitree/qyw/dclp_20260710_reproduction/dclp_deploy/robots/unitree_go2/velocity_compensation.py","compensation_source_sha256":"53f5318dde1c9965c6c7177ae72e8200b85b26c8b9143ecb9dcc5d356a458000","control_period_sec":0.02,"control_rate_hz":20.0,"dclp_length1":0.42,"dclp_length2":0.42,"dclp_width":0.372,"deploy_core_source":"/home/unitree/qyw/dclp_20260710_reproduction/dclp_deploy/dclp_deploy_core.py","deploy_core_source_sha256":"df6c78b263454c8bf8fb616de9dff7d268f6f48fe40127c299dd56455464e7de","experiment_id":"20260720_011513_158244530_S2L_r1_h4_on_guard_v6_live","experiment_profile":"h4_on_guard_v6","floor_angular":0.0,"floor_linear":0.0,"goal_topic":"/move_base_simple/goal","max_angular":1.09956,"max_angular_acc":3.0,"max_linear":1.05,"max_linear_acc":3.0,"min_angular":0.36652,"min_linear":0.35,"model_path":"/home/unitree/qyw/dclp_20260710_reproduction/models/dclp/V1_41lambda1_101.pth","model_sha256":"dacaf9fc45da536ae6b45cdbedc949370b7828fac4cadcf40ebedabc4080c452","odom_topic":"/odom","pid":40159,"policy_source":"/home/unitree/qyw/dclp_20260710_reproduction/dclp_deploy/robots/unitree_go2/dclp_go2_policy_ros2.py","policy_source_sha256":"66d8558d2f68a7caef976ef59ba74070b99af27b8fe4af35b8b0dc6a68228997","relative_goal_topic":"/dclp_relative_goal","scan_topic":"/scan","schema_version":1,"speed_scale":1.0,"straighten_front_clear_angle":0.35,"straighten_front_clear_range":1.2,"straighten_front_goal_angle":0.0,"straighten_front_goal_w_limit":0.0,"trajectory_log_path":"/home/unitree/qyw/dclp_20260710_reproduction/runs/20260720_011513_158244530_S2L_r1_h4_on_guard_v6_live/trajectory/trajectory.csv","written_at":"2026-07-20T01:15:43"}
[INFO] [1784481343.770059344] [dclp_go2_policy_ros2]: received first scan: frame=base_link beams=1081
[INFO] [1784481343.771856187] [dclp_go2_policy_ros2]: received first odom: frame=odom child=base_link
[WARN] [1784481343.818213703] [dclp_go2_policy_ros2]: DCLP stop: waiting goal
[WARN] [1784481345.867182097] [dclp_go2_policy_ros2]: DCLP stop: waiting goal
[WARN] [1784481347.867120856] [dclp_go2_policy_ros2]: DCLP stop: waiting goal
[WARN] [1784481349.917096741] [dclp_go2_policy_ros2]: DCLP stop: waiting goal
[WARN] [1784481351.917321605] [dclp_go2_policy_ros2]: DCLP stop: waiting goal
[WARN] [1784481353.967147022] [dclp_go2_policy_ros2]: DCLP stop: waiting goal
[WARN] [1784481355.968415209] [dclp_go2_policy_ros2]: DCLP stop: waiting goal
[WARN] [1784481358.017307549] [dclp_go2_policy_ros2]: DCLP stop: waiting goal
[WARN] [1784481360.017389223] [dclp_go2_policy_ros2]: DCLP stop: waiting goal
[INFO] [1784481360.125777302] [dclp_go2_policy_ros2]: received relative goal: right=0.000 forward=4.000 -> global=(4.009, -0.083) frame=odom
[INFO] [1784481360.176439837] [dclp_go2_policy_ros2]: ⏱ v=0.124 w=-0.124 dist=4.00 | total=9.3ms (tf=0.2 feat=0.4 infer=2.6 conv=4.1) | e2e_scan→cmd=36.0ms | cov=90/90
[INFO] [1784481360.673160625] [dclp_go2_policy_ros2]: ⏱ v=1.047 w=-1.066 dist=3.90 | total=6.2ms (tf=0.1 feat=0.3 infer=2.5 conv=2.3) | e2e_scan→cmd=32.7ms | cov=90/90
[INFO] [1784481361.174675386] [dclp_go2_policy_ros2]: ⏱ v=0.906 w=-1.091 dist=3.59 | total=7.3ms (tf=0.2 feat=0.4 infer=3.2 conv=2.5) | e2e_scan→cmd=34.0ms | cov=90/90
[INFO] [1784481361.672902922] [dclp_go2_policy_ros2]: ⏱ v=0.726 w=-1.087 dist=3.43 | total=6.3ms (tf=0.1 feat=0.4 infer=2.5 conv=2.4) | e2e_scan→cmd=32.6ms | cov=90/90
[INFO] [1784481362.172619017] [dclp_go2_policy_ros2]: ⏱ v=-0.406 w=-0.814 dist=3.43 | total=6.1ms (tf=0.1 feat=0.3 infer=2.5 conv=2.2) | e2e_scan→cmd=32.2ms | cov=90/90
[INFO] [1784481362.673738449] [dclp_go2_policy_ros2]: ⏱ v=1.047 w=-0.132 dist=3.52 | total=6.7ms (tf=0.1 feat=0.4 infer=2.5 conv=2.5) | e2e_scan→cmd=33.4ms | cov=90/90
[INFO] [1784481363.172714569] [dclp_go2_policy_ros2]: ⏱ v=1.050 w=1.097 dist=3.57 | total=6.1ms (tf=0.1 feat=0.4 infer=2.4 conv=2.3) | e2e_scan→cmd=32.4ms | cov=90/90
[INFO] [1784481363.672899630] [dclp_go2_policy_ros2]: ⏱ v=1.050 w=1.093 dist=3.52 | total=6.1ms (tf=0.1 feat=0.4 infer=2.4 conv=2.2) | e2e_scan→cmd=32.6ms | cov=90/90
[INFO] [1784481364.173030061] [dclp_go2_policy_ros2]: ⏱ v=1.050 w=1.095 dist=3.38 | total=6.2ms (tf=0.1 feat=0.4 infer=2.5 conv=2.3) | e2e_scan→cmd=32.7ms | cov=90/90
[INFO] [1784481364.672675814] [dclp_go2_policy_ros2]: ⏱ v=1.049 w=0.811 dist=3.09 | total=6.0ms (tf=0.1 feat=0.3 infer=2.4 conv=2.2) | e2e_scan→cmd=32.4ms | cov=90/90
[INFO] [1784481365.174070024] [dclp_go2_policy_ros2]: ⏱ v=1.049 w=0.528 dist=2.76 | total=6.5ms (tf=0.1 feat=0.4 infer=2.5 conv=2.5) | e2e_scan→cmd=33.9ms | cov=90/90
[INFO] [1784481365.673553835] [dclp_go2_policy_ros2]: ⏱ v=1.049 w=0.283 dist=2.40 | total=6.3ms (tf=0.1 feat=0.4 infer=2.5 conv=2.3) | e2e_scan→cmd=33.5ms | cov=90/90
[INFO] [1784481366.172674381] [dclp_go2_policy_ros2]: ⏱ v=1.049 w=0.530 dist=2.01 | total=6.1ms (tf=0.1 feat=0.3 infer=2.5 conv=2.2) | e2e_scan→cmd=32.6ms | cov=90/90
[INFO] [1784481366.672637128] [dclp_go2_policy_ros2]: ⏱ v=1.049 w=0.282 dist=1.63 | total=6.0ms (tf=0.1 feat=0.4 infer=2.4 conv=2.2) | e2e_scan→cmd=32.6ms | cov=90/90
[INFO] [1784481367.173123212] [dclp_go2_policy_ros2]: ⏱ v=1.048 w=0.229 dist=1.26 | total=6.5ms (tf=0.1 feat=0.3 infer=2.5 conv=2.3) | e2e_scan→cmd=33.1ms | cov=90/90
[INFO] [1784481367.672973326] [dclp_go2_policy_ros2]: ⏱ v=1.048 w=0.489 dist=0.88 | total=6.3ms (tf=0.1 feat=0.3 infer=2.4 conv=2.2) | e2e_scan→cmd=32.9ms | cov=90/90
[INFO] [1784481368.173302810] [dclp_go2_policy_ros2]: ⏱ v=1.047 w=0.959 dist=0.51 | total=6.4ms (tf=0.1 feat=0.3 infer=2.4 conv=2.2) | e2e_scan→cmd=33.3ms | cov=90/90
[WARN] [1784481368.317449219] [dclp_go2_policy_ros2]: DCLP stop: goal reached
[WARN] [1784481370.367447754] [dclp_go2_policy_ros2]: DCLP stop: goal reached
[WARN] [1784481372.417212244] [dclp_go2_policy_ros2]: DCLP stop: goal reached
