Setup unitree ros2 environment
[go2:sport] connecting zmq: tcp://192.168.123.222:5596
[go2:sport] auto-selected interface: eth0
[go2:sport] ChannelFactoryInitialize iface=eth0
[go2:sport] SportClient ready
[go2:sport] joystick commands disabled for DCLP
[go2:sport] gait switch 'economic' success
[go2:sport] obstacle avoid disabled
[go2:sport] remote-command source forced to API
[go2:sport] cmd#1 seq=86 policy_v=0.000 policy_w=0.000 sent_v=0.000 sent_w=0.000 ret=0 dt=0.0ms move_ms=0.3 policy_zmq_lag=22.1ms
[go2:sport] cmd#2 seq=87 policy_v=0.000 policy_w=0.000 sent_v=0.000 sent_w=0.000 ret=0 dt=28.5ms move_ms=0.4 policy_zmq_lag=0.5ms
[go2:sport] cmd#3 seq=88 policy_v=0.000 policy_w=0.000 sent_v=0.000 sent_w=0.000 ret=0 dt=50.1ms move_ms=0.4 policy_zmq_lag=0.6ms
[go2:sport] cmd#4 seq=89 policy_v=0.000 policy_w=0.000 sent_v=0.000 sent_w=0.000 ret=0 dt=49.9ms move_ms=0.4 policy_zmq_lag=0.5ms
[go2:sport] cmd#5 seq=90 policy_v=0.000 policy_w=0.000 sent_v=0.000 sent_w=0.000 ret=0 dt=50.0ms move_ms=0.4 policy_zmq_lag=0.5ms
[go2:sport] cmd#6 seq=91 policy_v=0.000 policy_w=0.000 sent_v=0.000 sent_w=0.000 ret=0 dt=50.0ms move_ms=0.5 policy_zmq_lag=0.6ms
[go2:sport] cmd#7 seq=92 policy_v=0.000 policy_w=0.000 sent_v=0.000 sent_w=0.000 ret=0 dt=50.0ms move_ms=0.4 policy_zmq_lag=0.6ms
[go2:sport] cmd#8 seq=93 policy_v=0.000 policy_w=0.000 sent_v=0.000 sent_w=0.000 ret=0 dt=50.0ms move_ms=0.4 policy_zmq_lag=0.6ms
[go2:sport] cmd#9 seq=94 policy_v=0.000 policy_w=0.000 sent_v=0.000 sent_w=0.000 ret=0 dt=50.0ms move_ms=0.4 policy_zmq_lag=0.5ms
[go2:sport] cmd#10 seq=95 policy_v=0.000 policy_w=0.000 sent_v=0.000 sent_w=0.000 ret=0 dt=50.0ms move_ms=0.4 policy_zmq_lag=0.6ms
[go2:sport] cmd#11 seq=96 policy_v=0.000 policy_w=0.000 sent_v=0.000 sent_w=0.000 ret=0 dt=50.1ms move_ms=0.4 policy_zmq_lag=0.6ms
[go2:sport] cmd#12 seq=97 policy_v=0.000 policy_w=0.000 sent_v=0.000 sent_w=0.000 ret=0 dt=50.0ms move_ms=0.5 policy_zmq_lag=0.7ms
[go2:sport] cmd#13 seq=98 policy_v=0.000 policy_w=0.000 sent_v=0.000 sent_w=0.000 ret=0 dt=49.8ms move_ms=0.4 policy_zmq_lag=0.5ms
[go2:sport] cmd#14 seq=99 policy_v=0.000 policy_w=0.000 sent_v=0.000 sent_w=0.000 ret=0 dt=50.1ms move_ms=0.4 policy_zmq_lag=0.6ms
[go2:sport] cmd#15 seq=100 policy_v=0.000 policy_w=0.000 sent_v=0.000 sent_w=0.000 ret=0 dt=49.9ms move_ms=0.4 policy_zmq_lag=0.5ms
[go2:sport] cmd#16 seq=101 policy_v=0.000 policy_w=0.000 sent_v=0.000 sent_w=0.000 ret=0 dt=50.0ms move_ms=0.4 policy_zmq_lag=0.6ms
[go2:sport] cmd#17 seq=102 policy_v=0.000 policy_w=0.000 sent_v=0.000 sent_w=0.000 ret=0 dt=50.1ms move_ms=0.4 policy_zmq_lag=0.5ms
[go2:sport] cmd#18 seq=103 policy_v=0.000 policy_w=0.000 sent_v=0.000 sent_w=0.000 ret=0 dt=50.0ms move_ms=0.4 policy_zmq_lag=0.6ms
[go2:sport] cmd#19 seq=104 policy_v=0.000 policy_w=0.000 sent_v=0.000 sent_w=0.000 ret=0 dt=49.9ms move_ms=0.4 policy_zmq_lag=0.5ms
[go2:sport] cmd#20 seq=105 policy_v=0.000 policy_w=0.000 sent_v=0.000 sent_w=0.000 ret=0 dt=50.2ms move_ms=0.6 policy_zmq_lag=0.7ms
[go2:sport] cmd#21 seq=106 policy_v=0.000 policy_w=0.000 sent_v=0.000 sent_w=0.000 ret=0 dt=50.9ms move_ms=0.4 policy_zmq_lag=0.6ms
[go2:sport] cmd#22 seq=107 policy_v=0.000 policy_w=0.000 sent_v=0.000 sent_w=0.000 ret=0 dt=48.9ms move_ms=0.4 policy_zmq_lag=0.5ms
[go2:sport] cmd#23 seq=108 policy_v=0.000 policy_w=0.000 sent_v=0.000 sent_w=0.000 ret=0 dt=50.0ms move_ms=0.4 policy_zmq_lag=0.5ms
[go2:sport] cmd#24 seq=109 policy_v=0.000 policy_w=0.000 sent_v=0.000 sent_w=0.000 ret=0 dt=50.2ms move_ms=0.4 policy_zmq_lag=0.6ms
[go2:sport] cmd#25 seq=110 policy_v=0.000 policy_w=0.000 sent_v=0.000 sent_w=0.000 ret=0 dt=50.2ms move_ms=0.4 policy_zmq_lag=0.5ms
[go2:sport] cmd#26 seq=111 policy_v=0.000 policy_w=0.000 sent_v=0.000 sent_w=0.000 ret=0 dt=49.6ms move_ms=0.4 policy_zmq_lag=0.6ms
[go2:sport] cmd#27 seq=112 policy_v=0.000 policy_w=0.000 sent_v=0.000 sent_w=0.000 ret=0 dt=50.0ms move_ms=0.4 policy_zmq_lag=0.6ms
[go2:sport] cmd#28 seq=113 policy_v=0.000 policy_w=0.000 sent_v=0.000 sent_w=0.000 ret=0 dt=50.3ms move_ms=0.4 policy_zmq_lag=0.6ms
[go2:sport] cmd#29 seq=114 policy_v=0.000 policy_w=0.000 sent_v=0.000 sent_w=0.000 ret=0 dt=49.7ms move_ms=0.4 policy_zmq_lag=0.5ms
[go2:sport] cmd#30 seq=115 policy_v=0.000 policy_w=0.000 sent_v=0.000 sent_w=0.000 ret=0 dt=50.8ms move_ms=0.4 policy_zmq_lag=0.9ms
[go2:sport] cmd#31 seq=116 policy_v=0.000 policy_w=0.000 sent_v=0.000 sent_w=0.000 ret=0 dt=49.3ms move_ms=0.4 policy_zmq_lag=0.6ms
[go2:sport] cmd#32 seq=117 policy_v=0.000 policy_w=0.000 sent_v=0.000 sent_w=0.000 ret=0 dt=50.2ms move_ms=0.4 policy_zmq_lag=0.5ms
[go2:sport] cmd#33 seq=118 policy_v=0.000 policy_w=0.000 sent_v=0.000 sent_w=0.000 ret=0 dt=49.8ms move_ms=0.4 policy_zmq_lag=0.5ms
[go2:sport] cmd#34 seq=119 policy_v=0.000 policy_w=0.000 sent_v=0.000 sent_w=0.000 ret=0 dt=50.0ms move_ms=0.4 policy_zmq_lag=0.6ms
[go2:sport] cmd#35 seq=120 policy_v=0.000 policy_w=0.000 sent_v=0.000 sent_w=0.000 ret=0 dt=50.0ms move_ms=0.5 policy_zmq_lag=0.6ms
[go2:sport] cmd#36 seq=121 policy_v=0.000 policy_w=0.000 sent_v=0.000 sent_w=0.000 ret=0 dt=50.0ms move_ms=0.5 policy_zmq_lag=0.6ms
[go2:sport] cmd#37 seq=122 policy_v=0.000 policy_w=0.000 sent_v=0.000 sent_w=0.000 ret=0 dt=50.0ms move_ms=0.5 policy_zmq_lag=0.6ms
[go2:sport] cmd#38 seq=123 policy_v=0.000 policy_w=0.000 sent_v=0.000 sent_w=0.000 ret=0 dt=50.0ms move_ms=0.4 policy_zmq_lag=0.6ms
[go2:sport] cmd#39 seq=124 policy_v=0.000 policy_w=0.000 sent_v=0.000 sent_w=0.000 ret=0 dt=50.2ms move_ms=0.6 policy_zmq_lag=0.7ms
[go2:sport] cmd#40 seq=125 policy_v=0.000 policy_w=0.000 sent_v=0.000 sent_w=0.000 ret=0 dt=49.9ms move_ms=0.5 policy_zmq_lag=0.6ms
[go2:sport] cmd#41 seq=126 policy_v=0.000 policy_w=0.000 sent_v=0.000 sent_w=0.000 ret=0 dt=49.9ms move_ms=0.4 policy_zmq_lag=0.5ms
[go2:sport] cmd#42 seq=127 policy_v=0.000 policy_w=0.000 sent_v=0.000 sent_w=0.000 ret=0 dt=50.0ms move_ms=0.4 policy_zmq_lag=0.5ms
[go2:sport] cmd#43 seq=128 policy_v=0.000 policy_w=0.000 sent_v=0.000 sent_w=0.000 ret=0 dt=50.1ms move_ms=0.6 policy_zmq_lag=0.7ms
[go2:sport] cmd#44 seq=129 policy_v=0.000 policy_w=0.000 sent_v=0.000 sent_w=0.000 ret=0 dt=49.8ms move_ms=0.4 policy_zmq_lag=0.5ms
[go2:sport] cmd#45 seq=130 policy_v=0.000 policy_w=0.000 sent_v=0.000 sent_w=0.000 ret=0 dt=50.0ms move_ms=0.4 policy_zmq_lag=0.5ms
[go2:sport] cmd#46 seq=131 policy_v=0.000 policy_w=0.000 sent_v=0.000 sent_w=0.000 ret=0 dt=50.0ms move_ms=0.4 policy_zmq_lag=0.5ms
[go2:sport] cmd#47 seq=132 policy_v=0.000 policy_w=0.000 sent_v=0.000 sent_w=0.000 ret=0 dt=50.0ms move_ms=0.4 policy_zmq_lag=0.5ms
[go2:sport] cmd#48 seq=133 policy_v=0.000 policy_w=0.000 sent_v=0.000 sent_w=0.000 ret=0 dt=51.1ms move_ms=0.4 policy_zmq_lag=0.5ms
[go2:sport] cmd#49 seq=134 policy_v=0.000 policy_w=0.000 sent_v=0.000 sent_w=0.000 ret=0 dt=49.0ms move_ms=0.6 policy_zmq_lag=0.6ms
[go2:sport] cmd#50 seq=135 policy_v=0.000 policy_w=0.000 sent_v=0.000 sent_w=0.000 ret=0 dt=50.0ms move_ms=0.4 policy_zmq_lag=0.6ms
[go2:sport] cmd#51 seq=136 policy_v=0.000 policy_w=0.000 sent_v=0.000 sent_w=0.000 ret=0 dt=50.0ms move_ms=0.4 policy_zmq_lag=0.6ms
[go2:sport] cmd#52 seq=137 policy_v=0.000 policy_w=0.000 sent_v=0.000 sent_w=0.000 ret=0 dt=50.0ms move_ms=0.4 policy_zmq_lag=0.6ms
[go2:sport] cmd#53 seq=138 policy_v=0.000 policy_w=0.000 sent_v=0.000 sent_w=0.000 ret=0 dt=50.1ms move_ms=0.5 policy_zmq_lag=0.7ms
[go2:sport] cmd#54 seq=139 policy_v=0.000 policy_w=0.000 sent_v=0.000 sent_w=0.000 ret=0 dt=50.0ms move_ms=0.6 policy_zmq_lag=0.7ms
[go2:sport] cmd#55 seq=140 policy_v=0.000 policy_w=0.000 sent_v=0.000 sent_w=0.000 ret=0 dt=49.8ms move_ms=0.4 policy_zmq_lag=0.6ms
[go2:sport] cmd#56 seq=141 policy_v=0.000 policy_w=0.000 sent_v=0.000 sent_w=0.000 ret=0 dt=50.0ms move_ms=0.4 policy_zmq_lag=0.6ms
[go2:sport] cmd#57 seq=142 policy_v=0.000 policy_w=0.000 sent_v=0.000 sent_w=0.000 ret=0 dt=50.1ms move_ms=0.6 policy_zmq_lag=0.6ms
[go2:sport] cmd#58 seq=143 policy_v=0.000 policy_w=0.000 sent_v=0.000 sent_w=0.000 ret=0 dt=49.9ms move_ms=0.4 policy_zmq_lag=0.6ms
[go2:sport] cmd#59 seq=144 policy_v=0.000 policy_w=0.000 sent_v=0.000 sent_w=0.000 ret=0 dt=50.0ms move_ms=0.4 policy_zmq_lag=0.5ms
[go2:sport] cmd#60 seq=145 policy_v=0.000 policy_w=0.000 sent_v=0.000 sent_w=0.000 ret=0 dt=50.1ms move_ms=0.6 policy_zmq_lag=0.6ms
[go2:sport] cmd#61 seq=146 policy_v=0.000 policy_w=0.000 sent_v=0.000 sent_w=0.000 ret=0 dt=49.8ms move_ms=0.4 policy_zmq_lag=0.5ms
[go2:sport] cmd#62 seq=147 policy_v=0.000 policy_w=0.000 sent_v=0.000 sent_w=0.000 ret=0 dt=50.0ms move_ms=0.4 policy_zmq_lag=0.5ms
[go2:sport] cmd#63 seq=148 policy_v=0.000 policy_w=0.000 sent_v=0.000 sent_w=0.000 ret=0 dt=50.1ms move_ms=0.4 policy_zmq_lag=0.6ms
[go2:sport] cmd#64 seq=149 policy_v=0.000 policy_w=0.000 sent_v=0.000 sent_w=0.000 ret=0 dt=50.4ms move_ms=0.4 policy_zmq_lag=0.5ms
[go2:sport] cmd#65 seq=150 policy_v=0.000 policy_w=0.000 sent_v=0.000 sent_w=0.000 ret=0 dt=49.5ms move_ms=0.4 policy_zmq_lag=0.5ms
[go2:sport] cmd#66 seq=151 policy_v=0.000 policy_w=0.000 sent_v=0.000 sent_w=0.000 ret=0 dt=50.2ms move_ms=0.6 policy_zmq_lag=0.7ms
[go2:sport] cmd#67 seq=152 policy_v=0.000 policy_w=0.000 sent_v=0.000 sent_w=0.000 ret=0 dt=49.8ms move_ms=0.5 policy_zmq_lag=0.5ms
[go2:sport] cmd#68 seq=153 policy_v=0.000 policy_w=0.000 sent_v=0.000 sent_w=0.000 ret=0 dt=50.0ms move_ms=0.4 policy_zmq_lag=0.6ms
[go2:sport] cmd#69 seq=154 policy_v=0.000 policy_w=0.000 sent_v=0.000 sent_w=0.000 ret=0 dt=50.0ms move_ms=0.4 policy_zmq_lag=0.5ms
[go2:sport] cmd#70 seq=155 policy_v=0.000 policy_w=0.000 sent_v=0.000 sent_w=0.000 ret=0 dt=50.2ms move_ms=0.6 policy_zmq_lag=0.7ms
[go2:sport] cmd#71 seq=156 policy_v=0.000 policy_w=0.000 sent_v=0.000 sent_w=0.000 ret=0 dt=49.9ms move_ms=0.4 policy_zmq_lag=0.6ms
[go2:sport] cmd#72 seq=157 policy_v=0.000 policy_w=0.000 sent_v=0.000 sent_w=0.000 ret=0 dt=49.9ms move_ms=0.4 policy_zmq_lag=0.5ms
[go2:sport] cmd#73 seq=158 policy_v=0.000 policy_w=0.000 sent_v=0.000 sent_w=0.000 ret=0 dt=50.1ms move_ms=0.4 policy_zmq_lag=0.5ms
[go2:sport] cmd#74 seq=159 policy_v=0.000 policy_w=0.000 sent_v=0.000 sent_w=0.000 ret=0 dt=50.1ms move_ms=0.4 policy_zmq_lag=0.6ms
[go2:sport] cmd#75 seq=160 policy_v=0.000 policy_w=0.000 sent_v=0.000 sent_w=0.000 ret=0 dt=49.9ms move_ms=0.4 policy_zmq_lag=0.5ms
[go2:sport] cmd#76 seq=161 policy_v=0.000 policy_w=0.000 sent_v=0.000 sent_w=0.000 ret=0 dt=50.1ms move_ms=0.7 policy_zmq_lag=0.7ms
[go2:sport] cmd#77 seq=162 policy_v=0.000 policy_w=0.000 sent_v=0.000 sent_w=0.000 ret=0 dt=50.0ms move_ms=0.4 policy_zmq_lag=0.5ms
[go2:sport] cmd#78 seq=163 policy_v=0.000 policy_w=0.000 sent_v=0.000 sent_w=0.000 ret=0 dt=50.0ms move_ms=0.6 policy_zmq_lag=0.7ms
[go2:sport] cmd#79 seq=164 policy_v=0.000 policy_w=0.000 sent_v=0.000 sent_w=0.000 ret=0 dt=49.9ms move_ms=0.4 policy_zmq_lag=0.5ms
[go2:sport] cmd#80 seq=165 policy_v=0.000 policy_w=0.000 sent_v=0.000 sent_w=0.000 ret=0 dt=49.9ms move_ms=0.4 policy_zmq_lag=0.6ms
[go2:sport] cmd#81 seq=166 policy_v=0.000 policy_w=0.000 sent_v=0.000 sent_w=0.000 ret=0 dt=49.9ms move_ms=0.3 policy_zmq_lag=0.5ms
[go2:sport] cmd#82 seq=167 policy_v=0.000 policy_w=0.000 sent_v=0.000 sent_w=0.000 ret=0 dt=50.0ms move_ms=0.4 policy_zmq_lag=0.5ms
[go2:sport] cmd#83 seq=168 policy_v=0.000 policy_w=0.000 sent_v=0.000 sent_w=0.000 ret=0 dt=50.1ms move_ms=0.6 policy_zmq_lag=0.6ms
[go2:sport] cmd#84 seq=169 policy_v=0.000 policy_w=0.000 sent_v=0.000 sent_w=0.000 ret=0 dt=50.0ms move_ms=0.5 policy_zmq_lag=0.5ms
[go2:sport] cmd#85 seq=170 policy_v=0.000 policy_w=0.000 sent_v=0.000 sent_w=0.000 ret=0 dt=50.0ms move_ms=0.5 policy_zmq_lag=0.6ms
[go2:sport] cmd#86 seq=171 policy_v=0.000 policy_w=0.000 sent_v=0.000 sent_w=0.000 ret=0 dt=49.9ms move_ms=0.4 policy_zmq_lag=0.5ms
[go2:sport] cmd#87 seq=172 policy_v=0.000 policy_w=0.000 sent_v=0.000 sent_w=0.000 ret=0 dt=50.1ms move_ms=0.6 policy_zmq_lag=0.6ms
[go2:sport] cmd#88 seq=173 policy_v=0.000 policy_w=0.000 sent_v=0.000 sent_w=0.000 ret=0 dt=50.1ms move_ms=0.6 policy_zmq_lag=0.7ms
[go2:sport] cmd#89 seq=174 policy_v=0.000 policy_w=0.000 sent_v=0.000 sent_w=0.000 ret=0 dt=49.9ms move_ms=0.4 policy_zmq_lag=0.5ms
[go2:sport] cmd#90 seq=175 policy_v=0.000 policy_w=0.000 sent_v=0.000 sent_w=0.000 ret=0 dt=50.1ms move_ms=0.6 policy_zmq_lag=0.7ms
[go2:sport] cmd#91 seq=176 policy_v=0.000 policy_w=0.000 sent_v=0.000 sent_w=0.000 ret=0 dt=49.8ms move_ms=0.4 policy_zmq_lag=0.5ms
[go2:sport] cmd#92 seq=177 policy_v=0.000 policy_w=0.000 sent_v=0.000 sent_w=0.000 ret=0 dt=50.0ms move_ms=0.4 policy_zmq_lag=0.5ms
[go2:sport] cmd#93 seq=178 policy_v=0.000 policy_w=0.000 sent_v=0.000 sent_w=0.000 ret=0 dt=50.3ms move_ms=0.6 policy_zmq_lag=0.7ms
[go2:sport] cmd#94 seq=179 policy_v=0.000 policy_w=0.000 sent_v=0.000 sent_w=0.000 ret=0 dt=49.7ms move_ms=0.4 policy_zmq_lag=0.6ms
[go2:sport] cmd#95 seq=180 policy_v=0.000 policy_w=0.000 sent_v=0.000 sent_w=0.000 ret=0 dt=50.0ms move_ms=0.3 policy_zmq_lag=0.5ms
[go2:sport] cmd#96 seq=181 policy_v=0.000 policy_w=0.000 sent_v=0.000 sent_w=0.000 ret=0 dt=50.1ms move_ms=0.4 policy_zmq_lag=0.6ms
[go2:sport] cmd#97 seq=182 policy_v=0.000 policy_w=0.000 sent_v=0.000 sent_w=0.000 ret=0 dt=49.9ms move_ms=0.4 policy_zmq_lag=0.5ms
[go2:sport] cmd#98 seq=183 policy_v=0.000 policy_w=0.000 sent_v=0.000 sent_w=0.000 ret=0 dt=50.1ms move_ms=0.4 policy_zmq_lag=0.6ms
[go2:sport] cmd#99 seq=184 policy_v=0.000 policy_w=0.000 sent_v=0.000 sent_w=0.000 ret=0 dt=51.9ms move_ms=0.4 policy_zmq_lag=0.8ms
[go2:sport] cmd#100 seq=185 policy_v=0.000 policy_w=0.000 sent_v=0.000 sent_w=0.000 ret=0 dt=48.2ms move_ms=0.4 policy_zmq_lag=0.6ms
[go2:sport] cmd#101 seq=186 policy_v=0.000 policy_w=0.000 sent_v=0.000 sent_w=0.000 ret=0 dt=50.2ms move_ms=0.4 policy_zmq_lag=0.6ms
[go2:sport] cmd#102 seq=187 policy_v=0.000 policy_w=0.000 sent_v=0.000 sent_w=0.000 ret=0 dt=49.7ms move_ms=0.5 policy_zmq_lag=0.6ms
[go2:sport] cmd#103 seq=188 policy_v=0.000 policy_w=0.000 sent_v=0.000 sent_w=0.000 ret=0 dt=51.4ms move_ms=0.5 policy_zmq_lag=0.6ms
[go2:sport] cmd#104 seq=189 policy_v=0.000 policy_w=0.000 sent_v=0.000 sent_w=0.000 ret=0 dt=48.9ms move_ms=0.5 policy_zmq_lag=0.6ms
[go2:sport] cmd#105 seq=190 policy_v=0.000 policy_w=0.000 sent_v=0.000 sent_w=0.000 ret=0 dt=49.8ms move_ms=0.4 policy_zmq_lag=0.6ms
[go2:sport] cmd#106 seq=191 policy_v=0.000 policy_w=0.000 sent_v=0.000 sent_w=0.000 ret=0 dt=52.6ms move_ms=0.4 policy_zmq_lag=0.6ms
[go2:sport] cmd#107 seq=192 policy_v=0.000 policy_w=0.000 sent_v=0.000 sent_w=0.000 ret=0 dt=47.7ms move_ms=0.4 policy_zmq_lag=0.6ms
[go2:sport] cmd#108 seq=193 policy_v=0.000 policy_w=0.000 sent_v=0.000 sent_w=0.000 ret=0 dt=50.0ms move_ms=0.4 policy_zmq_lag=0.6ms
[go2:sport] cmd#109 seq=194 policy_v=0.000 policy_w=0.000 sent_v=0.000 sent_w=0.000 ret=0 dt=49.7ms move_ms=0.4 policy_zmq_lag=0.5ms
[go2:sport] cmd#110 seq=195 policy_v=0.000 policy_w=0.000 sent_v=0.000 sent_w=0.000 ret=0 dt=50.1ms move_ms=0.4 policy_zmq_lag=0.6ms
[go2:sport] cmd#111 seq=196 policy_v=0.000 policy_w=0.000 sent_v=0.000 sent_w=0.000 ret=0 dt=51.3ms move_ms=0.4 policy_zmq_lag=0.5ms
[go2:sport] cmd#112 seq=197 policy_v=0.000 policy_w=0.000 sent_v=0.000 sent_w=0.000 ret=0 dt=48.9ms move_ms=0.4 policy_zmq_lag=0.6ms
[go2:sport] cmd#113 seq=198 policy_v=0.000 policy_w=0.000 sent_v=0.000 sent_w=0.000 ret=0 dt=50.4ms move_ms=0.4 policy_zmq_lag=0.5ms
[go2:sport] cmd#114 seq=199 policy_v=0.000 policy_w=0.000 sent_v=0.000 sent_w=0.000 ret=0 dt=49.5ms move_ms=0.4 policy_zmq_lag=0.6ms
[go2:sport] cmd#115 seq=200 policy_v=0.000 policy_w=0.000 sent_v=0.000 sent_w=0.000 ret=0 dt=50.5ms move_ms=0.4 policy_zmq_lag=0.5ms
[go2:sport] cmd#116 seq=201 policy_v=0.000 policy_w=0.000 sent_v=0.000 sent_w=0.000 ret=0 dt=49.3ms move_ms=0.4 policy_zmq_lag=0.6ms
[go2:sport] cmd#117 seq=202 policy_v=0.000 policy_w=0.000 sent_v=0.000 sent_w=0.000 ret=0 dt=49.9ms move_ms=0.4 policy_zmq_lag=0.6ms
[go2:sport] cmd#118 seq=203 policy_v=0.000 policy_w=0.000 sent_v=0.000 sent_w=0.000 ret=0 dt=50.2ms move_ms=0.4 policy_zmq_lag=0.6ms
[go2:sport] cmd#119 seq=204 policy_v=0.000 policy_w=0.000 sent_v=0.000 sent_w=0.000 ret=0 dt=49.9ms move_ms=0.4 policy_zmq_lag=0.5ms
[go2:sport] cmd#120 seq=205 policy_v=0.000 policy_w=0.000 sent_v=0.000 sent_w=0.000 ret=0 dt=50.1ms move_ms=0.4 policy_zmq_lag=0.6ms
[go2:sport] cmd#121 seq=206 policy_v=0.000 policy_w=0.000 sent_v=0.000 sent_w=0.000 ret=0 dt=50.1ms move_ms=0.4 policy_zmq_lag=0.5ms
[go2:sport] cmd#122 seq=207 policy_v=0.000 policy_w=0.000 sent_v=0.000 sent_w=0.000 ret=0 dt=50.8ms move_ms=0.4 policy_zmq_lag=0.5ms
[go2:sport] cmd#123 seq=208 policy_v=0.000 policy_w=0.000 sent_v=0.000 sent_w=0.000 ret=0 dt=49.0ms move_ms=0.4 policy_zmq_lag=0.6ms
[go2:sport] cmd#124 seq=209 policy_v=0.000 policy_w=0.000 sent_v=0.000 sent_w=0.000 ret=0 dt=50.1ms move_ms=0.4 policy_zmq_lag=0.6ms
[go2:sport] cmd#125 seq=210 policy_v=0.000 policy_w=0.000 sent_v=0.000 sent_w=0.000 ret=0 dt=50.6ms move_ms=0.4 policy_zmq_lag=0.5ms
[go2:sport] cmd#126 seq=211 policy_v=0.000 policy_w=0.000 sent_v=0.000 sent_w=0.000 ret=0 dt=50.1ms move_ms=0.4 policy_zmq_lag=0.5ms
[go2:sport] cmd#127 seq=212 policy_v=0.000 policy_w=0.000 sent_v=0.000 sent_w=0.000 ret=0 dt=49.3ms move_ms=0.4 policy_zmq_lag=0.5ms
[go2:sport] cmd#128 seq=213 policy_v=0.000 policy_w=0.000 sent_v=0.000 sent_w=0.000 ret=0 dt=50.1ms move_ms=0.4 policy_zmq_lag=0.6ms
[go2:sport] cmd#129 seq=214 policy_v=0.000 policy_w=0.000 sent_v=0.000 sent_w=0.000 ret=0 dt=50.4ms move_ms=0.4 policy_zmq_lag=0.5ms
[go2:sport] cmd#130 seq=215 policy_v=0.000 policy_w=0.000 sent_v=0.000 sent_w=0.000 ret=0 dt=50.0ms move_ms=0.4 policy_zmq_lag=0.6ms
[go2:sport] cmd#131 seq=216 policy_v=0.000 policy_w=0.000 sent_v=0.000 sent_w=0.000 ret=0 dt=50.1ms move_ms=0.4 policy_zmq_lag=0.5ms
[go2:sport] cmd#132 seq=217 policy_v=0.000 policy_w=0.000 sent_v=0.000 sent_w=0.000 ret=0 dt=49.9ms move_ms=0.4 policy_zmq_lag=0.5ms
[go2:sport] cmd#133 seq=218 policy_v=0.000 policy_w=0.000 sent_v=0.000 sent_w=0.000 ret=0 dt=50.0ms move_ms=0.4 policy_zmq_lag=0.5ms
[go2:sport] cmd#134 seq=219 policy_v=0.000 policy_w=0.000 sent_v=0.000 sent_w=0.000 ret=0 dt=50.0ms move_ms=0.4 policy_zmq_lag=0.5ms
[go2:sport] cmd#135 seq=220 policy_v=0.000 policy_w=0.000 sent_v=0.000 sent_w=0.000 ret=0 dt=49.8ms move_ms=0.4 policy_zmq_lag=0.5ms
[go2:sport] cmd#136 seq=221 policy_v=0.000 policy_w=0.000 sent_v=0.000 sent_w=0.000 ret=0 dt=50.1ms move_ms=0.5 policy_zmq_lag=0.5ms
[go2:sport] cmd#137 seq=222 policy_v=0.000 policy_w=0.000 sent_v=0.000 sent_w=0.000 ret=0 dt=49.9ms move_ms=0.4 policy_zmq_lag=0.5ms
[go2:sport] cmd#138 seq=223 policy_v=0.000 policy_w=0.000 sent_v=0.000 sent_w=0.000 ret=0 dt=49.8ms move_ms=0.4 policy_zmq_lag=0.6ms
[go2:sport] cmd#139 seq=224 policy_v=0.000 policy_w=0.000 sent_v=0.000 sent_w=0.000 ret=0 dt=50.6ms move_ms=0.4 policy_zmq_lag=0.5ms
[go2:sport] cmd#140 seq=225 policy_v=0.000 policy_w=0.000 sent_v=0.000 sent_w=0.000 ret=0 dt=49.6ms move_ms=0.4 policy_zmq_lag=0.5ms
[go2:sport] cmd#141 seq=226 policy_v=0.000 policy_w=0.000 sent_v=0.000 sent_w=0.000 ret=0 dt=49.9ms move_ms=0.4 policy_zmq_lag=0.6ms
[go2:sport] cmd#142 seq=227 policy_v=0.000 policy_w=0.000 sent_v=0.000 sent_w=0.000 ret=0 dt=49.8ms move_ms=0.4 policy_zmq_lag=0.6ms
[go2:sport] cmd#143 seq=228 policy_v=0.000 policy_w=0.000 sent_v=0.000 sent_w=0.000 ret=0 dt=50.1ms move_ms=0.4 policy_zmq_lag=0.6ms
[go2:sport] cmd#144 seq=229 policy_v=0.000 policy_w=0.000 sent_v=0.000 sent_w=0.000 ret=0 dt=50.9ms move_ms=0.6 policy_zmq_lag=0.5ms
[go2:sport] cmd#145 seq=230 policy_v=0.000 policy_w=0.000 sent_v=0.000 sent_w=0.000 ret=0 dt=49.4ms move_ms=0.5 policy_zmq_lag=0.6ms
[go2:sport] cmd#146 seq=231 policy_v=0.000 policy_w=0.000 sent_v=0.000 sent_w=0.000 ret=0 dt=49.7ms move_ms=0.4 policy_zmq_lag=0.6ms
[go2:sport] cmd#147 seq=232 policy_v=0.000 policy_w=0.000 sent_v=0.000 sent_w=0.000 ret=0 dt=50.6ms move_ms=0.4 policy_zmq_lag=0.5ms
[go2:sport] cmd#148 seq=233 policy_v=0.000 policy_w=0.000 sent_v=0.000 sent_w=0.000 ret=0 dt=49.8ms move_ms=0.4 policy_zmq_lag=1.0ms
[go2:sport] cmd#149 seq=234 policy_v=0.000 policy_w=0.000 sent_v=0.000 sent_w=0.000 ret=0 dt=50.3ms move_ms=0.4 policy_zmq_lag=0.6ms
[go2:sport] cmd#150 seq=235 policy_v=0.000 policy_w=0.000 sent_v=0.000 sent_w=0.000 ret=0 dt=49.7ms move_ms=0.4 policy_zmq_lag=0.6ms
[go2:sport] cmd#151 seq=236 policy_v=0.000 policy_w=0.000 sent_v=0.000 sent_w=0.000 ret=0 dt=49.9ms move_ms=0.4 policy_zmq_lag=0.7ms
[go2:sport] cmd#152 seq=237 policy_v=0.000 policy_w=0.000 sent_v=0.000 sent_w=0.000 ret=0 dt=50.4ms move_ms=0.4 policy_zmq_lag=0.5ms
[go2:sport] cmd#153 seq=238 policy_v=0.000 policy_w=0.000 sent_v=0.000 sent_w=0.000 ret=0 dt=49.3ms move_ms=0.3 policy_zmq_lag=0.5ms
[go2:sport] cmd#154 seq=239 policy_v=0.000 policy_w=0.000 sent_v=0.000 sent_w=0.000 ret=0 dt=50.4ms move_ms=0.4 policy_zmq_lag=0.5ms
[go2:sport] cmd#155 seq=240 policy_v=0.000 policy_w=0.000 sent_v=0.000 sent_w=0.000 ret=0 dt=50.3ms move_ms=0.3 policy_zmq_lag=0.5ms
[go2:sport] cmd#156 seq=241 policy_v=0.000 policy_w=0.000 sent_v=0.000 sent_w=0.000 ret=0 dt=49.3ms move_ms=0.4 policy_zmq_lag=0.6ms
[go2:sport] cmd#157 seq=242 policy_v=0.000 policy_w=0.000 sent_v=0.000 sent_w=0.000 ret=0 dt=50.4ms move_ms=0.4 policy_zmq_lag=0.5ms
[go2:sport] cmd#158 seq=243 policy_v=0.000 policy_w=0.000 sent_v=0.000 sent_w=0.000 ret=0 dt=50.6ms move_ms=0.4 policy_zmq_lag=0.6ms
[go2:sport] cmd#159 seq=244 policy_v=0.000 policy_w=0.000 sent_v=0.000 sent_w=0.000 ret=0 dt=49.3ms move_ms=0.5 policy_zmq_lag=0.6ms
[go2:sport] cmd#160 seq=245 policy_v=0.000 policy_w=0.000 sent_v=0.000 sent_w=0.000 ret=0 dt=50.0ms move_ms=0.4 policy_zmq_lag=0.6ms
[go2:sport] cmd#161 seq=246 policy_v=0.000 policy_w=0.000 sent_v=0.000 sent_w=0.000 ret=0 dt=50.4ms move_ms=0.4 policy_zmq_lag=0.5ms
[go2:sport] cmd#162 seq=247 policy_v=0.000 policy_w=0.000 sent_v=0.000 sent_w=0.000 ret=0 dt=49.6ms move_ms=0.4 policy_zmq_lag=0.6ms
[go2:sport] cmd#163 seq=248 policy_v=0.000 policy_w=0.000 sent_v=0.000 sent_w=0.000 ret=0 dt=49.7ms move_ms=0.4 policy_zmq_lag=0.5ms
[go2:sport] cmd#164 seq=249 policy_v=0.000 policy_w=0.000 sent_v=0.000 sent_w=0.000 ret=0 dt=50.3ms move_ms=0.4 policy_zmq_lag=0.6ms
[go2:sport] cmd#165 seq=250 policy_v=0.000 policy_w=0.000 sent_v=0.000 sent_w=0.000 ret=0 dt=49.8ms move_ms=0.3 policy_zmq_lag=0.5ms
[go2:sport] cmd#166 seq=251 policy_v=0.000 policy_w=0.000 sent_v=0.000 sent_w=0.000 ret=0 dt=49.7ms move_ms=0.4 policy_zmq_lag=0.5ms
[go2:sport] cmd#167 seq=252 policy_v=0.000 policy_w=0.000 sent_v=0.000 sent_w=0.000 ret=0 dt=50.1ms move_ms=0.4 policy_zmq_lag=0.5ms
[go2:sport] cmd#168 seq=253 policy_v=0.000 policy_w=0.000 sent_v=0.000 sent_w=0.000 ret=0 dt=50.0ms move_ms=0.4 policy_zmq_lag=0.6ms
[go2:sport] cmd#169 seq=254 policy_v=0.000 policy_w=0.000 sent_v=0.000 sent_w=0.000 ret=0 dt=49.9ms move_ms=0.4 policy_zmq_lag=0.5ms
[go2:sport] cmd#170 seq=255 policy_v=0.000 policy_w=0.000 sent_v=0.000 sent_w=0.000 ret=0 dt=50.4ms move_ms=0.4 policy_zmq_lag=0.6ms
[go2:sport] cmd#171 seq=256 policy_v=0.000 policy_w=0.000 sent_v=0.000 sent_w=0.000 ret=0 dt=50.3ms move_ms=0.4 policy_zmq_lag=0.5ms
[go2:sport] cmd#172 seq=257 policy_v=0.000 policy_w=0.000 sent_v=0.000 sent_w=0.000 ret=0 dt=50.2ms move_ms=0.5 policy_zmq_lag=0.6ms
[go2:sport] cmd#173 seq=258 policy_v=0.000 policy_w=0.000 sent_v=0.000 sent_w=0.000 ret=0 dt=49.3ms move_ms=0.4 policy_zmq_lag=0.5ms
[go2:sport] cmd#174 seq=259 policy_v=0.000 policy_w=0.000 sent_v=0.000 sent_w=0.000 ret=0 dt=50.1ms move_ms=0.4 policy_zmq_lag=0.5ms
[go2:sport] cmd#175 seq=260 policy_v=0.000 policy_w=0.000 sent_v=0.000 sent_w=0.000 ret=0 dt=49.9ms move_ms=0.4 policy_zmq_lag=0.5ms
[go2:sport] cmd#176 seq=261 policy_v=0.000 policy_w=0.000 sent_v=0.000 sent_w=0.000 ret=0 dt=50.0ms move_ms=0.5 policy_zmq_lag=0.6ms
[go2:sport] cmd#177 seq=262 policy_v=0.000 policy_w=0.000 sent_v=0.000 sent_w=0.000 ret=0 dt=50.1ms move_ms=0.4 policy_zmq_lag=0.5ms
[go2:sport] cmd#178 seq=263 policy_v=0.000 policy_w=0.000 sent_v=0.000 sent_w=0.000 ret=0 dt=49.7ms move_ms=0.4 policy_zmq_lag=0.6ms
[go2:sport] cmd#179 seq=264 policy_v=0.000 policy_w=0.000 sent_v=0.000 sent_w=0.000 ret=0 dt=50.2ms move_ms=0.4 policy_zmq_lag=0.6ms
[go2:sport] cmd#180 seq=265 policy_v=0.000 policy_w=0.000 sent_v=0.000 sent_w=0.000 ret=0 dt=49.9ms move_ms=0.4 policy_zmq_lag=0.6ms
[go2:sport] cmd#181 seq=266 policy_v=0.000 policy_w=0.000 sent_v=0.000 sent_w=0.000 ret=0 dt=50.1ms move_ms=0.4 policy_zmq_lag=0.5ms
[go2:sport] cmd#182 seq=267 policy_v=0.000 policy_w=0.000 sent_v=0.000 sent_w=0.000 ret=0 dt=49.9ms move_ms=0.4 policy_zmq_lag=0.6ms
[go2:sport] cmd#183 seq=268 policy_v=0.000 policy_w=0.000 sent_v=0.000 sent_w=0.000 ret=0 dt=51.8ms move_ms=0.4 policy_zmq_lag=1.2ms
[go2:sport] cmd#184 seq=269 policy_v=0.000 policy_w=0.000 sent_v=0.000 sent_w=0.000 ret=0 dt=48.1ms move_ms=0.4 policy_zmq_lag=0.6ms
[go2:sport] cmd#185 seq=270 policy_v=0.000 policy_w=0.000 sent_v=0.000 sent_w=0.000 ret=0 dt=49.9ms move_ms=0.4 policy_zmq_lag=0.5ms
[go2:sport] cmd#186 seq=271 policy_v=0.000 policy_w=0.000 sent_v=0.000 sent_w=0.000 ret=0 dt=50.0ms move_ms=0.4 policy_zmq_lag=0.5ms
[go2:sport] cmd#187 seq=272 policy_v=0.000 policy_w=0.000 sent_v=0.000 sent_w=0.000 ret=0 dt=50.1ms move_ms=0.4 policy_zmq_lag=0.6ms
[go2:sport] cmd#188 seq=273 policy_v=0.000 policy_w=0.000 sent_v=0.000 sent_w=0.000 ret=0 dt=50.2ms move_ms=0.4 policy_zmq_lag=0.5ms
[go2:sport] cmd#189 seq=274 policy_v=0.000 policy_w=0.000 sent_v=0.000 sent_w=0.000 ret=0 dt=49.9ms move_ms=0.4 policy_zmq_lag=0.5ms
[go2:sport] cmd#190 seq=275 policy_v=0.000 policy_w=0.000 sent_v=0.000 sent_w=0.000 ret=0 dt=49.8ms move_ms=0.4 policy_zmq_lag=0.5ms
[go2:sport] cmd#191 seq=276 policy_v=0.000 policy_w=0.000 sent_v=0.000 sent_w=0.000 ret=0 dt=50.4ms move_ms=0.5 policy_zmq_lag=0.6ms
[go2:sport] cmd#192 seq=277 policy_v=0.000 policy_w=0.000 sent_v=0.000 sent_w=0.000 ret=0 dt=49.4ms move_ms=0.4 policy_zmq_lag=0.6ms
[go2:sport] cmd#193 seq=278 policy_v=0.000 policy_w=0.000 sent_v=0.000 sent_w=0.000 ret=0 dt=54.0ms move_ms=0.4 policy_zmq_lag=3.5ms
[go2:sport] cmd#194 seq=279 policy_v=0.000 policy_w=0.000 sent_v=0.000 sent_w=0.000 ret=0 dt=46.1ms move_ms=0.4 policy_zmq_lag=0.6ms
[go2:sport] cmd#195 seq=280 policy_v=0.000 policy_w=0.000 sent_v=0.000 sent_w=0.000 ret=0 dt=49.8ms move_ms=0.4 policy_zmq_lag=0.6ms
[go2:sport] cmd#196 seq=281 policy_v=0.000 policy_w=0.000 sent_v=0.000 sent_w=0.000 ret=0 dt=50.3ms move_ms=0.4 policy_zmq_lag=0.5ms
[go2:sport] cmd#197 seq=282 policy_v=0.000 policy_w=0.000 sent_v=0.000 sent_w=0.000 ret=0 dt=50.2ms move_ms=0.4 policy_zmq_lag=0.5ms
[go2:sport] cmd#198 seq=283 policy_v=0.000 policy_w=0.000 sent_v=0.000 sent_w=0.000 ret=0 dt=49.7ms move_ms=0.4 policy_zmq_lag=0.5ms
[go2:sport] cmd#199 seq=284 policy_v=0.000 policy_w=0.000 sent_v=0.000 sent_w=0.000 ret=0 dt=50.0ms move_ms=0.4 policy_zmq_lag=0.5ms
[go2:sport] cmd#200 seq=285 policy_v=0.000 policy_w=0.000 sent_v=0.000 sent_w=0.000 ret=0 dt=49.9ms move_ms=0.4 policy_zmq_lag=0.6ms
[go2:sport] cmd#201 seq=286 policy_v=0.000 policy_w=0.000 sent_v=0.000 sent_w=0.000 ret=0 dt=50.3ms move_ms=0.4 policy_zmq_lag=0.5ms
[go2:sport] cmd#202 seq=287 policy_v=0.000 policy_w=0.000 sent_v=0.000 sent_w=0.000 ret=0 dt=50.1ms move_ms=0.5 policy_zmq_lag=0.5ms
[go2:sport] cmd#203 seq=288 policy_v=0.000 policy_w=0.000 sent_v=0.000 sent_w=0.000 ret=0 dt=49.6ms move_ms=0.4 policy_zmq_lag=0.5ms
[go2:sport] cmd#204 seq=289 policy_v=0.000 policy_w=0.000 sent_v=0.000 sent_w=0.000 ret=0 dt=50.2ms move_ms=0.4 policy_zmq_lag=0.5ms
[go2:sport] cmd#205 seq=290 policy_v=0.000 policy_w=0.000 sent_v=0.000 sent_w=0.000 ret=0 dt=50.0ms move_ms=0.4 policy_zmq_lag=0.5ms
[go2:sport] cmd#206 seq=291 policy_v=0.000 policy_w=0.000 sent_v=0.000 sent_w=0.000 ret=0 dt=49.9ms move_ms=0.5 policy_zmq_lag=0.6ms
[go2:sport] cmd#207 seq=292 policy_v=0.000 policy_w=0.000 sent_v=0.000 sent_w=0.000 ret=0 dt=50.4ms move_ms=0.4 policy_zmq_lag=0.5ms
[go2:sport] cmd#208 seq=293 policy_v=0.000 policy_w=0.000 sent_v=0.000 sent_w=0.000 ret=0 dt=49.8ms move_ms=0.4 policy_zmq_lag=0.6ms
[go2:sport] cmd#209 seq=294 policy_v=0.000 policy_w=0.000 sent_v=0.000 sent_w=0.000 ret=0 dt=49.4ms move_ms=0.4 policy_zmq_lag=0.5ms
[go2:sport] cmd#210 seq=295 policy_v=0.000 policy_w=0.000 sent_v=0.000 sent_w=0.000 ret=0 dt=50.4ms move_ms=0.4 policy_zmq_lag=0.5ms
[go2:sport] cmd#211 seq=296 policy_v=0.000 policy_w=0.000 sent_v=0.000 sent_w=0.000 ret=0 dt=49.7ms move_ms=0.3 policy_zmq_lag=0.5ms
[go2:sport] cmd#212 seq=297 policy_v=0.000 policy_w=0.000 sent_v=0.000 sent_w=0.000 ret=0 dt=50.6ms move_ms=0.4 policy_zmq_lag=0.5ms
[go2:sport] cmd#213 seq=298 policy_v=0.000 policy_w=0.000 sent_v=0.000 sent_w=0.000 ret=0 dt=49.8ms move_ms=0.5 policy_zmq_lag=0.6ms
[go2:sport] cmd#214 seq=299 policy_v=0.000 policy_w=0.000 sent_v=0.000 sent_w=0.000 ret=0 dt=49.8ms move_ms=0.5 policy_zmq_lag=0.6ms
[go2:sport] cmd#215 seq=300 policy_v=0.000 policy_w=0.000 sent_v=0.000 sent_w=0.000 ret=0 dt=50.2ms move_ms=0.4 policy_zmq_lag=0.5ms
[go2:sport] cmd#216 seq=301 policy_v=0.000 policy_w=0.000 sent_v=0.000 sent_w=0.000 ret=0 dt=50.1ms move_ms=0.4 policy_zmq_lag=0.5ms
[go2:sport] cmd#217 seq=302 policy_v=0.000 policy_w=0.000 sent_v=0.000 sent_w=0.000 ret=0 dt=49.6ms move_ms=0.3 policy_zmq_lag=0.5ms
[go2:sport] cmd#218 seq=303 policy_v=0.000 policy_w=0.000 sent_v=0.000 sent_w=0.000 ret=0 dt=50.4ms move_ms=0.4 policy_zmq_lag=0.5ms
[go2:sport] cmd#219 seq=304 policy_v=0.000 policy_w=0.000 sent_v=0.000 sent_w=0.000 ret=0 dt=49.9ms move_ms=0.3 policy_zmq_lag=0.5ms
[go2:sport] cmd#220 seq=305 policy_v=0.000 policy_w=0.000 sent_v=0.000 sent_w=0.000 ret=0 dt=50.0ms move_ms=0.4 policy_zmq_lag=0.5ms
[go2:sport] cmd#221 seq=306 policy_v=0.000 policy_w=0.000 sent_v=0.000 sent_w=0.000 ret=0 dt=50.1ms move_ms=0.5 policy_zmq_lag=0.5ms
[go2:sport] cmd#222 seq=307 policy_v=0.000 policy_w=0.000 sent_v=0.000 sent_w=0.000 ret=0 dt=49.5ms move_ms=0.4 policy_zmq_lag=0.5ms
[go2:sport] cmd#223 seq=308 policy_v=0.000 policy_w=0.000 sent_v=0.000 sent_w=0.000 ret=0 dt=50.4ms move_ms=0.4 policy_zmq_lag=0.5ms
[go2:sport] cmd#224 seq=309 policy_v=0.000 policy_w=0.000 sent_v=0.000 sent_w=0.000 ret=0 dt=50.0ms move_ms=0.4 policy_zmq_lag=0.6ms
[go2:sport] cmd#225 seq=310 policy_v=0.000 policy_w=0.000 sent_v=0.000 sent_w=0.000 ret=0 dt=49.9ms move_ms=0.4 policy_zmq_lag=0.5ms
[go2:sport] cmd#226 seq=311 policy_v=0.000 policy_w=0.000 sent_v=0.000 sent_w=0.000 ret=0 dt=49.5ms move_ms=0.4 policy_zmq_lag=0.5ms
[go2:sport] cmd#227 seq=312 policy_v=0.000 policy_w=0.000 sent_v=0.000 sent_w=0.000 ret=0 dt=50.2ms move_ms=0.4 policy_zmq_lag=0.5ms
[go2:sport] cmd#228 seq=313 policy_v=0.000 policy_w=0.000 sent_v=0.000 sent_w=0.000 ret=0 dt=50.4ms move_ms=0.4 policy_zmq_lag=0.6ms
[go2:sport] cmd#229 seq=314 policy_v=0.000 policy_w=0.000 sent_v=0.000 sent_w=0.000 ret=0 dt=50.0ms move_ms=0.4 policy_zmq_lag=0.5ms
[go2:sport] cmd#230 seq=315 policy_v=0.000 policy_w=0.000 sent_v=0.000 sent_w=0.000 ret=0 dt=49.9ms move_ms=0.4 policy_zmq_lag=0.5ms
[go2:sport] cmd#231 seq=316 policy_v=0.000 policy_w=0.000 sent_v=0.000 sent_w=0.000 ret=0 dt=49.6ms move_ms=0.5 policy_zmq_lag=0.6ms
[go2:sport] cmd#232 seq=317 policy_v=0.000 policy_w=0.000 sent_v=0.000 sent_w=0.000 ret=0 dt=50.7ms move_ms=0.4 policy_zmq_lag=0.6ms
[go2:sport] cmd#233 seq=318 policy_v=0.000 policy_w=0.000 sent_v=0.000 sent_w=0.000 ret=0 dt=49.6ms move_ms=0.4 policy_zmq_lag=0.5ms
[go2:sport] cmd#234 seq=319 policy_v=0.000 policy_w=0.000 sent_v=0.000 sent_w=0.000 ret=0 dt=50.3ms move_ms=0.4 policy_zmq_lag=0.5ms
[go2:sport] cmd#235 seq=320 policy_v=0.000 policy_w=0.000 sent_v=0.000 sent_w=0.000 ret=0 dt=49.9ms move_ms=0.4 policy_zmq_lag=0.5ms
[go2:sport] cmd#236 seq=321 policy_v=0.000 policy_w=0.000 sent_v=0.000 sent_w=0.000 ret=0 dt=50.2ms move_ms=0.4 policy_zmq_lag=0.5ms
[go2:sport] cmd#237 seq=322 policy_v=0.000 policy_w=0.000 sent_v=0.000 sent_w=0.000 ret=0 dt=49.3ms move_ms=0.4 policy_zmq_lag=0.5ms
[go2:sport] cmd#238 seq=323 policy_v=0.000 policy_w=0.000 sent_v=0.000 sent_w=0.000 ret=0 dt=50.4ms move_ms=0.4 policy_zmq_lag=0.6ms
[go2:sport] cmd#239 seq=324 policy_v=0.000 policy_w=0.000 sent_v=0.000 sent_w=0.000 ret=0 dt=50.0ms move_ms=0.4 policy_zmq_lag=0.5ms
[go2:sport] cmd#240 seq=325 policy_v=0.000 policy_w=0.000 sent_v=0.000 sent_w=0.000 ret=0 dt=50.1ms move_ms=0.4 policy_zmq_lag=0.6ms
[go2:sport] cmd#241 seq=326 policy_v=0.000 policy_w=0.000 sent_v=0.000 sent_w=0.000 ret=0 dt=50.0ms move_ms=0.5 policy_zmq_lag=0.6ms
[go2:sport] cmd#242 seq=327 policy_v=0.124 policy_w=-0.124 sent_v=0.124 sent_w=-0.124 ret=0 dt=58.3ms move_ms=0.4 policy_zmq_lag=0.6ms scan_age=34.9ms loop_to_send=8.3ms
[go2:sport] cmd#243 seq=328 policy_v=0.273 policy_w=-0.273 sent_v=0.273 sent_w=-0.273 ret=0 dt=47.1ms move_ms=0.4 policy_zmq_lag=0.6ms scan_age=42.2ms loop_to_send=5.8ms
[go2:sport] cmd#244 seq=329 policy_v=0.437 policy_w=-0.519 sent_v=0.437 sent_w=-0.519 ret=0 dt=50.2ms move_ms=0.4 policy_zmq_lag=0.6ms scan_age=32.3ms loop_to_send=5.9ms
[go2:sport] cmd#245 seq=330 policy_v=0.654 policy_w=-0.688 sent_v=0.654 sent_w=-0.688 ret=0 dt=50.4ms move_ms=0.4 policy_zmq_lag=0.7ms scan_age=42.7ms loop_to_send=6.0ms
[go2:sport] cmd#246 seq=331 policy_v=1.011 policy_w=-0.984 sent_v=1.011 sent_w=-0.984 ret=0 dt=49.5ms move_ms=0.4 policy_zmq_lag=0.6ms scan_age=32.2ms loop_to_send=5.9ms
[go2:sport] cmd#247 seq=332 policy_v=1.050 policy_w=-0.967 sent_v=1.050 sent_w=-0.967 ret=0 dt=50.2ms move_ms=0.4 policy_zmq_lag=0.7ms scan_age=42.4ms loop_to_send=6.0ms
[go2:sport] cmd#248 seq=333 policy_v=1.048 policy_w=-1.080 sent_v=1.048 sent_w=-1.080 ret=0 dt=50.7ms move_ms=0.4 policy_zmq_lag=0.6ms scan_age=33.1ms loop_to_send=6.4ms
[go2:sport] cmd#249 seq=334 policy_v=1.050 policy_w=-1.077 sent_v=1.050 sent_w=-1.077 ret=0 dt=50.1ms move_ms=0.8 policy_zmq_lag=0.7ms scan_age=43.1ms loop_to_send=6.5ms
[go2:sport] cmd#250 seq=335 policy_v=1.047 policy_w=-1.074 sent_v=1.047 sent_w=-1.074 ret=0 dt=49.2ms move_ms=0.4 policy_zmq_lag=0.6ms scan_age=32.6ms loop_to_send=6.0ms
[go2:sport] cmd#251 seq=336 policy_v=1.050 policy_w=-1.070 sent_v=1.050 sent_w=-1.070 ret=0 dt=50.1ms move_ms=0.4 policy_zmq_lag=0.6ms scan_age=42.6ms loop_to_send=6.0ms
[go2:sport] cmd#252 seq=337 policy_v=1.047 policy_w=-1.066 sent_v=1.047 sent_w=-1.066 ret=0 dt=49.9ms move_ms=0.6 policy_zmq_lag=0.7ms scan_age=32.4ms loop_to_send=5.9ms
[go2:sport] cmd#253 seq=338 policy_v=1.050 policy_w=-1.061 sent_v=1.050 sent_w=-1.061 ret=0 dt=49.8ms move_ms=0.5 policy_zmq_lag=0.7ms scan_age=42.3ms loop_to_send=5.9ms
[go2:sport] cmd#254 seq=339 policy_v=1.044 policy_w=-1.057 sent_v=1.044 sent_w=-1.057 ret=0 dt=50.0ms move_ms=0.6 policy_zmq_lag=0.8ms scan_age=32.3ms loop_to_send=6.0ms
[go2:sport] cmd#255 seq=340 policy_v=1.034 policy_w=-1.050 sent_v=1.034 sent_w=-1.050 ret=0 dt=50.6ms move_ms=0.4 policy_zmq_lag=0.6ms scan_age=43.0ms loop_to_send=6.5ms
[go2:sport] cmd#256 seq=341 policy_v=0.921 policy_w=-1.051 sent_v=0.921 sent_w=-1.051 ret=0 dt=49.8ms move_ms=0.4 policy_zmq_lag=0.6ms scan_age=32.8ms loop_to_send=6.3ms
[go2:sport] cmd#257 seq=342 policy_v=0.883 policy_w=-1.053 sent_v=0.883 sent_w=-1.053 ret=0 dt=49.4ms move_ms=0.4 policy_zmq_lag=0.6ms scan_age=42.2ms loop_to_send=5.9ms
[go2:sport] cmd#258 seq=343 policy_v=0.909 policy_w=-1.060 sent_v=0.909 sent_w=-1.060 ret=0 dt=50.1ms move_ms=0.4 policy_zmq_lag=0.6ms scan_age=32.5ms loop_to_send=5.8ms
[go2:sport] cmd#259 seq=344 policy_v=0.954 policy_w=-1.069 sent_v=0.954 sent_w=-1.069 ret=0 dt=50.0ms move_ms=0.4 policy_zmq_lag=0.7ms scan_age=42.4ms loop_to_send=6.0ms
[go2:sport] cmd#260 seq=345 policy_v=1.029 policy_w=-1.077 sent_v=1.029 sent_w=-1.077 ret=0 dt=49.8ms move_ms=0.5 policy_zmq_lag=0.6ms scan_age=32.2ms loop_to_send=5.9ms
[go2:sport] cmd#261 seq=346 policy_v=0.879 policy_w=-1.082 sent_v=0.879 sent_w=-1.082 ret=0 dt=50.5ms move_ms=0.4 policy_zmq_lag=0.6ms scan_age=42.6ms loop_to_send=6.4ms
[go2:sport] cmd#262 seq=347 policy_v=0.906 policy_w=-1.091 sent_v=0.906 sent_w=-1.091 ret=0 dt=51.2ms move_ms=0.4 policy_zmq_lag=0.7ms scan_age=33.7ms loop_to_send=7.0ms
[go2:sport] cmd#263 seq=348 policy_v=0.958 policy_w=-0.943 sent_v=0.958 sent_w=-0.943 ret=0 dt=48.1ms move_ms=0.4 policy_zmq_lag=0.6ms scan_age=41.9ms loop_to_send=5.8ms
[go2:sport] cmd#264 seq=349 policy_v=1.009 policy_w=-0.933 sent_v=1.009 sent_w=-0.933 ret=0 dt=50.4ms move_ms=0.4 policy_zmq_lag=0.6ms scan_age=32.4ms loop_to_send=5.9ms
[go2:sport] cmd#265 seq=350 policy_v=0.859 policy_w=-0.919 sent_v=0.859 sent_w=-0.919 ret=0 dt=50.1ms move_ms=0.5 policy_zmq_lag=0.7ms scan_age=42.4ms loop_to_send=5.9ms
[go2:sport] cmd#266 seq=351 policy_v=0.853 policy_w=-0.910 sent_v=0.853 sent_w=-0.910 ret=0 dt=49.6ms move_ms=0.4 policy_zmq_lag=0.6ms scan_age=32.2ms loop_to_send=5.8ms
[go2:sport] cmd#267 seq=352 policy_v=0.839 policy_w=-0.899 sent_v=0.839 sent_w=-0.899 ret=0 dt=50.8ms move_ms=0.4 policy_zmq_lag=0.6ms scan_age=43.0ms loop_to_send=6.2ms
[go2:sport] cmd#268 seq=353 policy_v=0.821 policy_w=-0.889 sent_v=0.821 sent_w=-0.889 ret=0 dt=49.4ms move_ms=0.4 policy_zmq_lag=0.6ms scan_age=32.4ms loop_to_send=5.9ms
[go2:sport] cmd#269 seq=354 policy_v=0.791 policy_w=-0.877 sent_v=0.791 sent_w=-0.877 ret=0 dt=49.9ms move_ms=0.4 policy_zmq_lag=0.6ms scan_age=42.1ms loop_to_send=5.9ms
[go2:sport] cmd#270 seq=355 policy_v=0.784 policy_w=-1.006 sent_v=0.784 sent_w=-1.006 ret=0 dt=49.8ms move_ms=0.4 policy_zmq_lag=0.6ms scan_age=32.1ms loop_to_send=5.8ms
[go2:sport] cmd#271 seq=356 policy_v=0.761 policy_w=-1.075 sent_v=0.761 sent_w=-1.075 ret=0 dt=50.1ms move_ms=0.5 policy_zmq_lag=0.7ms scan_age=42.2ms loop_to_send=6.0ms
[go2:sport] cmd#272 seq=357 policy_v=0.726 policy_w=-1.087 sent_v=0.726 sent_w=-1.087 ret=0 dt=50.1ms move_ms=0.5 policy_zmq_lag=0.6ms scan_age=32.3ms loop_to_send=6.0ms
[go2:sport] cmd#273 seq=358 policy_v=0.677 policy_w=-0.937 sent_v=0.677 sent_w=-0.937 ret=0 dt=49.7ms move_ms=0.6 policy_zmq_lag=0.6ms scan_age=42.0ms loop_to_send=5.7ms
[go2:sport] cmd#274 seq=359 policy_v=0.591 policy_w=-0.935 sent_v=0.591 sent_w=-0.935 ret=0 dt=50.0ms move_ms=0.6 policy_zmq_lag=0.6ms scan_age=32.0ms loop_to_send=5.8ms
[go2:sport] cmd#275 seq=360 policy_v=0.475 policy_w=-0.932 sent_v=0.475 sent_w=-0.932 ret=0 dt=50.1ms move_ms=0.6 policy_zmq_lag=0.6ms scan_age=42.1ms loop_to_send=5.8ms
[go2:sport] cmd#276 seq=361 policy_v=0.325 policy_w=-1.011 sent_v=0.325 sent_w=-1.011 ret=0 dt=50.0ms move_ms=0.4 policy_zmq_lag=0.6ms scan_age=32.1ms loop_to_send=5.8ms
[go2:sport] cmd#277 seq=362 policy_v=0.175 policy_w=-1.009 sent_v=0.175 sent_w=-1.009 ret=0 dt=50.5ms move_ms=0.4 policy_zmq_lag=0.6ms scan_age=42.5ms loop_to_send=6.0ms
[go2:sport] cmd#278 seq=363 policy_v=0.026 policy_w=-0.999 sent_v=0.026 sent_w=-0.999 ret=0 dt=49.5ms move_ms=0.4 policy_zmq_lag=0.6ms scan_age=32.2ms loop_to_send=5.8ms
[go2:sport] cmd#279 seq=364 policy_v=-0.124 policy_w=-0.977 sent_v=-0.124 sent_w=-0.977 ret=0 dt=50.0ms move_ms=0.4 policy_zmq_lag=0.6ms scan_age=42.0ms loop_to_send=5.9ms
[go2:sport] cmd#280 seq=365 policy_v=-0.275 policy_w=-0.940 sent_v=-0.275 sent_w=-0.940 ret=0 dt=50.1ms move_ms=0.4 policy_zmq_lag=0.6ms scan_age=32.1ms loop_to_send=5.8ms
[go2:sport] cmd#281 seq=366 policy_v=-0.424 policy_w=-0.887 sent_v=-0.424 sent_w=-0.887 ret=0 dt=50.0ms move_ms=0.4 policy_zmq_lag=0.6ms scan_age=42.2ms loop_to_send=6.0ms
[go2:sport] cmd#282 seq=367 policy_v=-0.406 policy_w=-0.814 sent_v=-0.406 sent_w=-0.814 ret=0 dt=49.8ms move_ms=0.4 policy_zmq_lag=0.6ms scan_age=31.9ms loop_to_send=5.8ms
[go2:sport] cmd#283 seq=368 policy_v=-0.256 policy_w=-0.772 sent_v=-0.256 sent_w=-0.772 ret=0 dt=50.2ms move_ms=0.6 policy_zmq_lag=0.7ms scan_age=42.1ms loop_to_send=5.9ms
[go2:sport] cmd#284 seq=369 policy_v=-0.106 policy_w=-0.738 sent_v=-0.106 sent_w=-0.738 ret=0 dt=49.8ms move_ms=0.4 policy_zmq_lag=0.6ms scan_age=32.0ms loop_to_send=5.8ms
[go2:sport] cmd#285 seq=370 policy_v=0.045 policy_w=-0.707 sent_v=0.045 sent_w=-0.707 ret=0 dt=50.3ms move_ms=0.4 policy_zmq_lag=0.6ms scan_age=42.2ms loop_to_send=5.8ms
[go2:sport] cmd#286 seq=371 policy_v=0.194 policy_w=-0.676 sent_v=0.194 sent_w=-0.676 ret=0 dt=49.8ms move_ms=0.4 policy_zmq_lag=0.6ms scan_age=32.2ms loop_to_send=5.8ms
[go2:sport] cmd#287 seq=372 policy_v=0.345 policy_w=-0.640 sent_v=0.345 sent_w=-0.640 ret=0 dt=50.2ms move_ms=0.4 policy_zmq_lag=0.6ms scan_age=42.4ms loop_to_send=5.8ms
[go2:sport] cmd#288 seq=373 policy_v=0.525 policy_w=-0.595 sent_v=0.525 sent_w=-0.595 ret=0 dt=50.6ms move_ms=0.4 policy_zmq_lag=0.7ms scan_age=32.7ms loop_to_send=6.4ms
[go2:sport] cmd#289 seq=374 policy_v=0.764 policy_w=-0.531 sent_v=0.764 sent_w=-0.531 ret=0 dt=50.4ms move_ms=0.4 policy_zmq_lag=0.7ms scan_age=43.2ms loop_to_send=6.5ms
[go2:sport] cmd#290 seq=375 policy_v=0.913 policy_w=-0.433 sent_v=0.913 sent_w=-0.433 ret=0 dt=49.5ms move_ms=0.4 policy_zmq_lag=0.6ms scan_age=32.6ms loop_to_send=6.2ms
[go2:sport] cmd#291 seq=376 policy_v=1.049 policy_w=-0.284 sent_v=1.049 sent_w=-0.284 ret=0 dt=49.9ms move_ms=0.4 policy_zmq_lag=0.6ms scan_age=42.7ms loop_to_send=6.3ms
[go2:sport] cmd#292 seq=377 policy_v=1.047 policy_w=-0.132 sent_v=1.047 sent_w=-0.132 ret=0 dt=50.5ms move_ms=0.4 policy_zmq_lag=0.6ms scan_age=33.1ms loop_to_send=6.4ms
[go2:sport] cmd#293 seq=378 policy_v=1.049 policy_w=0.016 sent_v=1.049 sent_w=0.016 ret=0 dt=49.8ms move_ms=0.4 policy_zmq_lag=0.7ms scan_age=42.9ms loop_to_send=6.6ms
[go2:sport] cmd#294 seq=379 policy_v=1.050 policy_w=0.166 sent_v=1.050 sent_w=0.166 ret=0 dt=49.9ms move_ms=0.6 policy_zmq_lag=0.8ms scan_age=32.7ms loop_to_send=6.4ms
[go2:sport] cmd#295 seq=380 policy_v=1.048 policy_w=0.316 sent_v=1.048 sent_w=0.316 ret=0 dt=49.5ms move_ms=0.4 policy_zmq_lag=0.6ms scan_age=42.3ms loop_to_send=6.1ms
[go2:sport] cmd#296 seq=381 policy_v=1.050 policy_w=0.521 sent_v=1.050 sent_w=0.521 ret=0 dt=51.2ms move_ms=0.4 policy_zmq_lag=0.6ms scan_age=53.7ms loop_to_send=7.0ms
[go2:sport] cmd#297 seq=382 policy_v=1.049 policy_w=0.754 sent_v=1.049 sent_w=0.754 ret=0 dt=51.6ms move_ms=0.4 policy_zmq_lag=0.6ms scan_age=43.6ms loop_to_send=8.1ms
[go2:sport] cmd#298 seq=383 policy_v=1.050 policy_w=1.002 sent_v=1.050 sent_w=1.002 ret=0 dt=48.0ms move_ms=0.4 policy_zmq_lag=0.6ms scan_age=33.3ms loop_to_send=6.6ms
[go2:sport] cmd#299 seq=384 policy_v=1.049 policy_w=1.071 sent_v=1.049 sent_w=1.071 ret=0 dt=49.2ms move_ms=0.4 policy_zmq_lag=0.6ms scan_age=42.3ms loop_to_send=6.0ms
[go2:sport] cmd#300 seq=385 policy_v=1.050 policy_w=1.098 sent_v=1.050 sent_w=1.098 ret=0 dt=50.7ms move_ms=0.4 policy_zmq_lag=0.5ms scan_age=33.2ms loop_to_send=6.6ms
[go2:sport] cmd#301 seq=386 policy_v=1.050 policy_w=1.083 sent_v=1.050 sent_w=1.083 ret=0 dt=49.7ms move_ms=0.4 policy_zmq_lag=0.7ms scan_age=42.8ms loop_to_send=6.1ms
[go2:sport] cmd#302 seq=387 policy_v=1.050 policy_w=1.097 sent_v=1.050 sent_w=1.097 ret=0 dt=49.3ms move_ms=0.4 policy_zmq_lag=0.6ms scan_age=32.2ms loop_to_send=5.9ms
[go2:sport] cmd#303 seq=388 policy_v=1.050 policy_w=1.095 sent_v=1.050 sent_w=1.095 ret=0 dt=50.8ms move_ms=0.4 policy_zmq_lag=0.6ms scan_age=43.1ms loop_to_send=6.2ms
[go2:sport] cmd#304 seq=389 policy_v=1.050 policy_w=1.092 sent_v=1.050 sent_w=1.092 ret=0 dt=49.5ms move_ms=0.6 policy_zmq_lag=0.6ms scan_age=32.6ms loop_to_send=6.1ms
[go2:sport] cmd#305 seq=390 policy_v=1.050 policy_w=1.085 sent_v=1.050 sent_w=1.085 ret=0 dt=49.9ms move_ms=0.4 policy_zmq_lag=0.6ms scan_age=42.5ms loop_to_send=6.0ms
[go2:sport] cmd#306 seq=391 policy_v=1.050 policy_w=1.081 sent_v=1.050 sent_w=1.081 ret=0 dt=50.7ms move_ms=0.4 policy_zmq_lag=0.6ms scan_age=33.1ms loop_to_send=6.5ms
[go2:sport] cmd#307 seq=392 policy_v=1.050 policy_w=1.093 sent_v=1.050 sent_w=1.093 ret=0 dt=50.4ms move_ms=0.4 policy_zmq_lag=0.6ms scan_age=43.4ms loop_to_send=6.7ms
[go2:sport] cmd#308 seq=393 policy_v=1.050 policy_w=1.091 sent_v=1.050 sent_w=1.091 ret=0 dt=49.5ms move_ms=0.4 policy_zmq_lag=0.6ms scan_age=33.0ms loop_to_send=6.4ms
[go2:sport] cmd#309 seq=394 policy_v=1.050 policy_w=1.095 sent_v=1.050 sent_w=1.095 ret=0 dt=49.6ms move_ms=0.4 policy_zmq_lag=0.7ms scan_age=42.5ms loop_to_send=6.0ms
[go2:sport] cmd#310 seq=395 policy_v=1.050 policy_w=1.097 sent_v=1.050 sent_w=1.097 ret=0 dt=50.0ms move_ms=0.4 policy_zmq_lag=0.7ms scan_age=32.3ms loop_to_send=6.0ms
[go2:sport] cmd#311 seq=396 policy_v=1.050 policy_w=1.096 sent_v=1.050 sent_w=1.096 ret=0 dt=50.4ms move_ms=0.4 policy_zmq_lag=0.7ms scan_age=42.7ms loop_to_send=6.1ms
[go2:sport] cmd#312 seq=397 policy_v=1.050 policy_w=1.093 sent_v=1.050 sent_w=1.093 ret=0 dt=49.5ms move_ms=0.4 policy_zmq_lag=0.6ms scan_age=32.3ms loop_to_send=5.8ms
[go2:sport] cmd#313 seq=398 policy_v=1.050 policy_w=1.091 sent_v=1.050 sent_w=1.091 ret=0 dt=50.3ms move_ms=0.6 policy_zmq_lag=0.7ms scan_age=42.6ms loop_to_send=6.1ms
[go2:sport] cmd#314 seq=399 policy_v=1.050 policy_w=1.079 sent_v=1.050 sent_w=1.079 ret=0 dt=49.7ms move_ms=0.6 policy_zmq_lag=0.7ms scan_age=32.3ms loop_to_send=5.9ms
[go2:sport] cmd#315 seq=400 policy_v=1.050 policy_w=1.067 sent_v=1.050 sent_w=1.067 ret=0 dt=50.8ms move_ms=0.4 policy_zmq_lag=0.6ms scan_age=43.2ms loop_to_send=6.7ms
[go2:sport] cmd#316 seq=401 policy_v=1.050 policy_w=1.034 sent_v=1.050 sent_w=1.034 ret=0 dt=49.5ms move_ms=0.4 policy_zmq_lag=0.6ms scan_age=32.7ms loop_to_send=5.9ms
[go2:sport] cmd#317 seq=402 policy_v=1.050 policy_w=1.041 sent_v=1.050 sent_w=1.041 ret=0 dt=49.9ms move_ms=0.5 policy_zmq_lag=0.7ms scan_age=42.6ms loop_to_send=6.0ms
[go2:sport] cmd#318 seq=403 policy_v=1.050 policy_w=1.037 sent_v=1.050 sent_w=1.037 ret=0 dt=50.4ms move_ms=0.4 policy_zmq_lag=0.6ms scan_age=33.1ms loop_to_send=6.4ms
[go2:sport] cmd#319 seq=404 policy_v=1.050 policy_w=1.010 sent_v=1.050 sent_w=1.010 ret=0 dt=49.7ms move_ms=0.4 policy_zmq_lag=0.6ms scan_age=42.8ms loop_to_send=6.0ms
[go2:sport] cmd#320 seq=405 policy_v=1.050 policy_w=1.090 sent_v=1.050 sent_w=1.090 ret=0 dt=49.7ms move_ms=0.4 policy_zmq_lag=0.6ms scan_age=32.3ms loop_to_send=5.9ms
[go2:sport] cmd#321 seq=406 policy_v=1.050 policy_w=1.036 sent_v=1.050 sent_w=1.036 ret=0 dt=50.6ms move_ms=0.6 policy_zmq_lag=0.8ms scan_age=42.9ms loop_to_send=6.4ms
[go2:sport] cmd#322 seq=407 policy_v=1.050 policy_w=1.095 sent_v=1.050 sent_w=1.095 ret=0 dt=49.4ms move_ms=0.4 policy_zmq_lag=0.6ms scan_age=32.5ms loop_to_send=6.0ms
[go2:sport] cmd#323 seq=408 policy_v=1.050 policy_w=1.046 sent_v=1.050 sent_w=1.046 ret=0 dt=50.1ms move_ms=0.4 policy_zmq_lag=0.6ms scan_age=42.6ms loop_to_send=6.2ms
[go2:sport] cmd#324 seq=409 policy_v=1.050 policy_w=0.995 sent_v=1.050 sent_w=0.995 ret=0 dt=49.6ms move_ms=0.4 policy_zmq_lag=0.6ms scan_age=32.3ms loop_to_send=5.8ms
[go2:sport] cmd#325 seq=410 policy_v=1.050 policy_w=0.941 sent_v=1.050 sent_w=0.941 ret=0 dt=50.3ms move_ms=0.4 policy_zmq_lag=0.6ms scan_age=42.6ms loop_to_send=6.0ms
[go2:sport] cmd#326 seq=411 policy_v=1.050 policy_w=0.883 sent_v=1.050 sent_w=0.883 ret=0 dt=49.7ms move_ms=0.4 policy_zmq_lag=0.6ms scan_age=32.3ms loop_to_send=5.8ms
[go2:sport] cmd#327 seq=412 policy_v=1.050 policy_w=0.819 sent_v=1.050 sent_w=0.819 ret=0 dt=50.2ms move_ms=0.5 policy_zmq_lag=0.6ms scan_age=42.4ms loop_to_send=6.0ms
[go2:sport] cmd#328 seq=413 policy_v=1.050 policy_w=0.749 sent_v=1.050 sent_w=0.749 ret=0 dt=50.4ms move_ms=0.4 policy_zmq_lag=0.6ms scan_age=32.9ms loop_to_send=6.2ms
[go2:sport] cmd#329 seq=414 policy_v=1.049 policy_w=0.673 sent_v=1.049 sent_w=0.673 ret=0 dt=49.6ms move_ms=0.4 policy_zmq_lag=0.6ms scan_age=42.5ms loop_to_send=6.1ms
[go2:sport] cmd#330 seq=415 policy_v=1.050 policy_w=0.634 sent_v=1.050 sent_w=0.634 ret=0 dt=49.9ms move_ms=0.4 policy_zmq_lag=0.5ms scan_age=32.4ms loop_to_send=5.9ms
[go2:sport] cmd#331 seq=416 policy_v=1.049 policy_w=0.875 sent_v=1.049 sent_w=0.875 ret=0 dt=50.0ms move_ms=0.4 policy_zmq_lag=0.6ms scan_age=42.4ms loop_to_send=5.9ms
[go2:sport] cmd#332 seq=417 policy_v=1.049 policy_w=0.811 sent_v=1.049 sent_w=0.811 ret=0 dt=49.9ms move_ms=0.4 policy_zmq_lag=0.6ms scan_age=32.1ms loop_to_send=5.8ms
[go2:sport] cmd#333 seq=418 policy_v=1.049 policy_w=0.741 sent_v=1.049 sent_w=0.741 ret=0 dt=50.7ms move_ms=0.4 policy_zmq_lag=0.7ms scan_age=42.8ms loop_to_send=6.3ms
[go2:sport] cmd#334 seq=419 policy_v=1.049 policy_w=0.662 sent_v=1.049 sent_w=0.662 ret=0 dt=51.1ms move_ms=0.4 policy_zmq_lag=0.7ms scan_age=33.9ms loop_to_send=7.3ms
[go2:sport] cmd#335 seq=420 policy_v=1.049 policy_w=0.573 sent_v=1.049 sent_w=0.573 ret=0 dt=49.0ms move_ms=0.5 policy_zmq_lag=0.7ms scan_age=42.9ms loop_to_send=6.3ms
[go2:sport] cmd#336 seq=421 policy_v=1.050 policy_w=0.471 sent_v=1.050 sent_w=0.471 ret=0 dt=49.8ms move_ms=0.4 policy_zmq_lag=0.6ms scan_age=32.7ms loop_to_send=6.3ms
[go2:sport] cmd#337 seq=422 policy_v=1.049 policy_w=0.321 sent_v=1.049 sent_w=0.321 ret=0 dt=50.0ms move_ms=0.4 policy_zmq_lag=0.6ms scan_age=42.7ms loop_to_send=6.3ms
[go2:sport] cmd#338 seq=423 policy_v=1.049 policy_w=0.170 sent_v=1.049 sent_w=0.170 ret=0 dt=50.0ms move_ms=0.4 policy_zmq_lag=0.6ms scan_age=32.7ms loop_to_send=6.2ms
[go2:sport] cmd#339 seq=424 policy_v=1.049 policy_w=0.020 sent_v=1.049 sent_w=0.020 ret=0 dt=51.4ms move_ms=0.5 policy_zmq_lag=0.7ms scan_age=44.0ms loop_to_send=7.5ms
[go2:sport] cmd#340 seq=425 policy_v=1.049 policy_w=0.170 sent_v=1.049 sent_w=0.170 ret=0 dt=48.2ms move_ms=0.4 policy_zmq_lag=0.6ms scan_age=32.5ms loop_to_send=6.0ms
[go2:sport] cmd#341 seq=426 policy_v=1.049 policy_w=0.320 sent_v=1.049 sent_w=0.320 ret=0 dt=50.1ms move_ms=0.4 policy_zmq_lag=0.6ms scan_age=42.5ms loop_to_send=6.1ms
[go2:sport] cmd#342 seq=427 policy_v=1.049 policy_w=0.528 sent_v=1.049 sent_w=0.528 ret=0 dt=51.0ms move_ms=0.4 policy_zmq_lag=0.6ms scan_age=33.6ms loop_to_send=6.3ms
[go2:sport] cmd#343 seq=428 policy_v=1.049 policy_w=0.632 sent_v=1.049 sent_w=0.632 ret=0 dt=49.6ms move_ms=0.4 policy_zmq_lag=0.8ms scan_age=43.0ms loop_to_send=6.4ms
[go2:sport] cmd#344 seq=429 policy_v=1.049 policy_w=0.539 sent_v=1.049 sent_w=0.539 ret=0 dt=49.5ms move_ms=0.4 policy_zmq_lag=0.6ms scan_age=32.6ms loop_to_send=6.1ms
[go2:sport] cmd#345 seq=430 policy_v=1.049 policy_w=0.431 sent_v=1.049 sent_w=0.431 ret=0 dt=49.8ms move_ms=0.4 policy_zmq_lag=0.6ms scan_age=42.4ms loop_to_send=5.9ms
[go2:sport] cmd#346 seq=431 policy_v=1.050 policy_w=0.280 sent_v=1.050 sent_w=0.280 ret=0 dt=50.7ms move_ms=0.5 policy_zmq_lag=0.6ms scan_age=33.1ms loop_to_send=6.4ms
[go2:sport] cmd#347 seq=432 policy_v=1.049 policy_w=0.131 sent_v=1.049 sent_w=0.131 ret=0 dt=49.7ms move_ms=0.4 policy_zmq_lag=0.6ms scan_age=42.7ms loop_to_send=6.2ms
[go2:sport] cmd#348 seq=433 policy_v=1.049 policy_w=-0.019 sent_v=1.049 sent_w=-0.019 ret=0 dt=49.6ms move_ms=0.4 policy_zmq_lag=0.6ms scan_age=32.4ms loop_to_send=5.8ms
[go2:sport] cmd#349 seq=434 policy_v=1.049 policy_w=-0.169 sent_v=1.049 sent_w=-0.169 ret=0 dt=50.0ms move_ms=0.4 policy_zmq_lag=0.5ms scan_age=42.3ms loop_to_send=5.9ms
[go2:sport] cmd#350 seq=435 policy_v=1.049 policy_w=-0.019 sent_v=1.049 sent_w=-0.019 ret=0 dt=50.2ms move_ms=0.4 policy_zmq_lag=0.6ms scan_age=32.5ms loop_to_send=5.9ms
[go2:sport] cmd#351 seq=436 policy_v=1.050 policy_w=0.131 sent_v=1.050 sent_w=0.131 ret=0 dt=49.9ms move_ms=0.4 policy_zmq_lag=0.6ms scan_age=42.5ms loop_to_send=6.0ms
[go2:sport] cmd#352 seq=437 policy_v=1.049 policy_w=0.283 sent_v=1.049 sent_w=0.283 ret=0 dt=50.9ms move_ms=0.7 policy_zmq_lag=0.8ms scan_age=33.2ms loop_to_send=6.0ms
[go2:sport] cmd#353 seq=438 policy_v=1.049 policy_w=0.480 sent_v=1.049 sent_w=0.480 ret=0 dt=49.7ms move_ms=0.6 policy_zmq_lag=0.7ms scan_age=42.9ms loop_to_send=6.1ms
[go2:sport] cmd#354 seq=439 policy_v=1.049 policy_w=0.473 sent_v=1.049 sent_w=0.473 ret=0 dt=50.6ms move_ms=0.4 policy_zmq_lag=0.7ms scan_age=33.4ms loop_to_send=6.5ms
[go2:sport] cmd#355 seq=440 policy_v=1.049 policy_w=0.324 sent_v=1.049 sent_w=0.324 ret=0 dt=48.9ms move_ms=0.4 policy_zmq_lag=0.6ms scan_age=42.6ms loop_to_send=5.9ms
[go2:sport] cmd#356 seq=441 policy_v=1.050 policy_w=0.174 sent_v=1.050 sent_w=0.174 ret=0 dt=50.1ms move_ms=0.6 policy_zmq_lag=0.7ms scan_age=32.5ms loop_to_send=5.9ms
[go2:sport] cmd#357 seq=442 policy_v=1.049 policy_w=0.024 sent_v=1.049 sent_w=0.024 ret=0 dt=50.0ms move_ms=0.6 policy_zmq_lag=0.7ms scan_age=42.5ms loop_to_send=5.9ms
[go2:sport] cmd#358 seq=443 policy_v=1.049 policy_w=-0.126 sent_v=1.049 sent_w=-0.126 ret=0 dt=49.9ms move_ms=0.4 policy_zmq_lag=0.6ms scan_age=32.4ms loop_to_send=6.0ms
[go2:sport] cmd#359 seq=444 policy_v=1.049 policy_w=0.024 sent_v=1.049 sent_w=0.024 ret=0 dt=50.9ms move_ms=0.4 policy_zmq_lag=0.7ms scan_age=43.3ms loop_to_send=6.7ms
[go2:sport] cmd#360 seq=445 policy_v=1.049 policy_w=0.174 sent_v=1.049 sent_w=0.174 ret=0 dt=49.1ms move_ms=0.4 policy_zmq_lag=0.6ms scan_age=32.5ms loop_to_send=5.9ms
[go2:sport] cmd#361 seq=446 policy_v=1.050 policy_w=0.324 sent_v=1.050 sent_w=0.324 ret=0 dt=50.0ms move_ms=0.4 policy_zmq_lag=0.6ms scan_age=42.4ms loop_to_send=5.9ms
[go2:sport] cmd#362 seq=447 policy_v=1.049 policy_w=0.530 sent_v=1.049 sent_w=0.530 ret=0 dt=49.9ms move_ms=0.4 policy_zmq_lag=0.6ms scan_age=32.4ms loop_to_send=5.8ms
[go2:sport] cmd#363 seq=448 policy_v=1.049 policy_w=0.633 sent_v=1.049 sent_w=0.633 ret=0 dt=50.2ms move_ms=0.4 policy_zmq_lag=0.6ms scan_age=42.6ms loop_to_send=6.0ms
[go2:sport] cmd#364 seq=449 policy_v=1.049 policy_w=0.540 sent_v=1.049 sent_w=0.540 ret=0 dt=50.2ms move_ms=0.5 policy_zmq_lag=0.7ms scan_age=32.5ms loop_to_send=5.9ms
[go2:sport] cmd#365 seq=450 policy_v=1.049 policy_w=0.432 sent_v=1.049 sent_w=0.432 ret=0 dt=50.1ms move_ms=0.6 policy_zmq_lag=0.7ms scan_age=42.8ms loop_to_send=6.2ms
[go2:sport] cmd#366 seq=451 policy_v=1.049 policy_w=0.282 sent_v=1.049 sent_w=0.282 ret=0 dt=49.6ms move_ms=0.4 policy_zmq_lag=0.6ms scan_age=32.5ms loop_to_send=5.8ms
[go2:sport] cmd#367 seq=452 policy_v=1.048 policy_w=0.132 sent_v=1.048 sent_w=0.132 ret=0 dt=50.2ms move_ms=0.6 policy_zmq_lag=0.6ms scan_age=42.6ms loop_to_send=6.0ms
[go2:sport] cmd#368 seq=453 policy_v=1.048 policy_w=-0.018 sent_v=1.048 sent_w=-0.018 ret=0 dt=49.7ms move_ms=0.4 policy_zmq_lag=0.6ms scan_age=32.4ms loop_to_send=5.7ms
[go2:sport] cmd#369 seq=454 policy_v=1.049 policy_w=-0.168 sent_v=1.049 sent_w=-0.168 ret=0 dt=50.2ms move_ms=0.4 policy_zmq_lag=0.6ms scan_age=42.4ms loop_to_send=5.9ms
[go2:sport] cmd#370 seq=455 policy_v=1.049 policy_w=-0.018 sent_v=1.049 sent_w=-0.018 ret=0 dt=50.0ms move_ms=0.4 policy_zmq_lag=0.6ms scan_age=32.5ms loop_to_send=5.9ms
[go2:sport] cmd#371 seq=456 policy_v=1.048 policy_w=0.133 sent_v=1.048 sent_w=0.133 ret=0 dt=50.7ms move_ms=0.5 policy_zmq_lag=0.7ms scan_age=43.1ms loop_to_send=6.1ms
[go2:sport] cmd#372 seq=457 policy_v=1.049 policy_w=0.282 sent_v=1.049 sent_w=0.282 ret=0 dt=49.1ms move_ms=0.4 policy_zmq_lag=0.6ms scan_age=32.4ms loop_to_send=5.7ms
[go2:sport] cmd#373 seq=458 policy_v=1.049 policy_w=0.481 sent_v=1.049 sent_w=0.481 ret=0 dt=50.3ms move_ms=0.4 policy_zmq_lag=0.5ms scan_age=42.7ms loop_to_send=6.1ms
[go2:sport] cmd#374 seq=459 policy_v=1.048 policy_w=0.497 sent_v=1.048 sent_w=0.497 ret=0 dt=49.6ms move_ms=0.4 policy_zmq_lag=0.6ms scan_age=32.2ms loop_to_send=5.7ms
[go2:sport] cmd#375 seq=460 policy_v=1.048 policy_w=0.380 sent_v=1.048 sent_w=0.380 ret=0 dt=50.9ms move_ms=0.4 policy_zmq_lag=0.6ms scan_age=43.0ms loop_to_send=6.2ms
[go2:sport] cmd#376 seq=461 policy_v=1.048 policy_w=0.231 sent_v=1.048 sent_w=0.231 ret=0 dt=49.4ms move_ms=0.4 policy_zmq_lag=0.6ms scan_age=32.5ms loop_to_send=6.0ms
[go2:sport] cmd#377 seq=462 policy_v=1.048 policy_w=0.081 sent_v=1.048 sent_w=0.081 ret=0 dt=50.0ms move_ms=0.4 policy_zmq_lag=0.6ms scan_age=42.5ms loop_to_send=6.0ms
[go2:sport] cmd#378 seq=463 policy_v=1.048 policy_w=-0.069 sent_v=1.048 sent_w=-0.069 ret=0 dt=49.7ms move_ms=0.4 policy_zmq_lag=0.6ms scan_age=32.3ms loop_to_send=5.7ms
[go2:sport] cmd#379 seq=464 policy_v=1.048 policy_w=-0.220 sent_v=1.048 sent_w=-0.220 ret=0 dt=51.1ms move_ms=0.5 policy_zmq_lag=0.7ms scan_age=43.1ms loop_to_send=6.3ms
[go2:sport] cmd#380 seq=465 policy_v=1.049 policy_w=-0.071 sent_v=1.049 sent_w=-0.071 ret=0 dt=49.5ms move_ms=0.4 policy_zmq_lag=0.6ms scan_age=32.8ms loop_to_send=6.2ms
[go2:sport] cmd#381 seq=466 policy_v=1.048 policy_w=0.079 sent_v=1.048 sent_w=0.079 ret=0 dt=49.9ms move_ms=0.4 policy_zmq_lag=0.6ms scan_age=42.7ms loop_to_send=6.2ms
[go2:sport] cmd#382 seq=467 policy_v=1.048 policy_w=0.229 sent_v=1.048 sent_w=0.229 ret=0 dt=49.7ms move_ms=0.4 policy_zmq_lag=0.7ms scan_age=32.4ms loop_to_send=5.8ms
[go2:sport] cmd#383 seq=468 policy_v=1.048 policy_w=0.419 sent_v=1.048 sent_w=0.419 ret=0 dt=49.8ms move_ms=0.3 policy_zmq_lag=0.5ms scan_age=42.4ms loop_to_send=5.7ms
[go2:sport] cmd#384 seq=469 policy_v=1.048 policy_w=0.638 sent_v=1.048 sent_w=0.638 ret=0 dt=50.0ms move_ms=0.4 policy_zmq_lag=0.6ms scan_age=32.3ms loop_to_send=5.7ms
[go2:sport] cmd#385 seq=470 policy_v=1.048 policy_w=0.546 sent_v=1.048 sent_w=0.546 ret=0 dt=50.4ms move_ms=0.4 policy_zmq_lag=0.7ms scan_age=42.5ms loop_to_send=6.0ms
[go2:sport] cmd#386 seq=471 policy_v=1.048 policy_w=0.439 sent_v=1.048 sent_w=0.439 ret=0 dt=50.1ms move_ms=0.6 policy_zmq_lag=0.7ms scan_age=32.5ms loop_to_send=6.0ms
[go2:sport] cmd#387 seq=472 policy_v=1.048 policy_w=0.289 sent_v=1.048 sent_w=0.289 ret=0 dt=49.9ms move_ms=0.4 policy_zmq_lag=0.6ms scan_age=42.6ms loop_to_send=6.0ms
[go2:sport] cmd#388 seq=473 policy_v=1.047 policy_w=0.139 sent_v=1.047 sent_w=0.139 ret=0 dt=49.8ms move_ms=0.5 policy_zmq_lag=0.6ms scan_age=32.3ms loop_to_send=5.8ms
[go2:sport] cmd#389 seq=474 policy_v=1.047 policy_w=-0.011 sent_v=1.047 sent_w=-0.011 ret=0 dt=50.0ms move_ms=0.4 policy_zmq_lag=0.6ms scan_age=42.4ms loop_to_send=5.9ms
[go2:sport] cmd#390 seq=475 policy_v=1.048 policy_w=0.139 sent_v=1.048 sent_w=0.139 ret=0 dt=50.1ms move_ms=0.6 policy_zmq_lag=0.8ms scan_age=32.3ms loop_to_send=5.8ms
[go2:sport] cmd#391 seq=476 policy_v=1.048 policy_w=0.289 sent_v=1.048 sent_w=0.289 ret=0 dt=49.9ms move_ms=0.4 policy_zmq_lag=0.6ms scan_age=42.4ms loop_to_send=5.8ms
[go2:sport] cmd#392 seq=477 policy_v=1.048 policy_w=0.489 sent_v=1.048 sent_w=0.489 ret=0 dt=49.9ms move_ms=0.4 policy_zmq_lag=0.6ms scan_age=32.3ms loop_to_send=5.7ms
[go2:sport] cmd#393 seq=478 policy_v=1.048 policy_w=0.716 sent_v=1.048 sent_w=0.716 ret=0 dt=50.1ms move_ms=0.4 policy_zmq_lag=0.6ms scan_age=42.4ms loop_to_send=5.8ms
[go2:sport] cmd#394 seq=479 policy_v=1.047 policy_w=0.635 sent_v=1.047 sent_w=0.635 ret=0 dt=50.0ms move_ms=0.4 policy_zmq_lag=0.6ms scan_age=32.3ms loop_to_send=5.8ms
[go2:sport] cmd#395 seq=480 policy_v=1.047 policy_w=0.542 sent_v=1.047 sent_w=0.542 ret=0 dt=50.1ms move_ms=0.4 policy_zmq_lag=0.7ms scan_age=42.4ms loop_to_send=5.8ms
[go2:sport] cmd#396 seq=481 policy_v=1.046 policy_w=0.434 sent_v=1.046 sent_w=0.434 ret=0 dt=49.9ms move_ms=0.4 policy_zmq_lag=0.6ms scan_age=32.4ms loop_to_send=5.8ms
[go2:sport] cmd#397 seq=482 policy_v=1.047 policy_w=0.284 sent_v=1.047 sent_w=0.284 ret=0 dt=50.0ms move_ms=0.4 policy_zmq_lag=0.7ms scan_age=42.4ms loop_to_send=5.8ms
[go2:sport] cmd#398 seq=483 policy_v=1.046 policy_w=0.134 sent_v=1.046 sent_w=0.134 ret=0 dt=50.7ms move_ms=0.6 policy_zmq_lag=0.7ms scan_age=33.0ms loop_to_send=6.4ms
[go2:sport] cmd#399 seq=484 policy_v=1.046 policy_w=0.284 sent_v=1.046 sent_w=0.284 ret=0 dt=49.4ms move_ms=0.5 policy_zmq_lag=0.8ms scan_age=42.3ms loop_to_send=5.8ms
[go2:sport] cmd#400 seq=485 policy_v=1.047 policy_w=0.484 sent_v=1.047 sent_w=0.484 ret=0 dt=49.8ms move_ms=0.4 policy_zmq_lag=0.6ms scan_age=32.3ms loop_to_send=5.7ms
[go2:sport] cmd#401 seq=486 policy_v=1.046 policy_w=0.711 sent_v=1.046 sent_w=0.711 ret=0 dt=49.9ms move_ms=0.5 policy_zmq_lag=0.7ms scan_age=42.3ms loop_to_send=5.6ms
[go2:sport] cmd#402 seq=487 policy_v=1.047 policy_w=0.959 sent_v=1.047 sent_w=0.959 ret=0 dt=50.4ms move_ms=0.5 policy_zmq_lag=0.6ms scan_age=32.7ms loop_to_send=5.7ms
[go2:sport] cmd#403 seq=488 policy_v=1.046 policy_w=0.903 sent_v=1.046 sent_w=0.903 ret=0 dt=50.0ms move_ms=0.5 policy_zmq_lag=0.8ms scan_age=42.5ms loop_to_send=5.9ms
[go2:sport] cmd#404 seq=489 policy_v=1.045 policy_w=0.843 sent_v=1.045 sent_w=0.843 ret=0 dt=49.7ms move_ms=0.5 policy_zmq_lag=0.6ms scan_age=32.4ms loop_to_send=5.8ms
[go2:sport] cmd#405 seq=490 policy_v=0.000 policy_w=0.000 sent_v=0.000 sent_w=0.000 ret=0 dt=44.8ms move_ms=0.6 policy_zmq_lag=0.6ms
[go2:sport] cmd#406 seq=491 policy_v=0.000 policy_w=0.000 sent_v=0.000 sent_w=0.000 ret=0 dt=50.0ms move_ms=0.4 policy_zmq_lag=0.6ms
[go2:sport] cmd#407 seq=492 policy_v=0.000 policy_w=0.000 sent_v=0.000 sent_w=0.000 ret=0 dt=49.8ms move_ms=0.4 policy_zmq_lag=0.5ms
[go2:sport] cmd#408 seq=493 policy_v=0.000 policy_w=0.000 sent_v=0.000 sent_w=0.000 ret=0 dt=50.1ms move_ms=0.4 policy_zmq_lag=0.5ms
[go2:sport] cmd#409 seq=494 policy_v=0.000 policy_w=0.000 sent_v=0.000 sent_w=0.000 ret=0 dt=50.0ms move_ms=0.4 policy_zmq_lag=0.5ms
[go2:sport] cmd#410 seq=495 policy_v=0.000 policy_w=0.000 sent_v=0.000 sent_w=0.000 ret=0 dt=50.3ms move_ms=0.4 policy_zmq_lag=0.6ms
[go2:sport] cmd#411 seq=496 policy_v=0.000 policy_w=0.000 sent_v=0.000 sent_w=0.000 ret=0 dt=49.8ms move_ms=0.5 policy_zmq_lag=0.6ms
[go2:sport] cmd#412 seq=497 policy_v=0.000 policy_w=0.000 sent_v=0.000 sent_w=0.000 ret=0 dt=49.9ms move_ms=0.5 policy_zmq_lag=0.6ms
[go2:sport] cmd#413 seq=498 policy_v=0.000 policy_w=0.000 sent_v=0.000 sent_w=0.000 ret=0 dt=49.9ms move_ms=0.5 policy_zmq_lag=0.5ms
[go2:sport] cmd#414 seq=499 policy_v=0.000 policy_w=0.000 sent_v=0.000 sent_w=0.000 ret=0 dt=50.0ms move_ms=0.5 policy_zmq_lag=0.5ms
[go2:sport] cmd#415 seq=500 policy_v=0.000 policy_w=0.000 sent_v=0.000 sent_w=0.000 ret=0 dt=50.2ms move_ms=0.4 policy_zmq_lag=0.6ms
[go2:sport] cmd#416 seq=501 policy_v=0.000 policy_w=0.000 sent_v=0.000 sent_w=0.000 ret=0 dt=49.9ms move_ms=0.4 policy_zmq_lag=0.5ms
[go2:sport] cmd#417 seq=502 policy_v=0.000 policy_w=0.000 sent_v=0.000 sent_w=0.000 ret=0 dt=50.1ms move_ms=0.4 policy_zmq_lag=0.6ms
[go2:sport] cmd#418 seq=503 policy_v=0.000 policy_w=0.000 sent_v=0.000 sent_w=0.000 ret=0 dt=49.9ms move_ms=0.4 policy_zmq_lag=0.6ms
[go2:sport] cmd#419 seq=504 policy_v=0.000 policy_w=0.000 sent_v=0.000 sent_w=0.000 ret=0 dt=50.2ms move_ms=0.4 policy_zmq_lag=0.6ms
[go2:sport] cmd#420 seq=505 policy_v=0.000 policy_w=0.000 sent_v=0.000 sent_w=0.000 ret=0 dt=49.9ms move_ms=0.4 policy_zmq_lag=0.7ms
[go2:sport] cmd#421 seq=506 policy_v=0.000 policy_w=0.000 sent_v=0.000 sent_w=0.000 ret=0 dt=49.7ms move_ms=0.4 policy_zmq_lag=0.5ms
[go2:sport] cmd#422 seq=507 policy_v=0.000 policy_w=0.000 sent_v=0.000 sent_w=0.000 ret=0 dt=50.0ms move_ms=0.4 policy_zmq_lag=0.5ms
[go2:sport] cmd#423 seq=508 policy_v=0.000 policy_w=0.000 sent_v=0.000 sent_w=0.000 ret=0 dt=50.0ms move_ms=0.4 policy_zmq_lag=0.5ms
[go2:sport] cmd#424 seq=509 policy_v=0.000 policy_w=0.000 sent_v=0.000 sent_w=0.000 ret=0 dt=50.1ms move_ms=0.4 policy_zmq_lag=0.6ms
[go2:sport] cmd#425 seq=510 policy_v=0.000 policy_w=0.000 sent_v=0.000 sent_w=0.000 ret=0 dt=50.0ms move_ms=0.5 policy_zmq_lag=0.6ms
[go2:sport] cmd#426 seq=511 policy_v=0.000 policy_w=0.000 sent_v=0.000 sent_w=0.000 ret=0 dt=50.0ms move_ms=0.4 policy_zmq_lag=0.6ms
[go2:sport] cmd#427 seq=512 policy_v=0.000 policy_w=0.000 sent_v=0.000 sent_w=0.000 ret=0 dt=50.0ms move_ms=0.4 policy_zmq_lag=0.5ms
[go2:sport] cmd#428 seq=513 policy_v=0.000 policy_w=0.000 sent_v=0.000 sent_w=0.000 ret=0 dt=50.0ms move_ms=0.4 policy_zmq_lag=0.5ms
[go2:sport] cmd#429 seq=514 policy_v=0.000 policy_w=0.000 sent_v=0.000 sent_w=0.000 ret=0 dt=50.0ms move_ms=0.4 policy_zmq_lag=0.5ms
[go2:sport] cmd#430 seq=515 policy_v=0.000 policy_w=0.000 sent_v=0.000 sent_w=0.000 ret=0 dt=49.9ms move_ms=0.4 policy_zmq_lag=0.6ms
[go2:sport] cmd#431 seq=516 policy_v=0.000 policy_w=0.000 sent_v=0.000 sent_w=0.000 ret=0 dt=50.0ms move_ms=0.4 policy_zmq_lag=0.5ms
[go2:sport] cmd#432 seq=517 policy_v=0.000 policy_w=0.000 sent_v=0.000 sent_w=0.000 ret=0 dt=49.9ms move_ms=0.4 policy_zmq_lag=0.5ms
[go2:sport] cmd#433 seq=518 policy_v=0.000 policy_w=0.000 sent_v=0.000 sent_w=0.000 ret=0 dt=50.0ms move_ms=0.4 policy_zmq_lag=0.5ms
[go2:sport] cmd#434 seq=519 policy_v=0.000 policy_w=0.000 sent_v=0.000 sent_w=0.000 ret=0 dt=50.1ms move_ms=0.4 policy_zmq_lag=0.6ms
[go2:sport] cmd#435 seq=520 policy_v=0.000 policy_w=0.000 sent_v=0.000 sent_w=0.000 ret=0 dt=50.0ms move_ms=0.4 policy_zmq_lag=0.6ms
[go2:sport] cmd#436 seq=521 policy_v=0.000 policy_w=0.000 sent_v=0.000 sent_w=0.000 ret=0 dt=50.0ms move_ms=0.3 policy_zmq_lag=0.6ms
[go2:sport] cmd#437 seq=522 policy_v=0.000 policy_w=0.000 sent_v=0.000 sent_w=0.000 ret=0 dt=50.0ms move_ms=0.4 policy_zmq_lag=0.5ms
[go2:sport] cmd#438 seq=523 policy_v=0.000 policy_w=0.000 sent_v=0.000 sent_w=0.000 ret=0 dt=50.0ms move_ms=0.4 policy_zmq_lag=0.5ms
[go2:sport] cmd#439 seq=524 policy_v=0.000 policy_w=0.000 sent_v=0.000 sent_w=0.000 ret=0 dt=50.0ms move_ms=0.4 policy_zmq_lag=0.5ms
[go2:sport] cmd#440 seq=525 policy_v=0.000 policy_w=0.000 sent_v=0.000 sent_w=0.000 ret=0 dt=50.0ms move_ms=0.4 policy_zmq_lag=0.5ms
[go2:sport] cmd#441 seq=526 policy_v=0.000 policy_w=0.000 sent_v=0.000 sent_w=0.000 ret=0 dt=50.1ms move_ms=0.4 policy_zmq_lag=0.5ms
[go2:sport] cmd#442 seq=527 policy_v=0.000 policy_w=0.000 sent_v=0.000 sent_w=0.000 ret=0 dt=50.2ms move_ms=0.5 policy_zmq_lag=0.7ms
[go2:sport] cmd#443 seq=528 policy_v=0.000 policy_w=0.000 sent_v=0.000 sent_w=0.000 ret=0 dt=49.8ms move_ms=0.4 policy_zmq_lag=0.5ms
[go2:sport] cmd#444 seq=529 policy_v=0.000 policy_w=0.000 sent_v=0.000 sent_w=0.000 ret=0 dt=50.0ms move_ms=0.4 policy_zmq_lag=0.5ms
[go2:sport] cmd#445 seq=530 policy_v=0.000 policy_w=0.000 sent_v=0.000 sent_w=0.000 ret=0 dt=50.0ms move_ms=0.4 policy_zmq_lag=0.5ms
[go2:sport] cmd#446 seq=531 policy_v=0.000 policy_w=0.000 sent_v=0.000 sent_w=0.000 ret=0 dt=50.1ms move_ms=0.4 policy_zmq_lag=0.5ms
[go2:sport] cmd#447 seq=532 policy_v=0.000 policy_w=0.000 sent_v=0.000 sent_w=0.000 ret=0 dt=50.0ms move_ms=0.4 policy_zmq_lag=0.5ms
[go2:sport] cmd#448 seq=533 policy_v=0.000 policy_w=0.000 sent_v=0.000 sent_w=0.000 ret=0 dt=50.0ms move_ms=0.4 policy_zmq_lag=0.5ms
[go2:sport] cmd#449 seq=534 policy_v=0.000 policy_w=0.000 sent_v=0.000 sent_w=0.000 ret=0 dt=50.0ms move_ms=0.4 policy_zmq_lag=0.5ms
[go2:sport] cmd#450 seq=535 policy_v=0.000 policy_w=0.000 sent_v=0.000 sent_w=0.000 ret=0 dt=49.9ms move_ms=0.4 policy_zmq_lag=0.5ms
[go2:sport] cmd#451 seq=536 policy_v=0.000 policy_w=0.000 sent_v=0.000 sent_w=0.000 ret=0 dt=49.9ms move_ms=0.3 policy_zmq_lag=0.5ms
[go2:sport] cmd#452 seq=537 policy_v=0.000 policy_w=0.000 sent_v=0.000 sent_w=0.000 ret=0 dt=50.0ms move_ms=0.3 policy_zmq_lag=0.5ms
[go2:sport] cmd#453 seq=538 policy_v=0.000 policy_w=0.000 sent_v=0.000 sent_w=0.000 ret=0 dt=50.2ms move_ms=0.5 policy_zmq_lag=0.6ms
[go2:sport] cmd#454 seq=539 policy_v=0.000 policy_w=0.000 sent_v=0.000 sent_w=0.000 ret=0 dt=50.0ms move_ms=0.5 policy_zmq_lag=0.6ms
[go2:sport] cmd#455 seq=540 policy_v=0.000 policy_w=0.000 sent_v=0.000 sent_w=0.000 ret=0 dt=49.9ms move_ms=0.4 policy_zmq_lag=0.5ms
[go2:sport] cmd#456 seq=541 policy_v=0.000 policy_w=0.000 sent_v=0.000 sent_w=0.000 ret=0 dt=50.0ms move_ms=0.4 policy_zmq_lag=0.5ms
[go2:sport] cmd#457 seq=542 policy_v=0.000 policy_w=0.000 sent_v=0.000 sent_w=0.000 ret=0 dt=49.9ms move_ms=0.4 policy_zmq_lag=0.5ms
[go2:sport] cmd#458 seq=543 policy_v=0.000 policy_w=0.000 sent_v=0.000 sent_w=0.000 ret=0 dt=50.2ms move_ms=0.7 policy_zmq_lag=0.7ms
[go2:sport] cmd#459 seq=544 policy_v=0.000 policy_w=0.000 sent_v=0.000 sent_w=0.000 ret=0 dt=49.9ms move_ms=0.6 policy_zmq_lag=0.6ms
[go2:sport] cmd#460 seq=545 policy_v=0.000 policy_w=0.000 sent_v=0.000 sent_w=0.000 ret=0 dt=50.1ms move_ms=0.5 policy_zmq_lag=0.6ms
[go2:sport] cmd#461 seq=546 policy_v=0.000 policy_w=0.000 sent_v=0.000 sent_w=0.000 ret=0 dt=50.0ms move_ms=0.6 policy_zmq_lag=0.7ms
[go2:sport] cmd#462 seq=547 policy_v=0.000 policy_w=0.000 sent_v=0.000 sent_w=0.000 ret=0 dt=49.9ms move_ms=0.4 policy_zmq_lag=0.5ms
[go2:sport] remote-command source restored
[go2:sport] joystick commands restored
