[INFO] [1784478785.684806591] [dclp_go2_policy_ros2]: trajectory log enabled: /home/unitree/qyw/dclp_20260710_reproduction/runs/20260720_003235_382093494_S2L_r1_c1_final_off_live/trajectory/trajectory.csv (rate=2.00 Hz)
[INFO] [1784478785.693114134] [dclp_go2_policy_ros2]: Go2 DCLP policy ready: backend={"action_dim": 2, "backend_type": "pth", "checkpoint_meta": {"T": 1010000, "episode": 16356, "test_time": 101}, "deterministic_rule": "highest_weight_component_tanh_mu", "device": "cpu", "model_path": "/home/unitree/qyw/dclp_20260710_reproduction/models/dclp/V1_41lambda1_101.pth", "obs_dim": 548, "policy_id": "V1_41lambda1_101.pth"} scan=/scan odom=/odom goal=/move_base_simple/goal rel_goal=/dclp_relative_goal global=odom zmq=tcp://*:5596 rate=20.0Hz scan_stamp_timeout=0.30s experiment=20260720_003235_382093494_S2L_r1_c1_final_off_live profile=c1_final_off compensation=off mapping=range limiter=last_cmd_dt config={"accel_limiter_mode":"last_cmd_dt","action_mapping_mode":"range","backend":{"action_dim":2,"backend_type":"pth","checkpoint_meta":{"T":1010000,"episode":16356,"test_time":101},"deterministic_rule":"highest_weight_component_tanh_mu","device":"cpu","model_path":"/home/unitree/qyw/dclp_20260710_reproduction/models/dclp/V1_41lambda1_101.pth","obs_dim":548,"policy_id":"V1_41lambda1_101.pth"},"cap_angular":1.5708,"cap_linear":1.5,"compensation_available":true,"compensation_mode":"off","compensation_source":"/home/unitree/qyw/dclp_20260710_reproduction/dclp_deploy/robots/unitree_go2/velocity_compensation.py","compensation_source_sha256":"53f5318dde1c9965c6c7177ae72e8200b85b26c8b9143ecb9dcc5d356a458000","control_period_sec":0.02,"control_rate_hz":20.0,"dclp_length1":0.504,"dclp_length2":0.504,"dclp_width":0.4464,"deploy_core_source":"/home/unitree/qyw/dclp_20260710_reproduction/dclp_deploy/dclp_deploy_core.py","deploy_core_source_sha256":"df6c78b263454c8bf8fb616de9dff7d268f6f48fe40127c299dd56455464e7de","experiment_id":"20260720_003235_382093494_S2L_r1_c1_final_off_live","experiment_profile":"c1_final_off","floor_angular":0.0,"floor_linear":0.0,"goal_topic":"/move_base_simple/goal","max_angular":0.83776,"max_angular_acc":3.0,"max_linear":0.9,"max_linear_acc":3.0,"min_angular":0.27928,"min_linear":0.29997,"model_path":"/home/unitree/qyw/dclp_20260710_reproduction/models/dclp/V1_41lambda1_101.pth","model_sha256":"dacaf9fc45da536ae6b45cdbedc949370b7828fac4cadcf40ebedabc4080c452","odom_topic":"/odom","pid":24243,"policy_source":"/home/unitree/qyw/dclp_20260710_reproduction/dclp_deploy/robots/unitree_go2/dclp_go2_policy_ros2.py","policy_source_sha256":"66d8558d2f68a7caef976ef59ba74070b99af27b8fe4af35b8b0dc6a68228997","relative_goal_topic":"/dclp_relative_goal","scan_topic":"/scan","schema_version":1,"speed_scale":1.0,"straighten_front_clear_angle":0.35,"straighten_front_clear_range":1.2,"straighten_front_goal_angle":0.0,"straighten_front_goal_w_limit":0.0,"trajectory_log_path":"/home/unitree/qyw/dclp_20260710_reproduction/runs/20260720_003235_382093494_S2L_r1_c1_final_off_live/trajectory/trajectory.csv","written_at":"2026-07-20T00:33:05"}
[INFO] [1784478785.696711398] [dclp_go2_policy_ros2]: received first scan: frame=base_link beams=1081
[INFO] [1784478785.698488253] [dclp_go2_policy_ros2]: received first odom: frame=odom child=base_link
[WARN] [1784478785.744296353] [dclp_go2_policy_ros2]: DCLP stop: waiting goal
[WARN] [1784478787.793708058] [dclp_go2_policy_ros2]: DCLP stop: waiting goal
[WARN] [1784478789.843642504] [dclp_go2_policy_ros2]: DCLP stop: waiting goal
[WARN] [1784478791.843681720] [dclp_go2_policy_ros2]: DCLP stop: waiting goal
[WARN] [1784478793.893629812] [dclp_go2_policy_ros2]: DCLP stop: waiting goal
[WARN] [1784478795.893769037] [dclp_go2_policy_ros2]: DCLP stop: waiting goal
[WARN] [1784478797.894763327] [dclp_go2_policy_ros2]: DCLP stop: waiting goal
[WARN] [1784478799.944433895] [dclp_go2_policy_ros2]: DCLP stop: waiting goal
[INFO] [1784478801.538165089] [dclp_go2_policy_ros2]: received relative goal: right=0.000 forward=4.000 -> global=(4.008, -0.005) frame=odom
[INFO] [1784478801.553467896] [dclp_go2_policy_ros2]: ⏱ v=0.017 w=-0.017 dist=4.00 | total=9.9ms (tf=0.2 feat=0.4 infer=3.0 conv=4.8) | e2e_scan→cmd=50.3ms | cov=90/90
[INFO] [1784478802.049846319] [dclp_go2_policy_ros2]: ⏱ v=0.898 w=-0.395 dist=3.92 | total=6.5ms (tf=0.2 feat=0.4 infer=2.6 conv=2.4) | e2e_scan→cmd=46.8ms | cov=90/90
[INFO] [1784478802.550365860] [dclp_go2_policy_ros2]: ⏱ v=0.763 w=0.138 dist=3.63 | total=6.9ms (tf=0.1 feat=0.4 infer=2.6 conv=2.7) | e2e_scan→cmd=46.5ms | cov=90/90
[INFO] [1784478803.049602490] [dclp_go2_policy_ros2]: ⏱ v=0.149 w=0.738 dist=3.33 | total=6.3ms (tf=0.2 feat=0.4 infer=2.5 conv=2.3) | e2e_scan→cmd=46.4ms | cov=90/90
[INFO] [1784478803.551924410] [dclp_go2_policy_ros2]: ⏱ v=-0.834 w=0.747 dist=3.29 | total=7.4ms (tf=0.2 feat=0.4 infer=2.9 conv=2.7) | e2e_scan→cmd=48.5ms | cov=90/90
[INFO] [1784478804.049804382] [dclp_go2_policy_ros2]: ⏱ v=0.170 w=0.611 dist=3.52 | total=6.1ms (tf=0.1 feat=0.3 infer=2.5 conv=2.2) | e2e_scan→cmd=46.6ms | cov=90/90
[INFO] [1784478804.550469725] [dclp_go2_policy_ros2]: ⏱ v=0.744 w=0.758 dist=3.44 | total=6.7ms (tf=0.1 feat=0.4 infer=2.7 conv=2.4) | e2e_scan→cmd=47.2ms | cov=90/90
[INFO] [1784478805.049661588] [dclp_go2_policy_ros2]: ⏱ v=0.829 w=0.230 dist=3.21 | total=6.2ms (tf=0.1 feat=0.4 infer=2.5 conv=2.3) | e2e_scan→cmd=46.5ms | cov=90/90
[INFO] [1784478805.550316227] [dclp_go2_policy_ros2]: ⏱ v=0.899 w=-0.671 dist=3.06 | total=6.7ms (tf=0.2 feat=0.4 infer=2.6 conv=2.4) | e2e_scan→cmd=47.2ms | cov=90/90
[INFO] [1784478806.049594863] [dclp_go2_policy_ros2]: ⏱ v=0.899 w=-0.664 dist=2.85 | total=6.2ms (tf=0.1 feat=0.3 infer=2.5 conv=2.3) | e2e_scan→cmd=46.4ms | cov=90/90
[INFO] [1784478806.549702580] [dclp_go2_policy_ros2]: ⏱ v=0.896 w=-0.660 dist=2.56 | total=6.4ms (tf=0.2 feat=0.3 infer=2.5 conv=2.4) | e2e_scan→cmd=46.5ms | cov=90/90
[INFO] [1784478807.050480316] [dclp_go2_policy_ros2]: ⏱ v=0.899 w=-0.669 dist=2.28 | total=7.2ms (tf=0.1 feat=0.3 infer=2.6 conv=2.9) | e2e_scan→cmd=47.2ms | cov=90/90
[INFO] [1784478807.550048120] [dclp_go2_policy_ros2]: ⏱ v=0.899 w=-0.515 dist=1.95 | total=6.6ms (tf=0.1 feat=0.3 infer=2.6 conv=2.5) | e2e_scan→cmd=46.9ms | cov=90/90
[INFO] [1784478808.049661975] [dclp_go2_policy_ros2]: ⏱ v=0.899 w=-0.354 dist=1.59 | total=6.4ms (tf=0.1 feat=0.3 infer=2.6 conv=2.4) | e2e_scan→cmd=46.4ms | cov=90/90
[INFO] [1784478808.550839443] [dclp_go2_policy_ros2]: ⏱ v=0.898 w=-0.055 dist=1.24 | total=7.2ms (tf=0.2 feat=0.4 infer=2.9 conv=2.7) | e2e_scan→cmd=47.3ms | cov=90/90
[INFO] [1784478809.050012718] [dclp_go2_policy_ros2]: ⏱ v=0.899 w=0.019 dist=0.89 | total=6.7ms (tf=0.2 feat=0.4 infer=2.6 conv=2.5) | e2e_scan→cmd=46.8ms | cov=90/90
[INFO] [1784478809.550778023] [dclp_go2_policy_ros2]: ⏱ v=0.898 w=0.525 dist=0.57 | total=7.1ms (tf=0.2 feat=0.4 infer=2.7 conv=2.8) | e2e_scan→cmd=47.2ms | cov=90/90
[WARN] [1784478809.845516613] [dclp_go2_policy_ros2]: DCLP stop: goal reached
[WARN] [1784478811.846249616] [dclp_go2_policy_ros2]: DCLP stop: goal reached
[WARN] [1784478813.894094610] [dclp_go2_policy_ros2]: DCLP stop: goal reached
[WARN] [1784478815.894006785] [dclp_go2_policy_ros2]: DCLP stop: goal reached
[WARN] [1784478817.894111102] [dclp_go2_policy_ros2]: DCLP stop: goal reached
[WARN] [1784478819.944134214] [dclp_go2_policy_ros2]: DCLP stop: goal reached
[WARN] [1784478821.994043249] [dclp_go2_policy_ros2]: DCLP stop: goal reached
[WARN] [1784478823.994864541] [dclp_go2_policy_ros2]: DCLP stop: goal reached
[WARN] [1784478826.044284443] [dclp_go2_policy_ros2]: DCLP stop: goal reached
[WARN] [1784478828.094189910] [dclp_go2_policy_ros2]: DCLP stop: goal reached
[WARN] [1784478830.144104853] [dclp_go2_policy_ros2]: DCLP stop: goal reached
[WARN] [1784478832.144444525] [dclp_go2_policy_ros2]: DCLP stop: goal reached
[WARN] [1784478834.144554228] [dclp_go2_policy_ros2]: DCLP stop: goal reached
[WARN] [1784478836.194605658] [dclp_go2_policy_ros2]: DCLP stop: goal reached
[WARN] [1784478838.244233354] [dclp_go2_policy_ros2]: DCLP stop: goal reached
[WARN] [1784478840.244358694] [dclp_go2_polic