[INFO] [1787251620.419771177] [dclp_go2_policy_ros2]: trajectory log enabled: /home/unitree/qyw/dclp_20260710_reproduction/dclp_deploy/robots/unitree_go2/../trajectory_logs/trajectory_20260821_024700.csv (rate=2.00 Hz)
[INFO] [1787251620.426596826] [dclp_go2_policy_ros2]: Go2 DCLP policy ready: backend={"action_dim": 2, "backend_type": "pth", "checkpoint_meta": {"T": 1010000, "episode": 16356, "test_time": 101}, "deterministic_rule": "highest_weight_component_tanh_mu", "device": "cpu", "model_path": "/home/unitree/qyw/dclp_20260710_reproduction/models/dclp/V1_41lambda1_101.pth", "obs_dim": 548, "policy_id": "V1_41lambda1_101.pth"} scan=/scan odom=/odom goal=/move_base_simple/goal rel_goal=/dclp_relative_goal global=odom zmq=tcp://*:5596 rate=25.0Hz scan_stamp_timeout=0.08s experiment=<unset> profile=<unset> compensation=off mapping=range limiter=last_cmd_dt config={"accel_limiter_mode":"last_cmd_dt","action_mapping_mode":"range","backend":{"action_dim":2,"backend_type":"pth","checkpoint_meta":{"T":1010000,"episode":16356,"test_time":101},"deterministic_rule":"highest_weight_component_tanh_mu","device":"cpu","model_path":"/home/unitree/qyw/dclp_20260710_reproduction/models/dclp/V1_41lambda1_101.pth","obs_dim":548,"policy_id":"V1_41lambda1_101.pth"},"cap_angular":1.5708,"cap_linear":1.5,"compensation_available":true,"compensation_mode":"off","compensation_source":"/home/unitree/qyw/dclp_20260710_reproduction/dclp_deploy/robots/unitree_go2/velocity_compensation.py","compensation_source_sha256":"53f5318dde1c9965c6c7177ae72e8200b85b26c8b9143ecb9dcc5d356a458000","control_period_sec":0.02,"control_rate_hz":25.0,"dclp_length1":0.6048,"dclp_length2":0.6048,"dclp_width":0.53568,"deploy_core_source":"/home/unitree/qyw/dclp_20260710_reproduction/dclp_deploy/dclp_deploy_core.py","deploy_core_source_sha256":"df6c78b263454c8bf8fb616de9dff7d268f6f48fe40127c299dd56455464e7de","experiment_id":"","experiment_profile":"","floor_angular":0.27928,"floor_linear":0.29997,"goal_topic":"/move_base_simple/goal","max_angular":0.83776,"max_angular_acc":3.0,"max_linear":0.9,"max_linear_acc":3.0,"min_angular":0.27928,"min_linear":0.29997,"model_path":"/home/unitree/qyw/dclp_20260710_reproduction/models/dclp/V1_41lambda1_101.pth","model_sha256":"dacaf9fc45da536ae6b45cdbedc949370b7828fac4cadcf40ebedabc4080c452","odom_stamp_timeout":0.05,"odom_timeout":0.1,"odom_topic":"/odom","pid":64433,"policy_source":"/home/unitree/qyw/dclp_20260710_reproduction/dclp_deploy/robots/unitree_go2/dclp_go2_policy_ros2.py","policy_source_sha256":"b9544fd560d917bc0dd2edc2e35e23eac68db819ac29259e2a988c7209cf810c","relative_goal_topic":"/dclp_relative_goal","scan_stamp_timeout":0.08,"scan_timeout":0.1,"scan_topic":"/scan","schema_version":1,"speed_scale":1.0,"straighten_front_clear_angle":0.35,"straighten_front_clear_range":1.2,"straighten_front_goal_angle":0.0,"straighten_front_goal_w_limit":0.0,"trajectory_log_path":"/home/unitree/qyw/dclp_20260710_reproduction/dclp_deploy/robots/unitree_go2/../trajectory_logs/trajectory_20260821_024700.csv","written_at":"2026-08-21T02:47:00"}
[INFO] [1787251620.430091861] [dclp_go2_policy_ros2]: received first scan: frame=base_link beams=1081
[INFO] [1787251620.431863939] [dclp_go2_policy_ros2]: received first odom: frame=odom child=base_link
[WARN] [1787251620.467988012] [dclp_go2_policy_ros2]: DCLP stop: waiting goal
[WARN] [1787251622.507048113] [dclp_go2_policy_ros2]: DCLP stop: waiting goal
[WARN] [1787251624.507243374] [dclp_go2_policy_ros2]: DCLP stop: waiting goal
[WARN] [1787251626.547172068] [dclp_go2_policy_ros2]: DCLP stop: waiting goal
[WARN] [1787251628.547427096] [dclp_go2_policy_ros2]: DCLP stop: waiting goal
[WARN] [1787251630.547887196] [dclp_go2_policy_ros2]: DCLP stop: waiting goal
[WARN] [1787251632.587325961] [dclp_go2_policy_ros2]: DCLP stop: waiting goal
[WARN] [1787251634.627225678] [dclp_go2_policy_ros2]: DCLP stop: waiting goal
[INFO] [1787251635.982030564] [dclp_go2_policy_ros2]: received relative goal: right=0.000 forward=4.000 -> global=(4.000, -0.003) frame=odom
[INFO] [1787251635.995744686] [dclp_go2_policy_ros2]: ⏱ v=0.015 w=-0.015 dist=4.00 | total=9.1ms (tf=0.2 feat=0.4 infer=2.6 conv=4.4) | e2e_scan→cmd=42.7ms | cov=90/90
[INFO] [1787251636.393345000] [dclp_go2_policy_ros2]: ⏱ v=0.894 w=-0.542 dist=4.00 | total=6.5ms (tf=0.2 feat=0.4 infer=2.5 conv=2.4) | e2e_scan→cmd=39.8ms | cov=90/90
[INFO] [1787251636.793169086] [dclp_go2_policy_ros2]: ⏱ v=0.894 w=-0.541 dist=4.00 | total=6.4ms (tf=0.1 feat=0.4 infer=2.6 conv=2.4) | e2e_scan→cmd=39.7ms | cov=90/90
[INFO] [1787251637.192542956] [dclp_go2_policy_ros2]: ⏱ v=0.894 w=-0.509 dist=4.00 | total=5.9ms (tf=0.1 feat=0.3 infer=2.5 conv=2.2) | e2e_scan→cmd=39.2ms | cov=90/90
[INFO] [1787251637.592218568] [dclp_go2_policy_ros2]: ⏱ v=0.895 w=-0.508 dist=4.00 | total=5.6ms (tf=0.1 feat=0.3 infer=2.4 conv=2.0) | e2e_scan→cmd=39.0ms | cov=90/90
[INFO] [1787251637.992471379] [dclp_go2_policy_ros2]: ⏱ v=0.894 w=-0.498 dist=4.00 | total=5.9ms (tf=0.1 feat=0.3 infer=2.4 conv=2.2) | e2e_scan→cmd=39.4ms | cov=90/90
[INFO] [1787251638.392300669] [dclp_go2_policy_ros2]: ⏱ v=0.895 w=-0.482 dist=4.00 | total=5.7ms (tf=0.1 feat=0.3 infer=2.4 conv=2.0) | e2e_scan→cmd=40.0ms | cov=90/90
[INFO] [1787251638.792396942] [dclp_go2_policy_ros2]: ⏱ v=0.894 w=-0.534 dist=4.00 | total=5.8ms (tf=0.1 feat=0.3 infer=2.4 conv=2.1) | e2e_scan→cmd=39.2ms | cov=90/90
[INFO] [1787251639.194025293] [dclp_go2_policy_ros2]: ⏱ v=0.900 w=-0.500 dist=4.00 | total=6.4ms (tf=0.2 feat=0.4 infer=2.6 conv=2.3) | e2e_scan→cmd=40.6ms | cov=90/90
[INFO] [1787251639.593502680] [dclp_go2_policy_ros2]: ⏱ v=0.899 w=-0.503 dist=4.00 | total=6.7ms (tf=0.2 feat=0.4 infer=2.5 conv=2.5) | e2e_scan→cmd=40.0ms | cov=90/90
[INFO] [1787251639.993813145] [dclp_go2_policy_ros2]: ⏱ v=0.895 w=-0.513 dist=4.00 | total=6.7ms (tf=0.2 feat=0.4 infer=2.7 conv=2.5) | e2e_scan→cmd=40.4ms | cov=90/90
[INFO] [1787251640.393197420] [dclp_go2_policy_ros2]: ⏱ v=0.895 w=-0.508 dist=4.00 | total=5.9ms (tf=0.1 feat=0.3 infer=2.4 conv=2.2) | e2e_scan→cmd=39.8ms | cov=90/90
[INFO] [1787251640.792806117] [dclp_go2_policy_ros2]: ⏱ v=0.894 w=-0.581 dist=4.00 | total=5.9ms (tf=0.2 feat=0.3 infer=2.5 conv=2.1) | e2e_scan→cmd=39.6ms | cov=90/90
[INFO] [1787251641.193799496] [dclp_go2_policy_ros2]: ⏱ v=0.894 w=-0.575 dist=4.00 | total=7.0ms (tf=0.2 feat=0.4 infer=2.6 conv=2.4) | e2e_scan→cmd=40.5ms | cov=90/90
[INFO] [1787251641.593821078] [dclp_go2_policy_ros2]: ⏱ v=0.895 w=-0.513 dist=4.00 | total=6.6ms (tf=0.2 feat=0.4 infer=2.6 conv=2.5) | e2e_scan→cmd=40.6ms | cov=90/90
[INFO] [1787251641.992831337] [dclp_go2_policy_ros2]: ⏱ v=0.894 w=-0.552 dist=4.00 | total=6.0ms (tf=0.1 feat=0.3 infer=2.4 conv=2.2) | e2e_scan→cmd=39.6ms | cov=90/90
[INFO] [1787251642.392734430] [dclp_go2_policy_ros2]: ⏱ v=0.898 w=-0.412 dist=4.00 | total=5.8ms (tf=0.1 feat=0.3 infer=2.4 conv=2.1) | e2e_scan→cmd=39.7ms | cov=90/90
[INFO] [1787251642.792780279] [dclp_go2_policy_ros2]: ⏱ v=0.900 w=-0.677 dist=4.00 | total=5.9ms (tf=0.1 feat=0.3 infer=2.5 conv=2.1) | e2e_scan→cmd=39.5ms | cov=90/90
[INFO] [1787251643.192399434] [dclp_go2_policy_ros2]: ⏱ v=0.900 w=-0.626 dist=4.00 | total=5.8ms (tf=0.1 feat=0.3 infer=2.4 conv=2.1) | e2e_scan→cmd=39.1ms | cov=90/90
[INFO] [1787251643.594214748] [dclp_go2_policy_ros2]: ⏱ v=0.900 w=-0.627 dist=4.00 | total=6.5ms (tf=0.2 feat=0.3 infer=2.6 conv=2.5) | e2e_scan→cmd=40.9ms | cov=90/90
[INFO] [1787251643.992510769] [dclp_go2_policy_ros2]: ⏱ v=0.900 w=-0.611 dist=4.00 | total=5.9ms (tf=0.1 feat=0.3 infer=2.4 conv=2.2) | e2e_scan→cmd=39.2ms | cov=90/90
[INFO] [1787251644.394421328] [dclp_go2_policy_ros2]: ⏱ v=0.900 w=-0.622 dist=4.00 | total=7.4ms (tf=0.2 feat=0.4 infer=2.8 conv=2.9) | e2e_scan→cmd=41.1ms | cov=90/90
[INFO] [1787251644.794205590] [dclp_go2_policy_ros2]: ⏱ v=0.900 w=-0.606 dist=4.00 | total=7.0ms (tf=0.2 feat=0.4 infer=2.7 conv=2.7) | e2e_scan→cmd=40.9ms | cov=90/90
[INFO] [1787251645.194393101] [dclp_go2_policy_ros2]: ⏱ v=0.900 w=-0.627 dist=4.00 | total=7.0ms (tf=0.2 feat=0.4 infer=2.6 conv=2.7) | e2e_scan→cmd=40.9ms | cov=90/90
[INFO] [1787251645.594102651] [dclp_go2_policy_ros2]: ⏱ v=0.900 w=-0.618 dist=4.00 | total=6.9ms (tf=0.2 feat=0.4 infer=2.6 conv=2.7) | e2e_scan→cmd=40.6ms | cov=90/90
[INFO] [1787251645.994404730] [dclp_go2_policy_ros2]: ⏱ v=0.900 w=-0.622 dist=4.00 | total=7.4ms (tf=0.2 feat=0.4 infer=2.6 conv=2.9) | e2e_scan→cmd=41.2ms | cov=90/90
[INFO] [1787251646.393502946] [dclp_go2_policy_ros2]: ⏱ v=0.897 w=-0.615 dist=4.00 | total=6.7ms (tf=0.2 feat=0.4 infer=2.5 conv=2.3) | e2e_scan→cmd=40.2ms | cov=90/90
[INFO] [1787251646.793323774] [dclp_go2_policy_ros2]: ⏱ v=0.894 w=-0.540 dist=4.00 | total=6.2ms (tf=0.1 feat=0.3 infer=2.6 conv=2.2) | e2e_scan→cmd=40.1ms | cov=90/90
[INFO] [1787251647.195158100] [dclp_go2_policy_ros2]: ⏱ v=0.895 w=-0.487 dist=4.00 | total=7.8ms (tf=0.2 feat=0.4 infer=2.9 conv=3.2) | e2e_scan→cmd=41.7ms | cov=90/90
[INFO] [1787251647.593931551] [dclp_go2_policy_ros2]: ⏱ v=0.894 w=-0.511 dist=4.00 | total=6.6ms (tf=0.2 feat=0.4 infer=2.6 conv=2.5) | e2e_scan→cmd=40.5ms | cov=90/90
[INFO] [1787251647.993998187] [dclp_go2_policy_ros2]: ⏱ v=0.894 w=-0.509 dist=4.00 | total=6.8ms (tf=0.2 feat=0.4 infer=2.7 conv=2.6) | e2e_scan→cmd=40.6ms | cov=90/90
[INFO] [1787251648.394516526] [dclp_go2_policy_ros2]: ⏱ v=0.895 w=-0.494 dist=4.00 | total=7.0ms (tf=0.2 feat=0.4 infer=2.7 conv=2.7) | e2e_scan→cmd=41.8ms | cov=90/90
[INFO] [1787251648.793767631] [dclp_go2_policy_ros2]: ⏱ v=0.895 w=-0.567 dist=4.00 | total=6.7ms (tf=0.2 feat=0.4 infer=2.6 conv=2.4) | e2e_scan→cmd=40.4ms | cov=90/90
[INFO] [1787251649.194514620] [dclp_go2_policy_ros2]: ⏱ v=0.899 w=-0.612 dist=4.00 | total=7.5ms (tf=0.2 feat=0.4 infer=2.9 conv=2.7) | e2e_scan→cmd=41.2ms | cov=90/90
[INFO] [1787251649.594000877] [dclp_go2_policy_ros2]: ⏱ v=0.900 w=-0.508 dist=4.00 | total=7.1ms (tf=0.2 feat=0.4 infer=2.6 conv=2.9) | e2e_scan→cmd=40.5ms | cov=90/90
[INFO] [1787251649.992789580] [dclp_go2_policy_ros2]: ⏱ v=0.894 w=-0.504 dist=4.00 | total=6.3ms (tf=0.2 feat=0.4 infer=2.5 conv=2.3) | e2e_scan→cmd=39.5ms | cov=90/90
[INFO] [1787251650.393932148] [dclp_go2_policy_ros2]: ⏱ v=0.895 w=-0.507 dist=4.00 | total=6.6ms (tf=0.2 feat=0.4 infer=2.6 conv=2.4) | e2e_scan→cmd=40.6ms | cov=90/90
[INFO] [1787251650.793719863] [dclp_go2_policy_ros2]: ⏱ v=0.895 w=-0.507 dist=4.00 | total=6.7ms (tf=0.2 feat=0.4 infer=2.6 conv=2.6) | e2e_scan→cmd=40.4ms | cov=90/90
[WARN] [1787251650.952959289] [dclp_go2_policy_ros2]: DCLP stop: scan stamp stale 0.094s
[INFO] [1787251651.237258802] [dclp_go2_policy_ros2]: ⏱ v=0.838 w=-0.587 dist=4.00 | total=6.7ms (tf=0.2 feat=0.4 infer=2.6 conv=2.6) | e2e_scan→cmd=60.3ms | cov=90/90
[INFO] [1787251651.634166099] [dclp_go2_policy_ros2]: ⏱ v=0.894 w=-0.508 dist=4.00 | total=7.0ms (tf=0.2 feat=0.4 infer=2.6 conv=2.8) | e2e_scan→cmd=40.9ms | cov=90/90
[INFO] [1787251652.039299792] [dclp_go2_policy_ros2]: ⏱ v=0.895 w=-0.491 dist=4.00 | total=12.2ms (tf=0.2 feat=0.4 infer=7.9 conv=2.7) | e2e_scan→cmd=45.2ms | cov=90/90
[INFO] [1787251652.436961423] [dclp_go2_policy_ros2]: ⏱ v=0.895 w=-0.517 dist=4.00 | total=7.0ms (tf=0.2 feat=0.4 infer=2.7 conv=2.6) | e2e_scan→cmd=40.6ms | cov=90/90
[INFO] [1787251652.834941302] [dclp_go2_policy_ros2]: ⏱ v=0.895 w=-0.511 dist=4.00 | total=7.8ms (tf=0.2 feat=0.4 infer=3.1 conv=2.8) | e2e_scan→cmd=41.5ms | cov=90/90
[INFO] [1787251653.244921829] [dclp_go2_policy_ros2]: ⏱ v=0.895 w=-0.503 dist=4.00 | total=17.5ms (tf=0.2 feat=0.4 infer=4.5 conv=11.3) | e2e_scan→cmd=51.1ms | cov=90/90
[INFO] [1787251653.634035560] [dclp_go2_policy_ros2]: ⏱ v=0.895 w=-0.499 dist=4.00 | total=7.0ms (tf=0.2 feat=0.4 infer=2.8 conv=2.6) | e2e_scan→cmd=40.7ms | cov=90/90
[INFO] [1787251654.034159251] [dclp_go2_policy_ros2]: ⏱ v=0.895 w=-0.523 dist=4.00 | total=6.9ms (tf=0.2 feat=0.4 infer=2.7 conv=2.6) | e2e_scan→cmd=40.2ms | cov=90/90
[INFO] [1787251654.433647415] [dclp_go2_policy_ros2]: ⏱ v=0.894 w=-0.516 dist=4.00 | total=6.8ms (tf=0.2 feat=0.4 infer=2.7 conv=2.5) | e2e_scan→cmd=40.2ms | cov=90/90
[INFO] [1787251654.836081161] [dclp_go2_policy_ros2]: ⏱ v=0.894 w=-0.505 dist=4.00 | total=6.5ms (tf=0.2 feat=0.4 infer=2.6 conv=2.4) | e2e_scan→cmd=39.9ms | cov=90/90
[INFO] [1787251655.234093643] [dclp_go2_policy_ros2]: ⏱ v=0.894 w=-0.572 dist=4.00 | total=7.1ms (tf=0.2 feat=0.4 infer=2.6 conv=2.5) | e2e_scan→cmd=40.8ms | cov=90/90
[INFO] [1787251655.633270288] [dclp_go2_policy_ros2]: ⏱ v=0.894 w=-0.502 dist=4.00 | total=6.5ms (tf=0.2 feat=0.4 infer=2.6 conv=2.4) | e2e_scan→cmd=39.9ms | cov=90/90
[INFO] [1787251656.033462737] [dclp_go2_policy_ros2]: ⏱ v=0.894 w=-0.540 dist=4.00 | total=6.7ms (tf=0.2 feat=0.4 infer=2.7 conv=2.5) | e2e_scan→cmd=40.0ms | cov=90/90
[INFO] [1787251656.434554420] [dclp_go2_policy_ros2]: ⏱ v=0.894 w=-0.536 dist=4.00 | total=7.7ms (tf=0.2 feat=0.4 infer=2.9 conv=2.9) | e2e_scan→cmd=41.1ms | cov=90/90
[INFO] [1787251656.833609184] [dclp_go2_policy_ros2]: ⏱ v=0.900 w=-0.436 dist=4.00 | total=6.9ms (tf=0.2 feat=0.4 infer=2.7 conv=2.6) | e2e_scan→cmd=40.3ms | cov=90/90
[INFO] [1787251657.233277346] [dclp_go2_policy_ros2]: ⏱ v=0.900 w=-0.661 dist=4.00 | total=6.6ms (tf=0.2 feat=0.3 infer=2.6 conv=2.5) | e2e_scan→cmd=39.9ms | cov=90/90
[INFO] [1787251657.633360595] [dclp_go2_policy_ros2]: ⏱ v=0.900 w=-0.628 dist=4.00 | total=6.6ms (tf=0.2 feat=0.3 infer=2.6 conv=2.5) | e2e_scan→cmd=37.7ms | cov=90/90
[INFO] [1787251658.034094135] [dclp_go2_policy_ros2]: ⏱ v=0.900 w=-0.625 dist=4.00 | total=7.2ms (tf=0.2 feat=0.4 infer=2.8 conv=2.7) | e2e_scan→cmd=40.6ms | cov=90/90
[INFO] [1787251658.433463039] [dclp_go2_policy_ros2]: ⏱ v=0.900 w=-0.616 dist=4.00 | total=6.7ms (tf=0.2 feat=0.4 infer=2.6 conv=2.5) | e2e_scan→cmd=40.1ms | cov=90/90
[INFO] [1787251658.833302868] [dclp_go2_policy_ros2]: ⏱ v=0.900 w=-0.727 dist=4.00 | total=6.6ms (tf=0.2 feat=0.3 infer=2.6 conv=2.5) | e2e_scan→cmd=39.9ms | cov=90/90
[INFO] [1787251659.236493673] [dclp_go2_policy_ros2]: ⏱ v=0.900 w=-0.636 dist=4.00 | total=9.6ms (tf=0.4 feat=0.5 infer=2.9 conv=3.5) | e2e_scan→cmd=43.1ms | cov=90/90
[INFO] [1787251659.633294325] [dclp_go2_policy_ros2]: ⏱ v=0.900 w=-0.718 dist=4.00 | total=6.6ms (tf=0.2 feat=0.4 infer=2.6 conv=2.4) | e2e_scan→cmd=40.1ms | cov=90/90
[INFO] [1787251660.034893156] [dclp_go2_policy_ros2]: ⏱ v=0.900 w=-0.639 dist=4.00 | total=7.8ms (tf=0.2 feat=0.4 infer=2.9 conv=3.0) | e2e_scan→cmd=41.5ms | cov=90/90
[INFO] [1787251660.434646507] [dclp_go2_policy_ros2]: ⏱ v=0.900 w=-0.382 dist=4.00 | total=7.7ms (tf=0.2 feat=0.4 infer=2.6 conv=2.7) | e2e_scan→cmd=41.2ms | cov=90/90
[INFO] [1787251660.834916543] [dclp_go2_policy_ros2]: ⏱ v=0.894 w=-0.534 dist=4.00 | total=7.8ms (tf=0.2 feat=0.4 infer=2.8 conv=3.1) | e2e_scan→cmd=41.3ms | cov=90/90
[INFO] [1787251661.233149538] [dclp_go2_policy_ros2]: ⏱ v=0.894 w=-0.502 dist=4.00 | total=6.4ms (tf=0.2 feat=0.4 infer=2.5 conv=2.4) | e2e_scan→cmd=39.8ms | cov=90/90
[INFO] [1787251661.635276818] [dclp_go2_policy_ros2]: ⏱ v=0.895 w=-0.499 dist=4.00 | total=8.2ms (tf=0.2 feat=0.4 infer=3.0 conv=3.4) | e2e_scan→cmd=41.5ms | cov=90/90
[INFO] [1787251662.033626045] [dclp_go2_policy_ros2]: ⏱ v=0.895 w=-0.488 dist=4.00 | total=6.8ms (tf=0.2 feat=0.4 infer=2.7 conv=2.4) | e2e_scan→cmd=40.1ms | cov=90/90
[INFO] [1787251662.433751649] [dclp_go2_policy_ros2]: ⏱ v=0.894 w=-0.501 dist=4.00 | total=6.9ms (tf=0.2 feat=0.4 infer=2.7 conv=2.5) | e2e_scan→cmd=40.6ms | cov=90/90
[WARN] [1787251662.616073059] [dclp_go2_policy_ros2]: DCLP policy loop slow: 27.4 ms total (infer=2.7 feat=0.4 scan_tf=0.1)
[INFO] [1787251662.835211049] [dclp_go2_policy_ros2]: ⏱ v=0.895 w=-0.507 dist=4.00 | total=8.0ms (tf=0.2 feat=0.4 infer=2.8 conv=3.1) | e2e_scan→cmd=41.9ms | cov=90/90
[INFO] [1787251663.233051381] [dclp_go2_policy_ros2]: ⏱ v=0.895 w=-0.508 dist=4.00 | total=6.4ms (tf=0.2 feat=0.4 infer=2.6 conv=2.3) | e2e_scan→cmd=39.7ms | cov=90/90
[INFO] [1787251663.633767027] [dclp_go2_policy_ros2]: ⏱ v=0.899 w=-0.508 dist=4.00 | total=6.9ms (tf=0.2 feat=0.4 infer=2.7 conv=2.5) | e2e_scan→cmd=40.4ms | cov=90/90
[INFO] [1787251664.033135565] [dclp_go2_policy_ros2]: ⏱ v=0.897 w=-0.506 dist=4.00 | total=6.4ms (tf=0.2 feat=0.4 infer=2.6 conv=2.3) | e2e_scan→cmd=39.9ms | cov=90/90
[INFO] [1787251664.433935223] [dclp_go2_policy_ros2]: ⏱ v=0.895 w=-0.517 dist=4.00 | total=7.2ms (tf=0.2 feat=0.4 infer=2.8 conv=2.7) | e2e_scan→cmd=40.7ms | cov=90/90
[WARN] [1787251664.550056737] [dclp_go2_policy_ros2]: DCLP stop: scan stamp stale 0.094s
[INFO] [1787251664.986176424] [dclp_go2_policy_ros2]: ⏱ v=0.900 w=-0.372 dist=4.00 | total=6.7ms (tf=0.2 feat=0.4 infer=2.5 conv=2.6) | e2e_scan→cmd=40.1ms | cov=90/90
[WARN] [1787251665.393988025] [dclp_go2_policy_ros2]: DCLP policy loop slow: 249.0 ms total (infer=3.6 feat=4.2 scan_tf=5.8)
[INFO] [1787251666.394515837] [dclp_go2_policy_ros2]: ⏱ v=0.898 w=-0.553 dist=4.00 | total=6.3ms (tf=0.2 feat=0.4 infer=2.5 conv=2.3) | e2e_scan→cmd=39.6ms | cov=90/90
[INFO] [1787251666.792797718] [dclp_go2_policy_ros2]: ⏱ v=0.894 w=-0.559 dist=4.00 | total=6.2ms (tf=0.2 feat=0.4 infer=2.5 conv=2.3) | e2e_scan→cmd=39.6ms | cov=90/90
[INFO] [1787251667.193072490] [dclp_go2_policy_ros2]: ⏱ v=0.894 w=-0.519 dist=4.00 | total=6.4ms (tf=0.2 feat=0.4 infer=2.6 conv=2.4) | e2e_scan→cmd=39.8ms | cov=90/90
[INFO] [1787251667.593019066] [dclp_go2_policy_ros2]: ⏱ v=0.895 w=-0.510 dist=4.00 | total=6.3ms (tf=0.1 feat=0.3 infer=2.6 conv=2.3) | e2e_scan→cmd=39.8ms | cov=90/90
[INFO] [1787251667.992808102] [dclp_go2_policy_ros2]: ⏱ v=0.895 w=-0.491 dist=4.00 | total=6.2ms (tf=0.2 feat=0.4 infer=2.5 conv=2.3) | e2e_scan→cmd=39.5ms | cov=90/90
[INFO] [1787251668.392849218] [dclp_go2_policy_ros2]: ⏱ v=0.894 w=-0.487 dist=4.00 | total=6.2ms (tf=0.2 feat=0.3 infer=2.5 conv=2.3) | e2e_scan→cmd=39.6ms | cov=90/90
[INFO] [1787251668.792310895] [dclp_go2_policy_ros2]: ⏱ v=0.895 w=-0.524 dist=4.00 | total=5.8ms (tf=0.1 feat=0.3 infer=2.5 conv=2.1) | e2e_scan→cmd=39.2ms | cov=90/90
[INFO] [1787251669.192507380] [dclp_go2_policy_ros2]: ⏱ v=0.895 w=-0.513 dist=4.00 | total=6.0ms (tf=0.1 feat=0.3 infer=2.5 conv=2.2) | e2e_scan→cmd=39.3ms | cov=90/90
[INFO] [1787251669.592525306] [dclp_go2_policy_ros2]: ⏱ v=0.895 w=-0.501 dist=4.00 | total=5.9ms (tf=0.1 feat=0.3 infer=2.5 conv=2.1) | e2e_scan→cmd=39.3ms | cov=90/90
[INFO] [1787251669.993476185] [dclp_go2_policy_ros2]: ⏱ v=0.895 w=-0.513 dist=4.00 | total=6.7ms (tf=0.2 feat=0.4 infer=2.6 conv=2.5) | e2e_scan→cmd=40.1ms | cov=90/90
[INFO] [1787251670.393141470] [dclp_go2_policy_ros2]: ⏱ v=0.894 w=-0.506 dist=4.00 | total=6.4ms (tf=0.2 feat=0.4 infer=2.5 conv=2.4) | e2e_scan→cmd=40.0ms | cov=90/90
[INFO] [1787251670.793044555] [dclp_go2_policy_ros2]: ⏱ v=0.894 w=-0.511 dist=4.00 | total=5.9ms (tf=0.1 feat=0.3 infer=2.5 conv=2.1) | e2e_scan→cmd=39.8ms | cov=90/90
[INFO] [1787251671.193517803] [dclp_go2_policy_ros2]: ⏱ v=0.894 w=-0.551 dist=4.00 | total=6.6ms (tf=0.2 feat=0.3 infer=2.5 conv=2.2) | e2e_scan→cmd=40.2ms | cov=90/90
[INFO] [1787251671.592838225] [dclp_go2_policy_ros2]: ⏱ v=0.894 w=-0.504 dist=4.00 | total=5.9ms (tf=0.1 feat=0.3 infer=2.5 conv=2.1) | e2e_scan→cmd=39.6ms | cov=90/90
[INFO] [1787251671.992958221] [dclp_go2_policy_ros2]: ⏱ v=0.894 w=-0.567 dist=4.00 | total=6.3ms (tf=0.2 feat=0.4 infer=2.5 conv=2.3) | e2e_scan→cmd=39.7ms | cov=90/90
[INFO] [1787251672.393120627] [dclp_go2_policy_ros2]: ⏱ v=0.894 w=-0.545 dist=4.00 | total=6.2ms (tf=0.2 feat=0.4 infer=2.5 conv=2.3) | e2e_scan→cmd=40.0ms | cov=90/90
[INFO] [1787251672.792607207] [dclp_go2_policy_ros2]: ⏱ v=0.900 w=-0.668 dist=4.00 | total=5.9ms (tf=0.2 feat=0.3 infer=2.4 conv=2.2) | e2e_scan→cmd=39.3ms | cov=90/90
[INFO] [1787251673.192812116] [dclp_go2_policy_ros2]: ⏱ v=0.900 w=-0.679 dist=4.00 | total=5.9ms (tf=0.1 feat=0.3 infer=2.4 conv=2.2) | e2e_scan→cmd=39.6ms | cov=90/90
[INFO] [1787251673.592583225] [dclp_go2_policy_ros2]: ⏱ v=0.900 w=-0.614 dist=4.00 | total=5.9ms (tf=0.1 feat=0.3 infer=2.5 conv=2.1) | e2e_scan→cmd=39.3ms | cov=90/90
[INFO] [1787251673.992402976] [dclp_go2_policy_ros2]: ⏱ v=0.900 w=-0.611 dist=4.00 | total=5.9ms (tf=0.1 feat=0.3 infer=2.5 conv=2.2) | e2e_scan→cmd=39.1ms | cov=90/90
[INFO] [1787251674.392332915] [dclp_go2_policy_ros2]: ⏱ v=0.900 w=-0.603 dist=4.00 | total=5.8ms (tf=0.1 feat=0.3 infer=2.5 conv=2.1) | e2e_scan→cmd=39.3ms | cov=90/90
[INFO] [1787251674.792443852] [dclp_go2_policy_ros2]: ⏱ v=0.900 w=-0.654 dist=4.00 | total=5.9ms (tf=0.1 feat=0.3 infer=2.5 conv=2.2) | e2e_scan→cmd=39.1ms | cov=90/90
[INFO] [1787251675.192287554] [dclp_go2_policy_ros2]: ⏱ v=0.900 w=-0.669 dist=4.00 | total=5.7ms (tf=0.1 feat=0.3 infer=2.5 conv=2.1) | e2e_scan→cmd=39.0ms | cov=90/90
[INFO] [1787251675.592614890] [dclp_go2_policy_ros2]: ⏱ v=0.900 w=-0.614 dist=4.00 | total=6.0ms (tf=0.1 feat=0.3 infer=2.5 conv=2.2) | e2e_scan→cmd=39.3ms | cov=90/90
[INFO] [1787251675.992865712] [dclp_go2_policy_ros2]: ⏱ v=0.900 w=-0.619 dist=4.00 | total=5.8ms (tf=0.1 feat=0.3 infer=2.5 conv=2.1) | e2e_scan→cmd=39.6ms | cov=90/90
[INFO] [1787251676.393535530] [dclp_go2_policy_ros2]: ⏱ v=0.898 w=-0.506 dist=4.00 | total=6.5ms (tf=0.1 feat=0.3 infer=2.5 conv=2.2) | e2e_scan→cmd=40.2ms | cov=90/90
[INFO] [1787251676.792733981] [dclp_go2_policy_ros2]: ⏱ v=0.897 w=-0.615 dist=4.00 | total=5.7ms (tf=0.1 feat=0.3 infer=2.4 conv=2.1) | e2e_scan→cmd=39.6ms | cov=90/90
[INFO] [1787251677.192861422] [dclp_go2_policy_ros2]: ⏱ v=0.894 w=-0.547 dist=4.00 | total=5.8ms (tf=0.1 feat=0.3 infer=2.5 conv=2.1) | e2e_scan→cmd=39.6ms | cov=90/90
[INFO] [1787251677.592838591] [dclp_go2_policy_ros2]: ⏱ v=0.894 w=-0.506 dist=4.00 | total=5.9ms (tf=0.1 feat=0.3 infer=2.5 conv=2.1) | e2e_scan→cmd=39.7ms | cov=90/90
[INFO] [1787251677.992547658] [dclp_go2_policy_ros2]: ⏱ v=0.894 w=-0.511 dist=4.00 | total=5.8ms (tf=0.1 feat=0.3 infer=2.5 conv=2.1) | e2e_scan→cmd=39.3ms | cov=90/90
[INFO] [1787251678.392533509] [dclp_go2_policy_ros2]: ⏱ v=0.895 w=-0.501 dist=4.00 | total=5.6ms (tf=0.1 feat=0.3 infer=2.3 conv=2.1) | e2e_scan→cmd=39.3ms | cov=90/90
[INFO] [1787251678.792765415] [dclp_go2_policy_ros2]: ⏱ v=0.895 w=-0.492 dist=4.00 | total=5.7ms (tf=0.1 feat=0.3 infer=2.3 conv=2.1) | e2e_scan→cmd=39.7ms | cov=90/90
[INFO] [1787251679.192508320] [dclp_go2_policy_ros2]: ⏱ v=0.895 w=-0.521 dist=4.00 | total=5.7ms (tf=0.1 feat=0.3 infer=2.3 conv=2.2) | e2e_scan→cmd=39.4ms | cov=90/90
[INFO] [1787251679.592253055] [dclp_go2_policy_ros2]: ⏱ v=0.895 w=-0.490 dist=4.00 | total=5.5ms (tf=0.1 feat=0.3 infer=2.3 conv=2.1) | e2e_scan→cmd=39.2ms | cov=90/90
[INFO] [1787251679.992399656] [dclp_go2_policy_ros2]: ⏱ v=0.895 w=-0.508 dist=4.00 | total=5.8ms (tf=0.2 feat=0.3 infer=2.3 conv=2.2) | e2e_scan→cmd=39.3ms | cov=90/90
[INFO] [1787251680.393339568] [dclp_go2_policy_ros2]: ⏱ v=0.895 w=-0.491 dist=4.00 | total=6.3ms (tf=0.2 feat=0.4 infer=2.4 conv=2.4) | e2e_scan→cmd=40.0ms | cov=90/90
[INFO] [1787251680.793807340] [dclp_go2_policy_ros2]: ⏱ v=0.894 w=-0.514 dist=4.00 | total=6.6ms (tf=0.1 feat=0.4 infer=2.5 conv=2.6) | e2e_scan→cmd=40.5ms | cov=90/90
[INFO] [1787251681.192594590] [dclp_go2_policy_ros2]: ⏱ v=0.894 w=-0.558 dist=4.00 | total=5.7ms (tf=0.1 feat=0.3 infer=2.3 conv=2.2) | e2e_scan→cmd=39.5ms | cov=90/90
[INFO] [1787251681.592932256] [dclp_go2_policy_ros2]: ⏱ v=0.894 w=-0.507 dist=4.00 | total=6.4ms (tf=0.1 feat=0.3 infer=2.3 conv=2.3) | e2e_scan→cmd=39.8ms | cov=90/90
[INFO] [1787251681.993051739] [dclp_go2_policy_ros2]: ⏱ v=0.894 w=-0.550 dist=4.00 | total=6.2ms (tf=0.2 feat=0.4 infer=2.4 conv=2.4) | e2e_scan→cmd=39.8ms | cov=90/90
[INFO] [1787251682.392784821] [dclp_go2_policy_ros2]: ⏱ v=0.893 w=-0.541 dist=4.00 | total=6.0ms (tf=0.2 feat=0.4 infer=2.3 conv=2.3) | e2e_scan→cmd=39.6ms | cov=90/90
[INFO] [1787251682.792262825] [dclp_go2_policy_ros2]: ⏱ v=0.900 w=-0.446 dist=4.00 | total=5.6ms (tf=0.1 feat=0.3 infer=2.2 conv=2.2) | e2e_scan→cmd=39.2ms | cov=90/90
[INFO] [1787251683.192462389] [dclp_go2_policy_ros2]: ⏱ v=0.900 w=-0.674 dist=4.00 | total=5.8ms (tf=0.1 feat=0.3 infer=2.3 conv=2.3) | e2e_scan→cmd=39.2ms | cov=90/90
[INFO] [1787251683.592558659] [dclp_go2_policy_ros2]: ⏱ v=0.900 w=-0.619 dist=4.00 | total=5.8ms (tf=0.1 feat=0.3 infer=2.3 conv=2.2) | e2e_scan→cmd=39.5ms | cov=90/90
[INFO] [1787251683.992870006] [dclp_go2_policy_ros2]: ⏱ v=0.900 w=-0.629 dist=4.00 | total=6.0ms (tf=0.1 feat=0.3 infer=2.3 conv=2.3) | e2e_scan→cmd=39.6ms | cov=90/90
[INFO] [1787251684.393438331] [dclp_go2_policy_ros2]: ⏱ v=0.900 w=-0.600 dist=4.00 | total=6.6ms (tf=0.2 feat=0.4 infer=2.4 conv=2.6) | e2e_scan→cmd=40.2ms | cov=90/90
[INFO] [1787251684.792197645] [dclp_go2_policy_ros2]: ⏱ v=0.900 w=-0.600 dist=4.00 | total=5.6ms (tf=0.1 feat=0.3 infer=2.3 conv=2.1) | e2e_scan→cmd=39.0ms | cov=90/90
[INFO] [1787251685.192396364] [dclp_go2_policy_ros2]: ⏱ v=0.900 w=-0.643 dist=4.00 | total=5.8ms (tf=0.1 feat=0.3 infer=2.3 conv=2.3) | e2e_scan→cmd=39.1ms | cov=90/90
[INFO] [1787251685.592132803] [dclp_go2_policy_ros2]: ⏱ v=0.900 w=-0.715 dist=4.00 | total=5.6ms (tf=0.1 feat=0.3 infer=2.3 conv=2.1) | e2e_scan→cmd=38.9ms | cov=90/90
[INFO] [1787251685.992265412] [dclp_go2_policy_ros2]: ⏱ v=0.900 w=-0.573 dist=4.00 | total=5.7ms (tf=0.1 feat=0.3 infer=2.3 conv=2.2) | e2e_scan→cmd=39.1ms | cov=90/90
[INFO] [1787251686.392199242] [dclp_go2_policy_ros2]: ⏱ v=0.900 w=-0.388 dist=4.00 | total=5.6ms (tf=0.1 feat=0.3 infer=2.3 conv=2.1) | e2e_scan→cmd=39.0ms | cov=90/90
[INFO] [1787251686.792619133] [dclp_go2_policy_ros2]: ⏱ v=0.894 w=-0.551 dist=4.00 | total=6.0ms (tf=0.1 feat=0.3 infer=2.3 conv=2.1) | e2e_scan→cmd=39.5ms | cov=90/90
[INFO] [1787251687.192179037] [dclp_go2_policy_ros2]: ⏱ v=0.894 w=-0.503 dist=4.00 | total=5.6ms (tf=0.1 feat=0.3 infer=2.3 conv=2.1) | e2e_scan→cmd=39.1ms | cov=90/90
[INFO] [1787251687.592336690] [dclp_go2_policy_ros2]: ⏱ v=0.895 w=-0.500 dist=4.00 | total=5.7ms (tf=0.1 feat=0.3 infer=2.3 conv=2.2) | e2e_scan→cmd=39.0ms | cov=90/90
[INFO] [1787251687.992133277] [dclp_go2_policy_ros2]: ⏱ v=0.894 w=-0.509 dist=4.00 | total=5.5ms (tf=0.1 feat=0.3 infer=2.3 conv=2.0) | e2e_scan→cmd=39.0ms | cov=90/90
[INFO] [1787251688.392158808] [dclp_go2_policy_ros2]: ⏱ v=0.895 w=-0.491 dist=4.00 | total=5.6ms (tf=0.1 feat=0.3 infer=2.3 conv=2.1) | e2e_scan→cmd=39.1ms | cov=90/90
[INFO] [1787251688.792289110] [dclp_go2_policy_ros2]: ⏱ v=0.895 w=-0.499 dist=4.00 | total=5.7ms (tf=0.1 feat=0.3 infer=2.3 conv=2.2) | e2e_scan→cmd=39.2ms | cov=90/90
[INFO] [1787251689.192898406] [dclp_go2_policy_ros2]: ⏱ v=0.897 w=-0.554 dist=4.00 | total=6.1ms (tf=0.1 feat=0.3 infer=2.4 conv=2.4) | e2e_scan→cmd=39.7ms | cov=90/90
[INFO] [1787251689.593811043] [dclp_go2_policy_ros2]: ⏱ v=0.900 w=-0.494 dist=4.00 | total=6.8ms (tf=0.2 feat=0.4 infer=2.4 conv=2.5) | e2e_scan→cmd=40.5ms | cov=90/90
[INFO] [1787251689.992248603] [dclp_go2_policy_ros2]: ⏱ v=0.895 w=-0.541 dist=4.00 | total=5.7ms (tf=0.1 feat=0.3 infer=2.3 conv=2.2) | e2e_scan→cmd=39.0ms | cov=90/90
[INFO] [1787251690.392548976] [dclp_go2_policy_ros2]: ⏱ v=0.894 w=-0.496 dist=4.00 | total=5.9ms (tf=0.1 feat=0.3 infer=2.3 conv=2.3) | e2e_scan→cmd=39.4ms | cov=90/90
[INFO] [1787251690.792328887] [dclp_go2_policy_ros2]: ⏱ v=0.894 w=-0.504 dist=4.00 | total=5.7ms (tf=0.1 feat=0.3 infer=2.3 conv=2.2) | e2e_scan→cmd=39.2ms | cov=90/90
[INFO] [1787251691.192215621] [dclp_go2_policy_ros2]: ⏱ v=0.895 w=-0.549 dist=4.00 | total=5.6ms (tf=0.1 feat=0.3 infer=2.3 conv=2.1) | e2e_scan→cmd=39.2ms | cov=90/90
[INFO] [1787251691.592861581] [dclp_go2_policy_ros2]: ⏱ v=0.894 w=-0.506 dist=4.00 | total=6.2ms (tf=0.2 feat=0.4 infer=2.4 conv=2.4) | e2e_scan→cmd=39.7ms | cov=90/90
[INFO] [1787251691.993757469] [dclp_go2_policy_ros2]: ⏱ v=0.895 w=-0.498 dist=4.00 | total=7.1ms (tf=0.2 feat=0.4 infer=2.5 conv=2.6) | e2e_scan→cmd=40.6ms | cov=90/90
[INFO] [1787251692.392521626] [dclp_go2_policy_ros2]: ⏱ v=0.894 w=-0.522 dist=4.00 | total=5.8ms (tf=0.1 feat=0.3 infer=2.4 conv=2.2) | e2e_scan→cmd=39.4ms | cov=90/90
[INFO] [1787251692.792454519] [dclp_go2_policy_ros2]: ⏱ v=0.900 w=-0.581 dist=4.00 | total=5.7ms (tf=0.1 feat=0.3 infer=2.2 conv=2.1) | e2e_scan→cmd=39.4ms | cov=90/90
[INFO] [1787251693.192565694] [dclp_go2_policy_ros2]: ⏱ v=0.900 w=-0.619 dist=4.00 | total=5.7ms (tf=0.1 feat=0.3 infer=2.2 conv=2.2) | e2e_scan→cmd=39.4ms | cov=90/90
[INFO] [1787251693.592247966] [dclp_go2_policy_ros2]: ⏱ v=0.900 w=-0.629 dist=4.00 | total=5.6ms (tf=0.1 feat=0.3 infer=2.3 conv=2.2) | e2e_scan→cmd=39.2ms | cov=90/90
[INFO] [1787251693.992051970] [dclp_go2_policy_ros2]: ⏱ v=0.900 w=-0.616 dist=4.00 | total=5.5ms (tf=0.1 feat=0.3 infer=2.2 conv=2.0) | e2e_scan→cmd=38.9ms | cov=90/90
[INFO] [1787251694.392957805] [dclp_go2_policy_ros2]: ⏱ v=0.900 w=-0.600 dist=4.00 | total=6.2ms (tf=0.2 feat=0.3 infer=2.4 conv=2.4) | e2e_scan→cmd=39.7ms | cov=90/90
[INFO] [1787251694.792745945] [dclp_go2_policy_ros2]: ⏱ v=0.900 w=-0.617 dist=4.00 | total=6.1ms (tf=0.2 feat=0.3 infer=2.3 conv=2.4) | e2e_scan→cmd=39.6ms | cov=90/90
[INFO] [1787251695.192244610] [dclp_go2_policy_ros2]: ⏱ v=0.900 w=-0.684 dist=4.00 | total=5.6ms (tf=0.1 feat=0.3 infer=2.3 conv=2.1) | e2e_scan→cmd=39.2ms | cov=90/90
[INFO] [1787251695.592221020] [dclp_go2_policy_ros2]: ⏱ v=0.900 w=-0.616 dist=4.00 | total=5.6ms (tf=0.1 feat=0.3 infer=2.3 conv=2.1) | e2e_scan→cmd=38.9ms | cov=90/90
[INFO] [1787251695.992086836] [dclp_go2_policy_ros2]: ⏱ v=0.900 w=-0.618 dist=4.00 | total=5.5ms (tf=0.1 feat=0.3 infer=2.2 conv=2.0) | e2e_scan→cmd=39.0ms | cov=90/90
[INFO] [1787251696.392103353] [dclp_go2_policy_ros2]: ⏱ v=0.899 w=-0.617 dist=4.00 | total=5.5ms (tf=0.1 feat=0.3 infer=2.2 conv=2.1) | e2e_scan→cmd=38.9ms | cov=90/90
[INFO] [1787251696.792397958] [dclp_go2_policy_ros2]: ⏱ v=0.894 w=-0.557 dist=4.00 | total=5.7ms (tf=0.1 feat=0.3 infer=2.3 conv=2.1) | e2e_scan→cmd=39.3ms | cov=90/90
[INFO] [1787251697.192451312] [dclp_go2_policy_ros2]: ⏱ v=0.895 w=-0.490 dist=4.00 | total=5.9ms (tf=0.1 feat=0.3 infer=2.2 conv=2.0) | e2e_scan→cmd=39.3ms | cov=90/90
[INFO] [1787251697.592544480] [dclp_go2_policy_ros2]: ⏱ v=0.894 w=-0.493 dist=4.00 | total=5.8ms (tf=0.1 feat=0.3 infer=2.3 conv=2.2) | e2e_scan→cmd=39.4ms | cov=90/90
[INFO] [1787251697.992200485] [dclp_go2_policy_ros2]: ⏱ v=0.894 w=-0.514 dist=4.00 | total=5.6ms (tf=0.1 feat=0.3 infer=2.2 conv=2.2) | e2e_scan→cmd=39.1ms | cov=90/90
[INFO] [1787251698.392283198] [dclp_go2_policy_ros2]: ⏱ v=0.894 w=-0.497 dist=4.00 | total=5.7ms (tf=0.1 feat=0.3 infer=2.2 conv=2.2) | e2e_scan→cmd=39.2ms | cov=90/90
[INFO] [1787251698.793980356] [dclp_go2_policy_ros2]: ⏱ v=0.895 w=-0.493 dist=4.00 | total=7.2ms (tf=0.2 feat=0.9 infer=2.5 conv=2.8) | e2e_scan→cmd=40.8ms | cov=90/90
[INFO] [1787251699.192507478] [dclp_go2_policy_ros2]: ⏱ v=0.898 w=-0.580 dist=4.00 | total=5.9ms (tf=0.2 feat=0.4 infer=2.2 conv=2.3) | e2e_scan→cmd=39.4ms | cov=90/90
[INFO] [1787251699.593150952] [dclp_go2_policy_ros2]: ⏱ v=0.898 w=-0.605 dist=4.00 | total=5.9ms (tf=0.1 feat=0.3 infer=2.2 conv=2.3) | e2e_scan→cmd=40.0ms | cov=90/90
[INFO] [1787251699.993620982] [dclp_go2_policy_ros2]: ⏱ v=0.895 w=-0.498 dist=4.00 | total=6.1ms (tf=0.2 feat=0.4 infer=2.3 conv=2.4) | e2e_scan→cmd=40.5ms | cov=90/90
[INFO] [1787251700.393696353] [dclp_go2_policy_ros2]: ⏱ v=0.895 w=-0.498 dist=4.00 | total=6.5ms (tf=0.2 feat=0.4 infer=2.4 conv=2.5) | e2e_scan→cmd=39.2ms | cov=90/90
[INFO] [1787251700.794062804] [dclp_go2_policy_ros2]: ⏱ v=0.894 w=-0.488 dist=4.00 | total=6.7ms (tf=0.2 feat=0.4 infer=2.5 conv=2.6) | e2e_scan→cmd=40.9ms | cov=90/90
[INFO] [1787251701.194859224] [dclp_go2_policy_ros2]: ⏱ v=0.894 w=-0.504 dist=4.00 | total=7.4ms (tf=0.2 feat=0.4 infer=2.4 conv=2.6) | e2e_scan→cmd=41.7ms | cov=90/90
[INFO] [1787251701.595568799] [dclp_go2_policy_ros2]: ⏱ v=0.894 w=-0.517 dist=4.00 | total=8.3ms (tf=0.2 feat=0.5 infer=2.7 conv=3.4) | e2e_scan→cmd=42.1ms | cov=90/90
[INFO] [1787251701.993593466] [dclp_go2_policy_ros2]: ⏱ v=0.894 w=-0.502 dist=4.00 | total=6.4ms (tf=0.2 feat=0.4 infer=2.4 conv=2.4) | e2e_scan→cmd=40.4ms | cov=90/90
[INFO] [1787251702.394060834] [dclp_go2_policy_ros2]: ⏱ v=0.895 w=-0.510 dist=4.00 | total=7.2ms (tf=0.2 feat=0.4 infer=2.4 conv=2.5) | e2e_scan→cmd=40.8ms | cov=90/90
[INFO] [1787251702.792945823] [dclp_go2_policy_ros2]: ⏱ v=0.898 w=-0.588 dist=4.00 | total=5.9ms (tf=0.2 feat=0.3 infer=2.3 conv=2.2) | e2e_scan→cmd=39.8ms | cov=90/90
[INFO] [1787251703.193800406] [dclp_go2_policy_ros2]: ⏱ v=0.900 w=-0.367 dist=4.00 | total=6.7ms (tf=0.2 feat=0.4 infer=2.4 conv=2.6) | e2e_scan→cmd=40.5ms | cov=90/90
[INFO] [1787251703.593584789] [dclp_go2_policy_ros2]: ⏱ v=0.900 w=-0.621 dist=4.00 | total=6.2ms (tf=0.2 feat=0.3 infer=2.4 conv=2.3) | e2e_scan→cmd=40.3ms | cov=90/90
[INFO] [1787251703.993235696] [dclp_go2_policy_ros2]: ⏱ v=0.900 w=-0.618 dist=4.00 | total=6.0ms (tf=0.2 feat=0.3 infer=2.3 conv=2.3) | e2e_scan→cmd=40.1ms | cov=90/90
[INFO] [1787251704.393239485] [dclp_go2_policy_ros2]: ⏱ v=0.900 w=-0.614 dist=4.00 | total=6.3ms (tf=0.2 feat=0.3 infer=2.4 conv=2.4) | e2e_scan→cmd=40.0ms | cov=90/90
[INFO] [1787251704.793237131] [dclp_go2_policy_ros2]: ⏱ v=0.900 w=-0.625 dist=4.00 | total=6.1ms (tf=0.1 feat=0.3 infer=2.4 conv=2.4) | e2e_scan→cmd=40.0ms | cov=90/90
[INFO] [1787251705.193600871] [dclp_go2_policy_ros2]: ⏱ v=0.900 w=-0.695 dist=4.00 | total=6.3ms (tf=0.2 feat=0.3 infer=2.4 conv=2.5) | e2e_scan→cmd=40.3ms | cov=90/90
[INFO] [1787251705.593186003] [dclp_go2_policy_ros2]: ⏱ v=0.900 w=-0.713 dist=4.00 | total=6.2ms (tf=0.2 feat=0.3 infer=2.3 conv=2.5) | e2e_scan→cmd=40.0ms | cov=90/90
[INFO] [1787251705.993956319] [dclp_go2_policy_ros2]: ⏱ v=0.900 w=-0.690 dist=4.00 | total=6.4ms (tf=0.2 feat=0.3 infer=2.4 conv=2.6) | e2e_scan→cmd=40.7ms | cov=90/90
[INFO] [1787251706.392506998] [dclp_go2_policy_ros2]: ⏱ v=0.899 w=-0.610 dist=4.00 | total=6.0ms (tf=0.1 feat=0.3 infer=2.3 conv=2.3) | e2e_scan→cmd=39.3ms | cov=90/90
[INFO] [1787251706.793022660] [dclp_go2_policy_ros2]: ⏱ v=0.894 w=-0.522 dist=4.00 | total=6.2ms (tf=0.1 feat=0.4 infer=2.3 conv=2.5) | e2e_scan→cmd=39.8ms | cov=90/90
[WARN] [1787251707.026954829] [dclp_go2_policy_ros2]: DCLP stop: scan stamp stale 0.113s
[INFO] [1787251707.393228419] [dclp_go2_policy_ros2]: ⏱ v=0.838 w=-0.518 dist=4.00 | total=6.2ms (tf=0.2 feat=0.4 infer=2.4 conv=2.4) | e2e_scan→cmd=40.1ms | cov=90/90
[INFO] [1787251707.873741858] [dclp_go2_policy_ros2]: ⏱ v=0.239 w=-0.239 dist=4.00 | total=6.4ms (tf=0.2 feat=0.4 infer=2.3 conv=2.7) | e2e_scan→cmd=40.4ms | cov=90/90
[INFO] [1787251708.474887978] [dclp_go2_policy_ros2]: ⏱ v=0.599 w=-0.560 dist=4.00 | total=7.3ms (tf=0.2 feat=0.5 infer=2.6 conv=2.8) | e2e_scan→cmd=61.4ms | cov=90/90
[INFO] [1787251708.873752988] [dclp_go2_policy_ros2]: ⏱ v=0.895 w=-0.489 dist=4.00 | total=6.6ms (tf=0.2 feat=0.4 infer=2.3 conv=2.7) | e2e_scan→cmd=40.1ms | cov=90/90
[INFO] [1787251709.273400714] [dclp_go2_policy_ros2]: ⏱ v=0.900 w=-0.725 dist=4.00 | total=6.2ms (tf=0.2 feat=0.4 infer=2.3 conv=2.4) | e2e_scan→cmd=40.2ms | cov=90/90
[INFO] [1787251709.673100637] [dclp_go2_policy_ros2]: ⏱ v=0.894 w=-0.569 dist=4.00 | total=6.3ms (tf=0.2 feat=0.4 infer=2.4 conv=2.5) | e2e_scan→cmd=40.6ms | cov=90/90
[INFO] [1787251710.113585005] [dclp_go2_policy_ros2]: ⏱ v=0.895 w=-0.495 dist=4.00 | total=6.7ms (tf=0.2 feat=0.4 infer=2.4 conv=2.7) | e2e_scan→cmd=40.2ms | cov=90/90
[INFO] [1787251710.513671188] [dclp_go2_policy_ros2]: ⏱ v=0.895 w=-0.497 dist=4.00 | total=6.7ms (tf=0.2 feat=0.4 infer=2.4 conv=2.6) | e2e_scan→cmd=41.2ms | cov=90/90
[INFO] [1787251710.913241067] [dclp_go2_policy_ros2]: ⏱ v=0.895 w=-0.565 dist=4.00 | total=6.2ms (tf=0.2 feat=0.4 infer=2.3 conv=2.4) | e2e_scan→cmd=40.2ms | cov=90/90
[INFO] [1787251711.313042097] [dclp_go2_policy_ros2]: ⏱ v=0.896 w=-0.552 dist=4.00 | total=6.2ms (tf=0.2 feat=0.4 infer=2.3 conv=2.4) | e2e_scan→cmd=39.9ms | cov=90/90
[INFO] [1787251711.713033789] [dclp_go2_policy_ros2]: ⏱ v=0.900 w=-0.501 dist=4.00 | total=6.2ms (tf=0.2 feat=0.4 infer=2.3 conv=2.3) | e2e_scan→cmd=39.8ms | cov=90/90
[INFO] [1787251712.116036353] [dclp_go2_policy_ros2]: ⏱ v=0.895 w=-0.505 dist=4.00 | total=8.8ms (tf=0.2 feat=1.2 infer=3.2 conv=3.0) | e2e_scan→cmd=42.7ms | cov=90/90
[INFO] [1787251712.512821788] [dclp_go2_policy_ros2]: ⏱ v=0.895 w=-0.507 dist=4.00 | total=6.2ms (tf=0.2 feat=0.4 infer=2.4 conv=2.4) | e2e_scan→cmd=39.6ms | cov=90/90
[INFO] [1787251712.913241502] [dclp_go2_policy_ros2]: ⏱ v=0.894 w=-0.508 dist=4.00 | total=6.6ms (tf=0.2 feat=0.4 infer=2.3 conv=2.4) | e2e_scan→cmd=40.1ms | cov=90/90
[INFO] [1787251713.312895505] [dclp_go2_policy_ros2]: ⏱ v=0.894 w=-0.571 dist=4.00 | total=6.2ms (tf=0.2 feat=0.4 infer=2.4 conv=2.4) | e2e_scan→cmd=39.7ms | cov=90/90
[INFO] [1787251713.713200952] [dclp_go2_policy_ros2]: ⏱ v=0.894 w=-0.495 dist=4.00 | total=6.3ms (tf=0.2 feat=0.4 infer=2.4 conv=2.5) | e2e_scan→cmd=40.0ms | cov=90/90
[INFO] [1787251714.114282264] [dclp_go2_policy_ros2]: ⏱ v=0.894 w=-0.506 dist=4.00 | total=6.9ms (tf=0.2 feat=0.4 infer=2.5 conv=2.8) | e2e_scan→cmd=41.1ms | cov=90/90
[INFO] [1787251714.512595375] [dclp_go2_policy_ros2]: ⏱ v=0.894 w=-0.535 dist=4.00 | total=6.0ms (tf=0.2 feat=0.4 infer=2.3 conv=2.3) | e2e_scan→cmd=39.5ms | cov=90/90
[INFO] [1787251714.913589395] [dclp_go2_policy_ros2]: ⏱ v=0.894 w=-0.495 dist=4.00 | total=6.5ms (tf=0.2 feat=0.4 infer=2.4 conv=2.6) | e2e_scan→cmd=40.3ms | cov=90/90
[INFO] [1787251715.313569761] [dclp_go2_policy_ros2]: ⏱ v=0.900 w=-0.619 dist=4.00 | total=6.8ms (tf=0.2 feat=0.3 infer=2.4 conv=2.8) | e2e_scan→cmd=40.5ms | cov=90/90
[INFO] [1787251715.713328843] [dclp_go2_policy_ros2]: ⏱ v=0.900 w=-0.619 dist=4.00 | total=6.4ms (tf=0.2 feat=0.3 infer=2.4 conv=2.5) | e2e_scan→cmd=40.1ms | cov=90/90
[INFO] [1787251716.112841712] [dclp_go2_policy_ros2]: ⏱ v=0.900 w=-0.618 dist=4.00 | total=6.2ms (tf=0.2 feat=0.3 infer=2.4 conv=2.4) | e2e_scan→cmd=39.6ms | cov=90/90
[INFO] [1787251716.512765703] [dclp_go2_policy_ros2]: ⏱ v=0.900 w=-0.607 dist=4.00 | total=6.1ms (tf=0.2 feat=0.3 infer=2.2 conv=2.5) | e2e_scan→cmd=39.5ms | cov=90/90
[INFO] [1787251716.916293764] [dclp_go2_policy_ros2]: ⏱ v=0.900 w=-0.620 dist=4.00 | total=9.3ms (tf=0.3 feat=0.4 infer=2.6 conv=2.9) | e2e_scan→cmd=42.9ms | cov=90/90
[INFO] [1787251717.312738848] [dclp_go2_policy_ros2]: ⏱ v=0.900 w=-0.715 dist=4.00 | total=6.1ms (tf=0.2 feat=0.4 infer=2.3 conv=2.4) | e2e_scan→cmd=39.7ms | cov=90/90
[INFO] [1787251717.712954632] [dclp_go2_policy_ros2]: ⏱ v=0.900 w=-0.702 dist=4.00 | total=6.3ms (tf=0.2 feat=0.3 infer=2.4 conv=2.5) | e2e_scan→cmd=39.7ms | cov=90/90
[INFO] [1787251718.113182323] [dclp_go2_policy_ros2]: ⏱ v=0.900 w=-0.625 dist=4.00 | total=6.5ms (tf=0.2 feat=0.3 infer=2.3 conv=2.4) | e2e_scan→cmd=40.0ms | cov=90/90
[INFO] [1787251718.512936375] [dclp_go2_policy_ros2]: ⏱ v=0.898 w=-0.557 dist=4.00 | total=6.3ms (tf=0.2 feat=0.4 infer=2.3 conv=2.5) | e2e_scan→cmd=39.9ms | cov=90/90
[INFO] [1787251718.913027749] [dclp_go2_policy_ros2]: ⏱ v=0.894 w=-0.526 dist=4.00 | total=6.4ms (tf=0.2 feat=0.4 infer=2.3 conv=2.5) | e2e_scan→cmd=39.9ms | cov=90/90
[INFO] [1787251719.313299326] [dclp_go2_policy_ros2]: ⏱ v=0.893 w=-0.551 dist=4.00 | total=6.6ms (tf=0.2 feat=0.4 infer=2.4 conv=2.5) | e2e_scan→cmd=40.1ms | cov=90/90
[INFO] [1787251719.712972201] [dclp_go2_policy_ros2]: ⏱ v=0.894 w=-0.504 dist=4.00 | total=6.2ms (tf=0.2 feat=0.4 infer=2.3 conv=2.3) | e2e_scan→cmd=39.9ms | cov=90/90
[WARN] [1787251721.363192238] [dclp_go2_policy_ros2]: DCLP policy loop slow: 1295.1 ms total (infer=14.1 feat=18.2 scan_tf=4.3)
[WARN] [1787251721.366992474] [dclp_go2_policy_ros2]: DCLP stop: scan timeout
[INFO] [1787251721.796823087] [dclp_go2_policy_ros2]: ⏱ v=0.238 w=-0.238 dist=4.00 | total=6.8ms (tf=0.2 feat=0.4 infer=2.5 conv=2.6) | e2e_scan→cmd=40.4ms | cov=90/90
[INFO] [1787251722.194418677] [dclp_go2_policy_ros2]: ⏱ v=0.895 w=-0.504 dist=4.00 | total=6.2ms (tf=0.2 feat=0.4 infer=2.4 conv=2.4) | e2e_scan→cmd=38.9ms | cov=90/90
[INFO] [1787251722.592360424] [dclp_go2_policy_ros2]: ⏱ v=0.898 w=-0.573 dist=4.00 | total=5.8ms (tf=0.1 feat=0.3 infer=2.3 conv=2.2) | e2e_scan→cmd=39.3ms | cov=90/90
[INFO] [1787251722.992371287] [dclp_go2_policy_ros2]: ⏱ v=0.900 w=-0.432 dist=4.00 | total=5.8ms (tf=0.1 feat=0.3 infer=2.2 conv=2.2) | e2e_scan→cmd=39.3ms | cov=90/90
[INFO] [1787251723.394061438] [dclp_go2_policy_ros2]: ⏱ v=0.900 w=-0.610 dist=4.00 | total=7.3ms (tf=0.2 feat=0.4 infer=2.9 conv=2.7) | e2e_scan→cmd=40.9ms | cov=90/90
[INFO] [1787251723.798374703] [dclp_go2_policy_ros2]: ⏱ v=0.900 w=-0.598 dist=4.00 | total=11.3ms (tf=0.2 feat=0.4 infer=2.4 conv=6.8) | e2e_scan→cmd=44.8ms | cov=90/90
[INFO] [1787251724.192093272] [dclp_go2_policy_ros2]: ⏱ v=0.900 w=-0.619 dist=4.00 | total=5.5ms (tf=0.1 feat=0.3 infer=2.2 conv=2.1) | e2e_scan→cmd=39.1ms | cov=90/90
[INFO] [1787251724.593923083] [dclp_go2_policy_ros2]: ⏱ v=0.900 w=-0.622 dist=4.00 | total=7.2ms (tf=0.2 feat=0.3 infer=2.8 conv=2.8) | e2e_scan→cmd=40.8ms | cov=90/90
[INFO] [1787251724.992346494] [dclp_go2_policy_ros2]: ⏱ v=0.900 w=-0.624 dist=4.00 | total=5.7ms (tf=0.1 feat=0.3 infer=2.2 conv=2.2) | e2e_scan→cmd=39.3ms | cov=90/90
[INFO] [1787251725.395653444] [dclp_go2_policy_ros2]: ⏱ v=0.900 w=-0.728 dist=4.00 | total=7.7ms (tf=0.2 feat=0.4 infer=2.7 conv=2.8) | e2e_scan→cmd=42.5ms | cov=90/90
[INFO] [1787251725.792178986] [dclp_go2_policy_ros2]: ⏱ v=0.900 w=-0.614 dist=4.00 | total=5.5ms (tf=0.1 feat=0.3 infer=2.2 conv=2.1) | e2e_scan→cmd=39.1ms | cov=90/90
[INFO] [1787251726.192823337] [dclp_go2_policy_ros2]: ⏱ v=0.900 w=-0.638 dist=4.00 | total=6.2ms (tf=0.1 feat=0.4 infer=2.4 conv=2.4) | e2e_scan→cmd=39.6ms | cov=90/90
[INFO] [1787251726.592364173] [dclp_go2_policy_ros2]: ⏱ v=0.893 w=-0.545 dist=4.00 | total=5.7ms (tf=0.1 feat=0.3 infer=2.3 conv=2.2) | e2e_scan→cmd=39.3ms | cov=90/90
[INFO] [1787251726.992183257] [dclp_go2_policy_ros2]: ⏱ v=0.893 w=-0.558 dist=4.00 | total=5.6ms (tf=0.1 feat=0.3 infer=2.3 conv=2.1) | e2e_scan→cmd=39.0ms | cov=90/90
[INFO] [1787251727.392238708] [dclp_go2_policy_ros2]: ⏱ v=0.894 w=-0.569 dist=4.00 | total=5.7ms (tf=0.1 feat=0.3 infer=2.3 conv=2.1) | e2e_scan→cmd=39.2ms | cov=90/90
[INFO] [1787251727.792700411] [dclp_go2_policy_ros2]: ⏱ v=0.895 w=-0.499 dist=4.00 | total=6.0ms (tf=0.1 feat=0.4 infer=2.4 conv=2.3) | e2e_scan→cmd=39.5ms | cov=90/90
[INFO] [1787251728.191978852] [dclp_go2_policy_ros2]: ⏱ v=0.894 w=-0.501 dist=4.00 | total=5.5ms (tf=0.1 feat=0.3 infer=2.2 conv=2.1) | e2e_scan→cmd=39.1ms | cov=90/90
[INFO] [1787251728.591984934] [dclp_go2_policy_ros2]: ⏱ v=0.894 w=-0.488 dist=4.00 | total=5.5ms (tf=0.1 feat=0.3 infer=2.2 conv=2.1) | e2e_scan→cmd=39.3ms | cov=90/90
[INFO] [1787251728.992777887] [dclp_go2_policy_ros2]: ⏱ v=0.895 w=-0.604 dist=4.00 | total=5.6ms (tf=0.1 feat=0.3 infer=2.2 conv=2.1) | e2e_scan→cmd=39.9ms | cov=90/90
[INFO] [1787251729.392767434] [dclp_go2_policy_ros2]: ⏱ v=0.898 w=-0.585 dist=4.00 | total=5.6ms (tf=0.1 feat=0.3 infer=2.2 conv=2.1) | e2e_scan→cmd=39.1ms | cov=90/90
[INFO] [1787251729.792973403] [dclp_go2_policy_ros2]: ⏱ v=0.900 w=-0.496 dist=4.00 | total=5.7ms (tf=0.1 feat=0.3 infer=2.2 conv=2.2) | e2e_scan→cmd=39.7ms | cov=90/90
[INFO] [1787251730.192438587] [dclp_go2_policy_ros2]: ⏱ v=0.895 w=-0.499 dist=4.00 | total=5.6ms (tf=0.1 feat=0.3 infer=2.2 conv=2.2) | e2e_scan→cmd=39.3ms | cov=90/90
[INFO] [1787251730.593795797] [dclp_go2_policy_ros2]: ⏱ v=0.895 w=-0.504 dist=4.00 | total=7.1ms (tf=0.2 feat=0.4 infer=2.4 conv=2.6) | e2e_scan→cmd=40.8ms | cov=90/90
[INFO] [1787251730.993215384] [dclp_go2_policy_ros2]: ⏱ v=0.894 w=-0.497 dist=4.00 | total=6.1ms (tf=0.2 feat=0.4 infer=2.3 conv=2.4) | e2e_scan→cmd=40.1ms | cov=90/90
[INFO] [1787251731.392778696] [dclp_go2_policy_ros2]: ⏱ v=0.894 w=-0.541 dist=4.00 | total=5.9ms (tf=0.1 feat=0.4 infer=2.3 conv=2.3) | e2e_scan→cmd=39.8ms | cov=90/90
[INFO] [1787251731.796669300] [dclp_go2_policy_ros2]: ⏱ v=0.894 w=-0.492 dist=4.00 | total=9.7ms (tf=0.1 feat=0.3 infer=2.4 conv=5.9) | e2e_scan→cmd=43.5ms | cov=90/90
[INFO] [1787251732.192862855] [dclp_go2_policy_ros2]: ⏱ v=0.894 w=-0.519 dist=4.00 | total=5.9ms (tf=0.1 feat=0.3 infer=2.3 conv=2.2) | e2e_scan→cmd=39.9ms | cov=90/90
[INFO] [1787251732.592279195] [dclp_go2_policy_ros2]: ⏱ v=0.894 w=-0.551 dist=4.00 | total=5.7ms (tf=0.1 feat=0.3 infer=2.2 conv=2.2) | e2e_scan→cmd=39.2ms | cov=90/90
[INFO] [1787251732.992181149] [dclp_go2_policy_ros2]: ⏱ v=0.895 w=-0.521 dist=4.00 | total=5.6ms (tf=0.1 feat=0.3 infer=2.2 conv=2.1) | e2e_scan→cmd=39.2ms | cov=90/90
[INFO] [1787251733.392627383] [dclp_go2_policy_ros2]: ⏱ v=0.900 w=-0.633 dist=4.00 | total=5.9ms (tf=0.2 feat=0.3 infer=2.3 conv=2.3) | e2e_scan→cmd=39.5ms | cov=90/90
[INFO] [1787251733.792523970] [dclp_go2_policy_ros2]: ⏱ v=0.900 w=-0.627 dist=4.00 | total=5.8ms (tf=0.1 feat=0.3 infer=2.3 conv=2.3) | e2e_scan→cmd=39.4ms | cov=90/90
[INFO] [1787251734.192106759] [dclp_go2_policy_ros2]: ⏱ v=0.900 w=-0.615 dist=4.00 | total=5.5ms (tf=0.1 feat=0.3 infer=2.2 conv=2.1) | e2e_scan→cmd=39.0ms | cov=90/90
[INFO] [1787251734.592203232] [dclp_go2_policy_ros2]: ⏱ v=0.900 w=-0.612 dist=4.00 | total=5.6ms (tf=0.1 feat=0.3 infer=2.2 conv=2.1) | e2e_scan→cmd=39.2ms | cov=90/90
[INFO] [1787251734.994651933] [dclp_go2_policy_ros2]: ⏱ v=0.900 w=-0.616 dist=4.00 | total=6.8ms (tf=0.2 feat=0.4 infer=2.5 conv=2.7) | e2e_scan→cmd=41.5ms | cov=90/90
[INFO] [1787251735.393086062] [dclp_go2_policy_ros2]: ⏱ v=0.900 w=-0.696 dist=4.00 | total=6.3ms (tf=0.2 feat=0.3 infer=2.3 conv=2.5) | e2e_scan→cmd=40.1ms | cov=90/90
[INFO] [1787251735.793179407] [dclp_go2_policy_ros2]: ⏱ v=0.900 w=-0.696 dist=4.00 | total=6.2ms (tf=0.1 feat=0.3 infer=2.3 conv=2.2) | e2e_scan→cmd=40.1ms | cov=90/90
[INFO] [1787251736.192218038] [dclp_go2_policy_ros2]: ⏱ v=0.900 w=-0.626 dist=4.00 | total=5.4ms (tf=0.1 feat=0.3 infer=2.2 conv=2.0) | e2e_scan→cmd=39.2ms | cov=90/90
[INFO] [1787251736.592429539] [dclp_go2_policy_ros2]: ⏱ v=0.898 w=-0.583 dist=4.00 | total=5.4ms (tf=0.1 feat=0.3 infer=2.2 conv=2.1) | e2e_scan→cmd=39.4ms | cov=90/90
[INFO] [1787251736.992767092] [dclp_go2_policy_ros2]: ⏱ v=0.893 w=-0.562 dist=4.00 | total=5.9ms (tf=0.1 feat=0.3 infer=2.3 conv=2.3) | e2e_scan→cmd=39.7ms | cov=90/90
[INFO] [1787251737.393922053] [dclp_go2_policy_ros2]: ⏱ v=0.894 w=-0.559 dist=4.00 | total=6.2ms (tf=0.2 feat=0.4 infer=2.4 conv=2.4) | e2e_scan→cmd=40.9ms | cov=90/90
[INFO] [1787251737.792173282] [dclp_go2_policy_ros2]: ⏱ v=0.894 w=-0.504 dist=4.00 | total=5.6ms (tf=0.1 feat=0.3 infer=2.3 conv=2.1) | e2e_scan→cmd=39.2ms | cov=90/90
[INFO] [1787251738.192466878] [dclp_go2_policy_ros2]: ⏱ v=0.894 w=-0.508 dist=4.00 | total=5.5ms (tf=0.1 feat=0.3 infer=2.3 conv=2.1) | e2e_scan→cmd=39.5ms | cov=90/90
[INFO] [1787251738.592933732] [dclp_go2_policy_ros2]: ⏱ v=0.895 w=-0.496 dist=4.00 | total=6.1ms (tf=0.1 feat=0.3 infer=2.4 conv=2.3) | e2e_scan→cmd=39.7ms | cov=90/90
[INFO] [1787251738.992440622] [dclp_go2_policy_ros2]: ⏱ v=0.895 w=-0.487 dist=4.00 | total=5.7ms (tf=0.1 feat=0.3 infer=2.3 conv=2.2) | e2e_scan→cmd=40.0ms | cov=90/90
[INFO] [1787251739.391982657] [dclp_go2_policy_ros2]: ⏱ v=0.898 w=-0.583 dist=4.00 | total=5.4ms (tf=0.1 feat=0.3 infer=2.2 conv=2.1) | e2e_scan→cmd=39.0ms | cov=90/90
[INFO] [1787251739.791937376] [dclp_go2_policy_ros2]: ⏱ v=0.898 w=-0.594 dist=4.00 | total=5.4ms (tf=0.1 feat=0.3 infer=2.2 conv=2.0) | e2e_scan→cmd=38.8ms | cov=90/90
[INFO] [1787251740.192166827] [dclp_go2_policy_ros2]: ⏱ v=0.895 w=-0.506 dist=4.00 | total=5.6ms (tf=0.1 feat=0.3 infer=2.3 conv=2.1) | e2e_scan→cmd=39.0ms | cov=90/90
[INFO] [1787251740.593279093] [dclp_go2_policy_ros2]: ⏱ v=0.895 w=-0.486 dist=4.00 | total=6.4ms (tf=0.2 feat=0.4 infer=2.4 conv=2.6) | e2e_scan→cmd=40.3ms | cov=90/90
[INFO] [1787251740.992867634] [dclp_go2_policy_ros2]: ⏱ v=0.894 w=-0.511 dist=4.00 | total=6.2ms (tf=0.1 feat=0.3 infer=2.3 conv=2.2) | e2e_scan→cmd=39.8ms | cov=90/90
[INFO] [1787251741.392577979] [dclp_go2_policy_ros2]: ⏱ v=0.894 w=-0.522 dist=4.00 | total=5.9ms (tf=0.1 feat=0.3 infer=2.3 conv=2.3) | e2e_scan→cmd=39.6ms | cov=90/90
[INFO] [1787251741.792458697] [dclp_go2_policy_ros2]: ⏱ v=0.894 w=-0.517 dist=4.00 | total=5.7ms (tf=0.1 feat=0.3 infer=2.3 conv=2.2) | e2e_scan→cmd=39.4ms | cov=90/90
[INFO] [1787251742.194049100] [dclp_go2_policy_ros2]: ⏱ v=0.894 w=-0.534 dist=4.00 | total=7.1ms (tf=0.1 feat=0.4 infer=2.5 conv=3.1) | e2e_scan→cmd=41.0ms | cov=90/90
[INFO] [1787251742.592242674] [dclp_go2_policy_ros2]: ⏱ v=0.896 w=-0.525 dist=4.00 | total=5.7ms (tf=0.1 feat=0.3 infer=2.3 conv=2.1) | e2e_scan→cmd=39.3ms | cov=90/90
[INFO] [1787251742.994708627] [dclp_go2_policy_ros2]: ⏱ v=0.899 w=-0.444 dist=4.00 | total=7.4ms (tf=0.2 feat=0.5 infer=2.5 conv=3.0) | e2e_scan→cmd=41.4ms | cov=90/90
[INFO] [1787251743.392885121] [dclp_go2_policy_ros2]: ⏱ v=0.900 w=-0.628 dist=4.00 | total=6.1ms (tf=0.1 feat=0.4 infer=2.4 conv=2.4) | e2e_scan→cmd=39.8ms | cov=90/90
[INFO] [1787251743.792188591] [dclp_go2_policy_ros2]: ⏱ v=0.900 w=-0.616 dist=4.00 | total=5.6ms (tf=0.1 feat=0.3 infer=2.2 conv=2.1) | e2e_scan→cmd=39.1ms | cov=90/90
[INFO] [1787251744.192027441] [dclp_go2_policy_ros2]: ⏱ v=0.900 w=-0.627 dist=4.00 | total=5.5ms (tf=0.1 feat=0.3 infer=2.2 conv=2.1) | e2e_scan→cmd=39.1ms | cov=90/90
[INFO] [1787251744.593088026] [dclp_go2_policy_ros2]: ⏱ v=0.900 w=-0.613 dist=4.00 | total=6.3ms (tf=0.2 feat=0.3 infer=2.4 conv=2.4) | e2e_scan→cmd=39.6ms | cov=90/90
[INFO] [1787251744.993286346] [dclp_go2_policy_ros2]: ⏱ v=0.900 w=-0.618 dist=4.00 | total=6.6ms (tf=0.2 feat=0.3 infer=2.7 conv=2.4) | e2e_scan→cmd=40.1ms | cov=90/90
[INFO] [1787251745.392564553] [dclp_go2_policy_ros2]: ⏱ v=0.900 w=-0.709 dist=4.00 | total=5.9ms (tf=0.2 feat=0.3 infer=2.2 conv=2.3) | e2e_scan→cmd=39.5ms | cov=90/90
[INFO] [1787251745.792964871] [dclp_go2_policy_ros2]: ⏱ v=0.900 w=-0.718 dist=4.00 | total=6.1ms (tf=0.2 feat=0.3 infer=2.3 conv=2.4) | e2e_scan→cmd=39.9ms | cov=90/90
[INFO] [1787251746.192715223] [dclp_go2_policy_ros2]: ⏱ v=0.900 w=-0.626 dist=4.00 | total=6.1ms (tf=0.1 feat=0.3 infer=2.3 conv=2.2) | e2e_scan→cmd=39.6ms | cov=90/90
[INFO] [1787251746.592304071] [dclp_go2_policy_ros2]: ⏱ v=0.895 w=-0.500 dist=4.00 | total=5.7ms (tf=0.1 feat=0.3 infer=2.2 conv=2.2) | e2e_scan→cmd=39.1ms | cov=90/90
[INFO] [1787251746.993475108] [dclp_go2_policy_ros2]: ⏱ v=0.893 w=-0.571 dist=4.00 | total=6.7ms (tf=0.2 feat=0.5 infer=2.6 conv=2.3) | e2e_scan→cmd=40.5ms | cov=90/90
[INFO] [1787251747.392248196] [dclp_go2_policy_ros2]: ⏱ v=0.893 w=-0.570 dist=4.00 | total=5.6ms (tf=0.1 feat=0.3 infer=2.3 conv=2.1) | e2e_scan→cmd=39.1ms | cov=90/90
[INFO] [1787251747.796042806] [dclp_go2_policy_ros2]: ⏱ v=0.894 w=-0.520 dist=4.00 | total=8.4ms (tf=0.1 feat=0.3 infer=2.3 conv=4.1) | e2e_scan→cmd=42.0ms | cov=90/90
[INFO] [1787251748.192272145] [dclp_go2_policy_ros2]: ⏱ v=0.895 w=-0.496 dist=4.00 | total=5.7ms (tf=0.1 feat=0.3 infer=2.2 conv=2.2) | e2e_scan→cmd=39.2ms | cov=90/90
[INFO] [1787251748.592235772] [dclp_go2_policy_ros2]: ⏱ v=0.894 w=-0.498 dist=4.00 | total=5.6ms (tf=0.1 feat=0.3 infer=2.3 conv=2.1) | e2e_scan→cmd=39.3ms | cov=90/90
[INFO] [1787251748.992245416] [dclp_go2_policy_ros2]: ⏱ v=0.894 w=-0.495 dist=4.00 | total=5.7ms (tf=0.1 feat=0.3 infer=2.3 conv=2.2) | e2e_scan→cmd=39.5ms | cov=90/90
[INFO] [1787251749.392071736] [dclp_go2_policy_ros2]: ⏱ v=0.895 w=-0.506 dist=4.00 | total=5.5ms (tf=0.1 feat=0.3 infer=2.2 conv=2.1) | e2e_scan→cmd=39.0ms | cov=90/90
[INFO] [1787251749.792293843] [dclp_go2_policy_ros2]: ⏱ v=0.900 w=-0.496 dist=4.00 | total=5.7ms (tf=0.1 feat=0.3 infer=2.2 conv=2.2) | e2e_scan→cmd=39.2ms | cov=90/90
[INFO] [1787251750.192510449] [dclp_go2_policy_ros2]: ⏱ v=0.895 w=-0.501 dist=4.00 | total=5.9ms (tf=0.2 feat=0.4 infer=2.3 conv=2.3) | e2e_scan→cmd=39.4ms | cov=90/90
[INFO] [1787251750.592238022] [dclp_go2_policy_ros2]: ⏱ v=0.894 w=-0.506 dist=4.00 | total=5.7ms (tf=0.1 feat=0.3 infer=2.2 conv=2.2) | e2e_scan→cmd=39.3ms | cov=90/90
[INFO] [1787251750.992445769] [dclp_go2_policy_ros2]: ⏱ v=0.894 w=-0.504 dist=4.00 | total=5.9ms (tf=0.1 feat=0.3 infer=2.3 conv=2.3) | e2e_scan→cmd=39.3ms | cov=90/90
[INFO] [1787251751.392845434] [dclp_go2_policy_ros2]: ⏱ v=0.894 w=-0.564 dist=4.00 | total=6.3ms (tf=0.1 feat=0.3 infer=2.3 conv=2.2) | e2e_scan→cmd=39.8ms | cov=90/90
[INFO] [1787251751.792286222] [dclp_go2_policy_ros2]: ⏱ v=0.894 w=-0.609 dist=4.00 | total=5.7ms (tf=0.1 feat=0.3 infer=2.3 conv=2.2) | e2e_scan→cmd=38.6ms | cov=90/90
[INFO] [1787251752.192260247] [dclp_go2_policy_ros2]: ⏱ v=0.893 w=-0.570 dist=4.00 | total=5.7ms (tf=0.1 feat=0.3 infer=2.3 conv=2.2) | e2e_scan→cmd=39.3ms | cov=90/90
[INFO] [1787251752.592734642] [dclp_go2_policy_ros2]: ⏱ v=0.894 w=-0.540 dist=4.00 | total=6.1ms (tf=0.2 feat=0.4 infer=2.3 conv=2.4) | e2e_scan→cmd=39.7ms | cov=90/90
[INFO] [1787251752.992233233] [dclp_go2_policy_ros2]: ⏱ v=0.898 w=-0.433 dist=4.00 | total=5.7ms (tf=0.1 feat=0.3 infer=2.2 conv=2.2) | e2e_scan→cmd=39.3ms | cov=90/90
[INFO] [1787251753.392256199] [dclp_go2_policy_ros2]: ⏱ v=0.900 w=-0.683 dist=4.00 | total=5.7ms (tf=0.1 feat=0.3 infer=2.3 conv=2.2) | e2e_scan→cmd=39.3ms | cov=90/90
[INFO] [1787251753.792181082] [dclp_go2_policy_ros2]: ⏱ v=0.900 w=-0.644 dist=4.00 | total=5.6ms (tf=0.1 feat=0.3 infer=2.2 conv=2.2) | e2e_scan→cmd=39.1ms | cov=90/90
[INFO] [1787251754.192881512] [dclp_go2_policy_ros2]: ⏱ v=0.900 w=-0.621 dist=4.00 | total=6.1ms (tf=0.1 feat=0.3 infer=2.4 conv=2.4) | e2e_scan→cmd=39.7ms | cov=90/90
[INFO] [1787251754.592882886] [dclp_go2_policy_ros2]: ⏱ v=0.900 w=-0.614 dist=4.00 | total=6.0ms (tf=0.2 feat=0.3 infer=2.3 conv=2.3) | e2e_scan→cmd=39.8ms | cov=90/90
[INFO] [1787251754.992142926] [dclp_go2_policy_ros2]: ⏱ v=0.900 w=-0.613 dist=4.00 | total=5.6ms (tf=0.1 feat=0.3 infer=2.2 conv=2.1) | e2e_scan→cmd=39.1ms | cov=90/90
[INFO] [1787251755.392033681] [dclp_go2_policy_ros2]: ⏱ v=0.900 w=-0.668 dist=4.00 | total=5.5ms (tf=0.1 feat=0.3 infer=2.2 conv=2.1) | e2e_scan→cmd=39.0ms | cov=90/90
[INFO] [1787251755.792511493] [dclp_go2_policy_ros2]: ⏱ v=0.900 w=-0.613 dist=4.00 | total=5.9ms (tf=0.1 feat=0.3 infer=2.2 conv=2.3) | e2e_scan→cmd=39.4ms | cov=90/90
[INFO] [1787251756.193158850] [dclp_go2_policy_ros2]: ⏱ v=0.900 w=-0.642 dist=4.00 | total=6.3ms (tf=0.2 feat=0.3 infer=2.3 conv=2.5) | e2e_scan→cmd=39.9ms | cov=90/90
[INFO] [1787251756.593164240] [dclp_go2_policy_ros2]: ⏱ v=0.900 w=-0.398 dist=4.00 | total=6.5ms (tf=0.2 feat=0.3 infer=2.4 conv=2.3) | e2e_scan→cmd=40.0ms | cov=90/90
[INFO] [1787251756.992203330] [dclp_go2_policy_ros2]: ⏱ v=0.894 w=-0.536 dist=4.00 | total=5.6ms (tf=0.1 feat=0.3 infer=2.3 conv=2.1) | e2e_scan→cmd=39.3ms | cov=90/90
[INFO] [1787251757.392105430] [dclp_go2_policy_ros2]: ⏱ v=0.895 w=-0.490 dist=4.00 | total=5.5ms (tf=0.1 feat=0.3 infer=2.3 conv=2.1) | e2e_scan→cmd=39.0ms | cov=90/90
[INFO] [1787251757.792806241] [dclp_go2_policy_ros2]: ⏱ v=0.894 w=-0.499 dist=4.00 | total=6.2ms (tf=0.1 feat=0.4 infer=2.4 conv=2.4) | e2e_scan→cmd=39.7ms | cov=90/90
[INFO] [1787251758.191972643] [dclp_go2_policy_ros2]: ⏱ v=0.895 w=-0.510 dist=4.00 | total=5.5ms (tf=0.1 feat=0.3 infer=2.2 conv=2.0) | e2e_scan→cmd=38.9ms | cov=90/90
[INFO] [1787251758.592354445] [dclp_go2_policy_ros2]: ⏱ v=0.895 w=-0.502 dist=4.00 | total=5.7ms (tf=0.1 feat=0.3 infer=2.2 conv=2.2) | e2e_scan→cmd=39.1ms | cov=90/90
[INFO] [1787251758.992829625] [dclp_go2_policy_ros2]: ⏱ v=0.895 w=-0.501 dist=4.00 | total=5.6ms (tf=0.1 feat=0.4 infer=2.2 conv=2.1) | e2e_scan→cmd=38.9ms | cov=90/90
[INFO] [1787251759.392908738] [dclp_go2_policy_ros2]: ⏱ v=0.895 w=-0.522 dist=4.00 | total=5.6ms (tf=0.1 feat=0.3 infer=2.2 conv=2.1) | e2e_scan→cmd=39.9ms | cov=90/90
[INFO] [1787251759.792984331] [dclp_go2_policy_ros2]: ⏱ v=0.895 w=-0.500 dist=4.00 | total=5.9ms (tf=0.1 feat=0.3 infer=2.3 conv=2.3) | e2e_scan→cmd=40.0ms | cov=90/90
[INFO] [1787251760.192633131] [dclp_go2_policy_ros2]: ⏱ v=0.895 w=-0.506 dist=4.00 | total=5.7ms (tf=0.1 feat=0.3 infer=2.2 conv=2.2) | e2e_scan→cmd=39.4ms | cov=90/90
[INFO] [1787251760.592745598] [dclp_go2_policy_ros2]: ⏱ v=0.895 w=-0.498 dist=4.00 | total=6.1ms (tf=0.2 feat=0.4 infer=2.3 conv=2.3) | e2e_scan→cmd=39.7ms | cov=90/90
[INFO] [1787251760.992868976] [dclp_go2_policy_ros2]: ⏱ v=0.895 w=-0.515 dist=4.00 | total=6.2ms (tf=0.2 feat=0.4 infer=2.3 conv=2.4) | e2e_scan→cmd=39.9ms | cov=90/90
[INFO] [1787251761.392851046] [dclp_go2_policy_ros2]: ⏱ v=0.895 w=-0.606 dist=4.00 | total=5.8ms (tf=0.1 feat=0.3 infer=2.3 conv=2.2) | e2e_scan→cmd=39.8ms | cov=90/90
[INFO] [1787251761.793643253] [dclp_go2_policy_ros2]: ⏱ v=0.895 w=-0.512 dist=4.00 | total=6.6ms (tf=0.2 feat=0.4 infer=2.3 conv=2.3) | e2e_scan→cmd=40.6ms | cov=90/90
[INFO] [1787251762.193296197] [dclp_go2_policy_ros2]: ⏱ v=0.894 w=-0.539 dist=4.00 | total=6.6ms (tf=0.2 feat=0.4 infer=2.4 conv=2.6) | e2e_scan→cmd=39.9ms | cov=90/90
[INFO] [1787251762.592518734] [dclp_go2_policy_ros2]: ⏱ v=0.893 w=-0.540 dist=4.00 | total=5.8ms (tf=0.1 feat=0.3 infer=2.4 conv=2.2) | e2e_scan→cmd=39.4ms | cov=90/90
[INFO] [1787251762.993480265] [dclp_go2_policy_ros2]: ⏱ v=0.900 w=-0.680 dist=4.00 | total=6.5ms (tf=0.2 feat=0.3 infer=2.6 conv=2.5) | e2e_scan→cmd=40.5ms | cov=90/90
[INFO] [1787251763.392247692] [dclp_go2_policy_ros2]: ⏱ v=0.900 w=-0.619 dist=4.00 | total=5.5ms (tf=0.1 feat=0.3 infer=2.3 conv=2.1) | e2e_scan→cmd=39.2ms | cov=90/90
[INFO] [1787251763.792277780] [dclp_go2_policy_ros2]: ⏱ v=0.900 w=-0.634 dist=4.00 | total=5.7ms (tf=0.1 feat=0.3 infer=2.2 conv=2.2) | e2e_scan→cmd=39.3ms | cov=90/90
[INFO] [1787251764.193294429] [dclp_go2_policy_ros2]: ⏱ v=0.900 w=-0.616 dist=4.00 | total=6.5ms (tf=0.2 feat=0.4 infer=2.4 conv=2.6) | e2e_scan→cmd=40.3ms | cov=90/90
[INFO] [1787251764.592252910] [dclp_go2_policy_ros2]: ⏱ v=0.900 w=-0.619 dist=4.00 | total=5.7ms (tf=0.1 feat=0.3 infer=2.3 conv=2.2) | e2e_scan→cmd=39.2ms | cov=90/90
[INFO] [1787251764.992464643] [dclp_go2_policy_ros2]: ⏱ v=0.900 w=-0.665 dist=4.00 | total=5.5ms (tf=0.1 feat=0.3 infer=2.2 conv=2.1) | e2e_scan→cmd=39.5ms | cov=90/90
[INFO] [1787251765.391949931] [dclp_go2_policy_ros2]: ⏱ v=0.900 w=-0.636 dist=4.00 | total=5.5ms (tf=0.1 feat=0.3 infer=2.2 conv=2.1) | e2e_scan→cmd=39.0ms | cov=90/90
[INFO] [1787251765.792617526] [dclp_go2_policy_ros2]: ⏱ v=0.900 w=-0.719 dist=4.00 | total=6.0ms (tf=0.2 feat=0.3 infer=2.3 conv=2.3) | e2e_scan→cmd=39.6ms | cov=90/90
[INFO] [1787251766.192472493] [dclp_go2_policy_ros2]: ⏱ v=0.900 w=-0.407 dist=4.00 | total=5.4ms (tf=0.1 feat=0.3 infer=2.2 conv=2.1) | e2e_scan→cmd=39.5ms | cov=90/90
[INFO] [1787251766.593289829] [dclp_go2_policy_ros2]: ⏱ v=0.900 w=-0.376 dist=4.00 | total=6.2ms (tf=0.2 feat=0.3 infer=2.4 conv=2.3) | e2e_scan→cmd=40.2ms | cov=90/90
[INFO] [1787251766.993030172] [dclp_go2_policy_ros2]: ⏱ v=0.894 w=-0.556 dist=4.00 | total=6.0ms (tf=0.1 feat=0.3 infer=2.2 conv=2.1) | e2e_scan→cmd=40.1ms | cov=90/90
[INFO] [1787251767.392326287] [dclp_go2_policy_ros2]: ⏱ v=0.895 w=-0.497 dist=4.00 | total=5.5ms (tf=0.1 feat=0.3 infer=2.3 conv=2.0) | e2e_scan→cmd=39.3ms | cov=90/90
[INFO] [1787251767.792345847] [dclp_go2_policy_ros2]: ⏱ v=0.894 w=-0.512 dist=4.00 | total=5.6ms (tf=0.1 feat=0.3 infer=2.3 conv=2.1) | e2e_scan→cmd=39.3ms | cov=90/90
[INFO] [1787251768.192416036] [dclp_go2_policy_ros2]: ⏱ v=0.894 w=-0.502 dist=4.00 | total=5.6ms (tf=0.1 feat=0.3 infer=2.3 conv=2.1) | e2e_scan→cmd=39.5ms | cov=90/90
[INFO] [1787251768.592800319] [dclp_go2_policy_ros2]: ⏱ v=0.895 w=-0.502 dist=4.00 | total=5.7ms (tf=0.1 feat=0.3 infer=2.3 conv=2.1) | e2e_scan→cmd=39.7ms | cov=90/90
[INFO] [1787251768.992031352] [dclp_go2_policy_ros2]: ⏱ v=0.895 w=-0.528 dist=4.00 | total=5.4ms (tf=0.1 feat=0.3 infer=2.2 conv=2.0) | e2e_scan→cmd=39.0ms | cov=90/90
[INFO] [1787251769.392851079] [dclp_go2_policy_ros2]: ⏱ v=0.900 w=-0.507 dist=4.00 | total=6.1ms (tf=0.2 feat=0.4 infer=2.3 conv=2.4) | e2e_scan→cmd=39.8ms | cov=90/90
[INFO] [1787251769.792244109] [dclp_go2_policy_ros2]: ⏱ v=0.895 w=-0.500 dist=4.00 | total=5.7ms (tf=0.1 feat=0.3 infer=2.3 conv=2.2) | e2e_scan→cmd=39.3ms | cov=90/90
[INFO] [1787251770.192548497] [dclp_go2_policy_ros2]: ⏱ v=0.895 w=-0.514 dist=4.00 | total=5.7ms (tf=0.1 feat=0.3 infer=2.3 conv=2.2) | e2e_scan→cmd=39.4ms | cov=90/90
[INFO] [1787251770.592537648] [dclp_go2_policy_ros2]: ⏱ v=0.895 w=-0.497 dist=4.00 | total=5.8ms (tf=0.1 feat=0.3 infer=2.3 conv=2.3) | e2e_scan→cmd=39.5ms | cov=90/90
[INFO] [1787251770.993148290] [dclp_go2_policy_ros2]: ⏱ v=0.895 w=-0.533 dist=4.00 | total=6.4ms (tf=0.1 feat=0.4 infer=2.4 conv=2.5) | e2e_scan→cmd=40.0ms | cov=90/90
[INFO] [1787251771.392977956] [dclp_go2_policy_ros2]: ⏱ v=0.894 w=-0.611 dist=4.00 | total=6.0ms (tf=0.1 feat=0.3 infer=2.3 conv=2.3) | e2e_scan→cmd=40.0ms | cov=90/90
[INFO] [1787251771.792546910] [dclp_go2_policy_ros2]: ⏱ v=0.894 w=-0.510 dist=4.00 | total=6.0ms (tf=0.2 feat=0.4 infer=2.3 conv=2.4) | e2e_scan→cmd=39.6ms | cov=90/90
[INFO] [1787251772.192948502] [dclp_go2_policy_ros2]: ⏱ v=0.894 w=-0.551 dist=4.00 | total=6.2ms (tf=0.1 feat=0.3 infer=2.3 conv=2.2) | e2e_scan→cmd=39.9ms | cov=90/90
[INFO] [1787251772.592152749] [dclp_go2_policy_ros2]: ⏱ v=0.894 w=-0.550 dist=4.00 | total=5.6ms (tf=0.1 feat=0.3 infer=2.2 conv=2.1) | e2e_scan→cmd=39.2ms | cov=90/90
[INFO] [1787251772.992146621] [dclp_go2_policy_ros2]: ⏱ v=0.900 w=-0.677 dist=4.00 | total=5.5ms (tf=0.1 feat=0.3 infer=2.2 conv=2.1) | e2e_scan→cmd=39.2ms | cov=90/90
[INFO] [1787251773.392429052] [dclp_go2_policy_ros2]: ⏱ v=0.900 w=-0.630 dist=4.00 | total=5.7ms (tf=0.1 feat=0.3 infer=2.2 conv=2.2) | e2e_scan→cmd=39.4ms | cov=90/90
[INFO] [1787251773.792303696] [dclp_go2_policy_ros2]: ⏱ v=0.900 w=-0.623 dist=4.00 | total=5.7ms (tf=0.1 feat=0.3 infer=2.3 conv=2.2) | e2e_scan→cmd=39.4ms | cov=90/90
[INFO] [1787251774.192482128] [dclp_go2_policy_ros2]: ⏱ v=0.900 w=-0.619 dist=4.00 | total=5.8ms (tf=0.1 feat=0.3 infer=2.3 conv=2.3) | e2e_scan→cmd=39.6ms | cov=90/90
[INFO] [1787251774.592204583] [dclp_go2_policy_ros2]: ⏱ v=0.900 w=-0.518 dist=4.00 | total=5.6ms (tf=0.1 feat=0.3 infer=2.3 conv=2.2) | e2e_scan→cmd=39.2ms | cov=90/90
[INFO] [1787251774.991981343] [dclp_go2_policy_ros2]: ⏱ v=0.900 w=-0.676 dist=4.00 | total=5.4ms (tf=0.1 feat=0.3 infer=2.2 conv=2.0) | e2e_scan→cmd=39.1ms | cov=90/90
[INFO] [1787251775.391925445] [dclp_go2_policy_ros2]: ⏱ v=0.900 w=-0.637 dist=4.00 | total=5.4ms (tf=0.1 feat=0.3 infer=2.2 conv=2.0) | e2e_scan→cmd=38.9ms | cov=90/90
[INFO] [1787251775.792036335] [dclp_go2_policy_ros2]: ⏱ v=0.900 w=-0.730 dist=4.00 | total=5.5ms (tf=0.1 feat=0.3 infer=2.2 conv=2.1) | e2e_scan→cmd=39.0ms | cov=90/90
[INFO] [1787251776.192032858] [dclp_go2_policy_ros2]: ⏱ v=0.900 w=-0.395 dist=4.00 | total=5.4ms (tf=0.1 feat=0.3 infer=2.2 conv=2.1) | e2e_scan→cmd=39.1ms | cov=90/90
[INFO] [1787251776.592932227] [dclp_go2_policy_ros2]: ⏱ v=0.898 w=-0.519 dist=4.00 | total=6.1ms (tf=0.2 feat=0.4 infer=2.3 conv=2.4) | e2e_scan→cmd=39.8ms | cov=90/90
[INFO] [1787251776.992189500] [dclp_go2_policy_ros2]: ⏱ v=0.894 w=-0.551 dist=4.00 | total=5.6ms (tf=0.1 feat=0.3 infer=2.3 conv=2.2) | e2e_scan→cmd=39.3ms | cov=90/90
[INFO] [1787251777.392458107] [dclp_go2_policy_ros2]: ⏱ v=0.894 w=-0.491 dist=4.00 | total=5.9ms (tf=0.1 feat=0.3 infer=2.2 conv=2.1) | e2e_scan→cmd=39.6ms | cov=90/90
[INFO] [1787251777.792111336] [dclp_go2_policy_ros2]: ⏱ v=0.894 w=-0.513 dist=4.00 | total=5.6ms (tf=0.1 feat=0.3 infer=2.2 conv=2.1) | e2e_scan→cmd=39.2ms | cov=90/90
[INFO] [1787251778.192232390] [dclp_go2_policy_ros2]: ⏱ v=0.894 w=-0.518 dist=4.00 | total=5.7ms (tf=0.1 feat=0.3 infer=2.3 conv=2.2) | e2e_scan→cmd=39.3ms | cov=90/90
[INFO] [1787251778.592828182] [dclp_go2_policy_ros2]: ⏱ v=0.894 w=-0.505 dist=4.00 | total=6.1ms (tf=0.1 feat=0.3 infer=2.4 conv=2.4) | e2e_scan→cmd=40.3ms | cov=90/90
[INFO] [1787251778.993684654] [dclp_go2_policy_ros2]: ⏱ v=0.895 w=-0.494 dist=4.00 | total=6.4ms (tf=0.2 feat=0.4 infer=2.4 conv=2.5) | e2e_scan→cmd=40.7ms | cov=90/90
[INFO] [1787251779.392312716] [dclp_go2_policy_ros2]: ⏱ v=0.897 w=-0.528 dist=4.00 | total=5.7ms (tf=0.1 feat=0.3 infer=2.3 conv=2.2) | e2e_scan→cmd=39.3ms | cov=90/90
[INFO] [1787251779.792619388] [dclp_go2_policy_ros2]: ⏱ v=0.899 w=-0.509 dist=4.00 | total=6.0ms (tf=0.2 feat=0.3 infer=2.3 conv=2.4) | e2e_scan→cmd=39.7ms | cov=90/90
[INFO] [1787251780.193112533] [dclp_go2_policy_ros2]: ⏱ v=0.895 w=-0.534 dist=4.00 | total=6.4ms (tf=0.2 feat=0.4 infer=2.4 conv=2.5) | e2e_scan→cmd=40.0ms | cov=90/90
[INFO] [1787251780.592309035] [dclp_go2_policy_ros2]: ⏱ v=0.895 w=-0.497 dist=4.00 | total=5.7ms (tf=0.1 feat=0.3 infer=2.3 conv=2.2) | e2e_scan→cmd=39.4ms | cov=90/90
[INFO] [1787251780.992522336] [dclp_go2_policy_ros2]: ⏱ v=0.894 w=-0.612 dist=4.00 | total=5.9ms (tf=0.2 feat=0.4 infer=2.3 conv=2.2) | e2e_scan→cmd=39.5ms | cov=90/90
[INFO] [1787251781.393337774] [dclp_go2_policy_ros2]: ⏱ v=0.894 w=-0.576 dist=4.00 | total=6.5ms (tf=0.2 feat=0.4 infer=2.4 conv=2.6) | e2e_scan→cmd=40.3ms | cov=90/90
[INFO] [1787251781.793384070] [dclp_go2_policy_ros2]: ⏱ v=0.894 w=-0.541 dist=4.00 | total=6.5ms (tf=0.2 feat=0.3 infer=2.7 conv=2.3) | e2e_scan→cmd=40.0ms | cov=90/90
[INFO] [1787251782.192357665] [dclp_go2_policy_ros2]: ⏱ v=0.894 w=-0.516 dist=4.00 | total=5.7ms (tf=0.1 feat=0.3 infer=2.3 conv=2.2) | e2e_scan→cmd=39.4ms | cov=90/90
[INFO] [1787251782.592574565] [dclp_go2_policy_ros2]: ⏱ v=0.895 w=-0.472 dist=4.00 | total=6.0ms (tf=0.1 feat=0.3 infer=2.2 conv=2.1) | e2e_scan→cmd=39.7ms | cov=90/90
[INFO] [1787251782.992833643] [dclp_go2_policy_ros2]: ⏱ v=0.900 w=-0.681 dist=4.00 | total=6.1ms (tf=0.1 feat=0.3 infer=2.3 conv=2.5) | e2e_scan→cmd=39.8ms | cov=90/90
[INFO] [1787251783.392026265] [dclp_go2_policy_ros2]: ⏱ v=0.900 w=-0.624 dist=4.00 | total=5.5ms (tf=0.1 feat=0.3 infer=2.2 conv=2.1) | e2e_scan→cmd=39.0ms | cov=90/90
[INFO] [1787251783.792302919] [dclp_go2_policy_ros2]: ⏱ v=0.900 w=-0.632 dist=4.00 | total=5.7ms (tf=0.1 feat=0.3 infer=2.2 conv=2.2) | e2e_scan→cmd=39.3ms | cov=90/90
[INFO] [1787251784.192094634] [dclp_go2_policy_ros2]: ⏱ v=0.900 w=-0.636 dist=4.00 | total=5.5ms (tf=0.1 feat=0.3 infer=2.2 conv=2.1) | e2e_scan→cmd=39.2ms | cov=90/90
[INFO] [1787251784.592320574] [dclp_go2_policy_ros2]: ⏱ v=0.900 w=-0.614 dist=4.00 | total=5.7ms (tf=0.1 feat=0.3 infer=2.2 conv=2.2) | e2e_scan→cmd=39.4ms | cov=90/90
[INFO] [1787251784.992202280] [dclp_go2_policy_ros2]: ⏱ v=0.900 w=-0.630 dist=4.00 | total=5.6ms (tf=0.1 feat=0.3 infer=2.3 conv=2.1) | e2e_scan→cmd=39.2ms | cov=90/90
[INFO] [1787251785.392170876] [dclp_go2_policy_ros2]: ⏱ v=0.900 w=-0.622 dist=4.00 | total=5.6ms (tf=0.1 feat=0.3 infer=2.3 conv=2.0) | e2e_scan→cmd=39.1ms | cov=90/90
[INFO] [1787251785.792013997] [dclp_go2_policy_ros2]: ⏱ v=0.900 w=-0.629 dist=4.00 | total=5.5ms (tf=0.1 feat=0.3 infer=2.2 conv=2.1) | e2e_scan→cmd=39.0ms | cov=90/90
[INFO] [1787251786.192464019] [dclp_go2_policy_ros2]: ⏱ v=0.900 w=-0.618 dist=4.00 | total=5.9ms (tf=0.1 feat=0.3 infer=2.3 conv=2.3) | e2e_scan→cmd=39.4ms | cov=90/90
[INFO] [1787251786.593639315] [dclp_go2_policy_ros2]: ⏱ v=0.898 w=-0.637 dist=4.00 | total=6.8ms (tf=0.2 feat=0.4 infer=2.5 conv=2.7) | e2e_scan→cmd=40.5ms | cov=90/90
[INFO] [1787251786.993937465] [dclp_go2_policy_ros2]: ⏱ v=0.894 w=-0.516 dist=4.00 | total=7.1ms (tf=0.2 feat=0.4 infer=2.5 conv=2.9) | e2e_scan→cmd=40.8ms | cov=90/90
[INFO] [1787251787.392142792] [dclp_go2_policy_ros2]: ⏱ v=0.894 w=-0.506 dist=4.00 | total=5.6ms (tf=0.1 feat=0.3 infer=2.3 conv=2.1) | e2e_scan→cmd=39.1ms | cov=90/90
[INFO] [1787251787.792840002] [dclp_go2_policy_ros2]: ⏱ v=0.894 w=-0.507 dist=4.00 | total=6.2ms (tf=0.1 feat=0.3 infer=2.2 conv=2.2) | e2e_scan→cmd=39.8ms | cov=90/90
[INFO] [1787251788.192151862] [dclp_go2_policy_ros2]: ⏱ v=0.894 w=-0.504 dist=4.00 | total=5.6ms (tf=0.1 feat=0.3 infer=2.2 conv=2.2) | e2e_scan→cmd=39.1ms | cov=90/90
[INFO] [1787251788.592687698] [dclp_go2_policy_ros2]: ⏱ v=0.895 w=-0.493 dist=4.00 | total=6.1ms (tf=0.1 feat=0.4 infer=2.4 conv=2.3) | e2e_scan→cmd=40.2ms | cov=90/90
[INFO] [1787251788.992748512] [dclp_go2_policy_ros2]: ⏱ v=0.895 w=-0.539 dist=4.00 | total=5.5ms (tf=0.1 feat=0.3 infer=2.2 conv=2.1) | e2e_scan→cmd=39.8ms | cov=90/90
[INFO] [1787251789.391823897] [dclp_go2_policy_ros2]: ⏱ v=0.898 w=-0.578 dist=4.00 | total=5.4ms (tf=0.1 feat=0.3 infer=2.2 conv=2.1) | e2e_scan→cmd=38.9ms | cov=90/90
[INFO] [1787251789.792841867] [dclp_go2_policy_ros2]: ⏱ v=0.899 w=-0.514 dist=4.00 | total=5.5ms (tf=0.1 feat=0.3 infer=2.3 conv=2.0) | e2e_scan→cmd=39.8ms | cov=90/90
