
[0;36m══════════════════════════════════════════[0m
[0;36m  停止 DCLP 导航链路[0m
[0;36m══════════════════════════════════════════[0m
[0;32m[dclp_nav][0m 停止完成

[0;36m══════════════════════════════════════════[0m
[0;36m  DCLP 一键导航 — 续航步态 (economic)[0m
[0;36m══════════════════════════════════════════[0m

[0;32m[dclp_nav][0m 传感器:  MID360 -> /livox/lidar -> pc2scan -> /scan
[0;32m[dclp_nav][0m 里程计:  /sportmodestate -> 足部里程计 -> /odom + odom->base_link TF
[0;32m[dclp_nav][0m 策略:    /scan + /odom -> DCLP -> ZMQ -> Go2 SportClient
[0;32m[dclp_nav][0m 调试:    dry-run=ON-不调用SportClient.Move, zero-motion=OFF
[0;32m[dclp_nav][0m 补偿:    速度前馈补偿=ON
[0;32m[dclp_nav][0m 模型:    /home/unitree/qyw/dclp_20260710_reproduction/models/dclp/V1_41lambda1_101.pth
[0;32m[dclp_nav][0m 日志:    /home/unitree/qyw/dclp_20260710_reproduction/runs/20260720_010251_298957464_STATUSFIX_r1_h9_final_on_dry-run/component_logs

[0;32m[dclp_nav][0m 启动 mid360...
[0;32m[dclp_nav][0m   mid360 started (pid=32816, log=/home/unitree/qyw/dclp_20260710_reproduction/runs/20260720_010251_298957464_STATUSFIX_r1_h9_final_on_dry-run/component_logs/mid360.log)
[0;32m[dclp_nav][0m   MID360 /livox/lidar OK count=151 rate=50.01Hz age_ms recent_avg=21.6 recent_max=22.2 last=22.1 all_max=22.8 frame=livox_frame points=4128
[0;32m[dclp_nav][0m 启动 tf...
[0;32m[dclp_nav][0m   tf started (pid=32946, log=/home/unitree/qyw/dclp_20260710_reproduction/runs/20260720_010251_298957464_STATUSFIX_r1_h9_final_on_dry-run/component_logs/tf.log)
[0;32m[dclp_nav][0m 启动 pc2scan...
[0;32m[dclp_nav][0m   pc2scan started (pid=32989, log=/home/unitree/qyw/dclp_20260710_reproduction/runs/20260720_010251_298957464_STATUSFIX_r1_h9_final_on_dry-run/component_logs/pc2scan.log)
[0;32m[dclp_nav][0m   LaserScan /scan OK count=151 rate=49.97Hz age_ms recent_avg=24.3 recent_max=25.2 last=24.5 all_max=25.9 frame=base_link beams=1081
[0;32m[dclp_nav][0m 启动 odom...
[0;32m[dclp_nav][0m   odom started (pid=33089, log=/home/unitree/qyw/dclp_20260710_reproduction/runs/20260720_010251_298957464_STATUSFIX_r1_h9_final_on_dry-run/component_logs/odom.log)
[0;32m[dclp_nav][0m   足部里程计 /odom OK count=601 rate=300.13Hz age_ms recent_avg=1.0 recent_max=1.1 last=1.0 all_max=1.6 frame=odom
[0;32m[dclp_nav][0m 启动 policy...
[0;32m[dclp_nav][0m   policy started (pid=33196, log=/home/unitree/qyw/dclp_20260710_reproduction/runs/20260720_010251_298957464_STATUSFIX_r1_h9_final_on_dry-run/component_logs/policy.log)
[0;32m[dclp_nav][0m 启动 zmq...
[0;32m[dclp_nav][0m   zmq started (pid=33241, log=/home/unitree/qyw/dclp_20260710_reproduction/runs/20260720_010251_298957464_STATUSFIX_r1_h9_final_on_dry-run/component_logs/zmq.log)
[0;32m[dclp_nav][0m 启动 watchdog...
[0;32m[dclp_nav][0m   watchdog started (pid=33276, log=/home/unitree/qyw/dclp_20260710_reproduction/runs/20260720_010251_298957464_STATUSFIX_r1_h9_final_on_dry-run/component_logs/watchdog.log)
[0;32m[dclp_nav][0m 启动 rosbag...
[0;32m[dclp_nav][0m   rosbag started (pid=33301, log=/home/unitree/qyw/dclp_20260710_reproduction/runs/20260720_010251_298957464_STATUSFIX_r1_h9_final_on_dry-run/component_logs/rosbag.log)
[0;32m[dclp_nav][0m 核心组件已启动，rosbag=ON
[0;32m[dclp_nav][0m 等待组件就绪 (最长 60s)...
[0;32m[dclp_nav][0m   MID360 /livox/lidar OK count=151 rate=50.01Hz age_ms recent_avg=21.6 recent_max=24.2 last=21.4 all_max=28.8 frame=livox_frame points=4032
[0;32m[dclp_nav][0m   LaserScan /scan OK count=151 rate=50.01Hz age_ms recent_avg=23.3 recent_max=24.4 last=22.2 all_max=25.4 frame=base_link beams=1081
[0;32m[dclp_nav][0m   足部里程计 /odom OK count=601 rate=300.12Hz age_ms recent_avg=0.9 recent_max=1.0 last=0.9 all_max=6.6 frame=odom
[0;32m[dclp_nav][0m   /nav_status OK
[0;32m[dclp_nav][0m 全部组件就绪。


[0;36m══════════════════════════════════════════[0m
[0;36m  导航目标: 向右 0 m, 向前 4 m[0m
[0;36m══════════════════════════════════════════[0m
publisher: beginning loop
publishing #1: geometry_msgs.msg.Point(x=0.0, y=4.0, z=0.0)

[0;32m[dclp_nav][0m 目标已发送，等待到达...
[0;32m[dclp_nav][0m 安全观测模式：底盘不会执行非零 Move，记录 5s 后结束。
[0;32m[dclp_nav][0m 安全观测完成；该结果不计作 REACHED。
[1;33m[dclp_nav][0m rosbag: 停止旧进程 (pid: 33301)，先发送 SIGINT...
[0;32m[dclp_nav][0m rosbag: 旧进程已清理

[0;36m══════════════════════════════════════════[0m
[0;36m  安全观测完成（不计作 REACHED）[0m
[0;36m══════════════════════════════════════════[0m

组件仍在后台运行。停止: /home/unitree/qyw/dclp_20260710_reproduction/dclp_deploy/robots/unitree_go2/start_dclp_nav.sh --stop
