[INFO] [1784478174.429987893] [dclp_go2_policy_ros2]: trajectory log enabled: /home/unitree/qyw/dclp_20260710_reproduction/runs/20260720_002223_577097983_S2L_r1_c1_final_off_live/trajectory/trajectory.csv (rate=2.00 Hz)
[INFO] [1784478174.441057919] [dclp_go2_policy_ros2]: Go2 DCLP policy ready: backend={"action_dim": 2, "backend_type": "pth", "checkpoint_meta": {"T": 1010000, "episode": 16356, "test_time": 101}, "deterministic_rule": "highest_weight_component_tanh_mu", "device": "cpu", "model_path": "/home/unitree/qyw/dclp_20260710_reproduction/models/dclp/V1_41lambda1_101.pth", "obs_dim": 548, "policy_id": "V1_41lambda1_101.pth"} scan=/scan odom=/odom goal=/move_base_simple/goal rel_goal=/dclp_relative_goal global=odom zmq=tcp://*:5596 rate=20.0Hz scan_stamp_timeout=0.30s experiment=20260720_002223_577097983_S2L_r1_c1_final_off_live profile=c1_final_off compensation=off mapping=range limiter=last_cmd_dt config={"accel_limiter_mode":"last_cmd_dt","action_mapping_mode":"range","backend":{"action_dim":2,"backend_type":"pth","checkpoint_meta":{"T":1010000,"episode":16356,"test_time":101},"deterministic_rule":"highest_weight_component_tanh_mu","device":"cpu","model_path":"/home/unitree/qyw/dclp_20260710_reproduction/models/dclp/V1_41lambda1_101.pth","obs_dim":548,"policy_id":"V1_41lambda1_101.pth"},"cap_angular":1.5708,"cap_linear":1.5,"compensation_available":true,"compensation_mode":"off","compensation_source":"/home/unitree/qyw/dclp_20260710_reproduction/dclp_deploy/robots/unitree_go2/velocity_compensation.py","compensation_source_sha256":"53f5318dde1c9965c6c7177ae72e8200b85b26c8b9143ecb9dcc5d356a458000","control_period_sec":0.02,"control_rate_hz":20.0,"dclp_length1":0.504,"dclp_length2":0.504,"dclp_width":0.4464,"deploy_core_source":"/home/unitree/qyw/dclp_20260710_reproduction/dclp_deploy/dclp_deploy_core.py","deploy_core_source_sha256":"df6c78b263454c8bf8fb616de9dff7d268f6f48fe40127c299dd56455464e7de","experiment_id":"20260720_002223_577097983_S2L_r1_c1_final_off_live","experiment_profile":"c1_final_off","floor_angular":0.0,"floor_linear":0.0,"goal_topic":"/move_base_simple/goal","max_angular":0.83776,"max_angular_acc":3.0,"max_linear":0.9,"max_linear_acc":3.0,"min_angular":0.27928,"min_linear":0.29997,"model_path":"/home/unitree/qyw/dclp_20260710_reproduction/models/dclp/V1_41lambda1_101.pth","model_sha256":"dacaf9fc45da536ae6b45cdbedc949370b7828fac4cadcf40ebedabc4080c452","odom_topic":"/odom","pid":15640,"policy_source":"/home/unitree/qyw/dclp_20260710_reproduction/dclp_deploy/robots/unitree_go2/dclp_go2_policy_ros2.py","policy_source_sha256":"66d8558d2f68a7caef976ef59ba74070b99af27b8fe4af35b8b0dc6a68228997","relative_goal_topic":"/dclp_relative_goal","scan_topic":"/scan","schema_version":1,"speed_scale":1.0,"straighten_front_clear_angle":0.35,"straighten_front_clear_range":1.2,"straighten_front_goal_angle":0.0,"straighten_front_goal_w_limit":0.0,"trajectory_log_path":"/home/unitree/qyw/dclp_20260710_reproduction/runs/20260720_002223_577097983_S2L_r1_c1_final_off_live/trajectory/trajectory.csv","written_at":"2026-07-20T00:22:54"}
[INFO] [1784478174.444554110] [dclp_go2_policy_ros2]: received first scan: frame=base_link beams=1081
[INFO] [1784478174.446236232] [dclp_go2_policy_ros2]: received first odom: frame=odom child=base_link
[WARN] [1784478174.492183163] [dclp_go2_policy_ros2]: DCLP stop: waiting goal
[WARN] [1784478176.541807327] [dclp_go2_policy_ros2]: DCLP stop: waiting goal
[WARN] [1784478178.591569667] [dclp_go2_policy_ros2]: DCLP stop: waiting goal
[WARN] [1784478180.591959763] [dclp_go2_policy_ros2]: DCLP stop: waiting goal
[WARN] [1784478182.641475177] [dclp_go2_policy_ros2]: DCLP stop: waiting goal
[WARN] [1784478184.642286401] [dclp_go2_policy_ros2]: DCLP stop: waiting goal
[WARN] [1784478186.691838554] [dclp_go2_policy_ros2]: DCLP stop: waiting goal
[WARN] [1784478188.692436833] [dclp_go2_policy_ros2]: DCLP stop: waiting goal
[INFO] [1784478189.713724337] [dclp_go2_policy_ros2]: received relative goal: right=0.000 forward=4.000 -> global=(4.012, -0.098) frame=odom
[INFO] [1784478189.751251676] [dclp_go2_policy_ros2]: ⏱ v=0.086 w=-0.086 dist=4.00 | total=9.1ms (tf=0.2 feat=0.4 infer=2.7 conv=4.2) | e2e_scan→cmd=42.2ms | cov=90/90
[INFO] [1784478190.247915483] [dclp_go2_policy_ros2]: ⏱ v=0.899 w=-0.753 dist=3.91 | total=6.3ms (tf=0.1 feat=0.4 infer=2.5 conv=2.3) | e2e_scan→cmd=39.7ms | cov=90/90
[INFO] [1784478190.747853354] [dclp_go2_policy_ros2]: ⏱ v=0.899 w=-0.182 dist=3.62 | total=6.4ms (tf=0.1 feat=0.4 infer=2.6 conv=2.3) | e2e_scan→cmd=39.8ms | cov=90/90
[INFO] [1784478191.247921933] [dclp_go2_policy_ros2]: ⏱ v=0.809 w=-0.352 dist=3.32 | total=6.4ms (tf=0.1 feat=0.4 infer=2.6 conv=2.3) | e2e_scan→cmd=38.7ms | cov=90/90
[INFO] [1784478191.747723139] [dclp_go2_policy_ros2]: ⏱ v=-0.450 w=-0.607 dist=3.08 | total=6.2ms (tf=0.1 feat=0.3 infer=2.5 conv=2.3) | e2e_scan→cmd=38.7ms | cov=90/90
[INFO] [1784478192.247809434] [dclp_go2_policy_ros2]: ⏱ v=-0.593 w=-0.468 dist=3.18 | total=6.3ms (tf=0.1 feat=0.4 infer=2.5 conv=2.3) | e2e_scan→cmd=38.7ms | cov=90/90
[INFO] [1784478192.753243271] [dclp_go2_policy_ros2]: ⏱ v=0.202 w=-0.417 dist=3.24 | total=10.3ms (tf=0.1 feat=0.7 infer=3.1 conv=3.6) | e2e_scan→cmd=43.8ms | cov=90/90
[INFO] [1784478193.248344674] [dclp_go2_policy_ros2]: ⏱ v=0.887 w=-0.104 dist=3.22 | total=7.0ms (tf=0.2 feat=0.4 infer=2.6 conv=2.5) | e2e_scan→cmd=39.3ms | cov=90/90
[INFO] [1784478193.747658455] [dclp_go2_policy_ros2]: ⏱ v=0.900 w=0.802 dist=3.18 | total=6.4ms (tf=0.1 feat=0.4 infer=2.5 conv=2.3) | e2e_scan→cmd=38.4ms | cov=90/90
[INFO] [1784478194.247188328] [dclp_go2_policy_ros2]: ⏱ v=0.900 w=0.833 dist=3.08 | total=6.0ms (tf=0.1 feat=0.3 infer=2.5 conv=2.2) | e2e_scan→cmd=38.1ms | cov=90/90
[INFO] [1784478194.748998937] [dclp_go2_policy_ros2]: ⏱ v=0.900 w=0.824 dist=2.87 | total=7.5ms (tf=0.2 feat=0.4 infer=2.8 conv=2.9) | e2e_scan→cmd=40.6ms | cov=90/90
[INFO] [1784478195.247680730] [dclp_go2_policy_ros2]: ⏱ v=0.899 w=0.683 dist=2.64 | total=6.3ms (tf=0.1 feat=0.3 infer=2.6 conv=2.3) | e2e_scan→cmd=38.4ms | cov=90/90
[INFO] [1784478195.747703247] [dclp_go2_policy_ros2]: ⏱ v=0.900 w=0.604 dist=2.36 | total=6.4ms (tf=0.1 feat=0.3 infer=2.6 conv=2.3) | e2e_scan→cmd=38.4ms | cov=90/90
[INFO] [1784478196.247256362] [dclp_go2_policy_ros2]: ⏱ v=0.900 w=0.609 dist=2.05 | total=6.0ms (tf=0.1 feat=0.3 infer=2.5 conv=2.2) | e2e_scan→cmd=38.0ms | cov=90/90
[INFO] [1784478196.747497382] [dclp_go2_policy_ros2]: ⏱ v=0.900 w=0.430 dist=1.74 | total=6.2ms (tf=0.1 feat=0.3 infer=2.5 conv=2.3) | e2e_scan→cmd=38.3ms | cov=90/90
[INFO] [1784478197.247140861] [dclp_go2_policy_ros2]: ⏱ v=0.899 w=0.466 dist=1.42 | total=6.0ms (tf=0.1 feat=0.3 infer=2.5 conv=2.2) | e2e_scan→cmd=37.8ms | cov=90/90
[INFO] [1784478197.747981500] [dclp_go2_policy_ros2]: ⏱ v=0.898 w=0.429 dist=1.09 | total=6.6ms (tf=0.1 feat=0.3 infer=2.6 conv=2.4) | e2e_scan→cmd=38.5ms | cov=90/90
[INFO] [1784478198.247616487] [dclp_go2_policy_ros2]: ⏱ v=0.898 w=0.481 dist=0.78 | total=6.5ms (tf=0.1 feat=0.3 infer=2.5 conv=2.2) | e2e_scan→cmd=38.4ms | cov=90/90
[INFO] [1784478198.747821449] [dclp_go2_policy_ros2]: ⏱ v=0.897 w=0.661 dist=0.47 | total=6.7ms (tf=0.1 feat=0.3 infer=2.5 conv=2.3) | e2e_scan→cmd=38.6ms | cov=90/90
[WARN] [1784478198.892200885] [dclp_go2_policy_ros2]: DCLP stop: goal reached
[WARN] [1784478200.892939787] [dclp_go2_policy_ros2]: DCLP stop: goal reached
[WARN] [1784478202.942340835] [dclp_go2_policy_ros2]: DCLP stop: goal reached
[WARN] [1784478204.992675432] [dclp_go2_policy_ros2]: DCLP stop: goal reached
[WARN] [1784478207.042456553] [dclp_go2_policy_ros2]: DCLP stop: goal reached
[WARN] [1784478209.042510924] [dclp_go2_policy_ros2]: DCLP stop: goal reached
[WARN] [1784478211.092149004] [dclp_go2_policy_ros2]: DCLP stop: goal reached
[WARN] [1784478213.142013368] [dclp_go2_policy_ros2]: DCLP stop: goal reached
[WARN] [1784478215.192310212] [dclp_go2_policy_ros2]: DCLP stop: goal reached
[WARN] [1784478217.192335835] [dclp_go2_policy_ros2]: DCLP stop: goal reached
