[INFO] [1784478332.672400277] [dclp_go2_policy_ros2]: trajectory log enabled: /home/unitree/qyw/dclp_20260710_reproduction/runs/20260720_002502_360337038_S2L_r1_c1_final_off_live/trajectory/trajectory.csv (rate=2.00 Hz)
[INFO] [1784478332.681125899] [dclp_go2_policy_ros2]: Go2 DCLP policy ready: backend={"action_dim": 2, "backend_type": "pth", "checkpoint_meta": {"T": 1010000, "episode": 16356, "test_time": 101}, "deterministic_rule": "highest_weight_component_tanh_mu", "device": "cpu", "model_path": "/home/unitree/qyw/dclp_20260710_reproduction/models/dclp/V1_41lambda1_101.pth", "obs_dim": 548, "policy_id": "V1_41lambda1_101.pth"} scan=/scan odom=/odom goal=/move_base_simple/goal rel_goal=/dclp_relative_goal global=odom zmq=tcp://*:5596 rate=20.0Hz scan_stamp_timeout=0.30s experiment=20260720_002502_360337038_S2L_r1_c1_final_off_live profile=c1_final_off compensation=off mapping=range limiter=last_cmd_dt config={"accel_limiter_mode":"last_cmd_dt","action_mapping_mode":"range","backend":{"action_dim":2,"backend_type":"pth","checkpoint_meta":{"T":1010000,"episode":16356,"test_time":101},"deterministic_rule":"highest_weight_component_tanh_mu","device":"cpu","model_path":"/home/unitree/qyw/dclp_20260710_reproduction/models/dclp/V1_41lambda1_101.pth","obs_dim":548,"policy_id":"V1_41lambda1_101.pth"},"cap_angular":1.5708,"cap_linear":1.5,"compensation_available":true,"compensation_mode":"off","compensation_source":"/home/unitree/qyw/dclp_20260710_reproduction/dclp_deploy/robots/unitree_go2/velocity_compensation.py","compensation_source_sha256":"53f5318dde1c9965c6c7177ae72e8200b85b26c8b9143ecb9dcc5d356a458000","control_period_sec":0.02,"control_rate_hz":20.0,"dclp_length1":0.504,"dclp_length2":0.504,"dclp_width":0.4464,"deploy_core_source":"/home/unitree/qyw/dclp_20260710_reproduction/dclp_deploy/dclp_deploy_core.py","deploy_core_source_sha256":"df6c78b263454c8bf8fb616de9dff7d268f6f48fe40127c299dd56455464e7de","experiment_id":"20260720_002502_360337038_S2L_r1_c1_final_off_live","experiment_profile":"c1_final_off","floor_angular":0.0,"floor_linear":0.0,"goal_topic":"/move_base_simple/goal","max_angular":0.83776,"max_angular_acc":3.0,"max_linear":0.9,"max_linear_acc":3.0,"min_angular":0.27928,"min_linear":0.29997,"model_path":"/home/unitree/qyw/dclp_20260710_reproduction/models/dclp/V1_41lambda1_101.pth","model_sha256":"dacaf9fc45da536ae6b45cdbedc949370b7828fac4cadcf40ebedabc4080c452","odom_topic":"/odom","pid":18358,"policy_source":"/home/unitree/qyw/dclp_20260710_reproduction/dclp_deploy/robots/unitree_go2/dclp_go2_policy_ros2.py","policy_source_sha256":"66d8558d2f68a7caef976ef59ba74070b99af27b8fe4af35b8b0dc6a68228997","relative_goal_topic":"/dclp_relative_goal","scan_topic":"/scan","schema_version":1,"speed_scale":1.0,"straighten_front_clear_angle":0.35,"straighten_front_clear_range":1.2,"straighten_front_goal_angle":0.0,"straighten_front_goal_w_limit":0.0,"trajectory_log_path":"/home/unitree/qyw/dclp_20260710_reproduction/runs/20260720_002502_360337038_S2L_r1_c1_final_off_live/trajectory/trajectory.csv","written_at":"2026-07-20T00:25:32"}
[INFO] [1784478332.684652116] [dclp_go2_policy_ros2]: received first scan: frame=base_link beams=1081
[INFO] [1784478332.686367225] [dclp_go2_policy_ros2]: received first odom: frame=odom child=base_link
[WARN] [1784478332.732050191] [dclp_go2_policy_ros2]: DCLP stop: waiting goal
[WARN] [1784478334.732668496] [dclp_go2_policy_ros2]: DCLP stop: waiting goal
[WARN] [1784478336.782286078] [dclp_go2_policy_ros2]: DCLP stop: waiting goal
[WARN] [1784478338.832041172] [dclp_go2_policy_ros2]: DCLP stop: waiting goal
[WARN] [1784478340.881685225] [dclp_go2_policy_ros2]: DCLP stop: waiting goal
[WARN] [1784478342.931870201] [dclp_go2_policy_ros2]: DCLP stop: waiting goal
[WARN] [1784478344.981553241] [dclp_go2_policy_ros2]: DCLP stop: waiting goal
[WARN] [1784478347.031566059] [dclp_go2_policy_ros2]: DCLP stop: waiting goal
[INFO] [1784478348.458221952] [dclp_go2_policy_ros2]: received relative goal: right=0.000 forward=4.000 -> global=(4.011, -0.094) frame=odom
[INFO] [1784478348.490328961] [dclp_go2_policy_ros2]: ⏱ v=-0.069 w=-0.069 dist=4.00 | total=9.2ms (tf=0.2 feat=0.4 infer=2.6 conv=4.1) | e2e_scan→cmd=39.4ms | cov=90/90
[INFO] [1784478348.988136869] [dclp_go2_policy_ros2]: ⏱ v=0.531 w=-0.835 dist=4.03 | total=7.0ms (tf=0.1 feat=0.4 infer=2.6 conv=2.4) | e2e_scan→cmd=37.1ms | cov=90/90
[INFO] [1784478349.488500060] [dclp_go2_policy_ros2]: ⏱ v=0.899 w=-0.562 dist=3.91 | total=7.2ms (tf=0.1 feat=0.4 infer=2.6 conv=2.4) | e2e_scan→cmd=37.4ms | cov=90/90
[INFO] [1784478349.988652117] [dclp_go2_policy_ros2]: ⏱ v=0.840 w=-0.145 dist=3.66 | total=7.1ms (tf=0.1 feat=0.4 infer=2.8 conv=2.7) | e2e_scan→cmd=37.3ms | cov=90/90
[INFO] [1784478350.487487689] [dclp_go2_policy_ros2]: ⏱ v=-0.183 w=-0.629 dist=3.43 | total=6.3ms (tf=0.1 feat=0.4 infer=2.5 conv=2.3) | e2e_scan→cmd=36.4ms | cov=90/90
[INFO] [1784478350.987299718] [dclp_go2_policy_ros2]: ⏱ v=-0.184 w=-0.387 dist=3.49 | total=6.1ms (tf=0.1 feat=0.3 infer=2.5 conv=2.3) | e2e_scan→cmd=36.1ms | cov=90/90
[INFO] [1784478351.488289453] [dclp_go2_policy_ros2]: ⏱ v=0.899 w=0.127 dist=3.49 | total=7.0ms (tf=0.1 feat=0.3 infer=2.7 conv=2.5) | e2e_scan→cmd=37.1ms | cov=90/90
[INFO] [1784478351.987959887] [dclp_go2_policy_ros2]: ⏱ v=0.899 w=0.720 dist=3.40 | total=6.6ms (tf=0.2 feat=0.3 infer=2.5 conv=2.4) | e2e_scan→cmd=36.8ms | cov=90/90
[INFO] [1784478352.487271793] [dclp_go2_policy_ros2]: ⏱ v=0.899 w=0.786 dist=3.31 | total=6.1ms (tf=0.1 feat=0.3 infer=2.5 conv=2.2) | e2e_scan→cmd=36.3ms | cov=90/90
[INFO] [1784478352.987361786] [dclp_go2_policy_ros2]: ⏱ v=0.899 w=0.701 dist=3.13 | total=6.2ms (tf=0.1 feat=0.3 infer=2.5 conv=2.3) | e2e_scan→cmd=36.3ms | cov=90/90
[INFO] [1784478353.487344485] [dclp_go2_policy_ros2]: ⏱ v=0.899 w=0.616 dist=2.88 | total=6.2ms (tf=0.1 feat=0.3 infer=2.4 conv=2.3) | e2e_scan→cmd=36.2ms | cov=90/90
[INFO] [1784478353.987647381] [dclp_go2_policy_ros2]: ⏱ v=0.899 w=0.556 dist=2.59 | total=6.4ms (tf=0.2 feat=0.4 infer=2.5 conv=2.4) | e2e_scan→cmd=36.6ms | cov=90/90
[INFO] [1784478354.487811366] [dclp_go2_policy_ros2]: ⏱ v=0.899 w=0.626 dist=2.29 | total=6.6ms (tf=0.1 feat=0.4 infer=2.8 conv=2.3) | e2e_scan→cmd=36.9ms | cov=90/90
[INFO] [1784478354.987150132] [dclp_go2_policy_ros2]: ⏱ v=0.899 w=0.619 dist=1.98 | total=6.0ms (tf=0.1 feat=0.3 infer=2.4 conv=2.2) | e2e_scan→cmd=36.1ms | cov=90/90
[INFO] [1784478355.487278345] [dclp_go2_policy_ros2]: ⏱ v=0.899 w=0.618 dist=1.68 | total=6.1ms (tf=0.1 feat=0.3 infer=2.4 conv=2.3) | e2e_scan→cmd=35.6ms | cov=90/90
[INFO] [1784478355.987446657] [dclp_go2_policy_ros2]: ⏱ v=0.899 w=0.626 dist=1.36 | total=6.1ms (tf=0.1 feat=0.3 infer=2.4 conv=2.2) | e2e_scan→cmd=36.2ms | cov=90/90
[INFO] [1784478356.487997276] [dclp_go2_policy_ros2]: ⏱ v=0.899 w=0.651 dist=1.04 | total=6.8ms (tf=0.1 feat=0.3 infer=2.5 conv=2.3) | e2e_scan→cmd=37.0ms | cov=90/90
[INFO] [1784478356.987258801] [dclp_go2_policy_ros2]: ⏱ v=0.898 w=0.656 dist=0.72 | total=6.1ms (tf=0.1 feat=0.3 infer=2.4 conv=2.2) | e2e_scan→cmd=36.1ms | cov=90/90
[INFO] [1784478357.487240428] [dclp_go2_policy_ros2]: ⏱ v=0.898 w=0.711 dist=0.40 | total=6.1ms (tf=0.1 feat=0.4 infer=2.4 conv=2.3) | e2e_scan→cmd=35.8ms | cov=90/90
[WARN] [1784478357.532450765] [dclp_go2_policy_ros2]: DCLP stop: goal reached
[WARN] [1784478359.532902943] [dclp_go2_policy_ros2]: DCLP stop: goal reached
[WARN] [1784478361.533138178] [dclp_go2_policy_ros2]: DCLP stop: goal reached
[WARN] [1784478363.582921776] [dclp_go2_policy_ros2]: DCLP stop: goal reached
[WARN] [1784478365.632152645] [dclp_go2_policy_ros2]: DCLP stop: goal reached
[WARN] [1784478367.681792389] [dclp_go2_policy_ros2]: DCLP stop: goal reached
