Setup unitree ros2 environment
[go2:sport] connecting zmq: tcp://192.168.123.222:5596
[go2:sport] auto-selected interface: eth0
[go2:sport] ChannelFactoryInitialize iface=eth0
[go2:sport] SportClient ready
[go2:sport] joystick commands disabled for DCLP
[go2:sport] gait switch 'economic' success
[go2:sport] obstacle avoid disabled
[go2:sport] remote-command source forced to API
[go2:sport] cmd#1 seq=87 policy_v=0.000 policy_w=0.000 sent_v=0.000 sent_w=0.000 ret=0 dt=0.0ms move_ms=0.2 policy_zmq_lag=36.1ms
[go2:sport] cmd#2 seq=88 policy_v=0.000 policy_w=0.000 sent_v=0.000 sent_w=0.000 ret=0 dt=13.9ms move_ms=0.3 policy_zmq_lag=0.5ms
[go2:sport] cmd#3 seq=89 policy_v=0.000 policy_w=0.000 sent_v=0.000 sent_w=0.000 ret=0 dt=50.7ms move_ms=0.4 policy_zmq_lag=0.6ms
[go2:sport] cmd#4 seq=90 policy_v=0.000 policy_w=0.000 sent_v=0.000 sent_w=0.000 ret=0 dt=49.7ms move_ms=0.4 policy_zmq_lag=0.5ms
[go2:sport] cmd#5 seq=91 policy_v=0.000 policy_w=0.000 sent_v=0.000 sent_w=0.000 ret=0 dt=49.7ms move_ms=0.4 policy_zmq_lag=0.5ms
[go2:sport] cmd#6 seq=92 policy_v=0.000 policy_w=0.000 sent_v=0.000 sent_w=0.000 ret=0 dt=50.0ms move_ms=0.5 policy_zmq_lag=0.5ms
[go2:sport] cmd#7 seq=93 policy_v=0.000 policy_w=0.000 sent_v=0.000 sent_w=0.000 ret=0 dt=50.1ms move_ms=0.4 policy_zmq_lag=0.5ms
[go2:sport] cmd#8 seq=94 policy_v=0.000 policy_w=0.000 sent_v=0.000 sent_w=0.000 ret=0 dt=50.9ms move_ms=0.4 policy_zmq_lag=0.6ms
[go2:sport] cmd#9 seq=95 policy_v=0.000 policy_w=0.000 sent_v=0.000 sent_w=0.000 ret=0 dt=49.0ms move_ms=0.4 policy_zmq_lag=0.5ms
[go2:sport] cmd#10 seq=96 policy_v=0.000 policy_w=0.000 sent_v=0.000 sent_w=0.000 ret=0 dt=50.3ms move_ms=0.4 policy_zmq_lag=0.6ms
[go2:sport] cmd#11 seq=97 policy_v=0.000 policy_w=0.000 sent_v=0.000 sent_w=0.000 ret=0 dt=50.0ms move_ms=0.4 policy_zmq_lag=0.6ms
[go2:sport] cmd#12 seq=98 policy_v=0.000 policy_w=0.000 sent_v=0.000 sent_w=0.000 ret=0 dt=49.8ms move_ms=0.4 policy_zmq_lag=0.6ms
[go2:sport] cmd#13 seq=99 policy_v=0.000 policy_w=0.000 sent_v=0.000 sent_w=0.000 ret=0 dt=50.1ms move_ms=0.4 policy_zmq_lag=0.5ms
[go2:sport] cmd#14 seq=100 policy_v=0.000 policy_w=0.000 sent_v=0.000 sent_w=0.000 ret=0 dt=50.1ms move_ms=0.5 policy_zmq_lag=0.7ms
[go2:sport] cmd#15 seq=101 policy_v=0.000 policy_w=0.000 sent_v=0.000 sent_w=0.000 ret=0 dt=50.5ms move_ms=0.4 policy_zmq_lag=0.5ms
[go2:sport] cmd#16 seq=102 policy_v=0.000 policy_w=0.000 sent_v=0.000 sent_w=0.000 ret=0 dt=49.3ms move_ms=0.4 policy_zmq_lag=0.5ms
[go2:sport] cmd#17 seq=103 policy_v=0.000 policy_w=0.000 sent_v=0.000 sent_w=0.000 ret=0 dt=50.1ms move_ms=0.4 policy_zmq_lag=0.5ms
[go2:sport] cmd#18 seq=104 policy_v=0.000 policy_w=0.000 sent_v=0.000 sent_w=0.000 ret=0 dt=50.5ms move_ms=0.4 policy_zmq_lag=0.6ms
[go2:sport] cmd#19 seq=105 policy_v=0.000 policy_w=0.000 sent_v=0.000 sent_w=0.000 ret=0 dt=50.6ms move_ms=0.4 policy_zmq_lag=0.5ms
[go2:sport] cmd#20 seq=106 policy_v=0.000 policy_w=0.000 sent_v=0.000 sent_w=0.000 ret=0 dt=48.8ms move_ms=0.5 policy_zmq_lag=0.5ms
[go2:sport] cmd#21 seq=107 policy_v=0.000 policy_w=0.000 sent_v=0.000 sent_w=0.000 ret=0 dt=50.3ms move_ms=0.5 policy_zmq_lag=0.6ms
[go2:sport] cmd#22 seq=108 policy_v=0.000 policy_w=0.000 sent_v=0.000 sent_w=0.000 ret=0 dt=49.8ms move_ms=0.4 policy_zmq_lag=0.6ms
[go2:sport] cmd#23 seq=109 policy_v=0.000 policy_w=0.000 sent_v=0.000 sent_w=0.000 ret=0 dt=50.1ms move_ms=0.5 policy_zmq_lag=0.6ms
[go2:sport] cmd#24 seq=110 policy_v=0.000 policy_w=0.000 sent_v=0.000 sent_w=0.000 ret=0 dt=50.1ms move_ms=0.5 policy_zmq_lag=0.6ms
[go2:sport] cmd#25 seq=111 policy_v=0.000 policy_w=0.000 sent_v=0.000 sent_w=0.000 ret=0 dt=50.1ms move_ms=0.5 policy_zmq_lag=0.6ms
[go2:sport] cmd#26 seq=112 policy_v=0.000 policy_w=0.000 sent_v=0.000 sent_w=0.000 ret=0 dt=49.6ms move_ms=0.4 policy_zmq_lag=0.5ms
[go2:sport] cmd#27 seq=113 policy_v=0.000 policy_w=0.000 sent_v=0.000 sent_w=0.000 ret=0 dt=51.0ms move_ms=0.5 policy_zmq_lag=0.5ms
[go2:sport] cmd#28 seq=114 policy_v=0.000 policy_w=0.000 sent_v=0.000 sent_w=0.000 ret=0 dt=49.3ms move_ms=0.4 policy_zmq_lag=0.5ms
[go2:sport] cmd#29 seq=115 policy_v=0.000 policy_w=0.000 sent_v=0.000 sent_w=0.000 ret=0 dt=51.4ms move_ms=0.5 policy_zmq_lag=0.5ms
[go2:sport] cmd#30 seq=116 policy_v=0.000 policy_w=0.000 sent_v=0.000 sent_w=0.000 ret=0 dt=48.2ms move_ms=0.5 policy_zmq_lag=0.6ms
[go2:sport] cmd#31 seq=117 policy_v=0.000 policy_w=0.000 sent_v=0.000 sent_w=0.000 ret=0 dt=50.0ms move_ms=0.5 policy_zmq_lag=0.6ms
[go2:sport] cmd#32 seq=118 policy_v=0.000 policy_w=0.000 sent_v=0.000 sent_w=0.000 ret=0 dt=50.7ms move_ms=0.5 policy_zmq_lag=0.6ms
[go2:sport] cmd#33 seq=119 policy_v=0.000 policy_w=0.000 sent_v=0.000 sent_w=0.000 ret=0 dt=49.6ms move_ms=0.5 policy_zmq_lag=0.5ms
[go2:sport] cmd#34 seq=120 policy_v=0.000 policy_w=0.000 sent_v=0.000 sent_w=0.000 ret=0 dt=50.5ms move_ms=0.5 policy_zmq_lag=0.6ms
[go2:sport] cmd#35 seq=121 policy_v=0.000 policy_w=0.000 sent_v=0.000 sent_w=0.000 ret=0 dt=49.7ms move_ms=0.4 policy_zmq_lag=0.5ms
[go2:sport] cmd#36 seq=122 policy_v=0.000 policy_w=0.000 sent_v=0.000 sent_w=0.000 ret=0 dt=50.0ms move_ms=0.3 policy_zmq_lag=0.5ms
[go2:sport] cmd#37 seq=123 policy_v=0.000 policy_w=0.000 sent_v=0.000 sent_w=0.000 ret=0 dt=49.8ms move_ms=0.4 policy_zmq_lag=0.5ms
[go2:sport] cmd#38 seq=124 policy_v=0.000 policy_w=0.000 sent_v=0.000 sent_w=0.000 ret=0 dt=49.9ms move_ms=0.4 policy_zmq_lag=0.5ms
[go2:sport] cmd#39 seq=125 policy_v=0.000 policy_w=0.000 sent_v=0.000 sent_w=0.000 ret=0 dt=50.1ms move_ms=0.4 policy_zmq_lag=0.5ms
[go2:sport] cmd#40 seq=126 policy_v=0.000 policy_w=0.000 sent_v=0.000 sent_w=0.000 ret=0 dt=50.3ms move_ms=0.5 policy_zmq_lag=0.6ms
[go2:sport] cmd#41 seq=127 policy_v=0.000 policy_w=0.000 sent_v=0.000 sent_w=0.000 ret=0 dt=49.7ms move_ms=0.4 policy_zmq_lag=0.6ms
[go2:sport] cmd#42 seq=128 policy_v=0.000 policy_w=0.000 sent_v=0.000 sent_w=0.000 ret=0 dt=50.0ms move_ms=0.4 policy_zmq_lag=0.5ms
[go2:sport] cmd#43 seq=129 policy_v=0.000 policy_w=0.000 sent_v=0.000 sent_w=0.000 ret=0 dt=50.1ms move_ms=0.4 policy_zmq_lag=0.5ms
[go2:sport] cmd#44 seq=130 policy_v=0.000 policy_w=0.000 sent_v=0.000 sent_w=0.000 ret=0 dt=49.9ms move_ms=0.4 policy_zmq_lag=0.6ms
[go2:sport] cmd#45 seq=131 policy_v=0.000 policy_w=0.000 sent_v=0.000 sent_w=0.000 ret=0 dt=50.0ms move_ms=0.4 policy_zmq_lag=0.6ms
[go2:sport] cmd#46 seq=132 policy_v=0.000 policy_w=0.000 sent_v=0.000 sent_w=0.000 ret=0 dt=50.2ms move_ms=0.4 policy_zmq_lag=0.5ms
[go2:sport] cmd#47 seq=133 policy_v=0.000 policy_w=0.000 sent_v=0.000 sent_w=0.000 ret=0 dt=49.9ms move_ms=0.5 policy_zmq_lag=0.5ms
[go2:sport] cmd#48 seq=134 policy_v=0.000 policy_w=0.000 sent_v=0.000 sent_w=0.000 ret=0 dt=50.3ms move_ms=0.4 policy_zmq_lag=0.6ms
[go2:sport] cmd#49 seq=135 policy_v=0.000 policy_w=0.000 sent_v=0.000 sent_w=0.000 ret=0 dt=49.5ms move_ms=0.6 policy_zmq_lag=0.6ms
[go2:sport] cmd#50 seq=136 policy_v=0.000 policy_w=0.000 sent_v=0.000 sent_w=0.000 ret=0 dt=50.1ms move_ms=0.4 policy_zmq_lag=0.5ms
[go2:sport] cmd#51 seq=137 policy_v=0.000 policy_w=0.000 sent_v=0.000 sent_w=0.000 ret=0 dt=50.1ms move_ms=0.5 policy_zmq_lag=0.7ms
[go2:sport] cmd#52 seq=138 policy_v=0.000 policy_w=0.000 sent_v=0.000 sent_w=0.000 ret=0 dt=50.0ms move_ms=0.5 policy_zmq_lag=0.5ms
[go2:sport] cmd#53 seq=139 policy_v=0.000 policy_w=0.000 sent_v=0.000 sent_w=0.000 ret=0 dt=49.8ms move_ms=0.4 policy_zmq_lag=0.5ms
[go2:sport] cmd#54 seq=140 policy_v=0.000 policy_w=0.000 sent_v=0.000 sent_w=0.000 ret=0 dt=50.2ms move_ms=0.4 policy_zmq_lag=0.6ms
[go2:sport] cmd#55 seq=141 policy_v=0.000 policy_w=0.000 sent_v=0.000 sent_w=0.000 ret=0 dt=49.9ms move_ms=0.4 policy_zmq_lag=0.5ms
[go2:sport] cmd#56 seq=142 policy_v=0.000 policy_w=0.000 sent_v=0.000 sent_w=0.000 ret=0 dt=49.9ms move_ms=0.4 policy_zmq_lag=0.5ms
[go2:sport] cmd#57 seq=143 policy_v=0.000 policy_w=0.000 sent_v=0.000 sent_w=0.000 ret=0 dt=50.0ms move_ms=0.4 policy_zmq_lag=0.5ms
[go2:sport] cmd#58 seq=144 policy_v=0.000 policy_w=0.000 sent_v=0.000 sent_w=0.000 ret=0 dt=50.3ms move_ms=0.4 policy_zmq_lag=0.5ms
[go2:sport] cmd#59 seq=145 policy_v=0.000 policy_w=0.000 sent_v=0.000 sent_w=0.000 ret=0 dt=50.0ms move_ms=0.6 policy_zmq_lag=0.6ms
[go2:sport] cmd#60 seq=146 policy_v=0.000 policy_w=0.000 sent_v=0.000 sent_w=0.000 ret=0 dt=50.1ms move_ms=0.5 policy_zmq_lag=0.7ms
[go2:sport] cmd#61 seq=147 policy_v=0.000 policy_w=0.000 sent_v=0.000 sent_w=0.000 ret=0 dt=49.7ms move_ms=0.4 policy_zmq_lag=0.5ms
[go2:sport] cmd#62 seq=148 policy_v=0.000 policy_w=0.000 sent_v=0.000 sent_w=0.000 ret=0 dt=50.1ms move_ms=0.4 policy_zmq_lag=0.5ms
[go2:sport] cmd#63 seq=149 policy_v=0.000 policy_w=0.000 sent_v=0.000 sent_w=0.000 ret=0 dt=49.8ms move_ms=0.4 policy_zmq_lag=0.5ms
[go2:sport] cmd#64 seq=150 policy_v=0.000 policy_w=0.000 sent_v=0.000 sent_w=0.000 ret=0 dt=50.1ms move_ms=0.4 policy_zmq_lag=0.5ms
[go2:sport] cmd#65 seq=151 policy_v=0.000 policy_w=0.000 sent_v=0.000 sent_w=0.000 ret=0 dt=49.9ms move_ms=0.4 policy_zmq_lag=0.5ms
[go2:sport] cmd#66 seq=152 policy_v=0.000 policy_w=0.000 sent_v=0.000 sent_w=0.000 ret=0 dt=49.9ms move_ms=0.4 policy_zmq_lag=0.5ms
[go2:sport] cmd#67 seq=153 policy_v=0.000 policy_w=0.000 sent_v=0.000 sent_w=0.000 ret=0 dt=50.2ms move_ms=0.4 policy_zmq_lag=0.5ms
[go2:sport] cmd#68 seq=154 policy_v=0.000 policy_w=0.000 sent_v=0.000 sent_w=0.000 ret=0 dt=50.0ms move_ms=0.4 policy_zmq_lag=0.5ms
[go2:sport] cmd#69 seq=155 policy_v=0.000 policy_w=0.000 sent_v=0.000 sent_w=0.000 ret=0 dt=50.1ms move_ms=0.5 policy_zmq_lag=0.6ms
[go2:sport] cmd#70 seq=156 policy_v=0.000 policy_w=0.000 sent_v=0.000 sent_w=0.000 ret=0 dt=49.7ms move_ms=0.4 policy_zmq_lag=0.5ms
[go2:sport] cmd#71 seq=157 policy_v=0.000 policy_w=0.000 sent_v=0.000 sent_w=0.000 ret=0 dt=50.5ms move_ms=0.4 policy_zmq_lag=0.6ms
[go2:sport] cmd#72 seq=158 policy_v=0.000 policy_w=0.000 sent_v=0.000 sent_w=0.000 ret=0 dt=49.7ms move_ms=0.5 policy_zmq_lag=0.6ms
[go2:sport] cmd#73 seq=159 policy_v=0.000 policy_w=0.000 sent_v=0.000 sent_w=0.000 ret=0 dt=49.8ms move_ms=0.4 policy_zmq_lag=0.5ms
[go2:sport] cmd#74 seq=160 policy_v=0.000 policy_w=0.000 sent_v=0.000 sent_w=0.000 ret=0 dt=50.0ms move_ms=0.4 policy_zmq_lag=0.6ms
[go2:sport] cmd#75 seq=161 policy_v=0.000 policy_w=0.000 sent_v=0.000 sent_w=0.000 ret=0 dt=50.0ms move_ms=0.4 policy_zmq_lag=0.5ms
[go2:sport] cmd#76 seq=162 policy_v=0.000 policy_w=0.000 sent_v=0.000 sent_w=0.000 ret=0 dt=50.3ms move_ms=0.5 policy_zmq_lag=0.6ms
[go2:sport] cmd#77 seq=163 policy_v=0.000 policy_w=0.000 sent_v=0.000 sent_w=0.000 ret=0 dt=50.0ms move_ms=0.5 policy_zmq_lag=0.6ms
[go2:sport] cmd#78 seq=164 policy_v=0.000 policy_w=0.000 sent_v=0.000 sent_w=0.000 ret=0 dt=50.0ms move_ms=0.5 policy_zmq_lag=0.7ms
[go2:sport] cmd#79 seq=165 policy_v=0.000 policy_w=0.000 sent_v=0.000 sent_w=0.000 ret=0 dt=50.2ms move_ms=0.5 policy_zmq_lag=0.6ms
[go2:sport] cmd#80 seq=166 policy_v=0.000 policy_w=0.000 sent_v=0.000 sent_w=0.000 ret=0 dt=49.7ms move_ms=0.5 policy_zmq_lag=0.6ms
[go2:sport] cmd#81 seq=167 policy_v=0.000 policy_w=0.000 sent_v=0.000 sent_w=0.000 ret=0 dt=50.0ms move_ms=0.4 policy_zmq_lag=0.5ms
[go2:sport] cmd#82 seq=168 policy_v=0.000 policy_w=0.000 sent_v=0.000 sent_w=0.000 ret=0 dt=49.9ms move_ms=0.4 policy_zmq_lag=0.5ms
[go2:sport] cmd#83 seq=169 policy_v=0.000 policy_w=0.000 sent_v=0.000 sent_w=0.000 ret=0 dt=49.9ms move_ms=0.4 policy_zmq_lag=0.5ms
[go2:sport] cmd#84 seq=170 policy_v=0.000 policy_w=0.000 sent_v=0.000 sent_w=0.000 ret=0 dt=49.9ms move_ms=0.4 policy_zmq_lag=0.6ms
[go2:sport] cmd#85 seq=171 policy_v=0.000 policy_w=0.000 sent_v=0.000 sent_w=0.000 ret=0 dt=50.0ms move_ms=0.4 policy_zmq_lag=0.5ms
[go2:sport] cmd#86 seq=172 policy_v=0.000 policy_w=0.000 sent_v=0.000 sent_w=0.000 ret=0 dt=50.3ms move_ms=0.4 policy_zmq_lag=0.5ms
[go2:sport] cmd#87 seq=173 policy_v=0.000 policy_w=0.000 sent_v=0.000 sent_w=0.000 ret=0 dt=49.7ms move_ms=0.4 policy_zmq_lag=0.5ms
[go2:sport] cmd#88 seq=174 policy_v=0.000 policy_w=0.000 sent_v=0.000 sent_w=0.000 ret=0 dt=50.4ms move_ms=0.4 policy_zmq_lag=0.5ms
[go2:sport] cmd#89 seq=175 policy_v=0.000 policy_w=0.000 sent_v=0.000 sent_w=0.000 ret=0 dt=50.0ms move_ms=0.4 policy_zmq_lag=0.5ms
[go2:sport] cmd#90 seq=176 policy_v=0.000 policy_w=0.000 sent_v=0.000 sent_w=0.000 ret=0 dt=49.9ms move_ms=0.4 policy_zmq_lag=0.5ms
[go2:sport] cmd#91 seq=177 policy_v=0.000 policy_w=0.000 sent_v=0.000 sent_w=0.000 ret=0 dt=50.1ms move_ms=0.5 policy_zmq_lag=0.7ms
[go2:sport] cmd#92 seq=178 policy_v=0.000 policy_w=0.000 sent_v=0.000 sent_w=0.000 ret=0 dt=49.8ms move_ms=0.5 policy_zmq_lag=0.7ms
[go2:sport] cmd#93 seq=179 policy_v=0.000 policy_w=0.000 sent_v=0.000 sent_w=0.000 ret=0 dt=50.3ms move_ms=0.4 policy_zmq_lag=0.5ms
[go2:sport] cmd#94 seq=180 policy_v=0.000 policy_w=0.000 sent_v=0.000 sent_w=0.000 ret=0 dt=49.8ms move_ms=0.4 policy_zmq_lag=0.5ms
[go2:sport] cmd#95 seq=181 policy_v=0.000 policy_w=0.000 sent_v=0.000 sent_w=0.000 ret=0 dt=49.9ms move_ms=0.4 policy_zmq_lag=0.5ms
[go2:sport] cmd#96 seq=182 policy_v=0.000 policy_w=0.000 sent_v=0.000 sent_w=0.000 ret=0 dt=50.3ms move_ms=0.4 policy_zmq_lag=0.5ms
[go2:sport] cmd#97 seq=183 policy_v=0.000 policy_w=0.000 sent_v=0.000 sent_w=0.000 ret=0 dt=50.0ms move_ms=0.4 policy_zmq_lag=0.5ms
[go2:sport] cmd#98 seq=184 policy_v=0.000 policy_w=0.000 sent_v=0.000 sent_w=0.000 ret=0 dt=50.4ms move_ms=0.4 policy_zmq_lag=0.6ms
[go2:sport] cmd#99 seq=185 policy_v=0.000 policy_w=0.000 sent_v=0.000 sent_w=0.000 ret=0 dt=50.0ms move_ms=0.6 policy_zmq_lag=0.6ms
[go2:sport] cmd#100 seq=186 policy_v=0.000 policy_w=0.000 sent_v=0.000 sent_w=0.000 ret=0 dt=49.6ms move_ms=0.4 policy_zmq_lag=0.5ms
[go2:sport] cmd#101 seq=187 policy_v=0.000 policy_w=0.000 sent_v=0.000 sent_w=0.000 ret=0 dt=50.2ms move_ms=0.8 policy_zmq_lag=0.6ms
[go2:sport] cmd#102 seq=188 policy_v=0.000 policy_w=0.000 sent_v=0.000 sent_w=0.000 ret=0 dt=49.7ms move_ms=0.5 policy_zmq_lag=0.6ms
[go2:sport] cmd#103 seq=189 policy_v=0.000 policy_w=0.000 sent_v=0.000 sent_w=0.000 ret=0 dt=50.1ms move_ms=0.4 policy_zmq_lag=0.5ms
[go2:sport] cmd#104 seq=190 policy_v=0.000 policy_w=0.000 sent_v=0.000 sent_w=0.000 ret=0 dt=50.1ms move_ms=0.4 policy_zmq_lag=0.5ms
[go2:sport] cmd#105 seq=191 policy_v=0.000 policy_w=0.000 sent_v=0.000 sent_w=0.000 ret=0 dt=49.9ms move_ms=0.4 policy_zmq_lag=0.5ms
[go2:sport] cmd#106 seq=192 policy_v=0.000 policy_w=0.000 sent_v=0.000 sent_w=0.000 ret=0 dt=50.1ms move_ms=0.4 policy_zmq_lag=0.6ms
[go2:sport] cmd#107 seq=193 policy_v=0.000 policy_w=0.000 sent_v=0.000 sent_w=0.000 ret=0 dt=50.0ms move_ms=0.5 policy_zmq_lag=0.6ms
[go2:sport] cmd#108 seq=194 policy_v=0.000 policy_w=0.000 sent_v=0.000 sent_w=0.000 ret=0 dt=50.5ms move_ms=0.4 policy_zmq_lag=0.7ms
[go2:sport] cmd#109 seq=195 policy_v=0.000 policy_w=0.000 sent_v=0.000 sent_w=0.000 ret=0 dt=49.2ms move_ms=0.4 policy_zmq_lag=0.5ms
[go2:sport] cmd#110 seq=196 policy_v=0.000 policy_w=0.000 sent_v=0.000 sent_w=0.000 ret=0 dt=52.5ms move_ms=0.4 policy_zmq_lag=0.7ms
[go2:sport] cmd#111 seq=197 policy_v=0.000 policy_w=0.000 sent_v=0.000 sent_w=0.000 ret=0 dt=47.6ms move_ms=0.4 policy_zmq_lag=0.6ms
[go2:sport] cmd#112 seq=198 policy_v=0.000 policy_w=0.000 sent_v=0.000 sent_w=0.000 ret=0 dt=49.8ms move_ms=0.4 policy_zmq_lag=0.6ms
[go2:sport] cmd#113 seq=199 policy_v=0.000 policy_w=0.000 sent_v=0.000 sent_w=0.000 ret=0 dt=50.3ms move_ms=0.5 policy_zmq_lag=0.6ms
[go2:sport] cmd#114 seq=200 policy_v=0.000 policy_w=0.000 sent_v=0.000 sent_w=0.000 ret=0 dt=49.9ms move_ms=0.4 policy_zmq_lag=0.5ms
[go2:sport] cmd#115 seq=201 policy_v=0.000 policy_w=0.000 sent_v=0.000 sent_w=0.000 ret=0 dt=49.6ms move_ms=0.4 policy_zmq_lag=0.5ms
[go2:sport] cmd#116 seq=202 policy_v=0.000 policy_w=0.000 sent_v=0.000 sent_w=0.000 ret=0 dt=50.1ms move_ms=0.4 policy_zmq_lag=0.6ms
[go2:sport] cmd#117 seq=203 policy_v=0.000 policy_w=0.000 sent_v=0.000 sent_w=0.000 ret=0 dt=50.0ms move_ms=0.4 policy_zmq_lag=0.6ms
[go2:sport] cmd#118 seq=204 policy_v=0.000 policy_w=0.000 sent_v=0.000 sent_w=0.000 ret=0 dt=50.3ms move_ms=0.4 policy_zmq_lag=0.5ms
[go2:sport] cmd#119 seq=205 policy_v=0.000 policy_w=0.000 sent_v=0.000 sent_w=0.000 ret=0 dt=50.7ms move_ms=0.4 policy_zmq_lag=0.6ms
[go2:sport] cmd#120 seq=206 policy_v=0.000 policy_w=0.000 sent_v=0.000 sent_w=0.000 ret=0 dt=49.1ms move_ms=0.5 policy_zmq_lag=0.5ms
[go2:sport] cmd#121 seq=207 policy_v=0.000 policy_w=0.000 sent_v=0.000 sent_w=0.000 ret=0 dt=50.2ms move_ms=0.4 policy_zmq_lag=0.6ms
[go2:sport] cmd#122 seq=208 policy_v=0.000 policy_w=0.000 sent_v=0.000 sent_w=0.000 ret=0 dt=49.9ms move_ms=0.5 policy_zmq_lag=0.6ms
[go2:sport] cmd#123 seq=209 policy_v=0.000 policy_w=0.000 sent_v=0.000 sent_w=0.000 ret=0 dt=50.0ms move_ms=0.4 policy_zmq_lag=0.5ms
[go2:sport] cmd#124 seq=210 policy_v=0.000 policy_w=0.000 sent_v=0.000 sent_w=0.000 ret=0 dt=49.7ms move_ms=0.4 policy_zmq_lag=0.6ms
[go2:sport] cmd#125 seq=211 policy_v=0.000 policy_w=0.000 sent_v=0.000 sent_w=0.000 ret=0 dt=50.5ms move_ms=0.4 policy_zmq_lag=0.5ms
[go2:sport] cmd#126 seq=212 policy_v=0.000 policy_w=0.000 sent_v=0.000 sent_w=0.000 ret=0 dt=49.8ms move_ms=0.4 policy_zmq_lag=0.6ms
[go2:sport] cmd#127 seq=213 policy_v=0.000 policy_w=0.000 sent_v=0.000 sent_w=0.000 ret=0 dt=49.9ms move_ms=0.4 policy_zmq_lag=0.5ms
[go2:sport] cmd#128 seq=214 policy_v=0.000 policy_w=0.000 sent_v=0.000 sent_w=0.000 ret=0 dt=50.0ms move_ms=0.4 policy_zmq_lag=0.5ms
[go2:sport] cmd#129 seq=215 policy_v=0.000 policy_w=0.000 sent_v=0.000 sent_w=0.000 ret=0 dt=50.1ms move_ms=0.4 policy_zmq_lag=0.5ms
[go2:sport] cmd#130 seq=216 policy_v=0.000 policy_w=0.000 sent_v=0.000 sent_w=0.000 ret=0 dt=49.9ms move_ms=0.4 policy_zmq_lag=0.5ms
[go2:sport] cmd#131 seq=217 policy_v=0.000 policy_w=0.000 sent_v=0.000 sent_w=0.000 ret=0 dt=50.2ms move_ms=0.4 policy_zmq_lag=0.6ms
[go2:sport] cmd#132 seq=218 policy_v=0.000 policy_w=0.000 sent_v=0.000 sent_w=0.000 ret=0 dt=49.9ms move_ms=0.4 policy_zmq_lag=0.5ms
[go2:sport] cmd#133 seq=219 policy_v=0.000 policy_w=0.000 sent_v=0.000 sent_w=0.000 ret=0 dt=49.9ms move_ms=0.4 policy_zmq_lag=0.5ms
[go2:sport] cmd#134 seq=220 policy_v=0.000 policy_w=0.000 sent_v=0.000 sent_w=0.000 ret=0 dt=50.0ms move_ms=0.4 policy_zmq_lag=0.5ms
[go2:sport] cmd#135 seq=221 policy_v=0.000 policy_w=0.000 sent_v=0.000 sent_w=0.000 ret=0 dt=50.1ms move_ms=0.6 policy_zmq_lag=0.6ms
[go2:sport] cmd#136 seq=222 policy_v=0.000 policy_w=0.000 sent_v=0.000 sent_w=0.000 ret=0 dt=50.3ms move_ms=0.4 policy_zmq_lag=0.5ms
[go2:sport] cmd#137 seq=223 policy_v=0.000 policy_w=0.000 sent_v=0.000 sent_w=0.000 ret=0 dt=49.7ms move_ms=0.4 policy_zmq_lag=0.6ms
[go2:sport] cmd#138 seq=224 policy_v=0.000 policy_w=0.000 sent_v=0.000 sent_w=0.000 ret=0 dt=49.8ms move_ms=0.4 policy_zmq_lag=0.5ms
[go2:sport] cmd#139 seq=225 policy_v=0.000 policy_w=0.000 sent_v=0.000 sent_w=0.000 ret=0 dt=50.1ms move_ms=0.4 policy_zmq_lag=0.5ms
[go2:sport] cmd#140 seq=226 policy_v=0.000 policy_w=0.000 sent_v=0.000 sent_w=0.000 ret=0 dt=49.7ms move_ms=0.4 policy_zmq_lag=0.5ms
[go2:sport] cmd#141 seq=227 policy_v=0.000 policy_w=0.000 sent_v=0.000 sent_w=0.000 ret=0 dt=50.2ms move_ms=0.4 policy_zmq_lag=0.5ms
[go2:sport] cmd#142 seq=228 policy_v=0.000 policy_w=0.000 sent_v=0.000 sent_w=0.000 ret=0 dt=50.0ms move_ms=0.4 policy_zmq_lag=0.5ms
[go2:sport] cmd#143 seq=229 policy_v=0.000 policy_w=0.000 sent_v=0.000 sent_w=0.000 ret=0 dt=50.0ms move_ms=0.4 policy_zmq_lag=0.6ms
[go2:sport] cmd#144 seq=230 policy_v=0.000 policy_w=0.000 sent_v=0.000 sent_w=0.000 ret=0 dt=49.9ms move_ms=0.5 policy_zmq_lag=0.7ms
[go2:sport] cmd#145 seq=231 policy_v=0.000 policy_w=0.000 sent_v=0.000 sent_w=0.000 ret=0 dt=50.4ms move_ms=0.5 policy_zmq_lag=0.6ms
[go2:sport] cmd#146 seq=232 policy_v=0.000 policy_w=0.000 sent_v=0.000 sent_w=0.000 ret=0 dt=49.7ms move_ms=0.4 policy_zmq_lag=0.5ms
[go2:sport] cmd#147 seq=233 policy_v=0.000 policy_w=0.000 sent_v=0.000 sent_w=0.000 ret=0 dt=49.9ms move_ms=0.4 policy_zmq_lag=0.6ms
[go2:sport] cmd#148 seq=234 policy_v=0.000 policy_w=0.000 sent_v=0.000 sent_w=0.000 ret=0 dt=50.6ms move_ms=0.5 policy_zmq_lag=0.6ms
[go2:sport] cmd#149 seq=235 policy_v=0.000 policy_w=0.000 sent_v=0.000 sent_w=0.000 ret=0 dt=49.8ms move_ms=0.4 policy_zmq_lag=0.6ms
[go2:sport] cmd#150 seq=236 policy_v=0.000 policy_w=0.000 sent_v=0.000 sent_w=0.000 ret=0 dt=49.7ms move_ms=0.4 policy_zmq_lag=0.5ms
[go2:sport] cmd#151 seq=237 policy_v=0.000 policy_w=0.000 sent_v=0.000 sent_w=0.000 ret=0 dt=49.8ms move_ms=0.4 policy_zmq_lag=0.5ms
[go2:sport] cmd#152 seq=238 policy_v=0.000 policy_w=0.000 sent_v=0.000 sent_w=0.000 ret=0 dt=50.4ms move_ms=0.4 policy_zmq_lag=0.5ms
[go2:sport] cmd#153 seq=239 policy_v=0.000 policy_w=0.000 sent_v=0.000 sent_w=0.000 ret=0 dt=49.7ms move_ms=0.4 policy_zmq_lag=0.5ms
[go2:sport] cmd#154 seq=240 policy_v=0.000 policy_w=0.000 sent_v=0.000 sent_w=0.000 ret=0 dt=50.3ms move_ms=0.4 policy_zmq_lag=0.6ms
[go2:sport] cmd#155 seq=241 policy_v=0.000 policy_w=0.000 sent_v=0.000 sent_w=0.000 ret=0 dt=50.0ms move_ms=0.4 policy_zmq_lag=0.5ms
[go2:sport] cmd#156 seq=242 policy_v=0.000 policy_w=0.000 sent_v=0.000 sent_w=0.000 ret=0 dt=50.3ms move_ms=0.4 policy_zmq_lag=0.5ms
[go2:sport] cmd#157 seq=243 policy_v=0.000 policy_w=0.000 sent_v=0.000 sent_w=0.000 ret=0 dt=49.4ms move_ms=0.4 policy_zmq_lag=0.5ms
[go2:sport] cmd#158 seq=244 policy_v=0.000 policy_w=0.000 sent_v=0.000 sent_w=0.000 ret=0 dt=50.3ms move_ms=0.4 policy_zmq_lag=0.5ms
[go2:sport] cmd#159 seq=245 policy_v=0.000 policy_w=0.000 sent_v=0.000 sent_w=0.000 ret=0 dt=49.8ms move_ms=0.4 policy_zmq_lag=0.5ms
[go2:sport] cmd#160 seq=246 policy_v=0.000 policy_w=0.000 sent_v=0.000 sent_w=0.000 ret=0 dt=50.2ms move_ms=0.4 policy_zmq_lag=0.5ms
[go2:sport] cmd#161 seq=247 policy_v=0.000 policy_w=0.000 sent_v=0.000 sent_w=0.000 ret=0 dt=49.8ms move_ms=0.5 policy_zmq_lag=0.5ms
[go2:sport] cmd#162 seq=248 policy_v=0.000 policy_w=0.000 sent_v=0.000 sent_w=0.000 ret=0 dt=50.3ms move_ms=0.5 policy_zmq_lag=0.5ms
[go2:sport] cmd#163 seq=249 policy_v=0.000 policy_w=0.000 sent_v=0.000 sent_w=0.000 ret=0 dt=49.7ms move_ms=0.4 policy_zmq_lag=0.5ms
[go2:sport] cmd#164 seq=250 policy_v=0.000 policy_w=0.000 sent_v=0.000 sent_w=0.000 ret=0 dt=50.3ms move_ms=0.6 policy_zmq_lag=0.7ms
[go2:sport] cmd#165 seq=251 policy_v=0.000 policy_w=0.000 sent_v=0.000 sent_w=0.000 ret=0 dt=49.7ms move_ms=0.4 policy_zmq_lag=0.6ms
[go2:sport] cmd#166 seq=252 policy_v=0.000 policy_w=0.000 sent_v=0.000 sent_w=0.000 ret=0 dt=50.0ms move_ms=0.5 policy_zmq_lag=0.6ms
[go2:sport] cmd#167 seq=253 policy_v=0.000 policy_w=0.000 sent_v=0.000 sent_w=0.000 ret=0 dt=50.0ms move_ms=0.4 policy_zmq_lag=0.6ms
[go2:sport] cmd#168 seq=254 policy_v=0.000 policy_w=0.000 sent_v=0.000 sent_w=0.000 ret=0 dt=50.1ms move_ms=0.4 policy_zmq_lag=0.5ms
[go2:sport] cmd#169 seq=255 policy_v=0.000 policy_w=0.000 sent_v=0.000 sent_w=0.000 ret=0 dt=49.9ms move_ms=0.4 policy_zmq_lag=0.5ms
[go2:sport] cmd#170 seq=256 policy_v=0.000 policy_w=0.000 sent_v=0.000 sent_w=0.000 ret=0 dt=50.1ms move_ms=0.4 policy_zmq_lag=0.5ms
[go2:sport] cmd#171 seq=257 policy_v=0.000 policy_w=0.000 sent_v=0.000 sent_w=0.000 ret=0 dt=49.9ms move_ms=0.4 policy_zmq_lag=0.5ms
[go2:sport] cmd#172 seq=258 policy_v=0.000 policy_w=0.000 sent_v=0.000 sent_w=0.000 ret=0 dt=50.3ms move_ms=0.4 policy_zmq_lag=0.5ms
[go2:sport] cmd#173 seq=259 policy_v=0.000 policy_w=0.000 sent_v=0.000 sent_w=0.000 ret=0 dt=49.7ms move_ms=0.4 policy_zmq_lag=0.5ms
[go2:sport] cmd#174 seq=260 policy_v=0.000 policy_w=0.000 sent_v=0.000 sent_w=0.000 ret=0 dt=49.9ms move_ms=0.4 policy_zmq_lag=0.5ms
[go2:sport] cmd#175 seq=261 policy_v=0.000 policy_w=0.000 sent_v=0.000 sent_w=0.000 ret=0 dt=50.0ms move_ms=0.4 policy_zmq_lag=0.5ms
[go2:sport] cmd#176 seq=262 policy_v=0.000 policy_w=0.000 sent_v=0.000 sent_w=0.000 ret=0 dt=50.3ms move_ms=0.4 policy_zmq_lag=0.5ms
[go2:sport] cmd#177 seq=263 policy_v=0.000 policy_w=0.000 sent_v=0.000 sent_w=0.000 ret=0 dt=49.7ms move_ms=0.4 policy_zmq_lag=0.5ms
[go2:sport] cmd#178 seq=264 policy_v=0.000 policy_w=0.000 sent_v=0.000 sent_w=0.000 ret=0 dt=50.4ms move_ms=0.4 policy_zmq_lag=0.5ms
[go2:sport] cmd#179 seq=265 policy_v=0.000 policy_w=0.000 sent_v=0.000 sent_w=0.000 ret=0 dt=49.7ms move_ms=0.4 policy_zmq_lag=0.5ms
[go2:sport] cmd#180 seq=266 policy_v=0.000 policy_w=0.000 sent_v=0.000 sent_w=0.000 ret=0 dt=50.7ms move_ms=0.4 policy_zmq_lag=0.5ms
[go2:sport] cmd#181 seq=267 policy_v=0.000 policy_w=0.000 sent_v=0.000 sent_w=0.000 ret=0 dt=49.3ms move_ms=0.4 policy_zmq_lag=0.5ms
[go2:sport] cmd#182 seq=268 policy_v=0.000 policy_w=0.000 sent_v=0.000 sent_w=0.000 ret=0 dt=50.2ms move_ms=0.4 policy_zmq_lag=0.5ms
[go2:sport] cmd#183 seq=269 policy_v=0.000 policy_w=0.000 sent_v=0.000 sent_w=0.000 ret=0 dt=49.9ms move_ms=0.4 policy_zmq_lag=0.6ms
[go2:sport] cmd#184 seq=270 policy_v=0.000 policy_w=0.000 sent_v=0.000 sent_w=0.000 ret=0 dt=50.5ms move_ms=0.5 policy_zmq_lag=0.6ms
[go2:sport] cmd#185 seq=271 policy_v=0.000 policy_w=0.000 sent_v=0.000 sent_w=0.000 ret=0 dt=49.5ms move_ms=0.4 policy_zmq_lag=0.5ms
[go2:sport] cmd#186 seq=272 policy_v=0.000 policy_w=0.000 sent_v=0.000 sent_w=0.000 ret=0 dt=50.4ms move_ms=0.4 policy_zmq_lag=0.5ms
[go2:sport] cmd#187 seq=273 policy_v=0.000 policy_w=0.000 sent_v=0.000 sent_w=0.000 ret=0 dt=49.6ms move_ms=0.4 policy_zmq_lag=0.5ms
[go2:sport] cmd#188 seq=274 policy_v=0.000 policy_w=0.000 sent_v=0.000 sent_w=0.000 ret=0 dt=50.3ms move_ms=0.4 policy_zmq_lag=0.5ms
[go2:sport] cmd#189 seq=275 policy_v=0.000 policy_w=0.000 sent_v=0.000 sent_w=0.000 ret=0 dt=49.7ms move_ms=0.4 policy_zmq_lag=0.5ms
[go2:sport] cmd#190 seq=276 policy_v=0.000 policy_w=0.000 sent_v=0.000 sent_w=0.000 ret=0 dt=50.3ms move_ms=0.4 policy_zmq_lag=0.5ms
[go2:sport] cmd#191 seq=277 policy_v=0.000 policy_w=0.000 sent_v=0.000 sent_w=0.000 ret=0 dt=50.1ms move_ms=0.4 policy_zmq_lag=0.5ms
[go2:sport] cmd#192 seq=278 policy_v=0.000 policy_w=0.000 sent_v=0.000 sent_w=0.000 ret=0 dt=49.9ms move_ms=0.4 policy_zmq_lag=0.5ms
[go2:sport] cmd#193 seq=279 policy_v=0.000 policy_w=0.000 sent_v=0.000 sent_w=0.000 ret=0 dt=49.9ms move_ms=0.4 policy_zmq_lag=0.5ms
[go2:sport] cmd#194 seq=280 policy_v=0.000 policy_w=0.000 sent_v=0.000 sent_w=0.000 ret=0 dt=50.0ms move_ms=0.4 policy_zmq_lag=0.6ms
[go2:sport] cmd#195 seq=281 policy_v=0.000 policy_w=0.000 sent_v=0.000 sent_w=0.000 ret=0 dt=50.6ms move_ms=0.4 policy_zmq_lag=0.5ms
[go2:sport] cmd#196 seq=282 policy_v=0.000 policy_w=0.000 sent_v=0.000 sent_w=0.000 ret=0 dt=49.3ms move_ms=0.3 policy_zmq_lag=0.5ms
[go2:sport] cmd#197 seq=283 policy_v=0.000 policy_w=0.000 sent_v=0.000 sent_w=0.000 ret=0 dt=51.3ms move_ms=0.4 policy_zmq_lag=0.5ms
[go2:sport] cmd#198 seq=284 policy_v=0.000 policy_w=0.000 sent_v=0.000 sent_w=0.000 ret=0 dt=48.6ms move_ms=0.4 policy_zmq_lag=0.5ms
[go2:sport] cmd#199 seq=285 policy_v=0.000 policy_w=0.000 sent_v=0.000 sent_w=0.000 ret=0 dt=50.0ms move_ms=0.4 policy_zmq_lag=0.5ms
[go2:sport] cmd#200 seq=286 policy_v=0.000 policy_w=0.000 sent_v=0.000 sent_w=0.000 ret=0 dt=50.1ms move_ms=0.4 policy_zmq_lag=0.6ms
[go2:sport] cmd#201 seq=287 policy_v=0.000 policy_w=0.000 sent_v=0.000 sent_w=0.000 ret=0 dt=49.9ms move_ms=0.4 policy_zmq_lag=0.5ms
[go2:sport] cmd#202 seq=288 policy_v=0.000 policy_w=0.000 sent_v=0.000 sent_w=0.000 ret=0 dt=50.2ms move_ms=0.4 policy_zmq_lag=0.7ms
[go2:sport] cmd#203 seq=289 policy_v=0.000 policy_w=0.000 sent_v=0.000 sent_w=0.000 ret=0 dt=49.9ms move_ms=0.6 policy_zmq_lag=0.6ms
[go2:sport] cmd#204 seq=290 policy_v=0.000 policy_w=0.000 sent_v=0.000 sent_w=0.000 ret=0 dt=50.0ms move_ms=0.4 policy_zmq_lag=0.6ms
[go2:sport] cmd#205 seq=291 policy_v=0.000 policy_w=0.000 sent_v=0.000 sent_w=0.000 ret=0 dt=49.9ms move_ms=0.4 policy_zmq_lag=0.6ms
[go2:sport] cmd#206 seq=292 policy_v=0.000 policy_w=0.000 sent_v=0.000 sent_w=0.000 ret=0 dt=50.2ms move_ms=0.4 policy_zmq_lag=0.7ms
[go2:sport] cmd#207 seq=293 policy_v=0.000 policy_w=0.000 sent_v=0.000 sent_w=0.000 ret=0 dt=49.8ms move_ms=0.4 policy_zmq_lag=0.5ms
[go2:sport] cmd#208 seq=294 policy_v=0.000 policy_w=0.000 sent_v=0.000 sent_w=0.000 ret=0 dt=50.0ms move_ms=0.4 policy_zmq_lag=0.5ms
[go2:sport] cmd#209 seq=295 policy_v=0.000 policy_w=0.000 sent_v=0.000 sent_w=0.000 ret=0 dt=50.0ms move_ms=0.6 policy_zmq_lag=0.6ms
[go2:sport] cmd#210 seq=296 policy_v=0.000 policy_w=0.000 sent_v=0.000 sent_w=0.000 ret=0 dt=50.1ms move_ms=0.4 policy_zmq_lag=0.6ms
[go2:sport] cmd#211 seq=297 policy_v=0.000 policy_w=0.000 sent_v=0.000 sent_w=0.000 ret=0 dt=50.2ms move_ms=0.4 policy_zmq_lag=0.6ms
[go2:sport] cmd#212 seq=298 policy_v=0.000 policy_w=0.000 sent_v=0.000 sent_w=0.000 ret=0 dt=50.0ms move_ms=0.5 policy_zmq_lag=0.9ms
[go2:sport] cmd#213 seq=299 policy_v=0.000 policy_w=0.000 sent_v=0.000 sent_w=0.000 ret=0 dt=49.7ms move_ms=0.4 policy_zmq_lag=0.6ms
[go2:sport] cmd#214 seq=300 policy_v=0.000 policy_w=0.000 sent_v=0.000 sent_w=0.000 ret=0 dt=50.0ms move_ms=0.4 policy_zmq_lag=0.6ms
[go2:sport] cmd#215 seq=301 policy_v=0.000 policy_w=0.000 sent_v=0.000 sent_w=0.000 ret=0 dt=50.0ms move_ms=0.4 policy_zmq_lag=0.5ms
[go2:sport] cmd#216 seq=302 policy_v=0.000 policy_w=0.000 sent_v=0.000 sent_w=0.000 ret=0 dt=50.4ms move_ms=0.5 policy_zmq_lag=0.9ms
[go2:sport] cmd#217 seq=303 policy_v=0.000 policy_w=0.000 sent_v=0.000 sent_w=0.000 ret=0 dt=49.6ms move_ms=0.4 policy_zmq_lag=0.5ms
[go2:sport] cmd#218 seq=304 policy_v=0.000 policy_w=0.000 sent_v=0.000 sent_w=0.000 ret=0 dt=50.0ms move_ms=0.4 policy_zmq_lag=0.6ms
[go2:sport] cmd#219 seq=305 policy_v=0.000 policy_w=0.000 sent_v=0.000 sent_w=0.000 ret=0 dt=50.0ms move_ms=0.4 policy_zmq_lag=0.5ms
[go2:sport] cmd#220 seq=306 policy_v=0.000 policy_w=0.000 sent_v=0.000 sent_w=0.000 ret=0 dt=50.0ms move_ms=0.4 policy_zmq_lag=0.5ms
[go2:sport] cmd#221 seq=307 policy_v=0.000 policy_w=0.000 sent_v=0.000 sent_w=0.000 ret=0 dt=50.1ms move_ms=0.6 policy_zmq_lag=0.6ms
[go2:sport] cmd#222 seq=308 policy_v=0.000 policy_w=0.000 sent_v=0.000 sent_w=0.000 ret=0 dt=49.9ms move_ms=0.4 policy_zmq_lag=0.5ms
[go2:sport] cmd#223 seq=309 policy_v=0.000 policy_w=0.000 sent_v=0.000 sent_w=0.000 ret=0 dt=50.0ms move_ms=0.4 policy_zmq_lag=0.5ms
[go2:sport] cmd#224 seq=310 policy_v=0.000 policy_w=0.000 sent_v=0.000 sent_w=0.000 ret=0 dt=50.1ms move_ms=0.5 policy_zmq_lag=0.6ms
[go2:sport] cmd#225 seq=311 policy_v=0.000 policy_w=0.000 sent_v=0.000 sent_w=0.000 ret=0 dt=49.9ms move_ms=0.4 policy_zmq_lag=0.6ms
[go2:sport] cmd#226 seq=312 policy_v=0.000 policy_w=0.000 sent_v=0.000 sent_w=0.000 ret=0 dt=50.0ms move_ms=0.4 policy_zmq_lag=0.6ms
[go2:sport] cmd#227 seq=313 policy_v=0.000 policy_w=0.000 sent_v=0.000 sent_w=0.000 ret=0 dt=50.0ms move_ms=0.4 policy_zmq_lag=0.5ms
[go2:sport] cmd#228 seq=314 policy_v=0.000 policy_w=0.000 sent_v=0.000 sent_w=0.000 ret=0 dt=50.0ms move_ms=0.5 policy_zmq_lag=0.6ms
[go2:sport] cmd#229 seq=315 policy_v=-0.069 policy_w=-0.069 sent_v=-0.069 sent_w=-0.069 ret=0 dt=58.1ms move_ms=0.6 policy_zmq_lag=0.8ms scan_age=38.3ms loop_to_send=8.1ms
[go2:sport] cmd#230 seq=316 policy_v=-0.219 policy_w=-0.219 sent_v=-0.219 sent_w=-0.219 ret=0 dt=47.6ms move_ms=0.4 policy_zmq_lag=0.5ms scan_age=45.9ms loop_to_send=5.9ms
[go2:sport] cmd#231 seq=317 policy_v=-0.369 policy_w=-0.369 sent_v=-0.369 sent_w=-0.369 ret=0 dt=50.3ms move_ms=0.6 policy_zmq_lag=0.8ms scan_age=36.0ms loop_to_send=6.0ms
[go2:sport] cmd#232 seq=318 policy_v=-0.219 policy_w=-0.519 sent_v=-0.219 sent_w=-0.519 ret=0 dt=49.9ms move_ms=0.4 policy_zmq_lag=0.6ms scan_age=46.1ms loop_to_send=6.0ms
[go2:sport] cmd#233 seq=319 policy_v=-0.369 policy_w=-0.669 sent_v=-0.369 sent_w=-0.669 ret=0 dt=50.0ms move_ms=0.4 policy_zmq_lag=0.6ms scan_age=36.0ms loop_to_send=5.9ms
[go2:sport] cmd#234 seq=320 policy_v=-0.219 policy_w=-0.819 sent_v=-0.219 sent_w=-0.819 ret=0 dt=50.1ms move_ms=0.4 policy_zmq_lag=0.7ms scan_age=46.0ms loop_to_send=6.1ms
[go2:sport] cmd#235 seq=321 policy_v=-0.069 policy_w=-0.836 sent_v=-0.069 sent_w=-0.836 ret=0 dt=50.3ms move_ms=0.4 policy_zmq_lag=0.7ms scan_age=36.3ms loop_to_send=6.2ms
[go2:sport] cmd#236 seq=322 policy_v=0.081 policy_w=-0.836 sent_v=0.081 sent_w=-0.836 ret=0 dt=49.9ms move_ms=0.4 policy_zmq_lag=0.6ms scan_age=46.4ms loop_to_send=6.1ms
[go2:sport] cmd#237 seq=323 policy_v=0.231 policy_w=-0.835 sent_v=0.231 sent_w=-0.835 ret=0 dt=50.0ms move_ms=0.4 policy_zmq_lag=0.7ms scan_age=36.2ms loop_to_send=6.1ms
[go2:sport] cmd#238 seq=324 policy_v=0.381 policy_w=-0.835 sent_v=0.381 sent_w=-0.835 ret=0 dt=50.0ms move_ms=0.4 policy_zmq_lag=0.6ms scan_age=46.3ms loop_to_send=6.2ms
[go2:sport] cmd#239 seq=325 policy_v=0.531 policy_w=-0.835 sent_v=0.531 sent_w=-0.835 ret=0 dt=50.0ms move_ms=0.4 policy_zmq_lag=0.6ms scan_age=36.4ms loop_to_send=6.2ms
[go2:sport] cmd#240 seq=326 policy_v=0.681 policy_w=-0.832 sent_v=0.681 sent_w=-0.832 ret=0 dt=49.9ms move_ms=0.4 policy_zmq_lag=0.6ms scan_age=46.4ms loop_to_send=6.2ms
[go2:sport] cmd#241 seq=327 policy_v=0.831 policy_w=-0.834 sent_v=0.831 sent_w=-0.834 ret=0 dt=49.9ms move_ms=0.4 policy_zmq_lag=0.6ms scan_age=36.3ms loop_to_send=6.1ms
[go2:sport] cmd#242 seq=328 policy_v=0.898 policy_w=-0.828 sent_v=0.898 sent_w=-0.828 ret=0 dt=50.1ms move_ms=0.4 policy_zmq_lag=0.6ms scan_age=46.2ms loop_to_send=6.3ms
[go2:sport] cmd#243 seq=329 policy_v=0.898 policy_w=-0.818 sent_v=0.898 sent_w=-0.818 ret=0 dt=50.2ms move_ms=0.5 policy_zmq_lag=0.7ms scan_age=36.5ms loop_to_send=6.3ms
[go2:sport] cmd#244 seq=330 policy_v=0.898 policy_w=-0.807 sent_v=0.898 sent_w=-0.807 ret=0 dt=49.9ms move_ms=0.4 policy_zmq_lag=0.7ms scan_age=46.5ms loop_to_send=6.3ms
[go2:sport] cmd#245 seq=331 policy_v=0.899 policy_w=-0.747 sent_v=0.899 sent_w=-0.747 ret=0 dt=49.6ms move_ms=0.5 policy_zmq_lag=0.6ms scan_age=36.1ms loop_to_send=6.0ms
[go2:sport] cmd#246 seq=332 policy_v=0.899 policy_w=-0.708 sent_v=0.899 sent_w=-0.708 ret=0 dt=50.7ms move_ms=0.7 policy_zmq_lag=0.8ms scan_age=46.6ms loop_to_send=6.5ms
[go2:sport] cmd#247 seq=333 policy_v=0.899 policy_w=-0.590 sent_v=0.899 sent_w=-0.590 ret=0 dt=53.9ms move_ms=0.4 policy_zmq_lag=0.7ms scan_age=40.6ms loop_to_send=7.3ms
[go2:sport] cmd#248 seq=334 policy_v=0.900 policy_w=-0.433 sent_v=0.900 sent_w=-0.433 ret=0 dt=54.8ms move_ms=0.5 policy_zmq_lag=0.7ms scan_age=54.9ms loop_to_send=9.7ms
[go2:sport] cmd#249 seq=335 policy_v=0.899 policy_w=-0.562 sent_v=0.899 sent_w=-0.562 ret=0 dt=41.2ms move_ms=0.4 policy_zmq_lag=0.6ms scan_age=36.7ms loop_to_send=6.4ms
[go2:sport] cmd#250 seq=336 policy_v=0.900 policy_w=-0.413 sent_v=0.900 sent_w=-0.413 ret=0 dt=49.8ms move_ms=0.4 policy_zmq_lag=0.7ms scan_age=46.4ms loop_to_send=6.3ms
[go2:sport] cmd#251 seq=337 policy_v=0.895 policy_w=-0.283 sent_v=0.895 sent_w=-0.283 ret=0 dt=49.9ms move_ms=0.4 policy_zmq_lag=0.6ms scan_age=36.3ms loop_to_send=6.3ms
[go2:sport] cmd#252 seq=338 policy_v=0.900 policy_w=-0.294 sent_v=0.900 sent_w=-0.294 ret=0 dt=49.7ms move_ms=0.4 policy_zmq_lag=0.6ms scan_age=45.9ms loop_to_send=6.0ms
[go2:sport] cmd#253 seq=339 policy_v=0.892 policy_w=-0.444 sent_v=0.892 sent_w=-0.444 ret=0 dt=49.9ms move_ms=0.4 policy_zmq_lag=0.6ms scan_age=36.0ms loop_to_send=5.8ms
[go2:sport] cmd#254 seq=340 policy_v=0.899 policy_w=-0.294 sent_v=0.899 sent_w=-0.294 ret=0 dt=50.1ms move_ms=0.4 policy_zmq_lag=0.6ms scan_age=45.0ms loop_to_send=6.0ms
[go2:sport] cmd#255 seq=341 policy_v=0.886 policy_w=-0.444 sent_v=0.886 sent_w=-0.444 ret=0 dt=49.8ms move_ms=0.4 policy_zmq_lag=0.6ms scan_age=35.8ms loop_to_send=5.7ms
[go2:sport] cmd#256 seq=342 policy_v=0.896 policy_w=-0.294 sent_v=0.896 sent_w=-0.294 ret=0 dt=50.1ms move_ms=0.4 policy_zmq_lag=0.6ms scan_age=45.1ms loop_to_send=5.9ms
[go2:sport] cmd#257 seq=343 policy_v=0.891 policy_w=-0.144 sent_v=0.891 sent_w=-0.144 ret=0 dt=50.2ms move_ms=0.4 policy_zmq_lag=0.7ms scan_age=36.1ms loop_to_send=6.0ms
[go2:sport] cmd#258 seq=344 policy_v=0.887 policy_w=0.006 sent_v=0.887 sent_w=0.006 ret=0 dt=50.1ms move_ms=0.4 policy_zmq_lag=0.6ms scan_age=45.4ms loop_to_send=6.2ms
[go2:sport] cmd#259 seq=345 policy_v=0.840 policy_w=-0.145 sent_v=0.840 sent_w=-0.145 ret=0 dt=50.8ms move_ms=0.5 policy_zmq_lag=0.6ms scan_age=37.1ms loop_to_send=6.9ms
[go2:sport] cmd#260 seq=346 policy_v=0.871 policy_w=-0.295 sent_v=0.871 sent_w=-0.295 ret=0 dt=50.0ms move_ms=0.4 policy_zmq_lag=0.6ms scan_age=47.2ms loop_to_send=6.9ms
[go2:sport] cmd#261 seq=347 policy_v=0.721 policy_w=-0.444 sent_v=0.721 sent_w=-0.444 ret=0 dt=49.0ms move_ms=0.4 policy_zmq_lag=0.6ms scan_age=36.0ms loop_to_send=6.0ms
[go2:sport] cmd#262 seq=348 policy_v=0.867 policy_w=-0.594 sent_v=0.867 sent_w=-0.594 ret=0 dt=50.3ms move_ms=0.4 policy_zmq_lag=0.6ms scan_age=46.3ms loop_to_send=6.2ms
[go2:sport] cmd#263 seq=349 policy_v=0.717 policy_w=-0.744 sent_v=0.717 sent_w=-0.744 ret=0 dt=49.5ms move_ms=0.4 policy_zmq_lag=0.6ms scan_age=35.9ms loop_to_send=5.9ms
[go2:sport] cmd#264 seq=350 policy_v=0.567 policy_w=-0.654 sent_v=0.567 sent_w=-0.654 ret=0 dt=50.3ms move_ms=0.4 policy_zmq_lag=0.6ms scan_age=45.4ms loop_to_send=6.2ms
[go2:sport] cmd#265 seq=351 policy_v=0.417 policy_w=-0.748 sent_v=0.417 sent_w=-0.748 ret=0 dt=50.8ms move_ms=0.4 policy_zmq_lag=0.6ms scan_age=37.0ms loop_to_send=6.9ms
[go2:sport] cmd#266 seq=352 policy_v=0.267 policy_w=-0.719 sent_v=0.267 sent_w=-0.719 ret=0 dt=49.1ms move_ms=0.4 policy_zmq_lag=0.6ms scan_age=46.3ms loop_to_send=6.1ms
[go2:sport] cmd#267 seq=353 policy_v=0.117 policy_w=-0.583 sent_v=0.117 sent_w=-0.583 ret=0 dt=49.8ms move_ms=0.4 policy_zmq_lag=0.6ms scan_age=36.1ms loop_to_send=5.9ms
[go2:sport] cmd#268 seq=354 policy_v=-0.033 policy_w=-0.480 sent_v=-0.033 sent_w=-0.480 ret=0 dt=50.4ms move_ms=0.4 policy_zmq_lag=0.6ms scan_age=46.4ms loop_to_send=6.3ms
[go2:sport] cmd#269 seq=355 policy_v=-0.183 policy_w=-0.629 sent_v=-0.183 sent_w=-0.629 ret=0 dt=49.8ms move_ms=0.4 policy_zmq_lag=0.7ms scan_age=36.1ms loop_to_send=6.1ms
[go2:sport] cmd#270 seq=356 policy_v=-0.333 policy_w=-0.553 sent_v=-0.333 sent_w=-0.553 ret=0 dt=50.1ms move_ms=0.4 policy_zmq_lag=0.6ms scan_age=46.3ms loop_to_send=6.2ms
[go2:sport] cmd#271 seq=357 policy_v=-0.483 policy_w=-0.680 sent_v=-0.483 sent_w=-0.680 ret=0 dt=51.1ms move_ms=0.4 policy_zmq_lag=0.6ms scan_age=37.2ms loop_to_send=7.2ms
[go2:sport] cmd#272 seq=358 policy_v=-0.334 policy_w=-0.675 sent_v=-0.334 sent_w=-0.675 ret=0 dt=49.1ms move_ms=0.4 policy_zmq_lag=0.6ms scan_age=46.5ms loop_to_send=6.4ms
[go2:sport] cmd#273 seq=359 policy_v=-0.484 policy_w=-0.687 sent_v=-0.484 sent_w=-0.687 ret=0 dt=49.4ms move_ms=0.6 policy_zmq_lag=0.6ms scan_age=35.9ms loop_to_send=5.8ms
[go2:sport] cmd#274 seq=360 policy_v=-0.334 policy_w=-0.537 sent_v=-0.334 sent_w=-0.537 ret=0 dt=50.1ms move_ms=0.5 policy_zmq_lag=0.6ms scan_age=46.0ms loop_to_send=5.9ms
[go2:sport] cmd#275 seq=361 policy_v=-0.484 policy_w=-0.687 sent_v=-0.484 sent_w=-0.687 ret=0 dt=49.8ms move_ms=0.5 policy_zmq_lag=0.7ms scan_age=35.7ms loop_to_send=5.7ms
[go2:sport] cmd#276 seq=362 policy_v=-0.634 policy_w=-0.537 sent_v=-0.634 sent_w=-0.537 ret=0 dt=50.1ms move_ms=0.5 policy_zmq_lag=0.6ms scan_age=45.8ms loop_to_send=5.8ms
[go2:sport] cmd#277 seq=363 policy_v=-0.484 policy_w=-0.387 sent_v=-0.484 sent_w=-0.387 ret=0 dt=50.1ms move_ms=0.6 policy_zmq_lag=0.6ms scan_age=35.9ms loop_to_send=5.9ms
[go2:sport] cmd#278 seq=364 policy_v=-0.334 policy_w=-0.537 sent_v=-0.334 sent_w=-0.537 ret=0 dt=50.0ms move_ms=0.5 policy_zmq_lag=0.6ms scan_age=46.0ms loop_to_send=5.9ms
[go2:sport] cmd#279 seq=365 policy_v=-0.184 policy_w=-0.387 sent_v=-0.184 sent_w=-0.387 ret=0 dt=50.0ms move_ms=0.4 policy_zmq_lag=0.6ms scan_age=35.9ms loop_to_send=5.9ms
[go2:sport] cmd#280 seq=366 policy_v=-0.034 policy_w=-0.538 sent_v=-0.034 sent_w=-0.538 ret=0 dt=50.5ms move_ms=0.4 policy_zmq_lag=0.6ms scan_age=46.5ms loop_to_send=6.4ms
[go2:sport] cmd#281 seq=367 policy_v=0.116 policy_w=-0.388 sent_v=0.116 sent_w=-0.388 ret=0 dt=49.5ms move_ms=0.4 policy_zmq_lag=0.6ms scan_age=36.0ms loop_to_send=5.9ms
[go2:sport] cmd#282 seq=368 policy_v=0.266 policy_w=-0.496 sent_v=0.266 sent_w=-0.496 ret=0 dt=50.3ms move_ms=0.4 policy_zmq_lag=0.6ms scan_age=46.3ms loop_to_send=6.2ms
[go2:sport] cmd#283 seq=369 policy_v=0.416 policy_w=-0.346 sent_v=0.416 sent_w=-0.346 ret=0 dt=49.7ms move_ms=0.4 policy_zmq_lag=0.6ms scan_age=36.1ms loop_to_send=5.9ms
[go2:sport] cmd#284 seq=370 policy_v=0.566 policy_w=-0.323 sent_v=0.566 sent_w=-0.323 ret=0 dt=50.3ms move_ms=0.4 policy_zmq_lag=0.6ms scan_age=46.2ms loop_to_send=6.2ms
[go2:sport] cmd#285 seq=371 policy_v=0.716 policy_w=-0.173 sent_v=0.716 sent_w=-0.173 ret=0 dt=49.9ms move_ms=0.5 policy_zmq_lag=0.6ms scan_age=36.2ms loop_to_send=6.0ms
[go2:sport] cmd#286 seq=372 policy_v=0.866 policy_w=-0.323 sent_v=0.866 sent_w=-0.323 ret=0 dt=50.3ms move_ms=0.4 policy_zmq_lag=0.6ms scan_age=46.4ms loop_to_send=6.3ms
[go2:sport] cmd#287 seq=373 policy_v=0.900 policy_w=-0.173 sent_v=0.900 sent_w=-0.173 ret=0 dt=50.2ms move_ms=0.4 policy_zmq_lag=0.7ms scan_age=36.6ms loop_to_send=6.3ms
[go2:sport] cmd#288 seq=374 policy_v=0.895 policy_w=-0.023 sent_v=0.895 sent_w=-0.023 ret=0 dt=50.0ms move_ms=0.5 policy_zmq_lag=0.7ms scan_age=46.5ms loop_to_send=6.4ms
[go2:sport] cmd#289 seq=375 policy_v=0.899 policy_w=0.127 sent_v=0.899 sent_w=0.127 ret=0 dt=50.0ms move_ms=0.4 policy_zmq_lag=0.7ms scan_age=36.6ms loop_to_send=6.5ms
[go2:sport] cmd#290 seq=376 policy_v=0.883 policy_w=-0.025 sent_v=0.883 sent_w=-0.025 ret=0 dt=52.5ms move_ms=0.4 policy_zmq_lag=0.6ms scan_age=49.2ms loop_to_send=8.5ms
[go2:sport] cmd#291 seq=377 policy_v=0.899 policy_w=0.124 sent_v=0.899 sent_w=0.124 ret=0 dt=47.2ms move_ms=0.4 policy_zmq_lag=0.6ms scan_age=36.5ms loop_to_send=6.2ms
[go2:sport] cmd#292 seq=378 policy_v=0.886 policy_w=-0.027 sent_v=0.886 sent_w=-0.027 ret=0 dt=51.1ms move_ms=0.4 policy_zmq_lag=0.7ms scan_age=47.2ms loop_to_send=7.0ms
[go2:sport] cmd#293 seq=379 policy_v=0.899 policy_w=0.122 sent_v=0.899 sent_w=0.122 ret=0 dt=48.8ms move_ms=0.5 policy_zmq_lag=0.6ms scan_age=36.2ms loop_to_send=6.1ms
[go2:sport] cmd#294 seq=380 policy_v=0.889 policy_w=-0.029 sent_v=0.889 sent_w=-0.029 ret=0 dt=50.8ms move_ms=0.4 policy_zmq_lag=0.6ms scan_age=47.0ms loop_to_send=6.5ms
[go2:sport] cmd#295 seq=381 policy_v=0.899 policy_w=0.120 sent_v=0.899 sent_w=0.120 ret=0 dt=49.1ms move_ms=0.4 policy_zmq_lag=0.6ms scan_age=36.2ms loop_to_send=6.1ms
[go2:sport] cmd#296 seq=382 policy_v=0.898 policy_w=0.270 sent_v=0.898 sent_w=0.270 ret=0 dt=55.5ms move_ms=0.4 policy_zmq_lag=0.8ms scan_age=51.3ms loop_to_send=11.2ms
[go2:sport] cmd#297 seq=383 policy_v=0.899 policy_w=0.420 sent_v=0.899 sent_w=0.420 ret=0 dt=44.8ms move_ms=0.4 policy_zmq_lag=0.7ms scan_age=36.1ms loop_to_send=6.3ms
[go2:sport] cmd#298 seq=384 policy_v=0.899 policy_w=0.570 sent_v=0.899 sent_w=0.570 ret=0 dt=49.9ms move_ms=0.4 policy_zmq_lag=0.6ms scan_age=46.4ms loop_to_send=6.2ms
[go2:sport] cmd#299 seq=385 policy_v=0.899 policy_w=0.720 sent_v=0.899 sent_w=0.720 ret=0 dt=50.3ms move_ms=0.4 policy_zmq_lag=0.6ms scan_age=36.6ms loop_to_send=6.3ms
[go2:sport] cmd#300 seq=386 policy_v=0.900 policy_w=0.646 sent_v=0.900 sent_w=0.646 ret=0 dt=49.9ms move_ms=0.3 policy_zmq_lag=0.6ms scan_age=46.5ms loop_to_send=6.4ms
[go2:sport] cmd#301 seq=387 policy_v=0.899 policy_w=0.796 sent_v=0.899 sent_w=0.796 ret=0 dt=49.7ms move_ms=0.4 policy_zmq_lag=0.6ms scan_age=36.3ms loop_to_send=6.1ms
[go2:sport] cmd#302 seq=388 policy_v=0.900 policy_w=0.685 sent_v=0.900 sent_w=0.685 ret=0 dt=51.2ms move_ms=0.4 policy_zmq_lag=0.6ms scan_age=47.3ms loop_to_send=7.2ms
[go2:sport] cmd#303 seq=389 policy_v=0.900 policy_w=0.746 sent_v=0.900 sent_w=0.746 ret=0 dt=49.0ms move_ms=0.4 policy_zmq_lag=0.6ms scan_age=36.4ms loop_to_send=6.2ms
[go2:sport] cmd#304 seq=390 policy_v=0.900 policy_w=0.780 sent_v=0.900 sent_w=0.780 ret=0 dt=49.9ms move_ms=0.4 policy_zmq_lag=0.6ms scan_age=46.2ms loop_to_send=6.2ms
[go2:sport] cmd#305 seq=391 policy_v=0.899 policy_w=0.757 sent_v=0.899 sent_w=0.757 ret=0 dt=49.6ms move_ms=0.4 policy_zmq_lag=0.6ms scan_age=36.0ms loop_to_send=5.8ms
[go2:sport] cmd#306 seq=392 policy_v=0.900 policy_w=0.819 sent_v=0.900 sent_w=0.819 ret=0 dt=50.4ms move_ms=0.4 policy_zmq_lag=0.6ms scan_age=46.4ms loop_to_send=6.2ms
[go2:sport] cmd#307 seq=393 policy_v=0.899 policy_w=0.766 sent_v=0.899 sent_w=0.766 ret=0 dt=50.0ms move_ms=0.6 policy_zmq_lag=0.8ms scan_age=36.3ms loop_to_send=6.1ms
[go2:sport] cmd#308 seq=394 policy_v=0.900 policy_w=0.831 sent_v=0.900 sent_w=0.831 ret=0 dt=50.0ms move_ms=0.4 policy_zmq_lag=0.6ms scan_age=46.2ms loop_to_send=6.3ms
[go2:sport] cmd#309 seq=395 policy_v=0.899 policy_w=0.786 sent_v=0.899 sent_w=0.786 ret=0 dt=49.6ms move_ms=0.4 policy_zmq_lag=0.6ms scan_age=36.1ms loop_to_send=5.9ms
[go2:sport] cmd#310 seq=396 policy_v=0.900 policy_w=0.831 sent_v=0.900 sent_w=0.831 ret=0 dt=50.3ms move_ms=0.4 policy_zmq_lag=0.7ms scan_age=46.2ms loop_to_send=6.2ms
[go2:sport] cmd#311 seq=397 policy_v=0.899 policy_w=0.727 sent_v=0.899 sent_w=0.727 ret=0 dt=72.8ms move_ms=0.4 policy_zmq_lag=0.6ms scan_age=59.1ms loop_to_send=22.7ms
[go2:sport] cmd#312 seq=398 policy_v=0.900 policy_w=0.825 sent_v=0.900 sent_w=0.825 ret=0 dt=29.7ms move_ms=0.4 policy_zmq_lag=0.6ms scan_age=47.2ms loop_to_send=6.7ms
[go2:sport] cmd#313 seq=399 policy_v=0.900 policy_w=0.681 sent_v=0.900 sent_w=0.681 ret=0 dt=47.4ms move_ms=0.4 policy_zmq_lag=0.6ms scan_age=36.2ms loop_to_send=6.0ms
[go2:sport] cmd#314 seq=400 policy_v=0.900 policy_w=0.812 sent_v=0.900 sent_w=0.812 ret=0 dt=51.0ms move_ms=0.4 policy_zmq_lag=0.7ms scan_age=47.1ms loop_to_send=7.0ms
[go2:sport] cmd#315 seq=401 policy_v=0.899 policy_w=0.662 sent_v=0.899 sent_w=0.662 ret=0 dt=49.7ms move_ms=0.5 policy_zmq_lag=0.6ms scan_age=36.9ms loop_to_send=6.8ms
[go2:sport] cmd#316 seq=402 policy_v=0.900 policy_w=0.812 sent_v=0.900 sent_w=0.812 ret=0 dt=49.2ms move_ms=0.4 policy_zmq_lag=0.6ms scan_age=46.1ms loop_to_send=6.0ms
[go2:sport] cmd#317 seq=403 policy_v=0.899 policy_w=0.662 sent_v=0.899 sent_w=0.662 ret=0 dt=49.8ms move_ms=0.4 policy_zmq_lag=0.6ms scan_age=36.0ms loop_to_send=5.9ms
[go2:sport] cmd#318 seq=404 policy_v=0.900 policy_w=0.812 sent_v=0.900 sent_w=0.812 ret=0 dt=50.9ms move_ms=0.4 policy_zmq_lag=0.6ms scan_age=46.8ms loop_to_send=6.7ms
[go2:sport] cmd#319 seq=405 policy_v=0.899 policy_w=0.701 sent_v=0.899 sent_w=0.701 ret=0 dt=49.3ms move_ms=0.4 policy_zmq_lag=0.7ms scan_age=36.0ms loop_to_send=6.0ms
[go2:sport] cmd#320 seq=406 policy_v=0.900 policy_w=0.810 sent_v=0.900 sent_w=0.810 ret=0 dt=49.9ms move_ms=0.4 policy_zmq_lag=0.6ms scan_age=46.1ms loop_to_send=6.0ms
[go2:sport] cmd#321 seq=407 policy_v=0.899 policy_w=0.660 sent_v=0.899 sent_w=0.660 ret=0 dt=49.8ms move_ms=0.4 policy_zmq_lag=0.6ms scan_age=35.8ms loop_to_send=5.7ms
[go2:sport] cmd#322 seq=408 policy_v=0.900 policy_w=0.766 sent_v=0.900 sent_w=0.766 ret=0 dt=50.7ms move_ms=0.4 policy_zmq_lag=0.6ms scan_age=46.4ms loop_to_send=6.3ms
[go2:sport] cmd#323 seq=409 policy_v=0.900 policy_w=0.615 sent_v=0.900 sent_w=0.615 ret=0 dt=50.5ms move_ms=0.4 policy_zmq_lag=0.6ms scan_age=37.0ms loop_to_send=6.7ms
[go2:sport] cmd#324 seq=410 policy_v=0.900 policy_w=0.634 sent_v=0.900 sent_w=0.634 ret=0 dt=49.5ms move_ms=0.3 policy_zmq_lag=0.6ms scan_age=46.5ms loop_to_send=6.4ms
[go2:sport] cmd#325 seq=411 policy_v=0.899 policy_w=0.484 sent_v=0.899 sent_w=0.484 ret=0 dt=49.7ms move_ms=0.4 policy_zmq_lag=0.6ms scan_age=36.1ms loop_to_send=6.1ms
[go2:sport] cmd#326 seq=412 policy_v=0.900 policy_w=0.634 sent_v=0.900 sent_w=0.634 ret=0 dt=49.9ms move_ms=0.4 policy_zmq_lag=0.6ms scan_age=46.1ms loop_to_send=6.0ms
[go2:sport] cmd#327 seq=413 policy_v=0.899 policy_w=0.493 sent_v=0.899 sent_w=0.493 ret=0 dt=50.3ms move_ms=0.4 policy_zmq_lag=0.6ms scan_age=36.4ms loop_to_send=6.2ms
[go2:sport] cmd#328 seq=414 policy_v=0.900 policy_w=0.643 sent_v=0.900 sent_w=0.643 ret=0 dt=50.5ms move_ms=0.4 policy_zmq_lag=0.6ms scan_age=47.1ms loop_to_send=6.9ms
[go2:sport] cmd#329 seq=415 policy_v=0.899 policy_w=0.616 sent_v=0.899 sent_w=0.616 ret=0 dt=49.1ms move_ms=0.4 policy_zmq_lag=0.6ms scan_age=35.9ms loop_to_send=5.9ms
[go2:sport] cmd#330 seq=416 policy_v=0.899 policy_w=0.522 sent_v=0.899 sent_w=0.522 ret=0 dt=50.6ms move_ms=0.3 policy_zmq_lag=0.6ms scan_age=46.5ms loop_to_send=6.4ms
[go2:sport] cmd#331 seq=417 policy_v=0.899 policy_w=0.429 sent_v=0.899 sent_w=0.429 ret=0 dt=49.8ms move_ms=0.4 policy_zmq_lag=0.6ms scan_age=36.4ms loop_to_send=6.2ms
[go2:sport] cmd#332 seq=418 policy_v=0.899 policy_w=0.337 sent_v=0.899 sent_w=0.337 ret=0 dt=52.6ms move_ms=0.4 policy_zmq_lag=0.6ms scan_age=49.1ms loop_to_send=8.7ms
[go2:sport] cmd#333 seq=419 policy_v=0.900 policy_w=0.317 sent_v=0.900 sent_w=0.317 ret=0 dt=47.2ms move_ms=0.4 policy_zmq_lag=0.6ms scan_age=36.3ms loop_to_send=6.1ms
[go2:sport] cmd#334 seq=420 policy_v=0.899 policy_w=0.167 sent_v=0.899 sent_w=0.167 ret=0 dt=50.1ms move_ms=0.4 policy_zmq_lag=0.6ms scan_age=45.9ms loop_to_send=6.2ms
[go2:sport] cmd#335 seq=421 policy_v=0.899 policy_w=0.317 sent_v=0.899 sent_w=0.317 ret=0 dt=50.2ms move_ms=0.4 policy_zmq_lag=0.6ms scan_age=36.0ms loop_to_send=6.3ms
[go2:sport] cmd#336 seq=422 policy_v=0.899 policy_w=0.467 sent_v=0.899 sent_w=0.467 ret=0 dt=50.4ms move_ms=0.5 policy_zmq_lag=0.7ms scan_age=47.0ms loop_to_send=6.7ms
[go2:sport] cmd#337 seq=423 policy_v=0.899 policy_w=0.490 sent_v=0.899 sent_w=0.490 ret=0 dt=49.2ms move_ms=0.4 policy_zmq_lag=0.6ms scan_age=36.1ms loop_to_send=6.0ms
[go2:sport] cmd#338 seq=424 policy_v=0.900 policy_w=0.535 sent_v=0.900 sent_w=0.535 ret=0 dt=50.3ms move_ms=0.4 policy_zmq_lag=0.6ms scan_age=46.5ms loop_to_send=6.2ms
[go2:sport] cmd#339 seq=425 policy_v=0.899 policy_w=0.556 sent_v=0.899 sent_w=0.556 ret=0 dt=50.0ms move_ms=0.4 policy_zmq_lag=0.6ms scan_age=36.4ms loop_to_send=6.1ms
[go2:sport] cmd#340 seq=426 policy_v=0.899 policy_w=0.465 sent_v=0.899 sent_w=0.465 ret=0 dt=49.9ms move_ms=0.4 policy_zmq_lag=0.6ms scan_age=46.4ms loop_to_send=6.1ms
[go2:sport] cmd#341 seq=427 policy_v=0.899 policy_w=0.345 sent_v=0.899 sent_w=0.345 ret=0 dt=50.1ms move_ms=0.4 policy_zmq_lag=0.6ms scan_age=36.3ms loop_to_send=6.1ms
[go2:sport] cmd#342 seq=428 policy_v=0.899 policy_w=0.281 sent_v=0.899 sent_w=0.281 ret=0 dt=56.6ms move_ms=0.4 policy_zmq_lag=0.6ms scan_age=53.1ms loop_to_send=12.8ms
[go2:sport] cmd#343 seq=429 policy_v=0.900 policy_w=0.126 sent_v=0.900 sent_w=0.126 ret=0 dt=47.0ms move_ms=0.4 policy_zmq_lag=0.7ms scan_age=40.1ms loop_to_send=8.2ms
[go2:sport] cmd#344 seq=430 policy_v=0.899 policy_w=-0.019 sent_v=0.899 sent_w=-0.019 ret=0 dt=47.0ms move_ms=0.4 policy_zmq_lag=1.0ms scan_age=46.7ms loop_to_send=6.5ms
[go2:sport] cmd#345 seq=431 policy_v=0.899 policy_w=0.131 sent_v=0.899 sent_w=0.131 ret=0 dt=49.6ms move_ms=0.4 policy_zmq_lag=0.7ms scan_age=36.7ms loop_to_send=6.4ms
[go2:sport] cmd#346 seq=432 policy_v=0.899 policy_w=0.282 sent_v=0.899 sent_w=0.282 ret=0 dt=50.7ms move_ms=0.3 policy_zmq_lag=0.6ms scan_age=47.3ms loop_to_send=6.7ms
[go2:sport] cmd#347 seq=433 policy_v=0.899 policy_w=0.431 sent_v=0.899 sent_w=0.431 ret=0 dt=49.1ms move_ms=0.4 policy_zmq_lag=0.6ms scan_age=35.3ms loop_to_send=6.2ms
[go2:sport] cmd#348 seq=434 policy_v=0.899 policy_w=0.536 sent_v=0.899 sent_w=0.536 ret=0 dt=50.5ms move_ms=0.4 policy_zmq_lag=0.6ms scan_age=47.0ms loop_to_send=6.4ms
[go2:sport] cmd#349 seq=435 policy_v=0.899 policy_w=0.626 sent_v=0.899 sent_w=0.626 ret=0 dt=49.7ms move_ms=0.4 policy_zmq_lag=0.6ms scan_age=36.6ms loop_to_send=6.4ms
[go2:sport] cmd#350 seq=436 policy_v=0.899 policy_w=0.476 sent_v=0.899 sent_w=0.476 ret=0 dt=50.2ms move_ms=0.3 policy_zmq_lag=0.8ms scan_age=46.5ms loop_to_send=6.4ms
[go2:sport] cmd#351 seq=437 policy_v=0.899 policy_w=0.326 sent_v=0.899 sent_w=0.326 ret=0 dt=49.9ms move_ms=0.6 policy_zmq_lag=0.7ms scan_age=36.6ms loop_to_send=6.3ms
[go2:sport] cmd#352 seq=438 policy_v=0.899 policy_w=0.176 sent_v=0.899 sent_w=0.176 ret=0 dt=49.8ms move_ms=0.4 policy_zmq_lag=0.6ms scan_age=46.3ms loop_to_send=6.2ms
[go2:sport] cmd#353 seq=439 policy_v=0.899 policy_w=0.025 sent_v=0.899 sent_w=0.025 ret=0 dt=66.1ms move_ms=0.4 policy_zmq_lag=0.7ms scan_age=52.4ms loop_to_send=21.8ms
[go2:sport] cmd#354 seq=440 policy_v=0.899 policy_w=-0.124 sent_v=0.899 sent_w=-0.124 ret=0 dt=40.4ms move_ms=0.4 policy_zmq_lag=0.7ms scan_age=52.9ms loop_to_send=12.7ms
[go2:sport] cmd#355 seq=441 policy_v=0.899 policy_w=0.026 sent_v=0.899 sent_w=0.026 ret=0 dt=44.3ms move_ms=0.4 policy_zmq_lag=0.6ms scan_age=37.2ms loop_to_send=6.9ms
[go2:sport] cmd#356 seq=442 policy_v=0.899 policy_w=0.176 sent_v=0.899 sent_w=0.176 ret=0 dt=49.3ms move_ms=0.4 policy_zmq_lag=0.7ms scan_age=46.5ms loop_to_send=6.3ms
[go2:sport] cmd#357 seq=443 policy_v=0.899 policy_w=0.326 sent_v=0.899 sent_w=0.326 ret=0 dt=50.9ms move_ms=0.4 policy_zmq_lag=0.6ms scan_age=37.4ms loop_to_send=7.1ms
[go2:sport] cmd#358 seq=444 policy_v=0.899 policy_w=0.476 sent_v=0.899 sent_w=0.476 ret=0 dt=49.3ms move_ms=0.4 policy_zmq_lag=0.6ms scan_age=46.7ms loop_to_send=6.5ms
[go2:sport] cmd#359 seq=445 policy_v=0.899 policy_w=0.619 sent_v=0.899 sent_w=0.619 ret=0 dt=49.2ms move_ms=0.4 policy_zmq_lag=0.6ms scan_age=35.9ms loop_to_send=5.8ms
[go2:sport] cmd#360 seq=446 policy_v=0.899 policy_w=0.469 sent_v=0.899 sent_w=0.469 ret=0 dt=50.2ms move_ms=0.4 policy_zmq_lag=0.6ms scan_age=46.2ms loop_to_send=5.9ms
[go2:sport] cmd#361 seq=447 policy_v=0.899 policy_w=0.319 sent_v=0.899 sent_w=0.319 ret=0 dt=49.8ms move_ms=0.4 policy_zmq_lag=0.6ms scan_age=36.0ms loop_to_send=5.8ms
[go2:sport] cmd#362 seq=448 policy_v=0.899 policy_w=0.169 sent_v=0.899 sent_w=0.169 ret=0 dt=50.1ms move_ms=0.4 policy_zmq_lag=0.6ms scan_age=46.0ms loop_to_send=5.9ms
[go2:sport] cmd#363 seq=449 policy_v=0.899 policy_w=0.019 sent_v=0.899 sent_w=0.019 ret=0 dt=50.1ms move_ms=0.6 policy_zmq_lag=0.7ms scan_age=36.0ms loop_to_send=5.8ms
[go2:sport] cmd#364 seq=450 policy_v=0.899 policy_w=-0.132 sent_v=0.899 sent_w=-0.132 ret=0 dt=50.7ms move_ms=0.4 policy_zmq_lag=0.7ms scan_age=46.7ms loop_to_send=6.5ms
[go2:sport] cmd#365 seq=451 policy_v=0.899 policy_w=0.018 sent_v=0.899 sent_w=0.018 ret=0 dt=49.5ms move_ms=0.4 policy_zmq_lag=0.6ms scan_age=35.7ms loop_to_send=6.1ms
[go2:sport] cmd#366 seq=452 policy_v=0.899 policy_w=0.168 sent_v=0.899 sent_w=0.168 ret=0 dt=50.1ms move_ms=0.4 policy_zmq_lag=0.6ms scan_age=46.4ms loop_to_send=6.2ms
[go2:sport] cmd#367 seq=453 policy_v=0.899 policy_w=0.318 sent_v=0.899 sent_w=0.318 ret=0 dt=49.6ms move_ms=0.4 policy_zmq_lag=0.6ms scan_age=36.0ms loop_to_send=5.9ms
[go2:sport] cmd#368 seq=454 policy_v=0.899 policy_w=0.468 sent_v=0.899 sent_w=0.468 ret=0 dt=50.0ms move_ms=0.4 policy_zmq_lag=0.6ms scan_age=46.1ms loop_to_send=6.0ms
[go2:sport] cmd#369 seq=455 policy_v=0.899 policy_w=0.618 sent_v=0.899 sent_w=0.618 ret=0 dt=49.9ms move_ms=0.4 policy_zmq_lag=0.6ms scan_age=35.4ms loop_to_send=5.9ms
[go2:sport] cmd#370 seq=456 policy_v=0.899 policy_w=0.492 sent_v=0.899 sent_w=0.492 ret=0 dt=50.4ms move_ms=0.4 policy_zmq_lag=0.6ms scan_age=46.3ms loop_to_send=6.1ms
[go2:sport] cmd#371 seq=457 policy_v=0.899 policy_w=0.352 sent_v=0.899 sent_w=0.352 ret=0 dt=49.9ms move_ms=0.4 policy_zmq_lag=0.6ms scan_age=35.6ms loop_to_send=6.0ms
[go2:sport] cmd#372 seq=458 policy_v=0.899 policy_w=0.202 sent_v=0.899 sent_w=0.202 ret=0 dt=50.3ms move_ms=0.4 policy_zmq_lag=0.6ms scan_age=46.6ms loop_to_send=6.3ms
[go2:sport] cmd#373 seq=459 policy_v=0.899 policy_w=0.052 sent_v=0.899 sent_w=0.052 ret=0 dt=49.8ms move_ms=0.4 policy_zmq_lag=0.6ms scan_age=36.3ms loop_to_send=6.1ms
[go2:sport] cmd#374 seq=460 policy_v=0.900 policy_w=-0.111 sent_v=0.900 sent_w=-0.111 ret=0 dt=72.4ms move_ms=0.4 policy_zmq_lag=1.1ms scan_age=68.3ms loop_to_send=23.8ms
[go2:sport] cmd#375 seq=461 policy_v=0.899 policy_w=0.027 sent_v=0.899 sent_w=0.027 ret=0 dt=28.4ms move_ms=0.4 policy_zmq_lag=0.6ms scan_age=37.2ms loop_to_send=6.8ms
[go2:sport] cmd#376 seq=462 policy_v=0.899 policy_w=0.176 sent_v=0.899 sent_w=0.176 ret=0 dt=49.6ms move_ms=0.4 policy_zmq_lag=0.6ms scan_age=46.8ms loop_to_send=6.6ms
[go2:sport] cmd#377 seq=463 policy_v=0.899 policy_w=0.326 sent_v=0.899 sent_w=0.326 ret=0 dt=49.9ms move_ms=0.5 policy_zmq_lag=0.7ms scan_age=36.5ms loop_to_send=6.4ms
[go2:sport] cmd#378 seq=464 policy_v=0.899 policy_w=0.476 sent_v=0.899 sent_w=0.476 ret=0 dt=49.9ms move_ms=0.4 policy_zmq_lag=0.6ms scan_age=46.5ms loop_to_send=6.3ms
[go2:sport] cmd#379 seq=465 policy_v=0.899 policy_w=0.626 sent_v=0.899 sent_w=0.626 ret=0 dt=49.6ms move_ms=0.5 policy_zmq_lag=0.7ms scan_age=36.0ms loop_to_send=5.9ms
[go2:sport] cmd#380 seq=466 policy_v=0.899 policy_w=0.494 sent_v=0.899 sent_w=0.494 ret=0 dt=49.8ms move_ms=0.4 policy_zmq_lag=0.6ms scan_age=45.9ms loop_to_send=5.8ms
[go2:sport] cmd#381 seq=467 policy_v=0.899 policy_w=0.351 sent_v=0.899 sent_w=0.351 ret=0 dt=50.0ms move_ms=0.4 policy_zmq_lag=0.6ms scan_age=35.8ms loop_to_send=5.7ms
[go2:sport] cmd#382 seq=468 policy_v=0.899 policy_w=0.201 sent_v=0.899 sent_w=0.201 ret=0 dt=50.9ms move_ms=0.4 policy_zmq_lag=0.7ms scan_age=46.7ms loop_to_send=6.4ms
[go2:sport] cmd#383 seq=469 policy_v=0.898 policy_w=0.051 sent_v=0.898 sent_w=0.051 ret=0 dt=50.3ms move_ms=0.5 policy_zmq_lag=0.7ms scan_age=36.4ms loop_to_send=6.6ms
[go2:sport] cmd#384 seq=470 policy_v=0.899 policy_w=-0.099 sent_v=0.899 sent_w=-0.099 ret=0 dt=48.9ms move_ms=0.4 policy_zmq_lag=0.5ms scan_age=46.0ms loop_to_send=5.9ms
[go2:sport] cmd#385 seq=471 policy_v=0.899 policy_w=0.051 sent_v=0.899 sent_w=0.051 ret=0 dt=50.2ms move_ms=0.4 policy_zmq_lag=0.6ms scan_age=36.0ms loop_to_send=6.0ms
[go2:sport] cmd#386 seq=472 policy_v=0.899 policy_w=0.201 sent_v=0.899 sent_w=0.201 ret=0 dt=50.0ms move_ms=0.4 policy_zmq_lag=0.6ms scan_age=46.2ms loop_to_send=6.1ms
[go2:sport] cmd#387 seq=473 policy_v=0.899 policy_w=0.351 sent_v=0.899 sent_w=0.351 ret=0 dt=50.0ms move_ms=0.4 policy_zmq_lag=0.6ms scan_age=36.0ms loop_to_send=5.9ms
[go2:sport] cmd#388 seq=474 policy_v=0.899 policy_w=0.501 sent_v=0.899 sent_w=0.501 ret=0 dt=50.1ms move_ms=0.4 policy_zmq_lag=0.6ms scan_age=46.2ms loop_to_send=6.1ms
[go2:sport] cmd#389 seq=475 policy_v=0.899 policy_w=0.651 sent_v=0.899 sent_w=0.651 ret=0 dt=50.1ms move_ms=0.5 policy_zmq_lag=0.8ms scan_age=36.2ms loop_to_send=6.0ms
[go2:sport] cmd#390 seq=476 policy_v=0.898 policy_w=0.519 sent_v=0.898 sent_w=0.519 ret=0 dt=49.8ms move_ms=0.4 policy_zmq_lag=0.6ms scan_age=46.1ms loop_to_send=6.1ms
[go2:sport] cmd#391 seq=477 policy_v=0.898 policy_w=0.393 sent_v=0.898 sent_w=0.393 ret=0 dt=50.2ms move_ms=0.4 policy_zmq_lag=0.6ms scan_age=36.4ms loop_to_send=6.1ms
[go2:sport] cmd#392 seq=478 policy_v=0.898 policy_w=0.322 sent_v=0.898 sent_w=0.322 ret=0 dt=50.1ms move_ms=0.4 policy_zmq_lag=0.6ms scan_age=46.3ms loop_to_send=6.2ms
[go2:sport] cmd#393 seq=479 policy_v=0.898 policy_w=0.281 sent_v=0.898 sent_w=0.281 ret=0 dt=50.0ms move_ms=0.4 policy_zmq_lag=0.6ms scan_age=35.9ms loop_to_send=6.1ms
[go2:sport] cmd#394 seq=480 policy_v=0.899 policy_w=0.280 sent_v=0.899 sent_w=0.280 ret=0 dt=50.2ms move_ms=0.4 policy_zmq_lag=0.6ms scan_age=46.5ms loop_to_send=6.2ms
[go2:sport] cmd#395 seq=481 policy_v=0.898 policy_w=0.309 sent_v=0.898 sent_w=0.309 ret=0 dt=58.2ms move_ms=0.4 policy_zmq_lag=0.6ms scan_age=50.1ms loop_to_send=13.3ms
[go2:sport] cmd#396 seq=482 policy_v=0.898 policy_w=0.455 sent_v=0.898 sent_w=0.455 ret=0 dt=41.7ms move_ms=0.4 policy_zmq_lag=0.6ms scan_age=46.5ms loop_to_send=6.2ms
[go2:sport] cmd#397 seq=483 policy_v=0.898 policy_w=0.525 sent_v=0.898 sent_w=0.525 ret=0 dt=49.7ms move_ms=0.4 policy_zmq_lag=0.6ms scan_age=36.0ms loop_to_send=6.0ms
[go2:sport] cmd#398 seq=484 policy_v=0.898 policy_w=0.521 sent_v=0.898 sent_w=0.521 ret=0 dt=51.1ms move_ms=0.4 policy_zmq_lag=0.6ms scan_age=47.1ms loop_to_send=6.9ms
[go2:sport] cmd#399 seq=485 policy_v=0.898 policy_w=0.656 sent_v=0.898 sent_w=0.656 ret=0 dt=48.8ms move_ms=0.4 policy_zmq_lag=0.6ms scan_age=35.8ms loop_to_send=5.8ms
[go2:sport] cmd#400 seq=486 policy_v=0.898 policy_w=0.566 sent_v=0.898 sent_w=0.566 ret=0 dt=50.3ms move_ms=0.4 policy_zmq_lag=0.7ms scan_age=46.3ms loop_to_send=6.0ms
[go2:sport] cmd#401 seq=487 policy_v=0.898 policy_w=0.473 sent_v=0.898 sent_w=0.473 ret=0 dt=50.9ms move_ms=0.4 policy_zmq_lag=0.6ms scan_age=37.2ms loop_to_send=6.3ms
[go2:sport] cmd#402 seq=488 policy_v=0.898 policy_w=0.412 sent_v=0.898 sent_w=0.412 ret=0 dt=49.2ms move_ms=0.4 policy_zmq_lag=0.7ms scan_age=46.3ms loop_to_send=6.2ms
[go2:sport] cmd#403 seq=489 policy_v=0.896 policy_w=0.342 sent_v=0.896 sent_w=0.342 ret=0 dt=49.5ms move_ms=0.4 policy_zmq_lag=0.7ms scan_age=35.8ms loop_to_send=5.7ms
[go2:sport] cmd#404 seq=490 policy_v=0.897 policy_w=0.342 sent_v=0.897 sent_w=0.342 ret=0 dt=50.9ms move_ms=0.4 policy_zmq_lag=0.6ms scan_age=46.7ms loop_to_send=5.9ms
[go2:sport] cmd#405 seq=491 policy_v=0.897 policy_w=0.369 sent_v=0.897 sent_w=0.369 ret=0 dt=49.2ms move_ms=0.4 policy_zmq_lag=0.6ms scan_age=35.8ms loop_to_send=5.8ms
[go2:sport] cmd#406 seq=492 policy_v=0.897 policy_w=0.520 sent_v=0.897 sent_w=0.520 ret=0 dt=51.3ms move_ms=0.4 policy_zmq_lag=0.6ms scan_age=47.3ms loop_to_send=7.0ms
[go2:sport] cmd#407 seq=493 policy_v=0.897 policy_w=0.573 sent_v=0.897 sent_w=0.573 ret=0 dt=49.7ms move_ms=0.4 policy_zmq_lag=0.6ms scan_age=36.5ms loop_to_send=6.1ms
[go2:sport] cmd#408 seq=494 policy_v=0.895 policy_w=0.563 sent_v=0.895 sent_w=0.563 ret=0 dt=51.1ms move_ms=0.5 policy_zmq_lag=0.8ms scan_age=47.8ms loop_to_send=7.6ms
[go2:sport] cmd#409 seq=495 policy_v=0.898 policy_w=0.711 sent_v=0.898 sent_w=0.711 ret=0 dt=47.9ms move_ms=0.4 policy_zmq_lag=0.6ms scan_age=35.6ms loop_to_send=5.9ms
[go2:sport] cmd#410 seq=496 policy_v=0.000 policy_w=0.000 sent_v=0.000 sent_w=0.000 ret=0 dt=45.1ms move_ms=0.4 policy_zmq_lag=0.5ms
[go2:sport] cmd#411 seq=497 policy_v=0.000 policy_w=0.000 sent_v=0.000 sent_w=0.000 ret=0 dt=50.5ms move_ms=0.4 policy_zmq_lag=0.5ms
[go2:sport] cmd#412 seq=498 policy_v=0.000 policy_w=0.000 sent_v=0.000 sent_w=0.000 ret=0 dt=50.2ms move_ms=0.4 policy_zmq_lag=0.6ms
[go2:sport] cmd#413 seq=499 policy_v=0.000 policy_w=0.000 sent_v=0.000 sent_w=0.000 ret=0 dt=48.7ms move_ms=0.4 policy_zmq_lag=0.5ms
[go2:sport] cmd#414 seq=500 policy_v=0.000 policy_w=0.000 sent_v=0.000 sent_w=0.000 ret=0 dt=50.1ms move_ms=0.4 policy_zmq_lag=0.5ms
[go2:sport] cmd#415 seq=501 policy_v=0.000 policy_w=0.000 sent_v=0.000 sent_w=0.000 ret=0 dt=51.8ms move_ms=0.4 policy_zmq_lag=0.5ms
[go2:sport] cmd#416 seq=502 policy_v=0.000 policy_w=0.000 sent_v=0.000 sent_w=0.000 ret=0 dt=48.3ms move_ms=0.4 policy_zmq_lag=0.5ms
[go2:sport] cmd#417 seq=503 policy_v=0.000 policy_w=0.000 sent_v=0.000 sent_w=0.000 ret=0 dt=49.8ms move_ms=0.4 policy_zmq_lag=0.5ms
[go2:sport] cmd#418 seq=504 policy_v=0.000 policy_w=0.000 sent_v=0.000 sent_w=0.000 ret=0 dt=50.2ms move_ms=0.4 policy_zmq_lag=0.5ms
[go2:sport] cmd#419 seq=505 policy_v=0.000 policy_w=0.000 sent_v=0.000 sent_w=0.000 ret=0 dt=51.0ms move_ms=0.4 policy_zmq_lag=0.6ms
[go2:sport] cmd#420 seq=506 policy_v=0.000 policy_w=0.000 sent_v=0.000 sent_w=0.000 ret=0 dt=49.5ms move_ms=0.4 policy_zmq_lag=0.6ms
[go2:sport] cmd#421 seq=507 policy_v=0.000 policy_w=0.000 sent_v=0.000 sent_w=0.000 ret=0 dt=49.3ms move_ms=0.4 policy_zmq_lag=0.5ms
[go2:sport] cmd#422 seq=508 policy_v=0.000 policy_w=0.000 sent_v=0.000 sent_w=0.000 ret=0 dt=50.9ms move_ms=0.6 policy_zmq_lag=0.7ms
[go2:sport] cmd#423 seq=509 policy_v=0.000 policy_w=0.000 sent_v=0.000 sent_w=0.000 ret=0 dt=49.8ms move_ms=0.4 policy_zmq_lag=0.5ms
[go2:sport] cmd#424 seq=510 policy_v=0.000 policy_w=0.000 sent_v=0.000 sent_w=0.000 ret=0 dt=50.3ms move_ms=0.4 policy_zmq_lag=0.6ms
[go2:sport] cmd#425 seq=511 policy_v=0.000 policy_w=0.000 sent_v=0.000 sent_w=0.000 ret=0 dt=49.2ms move_ms=0.4 policy_zmq_lag=0.5ms
[go2:sport] cmd#426 seq=512 policy_v=0.000 policy_w=0.000 sent_v=0.000 sent_w=0.000 ret=0 dt=50.4ms move_ms=0.5 policy_zmq_lag=0.6ms
[go2:sport] cmd#427 seq=513 policy_v=0.000 policy_w=0.000 sent_v=0.000 sent_w=0.000 ret=0 dt=49.8ms move_ms=0.5 policy_zmq_lag=0.6ms
[go2:sport] cmd#428 seq=514 policy_v=0.000 policy_w=0.000 sent_v=0.000 sent_w=0.000 ret=0 dt=51.1ms move_ms=0.4 policy_zmq_lag=0.5ms
[go2:sport] cmd#429 seq=515 policy_v=0.000 policy_w=0.000 sent_v=0.000 sent_w=0.000 ret=0 dt=49.3ms move_ms=0.4 policy_zmq_lag=0.5ms
[go2:sport] cmd#430 seq=516 policy_v=0.000 policy_w=0.000 sent_v=0.000 sent_w=0.000 ret=0 dt=49.8ms move_ms=0.4 policy_zmq_lag=0.5ms
[go2:sport] cmd#431 seq=517 policy_v=0.000 policy_w=0.000 sent_v=0.000 sent_w=0.000 ret=0 dt=50.1ms move_ms=0.4 policy_zmq_lag=0.5ms
[go2:sport] cmd#432 seq=518 policy_v=0.000 policy_w=0.000 sent_v=0.000 sent_w=0.000 ret=0 dt=50.0ms move_ms=0.4 policy_zmq_lag=0.5ms
[go2:sport] cmd#433 seq=519 policy_v=0.000 policy_w=0.000 sent_v=0.000 sent_w=0.000 ret=0 dt=49.8ms move_ms=0.5 policy_zmq_lag=0.6ms
[go2:sport] cmd#434 seq=520 policy_v=0.000 policy_w=0.000 sent_v=0.000 sent_w=0.000 ret=0 dt=50.7ms move_ms=0.5 policy_zmq_lag=0.6ms
[go2:sport] cmd#435 seq=521 policy_v=0.000 policy_w=0.000 sent_v=0.000 sent_w=0.000 ret=0 dt=49.3ms move_ms=0.4 policy_zmq_lag=0.5ms
[go2:sport] cmd#436 seq=522 policy_v=0.000 policy_w=0.000 sent_v=0.000 sent_w=0.000 ret=0 dt=54.2ms move_ms=0.4 policy_zmq_lag=0.5ms
[go2:sport] cmd#437 seq=523 policy_v=0.000 policy_w=0.000 sent_v=0.000 sent_w=0.000 ret=0 dt=45.4ms move_ms=0.4 policy_zmq_lag=0.5ms
[go2:sport] cmd#438 seq=524 policy_v=0.000 policy_w=0.000 sent_v=0.000 sent_w=0.000 ret=0 dt=50.9ms move_ms=0.4 policy_zmq_lag=0.5ms
[go2:sport] cmd#439 seq=525 policy_v=0.000 policy_w=0.000 sent_v=0.000 sent_w=0.000 ret=0 dt=49.1ms move_ms=0.4 policy_zmq_lag=0.5ms
[go2:sport] cmd#440 seq=526 policy_v=0.000 policy_w=0.000 sent_v=0.000 sent_w=0.000 ret=0 dt=50.7ms move_ms=0.5 policy_zmq_lag=0.6ms
[go2:sport] cmd#441 seq=527 policy_v=0.000 policy_w=0.000 sent_v=0.000 sent_w=0.000 ret=0 dt=49.7ms move_ms=0.4 policy_zmq_lag=0.5ms
[go2:sport] cmd#442 seq=528 policy_v=0.000 policy_w=0.000 sent_v=0.000 sent_w=0.000 ret=0 dt=50.8ms move_ms=0.4 policy_zmq_lag=0.6ms
[go2:sport] cmd#443 seq=529 policy_v=0.000 policy_w=0.000 sent_v=0.000 sent_w=0.000 ret=0 dt=49.1ms move_ms=0.4 policy_zmq_lag=0.5ms
[go2:sport] cmd#444 seq=530 policy_v=0.000 policy_w=0.000 sent_v=0.000 sent_w=0.000 ret=0 dt=49.8ms move_ms=0.4 policy_zmq_lag=0.5ms
[go2:sport] cmd#445 seq=531 policy_v=0.000 policy_w=0.000 sent_v=0.000 sent_w=0.000 ret=0 dt=50.7ms move_ms=0.7 policy_zmq_lag=0.7ms
[go2:sport] cmd#446 seq=532 policy_v=0.000 policy_w=0.000 sent_v=0.000 sent_w=0.000 ret=0 dt=49.8ms move_ms=0.7 policy_zmq_lag=0.6ms
[go2:sport] cmd#447 seq=533 policy_v=0.000 policy_w=0.000 sent_v=0.000 sent_w=0.000 ret=0 dt=50.1ms move_ms=0.4 policy_zmq_lag=0.5ms
[go2:sport] cmd#448 seq=534 policy_v=0.000 policy_w=0.000 sent_v=0.000 sent_w=0.000 ret=0 dt=49.7ms move_ms=0.4 policy_zmq_lag=0.6ms
[go2:sport] cmd#449 seq=535 policy_v=0.000 policy_w=0.000 sent_v=0.000 sent_w=0.000 ret=0 dt=50.4ms move_ms=0.4 policy_zmq_lag=0.5ms
[go2:sport] cmd#450 seq=536 policy_v=0.000 policy_w=0.000 sent_v=0.000 sent_w=0.000 ret=0 dt=50.0ms move_ms=0.4 policy_zmq_lag=0.5ms
[go2:sport] cmd#451 seq=537 policy_v=0.000 policy_w=0.000 sent_v=0.000 sent_w=0.000 ret=0 dt=49.5ms move_ms=0.4 policy_zmq_lag=0.6ms
[go2:sport] cmd#452 seq=538 policy_v=0.000 policy_w=0.000 sent_v=0.000 sent_w=0.000 ret=0 dt=50.2ms move_ms=0.4 policy_zmq_lag=0.5ms
[go2:sport] cmd#453 seq=539 policy_v=0.000 policy_w=0.000 sent_v=0.000 sent_w=0.000 ret=0 dt=49.9ms move_ms=0.4 policy_zmq_lag=0.5ms
[go2:sport] cmd#454 seq=540 policy_v=0.000 policy_w=0.000 sent_v=0.000 sent_w=0.000 ret=0 dt=50.0ms move_ms=0.4 policy_zmq_lag=0.5ms
[go2:sport] cmd#455 seq=541 policy_v=0.000 policy_w=0.000 sent_v=0.000 sent_w=0.000 ret=0 dt=49.9ms move_ms=0.4 policy_zmq_lag=0.5ms
[go2:sport] cmd#456 seq=542 policy_v=0.000 policy_w=0.000 sent_v=0.000 sent_w=0.000 ret=0 dt=50.7ms move_ms=0.4 policy_zmq_lag=0.9ms
[go2:sport] cmd#457 seq=543 policy_v=0.000 policy_w=0.000 sent_v=0.000 sent_w=0.000 ret=0 dt=53.1ms move_ms=0.3 policy_zmq_lag=0.5ms
[go2:sport] cmd#458 seq=544 policy_v=0.000 policy_w=0.000 sent_v=0.000 sent_w=0.000 ret=0 dt=46.7ms move_ms=0.4 policy_zmq_lag=0.6ms
[go2:sport] cmd#459 seq=545 policy_v=0.000 policy_w=0.000 sent_v=0.000 sent_w=0.000 ret=0 dt=50.4ms move_ms=0.4 policy_zmq_lag=0.8ms
[go2:sport] cmd#460 seq=546 policy_v=0.000 policy_w=0.000 sent_v=0.000 sent_w=0.000 ret=0 dt=49.4ms move_ms=0.4 policy_zmq_lag=0.5ms
[go2:sport] cmd#461 seq=547 policy_v=0.000 policy_w=0.000 sent_v=0.000 sent_w=0.000 ret=0 dt=49.7ms move_ms=0.4 policy_zmq_lag=0.5ms
[go2:sport] cmd#462 seq=548 policy_v=0.000 policy_w=0.000 sent_v=0.000 sent_w=0.000 ret=0 dt=50.0ms move_ms=0.5 policy_zmq_lag=0.5ms
[go2:sport] cmd#463 seq=549 policy_v=0.000 policy_w=0.000 sent_v=0.000 sent_w=0.000 ret=0 dt=50.1ms move_ms=0.4 policy_zmq_lag=0.6ms
[go2:sport] cmd#464 seq=550 policy_v=0.000 policy_w=0.000 sent_v=0.000 sent_w=0.000 ret=0 dt=50.1ms move_ms=0.4 policy_zmq_lag=0.6ms
[go2:sport] cmd#465 seq=551 policy_v=0.000 policy_w=0.000 sent_v=0.000 sent_w=0.000 ret=0 dt=49.7ms move_ms=0.5 policy_zmq_lag=0.5ms
[go2:sport] cmd#466 seq=552 policy_v=0.000 policy_w=0.000 sent_v=0.000 sent_w=0.000 ret=0 dt=50.0ms move_ms=0.6 policy_zmq_lag=0.5ms
[go2:sport] cmd#467 seq=553 policy_v=0.000 policy_w=0.000 sent_v=0.000 sent_w=0.000 ret=0 dt=50.7ms move_ms=0.5 policy_zmq_lag=0.5ms
[go2:sport] cmd#468 seq=554 policy_v=0.000 policy_w=0.000 sent_v=0.000 sent_w=0.000 ret=0 dt=49.6ms move_ms=0.5 policy_zmq_lag=0.5ms
[go2:sport] cmd#469 seq=555 policy_v=0.000 policy_w=0.000 sent_v=0.000 sent_w=0.000 ret=0 dt=49.7ms move_ms=0.5 policy_zmq_lag=0.5ms
[go2:sport] cmd#470 seq=556 policy_v=0.000 policy_w=0.000 sent_v=0.000 sent_w=0.000 ret=0 dt=50.3ms move_ms=0.4 policy_zmq_lag=0.6ms
[go2:sport] cmd#471 seq=557 policy_v=0.000 policy_w=0.000 sent_v=0.000 sent_w=0.000 ret=0 dt=49.9ms move_ms=0.4 policy_zmq_lag=0.6ms
[go2:sport] cmd#472 seq=558 policy_v=0.000 policy_w=0.000 sent_v=0.000 sent_w=0.000 ret=0 dt=49.9ms move_ms=0.4 policy_zmq_lag=0.6ms
[go2:sport] cmd#473 seq=559 policy_v=0.000 policy_w=0.000 sent_v=0.000 sent_w=0.000 ret=0 dt=50.1ms move_ms=0.4 policy_zmq_lag=0.5ms
[go2:sport] cmd#474 seq=560 policy_v=0.000 policy_w=0.000 sent_v=0.000 sent_w=0.000 ret=0 dt=50.4ms move_ms=0.4 policy_zmq_lag=0.6ms
[go2:sport] cmd#475 seq=561 policy_v=0.000 policy_w=0.000 sent_v=0.000 sent_w=0.000 ret=0 dt=49.5ms move_ms=0.4 policy_zmq_lag=0.5ms
[go2:sport] cmd#476 seq=562 policy_v=0.000 policy_w=0.000 sent_v=0.000 sent_w=0.000 ret=0 dt=50.1ms move_ms=0.4 policy_zmq_lag=0.5ms
[go2:sport] cmd#477 seq=563 policy_v=0.000 policy_w=0.000 sent_v=0.000 sent_w=0.000 ret=0 dt=50.0ms move_ms=0.4 policy_zmq_lag=0.5ms
[go2:sport] cmd#478 seq=564 policy_v=0.000 policy_w=0.000 sent_v=0.000 sent_w=0.000 ret=0 dt=50.5ms move_ms=0.4 policy_zmq_lag=0.5ms
[go2:sport] cmd#479 seq=565 policy_v=0.000 policy_w=0.000 sent_v=0.000 sent_w=0.000 ret=0 dt=49.3ms move_ms=0.4 policy_zmq_lag=0.5ms
[go2:sport] cmd#480 seq=566 policy_v=0.000 policy_w=0.000 sent_v=0.000 sent_w=0.000 ret=0 dt=50.7ms move_ms=0.4 policy_zmq_lag=0.5ms
[go2:sport] cmd#481 seq=567 policy_v=0.000 policy_w=0.000 sent_v=0.000 sent_w=0.000 ret=0 dt=49.4ms move_ms=0.4 policy_zmq_lag=0.5ms
[go2:sport] cmd#482 seq=568 policy_v=0.000 policy_w=0.000 sent_v=0.000 sent_w=0.000 ret=0 dt=49.9ms move_ms=0.4 policy_zmq_lag=0.5ms
[go2:sport] cmd#483 seq=569 policy_v=0.000 policy_w=0.000 sent_v=0.000 sent_w=0.000 ret=0 dt=49.6ms move_ms=0.4 policy_zmq_lag=0.5ms
[go2:sport] cmd#484 seq=570 policy_v=0.000 policy_w=0.000 sent_v=0.000 sent_w=0.000 ret=0 dt=50.4ms move_ms=0.4 policy_zmq_lag=0.5ms
[go2:sport] cmd#485 seq=571 policy_v=0.000 policy_w=0.000 sent_v=0.000 sent_w=0.000 ret=0 dt=50.0ms move_ms=0.4 policy_zmq_lag=0.5ms
[go2:sport] cmd#486 seq=572 policy_v=0.000 policy_w=0.000 sent_v=0.000 sent_w=0.000 ret=0 dt=49.9ms move_ms=0.4 policy_zmq_lag=0.5ms
[go2:sport] cmd#487 seq=573 policy_v=0.000 policy_w=0.000 sent_v=0.000 sent_w=0.000 ret=0 dt=50.3ms move_ms=0.5 policy_zmq_lag=0.5ms
[go2:sport] cmd#488 seq=574 policy_v=0.000 policy_w=0.000 sent_v=0.000 sent_w=0.000 ret=0 dt=50.5ms move_ms=0.4 policy_zmq_lag=0.5ms
[go2:sport] cmd#489 seq=575 policy_v=0.000 policy_w=0.000 sent_v=0.000 sent_w=0.000 ret=0 dt=49.8ms move_ms=0.4 policy_zmq_lag=0.5ms
[go2:sport] cmd#490 seq=576 policy_v=0.000 policy_w=0.000 sent_v=0.000 sent_w=0.000 ret=0 dt=50.4ms move_ms=0.5 policy_zmq_lag=0.6ms
[go2:sport] cmd#491 seq=577 policy_v=0.000 policy_w=0.000 sent_v=0.000 sent_w=0.000 ret=0 dt=49.2ms move_ms=0.4 policy_zmq_lag=0.5ms
[go2:sport] cmd#492 seq=578 policy_v=0.000 policy_w=0.000 sent_v=0.000 sent_w=0.000 ret=0 dt=50.7ms move_ms=0.4 policy_zmq_lag=0.5ms
[go2:sport] cmd#493 seq=579 policy_v=0.000 policy_w=0.000 sent_v=0.000 sent_w=0.000 ret=0 dt=49.2ms move_ms=0.4 policy_zmq_lag=0.6ms
[go2:sport] cmd#494 seq=580 policy_v=0.000 policy_w=0.000 sent_v=0.000 sent_w=0.000 ret=0 dt=50.1ms move_ms=0.4 policy_zmq_lag=0.6ms
[go2:sport] cmd#495 seq=581 policy_v=0.000 policy_w=0.000 sent_v=0.000 sent_w=0.000 ret=0 dt=49.7ms move_ms=0.4 policy_zmq_lag=0.5ms
[go2:sport] cmd#496 seq=582 policy_v=0.000 policy_w=0.000 sent_v=0.000 sent_w=0.000 ret=0 dt=50.0ms move_ms=0.4 policy_zmq_lag=0.5ms
[go2:sport] cmd#497 seq=583 policy_v=0.000 policy_w=0.000 sent_v=0.000 sent_w=0.000 ret=0 dt=49.9ms move_ms=0.4 policy_zmq_lag=0.5ms
[go2:sport] cmd#498 seq=584 policy_v=0.000 policy_w=0.000 sent_v=0.000 sent_w=0.000 ret=0 dt=50.4ms move_ms=0.4 policy_zmq_lag=0.5ms
[go2:sport] cmd#499 seq=585 policy_v=0.000 policy_w=0.000 sent_v=0.000 sent_w=0.000 ret=0 dt=50.0ms move_ms=0.4 policy_zmq_lag=0.5ms
[go2:sport] cmd#500 seq=586 policy_v=0.000 policy_w=0.000 sent_v=0.000 sent_w=0.000 ret=0 dt=50.0ms move_ms=0.4 policy_zmq_lag=0.6ms
[go2:sport] cmd#501 seq=587 policy_v=0.000 policy_w=0.000 sent_v=0.000 sent_w=0.000 ret=0 dt=50.0ms move_ms=0.5 policy_zmq_lag=0.6ms
[go2:sport] cmd#502 seq=588 policy_v=0.000 policy_w=0.000 sent_v=0.000 sent_w=0.000 ret=0 dt=50.1ms move_ms=1.3 policy_zmq_lag=0.7ms
[go2:sport] cmd#503 seq=589 policy_v=0.000 policy_w=0.000 sent_v=0.000 sent_w=0.000 ret=0 dt=49.7ms move_ms=0.4 policy_zmq_lag=0.5ms
[go2:sport] cmd#504 seq=590 policy_v=0.000 policy_w=0.000 sent_v=0.000 sent_w=0.000 ret=0 dt=49.5ms move_ms=0.4 policy_zmq_lag=0.5ms
[go2:sport] cmd#505 seq=591 policy_v=0.000 policy_w=0.000 sent_v=0.000 sent_w=0.000 ret=0 dt=49.9ms move_ms=0.4 policy_zmq_lag=0.5ms
[go2:sport] cmd#506 seq=592 policy_v=0.000 policy_w=0.000 sent_v=0.000 sent_w=0.000 ret=0 dt=50.6ms move_ms=0.5 policy_zmq_lag=0.6ms
[go2:sport] cmd#507 seq=593 policy_v=0.000 policy_w=0.000 sent_v=0.000 sent_w=0.000 ret=0 dt=49.5ms move_ms=0.4 policy_zmq_lag=0.5ms
[go2:sport] cmd#508 seq=594 policy_v=0.000 policy_w=0.000 sent_v=0.000 sent_w=0.000 ret=0 dt=50.1ms move_ms=0.4 policy_zmq_lag=0.6ms
[go2:sport] cmd#509 seq=595 policy_v=0.000 policy_w=0.000 sent_v=0.000 sent_w=0.000 ret=0 dt=50.3ms move_ms=0.4 policy_zmq_lag=0.5ms
[go2:sport] cmd#510 seq=596 policy_v=0.000 policy_w=0.000 sent_v=0.000 sent_w=0.000 ret=0 dt=49.6ms move_ms=0.4 policy_zmq_lag=0.5ms
[go2:sport] cmd#511 seq=597 policy_v=0.000 policy_w=0.000 sent_v=0.000 sent_w=0.000 ret=0 dt=50.1ms move_ms=0.4 policy_zmq_lag=0.5ms
[go2:sport] cmd#512 seq=598 policy_v=0.000 policy_w=0.000 sent_v=0.000 sent_w=0.000 ret=0 dt=50.2ms move_ms=0.4 policy_zmq_lag=0.6ms
[go2:sport] cmd#513 seq=599 policy_v=0.000 policy_w=0.000 sent_v=0.000 sent_w=0.000 ret=0 dt=50.3ms move_ms=0.4 policy_zmq_lag=0.5ms
[go2:sport] cmd#514 seq=600 policy_v=0.000 policy_w=0.000 sent_v=0.000 sent_w=0.000 ret=0 dt=49.4ms move_ms=0.5 policy_zmq_lag=0.5ms
[go2:sport] cmd#515 seq=601 policy_v=0.000 policy_w=0.000 sent_v=0.000 sent_w=0.000 ret=0 dt=50.1ms move_ms=0.4 policy_zmq_lag=0.5ms
[go2:sport] cmd#516 seq=602 policy_v=0.000 policy_w=0.000 sent_v=0.000 sent_w=0.000 ret=0 dt=50.0ms move_ms=0.5 policy_zmq_lag=0.5ms
[go2:sport] cmd#517 seq=603 policy_v=0.000 policy_w=0.000 sent_v=0.000 sent_w=0.000 ret=0 dt=49.9ms move_ms=0.4 policy_zmq_lag=0.5ms
[go2:sport] cmd#518 seq=604 policy_v=0.000 policy_w=0.000 sent_v=0.000 sent_w=0.000 ret=0 dt=52.3ms move_ms=0.4 policy_zmq_lag=1.8ms
[go2:sport] cmd#519 seq=605 policy_v=0.000 policy_w=0.000 sent_v=0.000 sent_w=0.000 ret=0 dt=58.1ms move_ms=0.4 policy_zmq_lag=0.6ms
[go2:sport] cmd#520 seq=606 policy_v=0.000 policy_w=0.000 sent_v=0.000 sent_w=0.000 ret=0 dt=40.1ms move_ms=0.4 policy_zmq_lag=0.6ms
[go2:sport] cmd#521 seq=607 policy_v=0.000 policy_w=0.000 sent_v=0.000 sent_w=0.000 ret=0 dt=50.3ms move_ms=0.5 policy_zmq_lag=0.5ms
[go2:sport] cmd#522 seq=608 policy_v=0.000 policy_w=0.000 sent_v=0.000 sent_w=0.000 ret=0 dt=49.6ms move_ms=0.5 policy_zmq_lag=0.5ms
[go2:sport] cmd#523 seq=609 policy_v=0.000 policy_w=0.000 sent_v=0.000 sent_w=0.000 ret=0 dt=50.0ms move_ms=0.4 policy_zmq_lag=0.5ms
[go2:sport] cmd#524 seq=610 policy_v=0.000 policy_w=0.000 sent_v=0.000 sent_w=0.000 ret=0 dt=49.9ms move_ms=0.4 policy_zmq_lag=0.5ms
[go2:sport] cmd#525 seq=611 policy_v=0.000 policy_w=0.000 sent_v=0.000 sent_w=0.000 ret=0 dt=50.1ms move_ms=0.4 policy_zmq_lag=0.5ms
[go2:sport] cmd#526 seq=612 policy_v=0.000 policy_w=0.000 sent_v=0.000 sent_w=0.000 ret=0 dt=49.6ms move_ms=0.4 policy_zmq_lag=0.5ms
[go2:sport] cmd#527 seq=613 policy_v=0.000 policy_w=0.000 sent_v=0.000 sent_w=0.000 ret=0 dt=50.3ms move_ms=0.6 policy_zmq_lag=0.6ms
[go2:sport] cmd#528 seq=614 policy_v=0.000 policy_w=0.000 sent_v=0.000 sent_w=0.000 ret=0 dt=50.4ms move_ms=0.6 policy_zmq_lag=0.7ms
[go2:sport] cmd#529 seq=615 policy_v=0.000 policy_w=0.000 sent_v=0.000 sent_w=0.000 ret=0 dt=50.2ms move_ms=0.4 policy_zmq_lag=0.6ms
[go2:sport] cmd#530 seq=616 policy_v=0.000 policy_w=0.000 sent_v=0.000 sent_w=0.000 ret=0 dt=49.8ms move_ms=0.5 policy_zmq_lag=0.6ms
[go2:sport] cmd#531 seq=617 policy_v=0.000 policy_w=0.000 sent_v=0.000 sent_w=0.000 ret=0 dt=50.2ms move_ms=0.5 policy_zmq_lag=0.5ms
[go2:sport] cmd#532 seq=618 policy_v=0.000 policy_w=0.000 sent_v=0.000 sent_w=0.000 ret=0 dt=49.7ms move_ms=0.4 policy_zmq_lag=0.5ms
[go2:sport] cmd#533 seq=619 policy_v=0.000 policy_w=0.000 sent_v=0.000 sent_w=0.000 ret=0 dt=50.1ms move_ms=0.4 policy_zmq_lag=0.5ms
[go2:sport] cmd#534 seq=620 policy_v=0.000 policy_w=0.000 sent_v=0.000 sent_w=0.000 ret=0 dt=50.4ms move_ms=0.4 policy_zmq_lag=0.6ms
[go2:sport] cmd#535 seq=621 policy_v=0.000 policy_w=0.000 sent_v=0.000 sent_w=0.000 ret=0 dt=49.3ms move_ms=0.4 policy_zmq_lag=0.5ms
[go2:sport] cmd#536 seq=622 policy_v=0.000 policy_w=0.000 sent_v=0.000 sent_w=0.000 ret=0 dt=50.0ms move_ms=0.4 policy_zmq_lag=0.5ms
[go2:sport] cmd#537 seq=623 policy_v=0.000 policy_w=0.000 sent_v=0.000 sent_w=0.000 ret=0 dt=50.4ms move_ms=0.4 policy_zmq_lag=0.6ms
[go2:sport] cmd#538 seq=624 policy_v=0.000 policy_w=0.000 sent_v=0.000 sent_w=0.000 ret=0 dt=50.4ms move_ms=0.4 policy_zmq_lag=0.6ms
[go2:sport] cmd#539 seq=625 policy_v=0.000 policy_w=0.000 sent_v=0.000 sent_w=0.000 ret=0 dt=51.0ms move_ms=0.4 policy_zmq_lag=1.0ms
[go2:sport] cmd#540 seq=626 policy_v=0.000 policy_w=0.000 sent_v=0.000 sent_w=0.000 ret=0 dt=47.9ms move_ms=0.4 policy_zmq_lag=0.5ms
[go2:sport] cmd#541 seq=627 policy_v=0.000 policy_w=0.000 sent_v=0.000 sent_w=0.000 ret=0 dt=50.4ms move_ms=0.5 policy_zmq_lag=0.6ms
[go2:sport] cmd#542 seq=628 policy_v=0.000 policy_w=0.000 sent_v=0.000 sent_w=0.000 ret=0 dt=49.9ms move_ms=0.5 policy_zmq_lag=0.5ms
[go2:sport] cmd#543 seq=629 policy_v=0.000 policy_w=0.000 sent_v=0.000 sent_w=0.000 ret=0 dt=50.2ms move_ms=0.4 policy_zmq_lag=0.5ms
[go2:sport] cmd#544 seq=630 policy_v=0.000 policy_w=0.000 sent_v=0.000 sent_w=0.000 ret=0 dt=49.8ms move_ms=0.4 policy_zmq_lag=0.5ms
[go2:sport] cmd#545 seq=631 policy_v=0.000 policy_w=0.000 sent_v=0.000 sent_w=0.000 ret=0 dt=50.0ms move_ms=0.4 policy_zmq_lag=0.5ms
[go2:sport] cmd#546 seq=632 policy_v=0.000 policy_w=0.000 sent_v=0.000 sent_w=0.000 ret=0 dt=50.0ms move_ms=0.7 policy_zmq_lag=0.6ms
[go2:sport] cmd#547 seq=633 policy_v=0.000 policy_w=0.000 sent_v=0.000 sent_w=0.000 ret=0 dt=49.9ms move_ms=0.5 policy_zmq_lag=0.6ms
[go2:sport] cmd#548 seq=634 policy_v=0.000 policy_w=0.000 sent_v=0.000 sent_w=0.000 ret=0 dt=50.4ms move_ms=0.4 policy_zmq_lag=0.6ms
[go2:sport] cmd#549 seq=635 policy_v=0.000 policy_w=0.000 sent_v=0.000 sent_w=0.000 ret=0 dt=49.8ms move_ms=0.4 policy_zmq_lag=0.5ms
[go2:sport] cmd#550 seq=636 policy_v=0.000 policy_w=0.000 sent_v=0.000 sent_w=0.000 ret=0 dt=49.8ms move_ms=0.4 policy_zmq_lag=0.6ms
[go2:sport] cmd#551 seq=637 policy_v=0.000 policy_w=0.000 sent_v=0.000 sent_w=0.000 ret=0 dt=50.1ms move_ms=0.5 policy_zmq_lag=0.7ms
[go2:sport] cmd#552 seq=638 policy_v=0.000 policy_w=0.000 sent_v=0.000 sent_w=0.000 ret=0 dt=50.2ms move_ms=0.4 policy_zmq_lag=0.5ms
[go2:sport] cmd#553 seq=639 policy_v=0.000 policy_w=0.000 sent_v=0.000 sent_w=0.000 ret=0 dt=49.3ms move_ms=0.4 policy_zmq_lag=0.5ms
[go2:sport] cmd#554 seq=640 policy_v=0.000 policy_w=0.000 sent_v=0.000 sent_w=0.000 ret=0 dt=50.8ms move_ms=0.5 policy_zmq_lag=0.6ms
[go2:sport] cmd#555 seq=641 policy_v=0.000 policy_w=0.000 sent_v=0.000 sent_w=0.000 ret=0 dt=49.6ms move_ms=0.6 policy_zmq_lag=0.6ms
[go2:sport] cmd#556 seq=642 policy_v=0.000 policy_w=0.000 sent_v=0.000 sent_w=0.000 ret=0 dt=50.3ms move_ms=0.4 policy_zmq_lag=0.5ms
[go2:sport] cmd#557 seq=643 policy_v=0.000 policy_w=0.000 sent_v=0.000 sent_w=0.000 ret=0 dt=49.5ms move_ms=0.4 policy_zmq_lag=0.5ms
[go2:sport] cmd#558 seq=644 policy_v=0.000 policy_w=0.000 sent_v=0.000 sent_w=0.000 ret=0 dt=50.1ms move_ms=0.4 policy_zmq_lag=0.5ms
[go2:sport] cmd#559 seq=645 policy_v=0.000 policy_w=0.000 sent_v=0.000 sent_w=0.000 ret=0 dt=50.5ms move_ms=0.5 policy_zmq_lag=0.5ms
[go2:sport] cmd#560 seq=646 policy_v=0.000 policy_w=0.000 sent_v=0.000 sent_w=0.000 ret=0 dt=49.9ms move_ms=0.4 policy_zmq_lag=0.6ms
[go2:sport] cmd#561 seq=647 policy_v=0.000 policy_w=0.000 sent_v=0.000 sent_w=0.000 ret=0 dt=49.8ms move_ms=0.4 policy_zmq_lag=0.5ms
[go2:sport] cmd#562 seq=648 policy_v=0.000 policy_w=0.000 sent_v=0.000 sent_w=0.000 ret=0 dt=50.0ms move_ms=0.4 policy_zmq_lag=0.5ms
[go2:sport] cmd#563 seq=649 policy_v=0.000 policy_w=0.000 sent_v=0.000 sent_w=0.000 ret=0 dt=50.1ms move_ms=0.4 policy_zmq_lag=0.5ms
[go2:sport] cmd#564 seq=650 policy_v=0.000 policy_w=0.000 sent_v=0.000 sent_w=0.000 ret=0 dt=50.2ms move_ms=0.4 policy_zmq_lag=0.6ms
[go2:sport] cmd#565 seq=651 policy_v=0.000 policy_w=0.000 sent_v=0.000 sent_w=0.000 ret=0 dt=49.6ms move_ms=0.4 policy_zmq_lag=0.5ms
[go2:sport] cmd#566 seq=652 policy_v=0.000 policy_w=0.000 sent_v=0.000 sent_w=0.000 ret=0 dt=50.1ms move_ms=0.4 policy_zmq_lag=0.5ms
[go2:sport] cmd#567 seq=653 policy_v=0.000 policy_w=0.000 sent_v=0.000 sent_w=0.000 ret=0 dt=49.9ms move_ms=0.4 policy_zmq_lag=0.5ms
[go2:sport] cmd#568 seq=654 policy_v=0.000 policy_w=0.000 sent_v=0.000 sent_w=0.000 ret=0 dt=50.7ms move_ms=0.4 policy_zmq_lag=0.6ms
[go2:sport] cmd#569 seq=655 policy_v=0.000 policy_w=0.000 sent_v=0.000 sent_w=0.000 ret=0 dt=49.5ms move_ms=0.5 policy_zmq_lag=0.5ms
[go2:sport] cmd#570 seq=656 policy_v=0.000 policy_w=0.000 sent_v=0.000 sent_w=0.000 ret=0 dt=50.5ms move_ms=0.6 policy_zmq_lag=0.7ms
[go2:sport] cmd#571 seq=657 policy_v=0.000 policy_w=0.000 sent_v=0.000 sent_w=0.000 ret=0 dt=49.4ms move_ms=0.4 policy_zmq_lag=0.6ms
[go2:sport] cmd#572 seq=658 policy_v=0.000 policy_w=0.000 sent_v=0.000 sent_w=0.000 ret=0 dt=50.0ms move_ms=0.5 policy_zmq_lag=0.5ms
[go2:sport] cmd#573 seq=659 policy_v=0.000 policy_w=0.000 sent_v=0.000 sent_w=0.000 ret=0 dt=50.2ms move_ms=0.4 policy_zmq_lag=0.5ms
[go2:sport] cmd#574 seq=660 policy_v=0.000 policy_w=0.000 sent_v=0.000 sent_w=0.000 ret=0 dt=50.4ms move_ms=0.5 policy_zmq_lag=0.7ms
[go2:sport] cmd#575 seq=661 policy_v=0.000 policy_w=0.000 sent_v=0.000 sent_w=0.000 ret=0 dt=50.9ms move_ms=0.4 policy_zmq_lag=0.6ms
[go2:sport] cmd#576 seq=662 policy_v=0.000 policy_w=0.000 sent_v=0.000 sent_w=0.000 ret=0 dt=48.5ms move_ms=0.4 policy_zmq_lag=0.5ms
[go2:sport] cmd#577 seq=663 policy_v=0.000 policy_w=0.000 sent_v=0.000 sent_w=0.000 ret=0 dt=49.9ms move_ms=0.4 policy_zmq_lag=0.5ms
[go2:sport] cmd#578 seq=664 policy_v=0.000 policy_w=0.000 sent_v=0.000 sent_w=0.000 ret=0 dt=51.4ms move_ms=0.4 policy_zmq_lag=0.5ms
[go2:sport] cmd#579 seq=665 policy_v=0.000 policy_w=0.000 sent_v=0.000 sent_w=0.000 ret=0 dt=48.7ms move_ms=0.4 policy_zmq_lag=0.5ms
[go2:sport] cmd#580 seq=666 policy_v=0.000 policy_w=0.000 sent_v=0.000 sent_w=0.000 ret=0 dt=50.2ms move_ms=0.5 policy_zmq_lag=0.6ms
[go2:sport] cmd#581 seq=667 policy_v=0.000 policy_w=0.000 sent_v=0.000 sent_w=0.000 ret=0 dt=50.2ms move_ms=0.4 policy_zmq_lag=0.5ms
[go2:sport] remote-command source restored
[go2:sport] joystick commands restored
