
[0;36m══════════════════════════════════════════[0m
[0;36m  停止 DCLP 导航链路[0m
[0;36m══════════════════════════════════════════[0m
[0;32m[dclp_nav][0m 停止完成

[0;36m══════════════════════════════════════════[0m
[0;36m  DCLP 一键导航 — 续航步态 (economic)[0m
[0;36m══════════════════════════════════════════[0m

[0;32m[dclp_nav][0m 传感器:  MID360 -> /livox/lidar -> pc2scan -> /scan
[0;32m[dclp_nav][0m 里程计:  /sportmodestate -> 足部里程计 -> /odom + odom->base_link TF
[0;32m[dclp_nav][0m 策略:    /scan + /odom -> DCLP -> ZMQ -> Go2 SportClient
[0;32m[dclp_nav][0m 调试:    dry-run=OFF, zero-motion=ON-只发送零速度
[0;32m[dclp_nav][0m 补偿:    速度前馈补偿=ON
[0;32m[dclp_nav][0m 模型:    /home/unitree/qyw/dclp_20260710_reproduction/models/dclp/V1_41lambda1_101.pth
[0;32m[dclp_nav][0m 日志:    /home/unitree/qyw/dclp_20260710_reproduction/runs/20260720_001144_267906950_S2L_r1_h9_final_on_zero-motion/component_logs

[0;32m[dclp_nav][0m 启动 mid360...
[0;32m[dclp_nav][0m   mid360 started (pid=9068, log=/home/unitree/qyw/dclp_20260710_reproduction/runs/20260720_001144_267906950_S2L_r1_h9_final_on_zero-motion/component_logs/mid360.log)
[0;32m[dclp_nav][0m   MID360 /livox/lidar OK count=150 rate=50.00Hz age_ms recent_avg=21.7 recent_max=22.1 last=21.6 all_max=22.9 frame=livox_frame points=3936
[0;32m[dclp_nav][0m 启动 tf...
[0;32m[dclp_nav][0m   tf started (pid=9242, log=/home/unitree/qyw/dclp_20260710_reproduction/runs/20260720_001144_267906950_S2L_r1_h9_final_on_zero-motion/component_logs/tf.log)
[0;32m[dclp_nav][0m 启动 pc2scan...
[0;32m[dclp_nav][0m   pc2scan started (pid=9285, log=/home/unitree/qyw/dclp_20260710_reproduction/runs/20260720_001144_267906950_S2L_r1_h9_final_on_zero-motion/component_logs/pc2scan.log)
[0;32m[dclp_nav][0m   LaserScan /scan OK count=151 rate=50.01Hz age_ms recent_avg=24.6 recent_max=25.2 last=24.7 all_max=25.9 frame=base_link beams=1081
[0;32m[dclp_nav][0m 启动 odom...
[0;32m[dclp_nav][0m   odom started (pid=9436, log=/home/unitree/qyw/dclp_20260710_reproduction/runs/20260720_001144_267906950_S2L_r1_h9_final_on_zero-motion/component_logs/odom.log)
[0;32m[dclp_nav][0m   足部里程计 /odom OK count=599 rate=299.12Hz age_ms recent_avg=1.0 recent_max=1.4 last=0.9 all_max=1.6 frame=odom
[0;32m[dclp_nav][0m 启动 policy...
[0;32m[dclp_nav][0m   policy started (pid=9607, log=/home/unitree/qyw/dclp_20260710_reproduction/runs/20260720_001144_267906950_S2L_r1_h9_final_on_zero-motion/component_logs/policy.log)
[0;32m[dclp_nav][0m 启动 zmq...
[0;32m[dclp_nav][0m   zmq started (pid=9652, log=/home/unitree/qyw/dclp_20260710_reproduction/runs/20260720_001144_267906950_S2L_r1_h9_final_on_zero-motion/component_logs/zmq.log)
[0;32m[dclp_nav][0m 启动 watchdog...
[0;32m[dclp_nav][0m   watchdog started (pid=9687, log=/home/unitree/qyw/dclp_20260710_reproduction/runs/20260720_001144_267906950_S2L_r1_h9_final_on_zero-motion/component_logs/watchdog.log)
[0;32m[dclp_nav][0m 启动 rosbag...
[0;32m[dclp_nav][0m   rosbag started (pid=9711, log=/home/unitree/qyw/dclp_20260710_reproduction/runs/20260720_001144_267906950_S2L_r1_h9_final_on_zero-motion/component_logs/rosbag.log)
[0;32m[dclp_nav][0m 核心组件已启动，rosbag=ON
[0;32m[dclp_nav][0m 等待组件就绪 (最长 60s)...
[0;32m[dclp_nav][0m   MID360 /livox/lidar OK count=151 rate=50.01Hz age_ms recent_avg=21.4 recent_max=22.4 last=21.3 all_max=28.3 frame=livox_frame points=3936
[0;32m[dclp_nav][0m   LaserScan /scan OK count=151 rate=49.98Hz age_ms recent_avg=23.2 recent_max=24.1 last=24.1 all_max=26.7 frame=base_link beams=1081
[0;32m[dclp_nav][0m   足部里程计 /odom OK count=599 rate=299.13Hz age_ms recent_avg=0.8 recent_max=1.0 last=0.7 all_max=7.5 frame=odom
[0;32m[dclp_nav][0m   /nav_status OK
[0;32m[dclp_nav][0m 全部组件就绪。


[0;36m══════════════════════════════════════════[0m
[0;36m  导航目标: 向右 0 m, 向前 4 m[0m
[0;36m══════════════════════════════════════════[0m
publisher: beginning loop
publishing #1: geometry_msgs.msg.Point(x=0.0, y=4.0, z=0.0)

[0;32m[dclp_nav][0m 目标已发送，等待到达...
[0;32m[dclp_nav][0m 安全观测模式：底盘不会执行非零 Move，记录 30s 后结束。
[0;32m[dclp_nav][0m 安全观测完成；该结果不计作 REACHED。
[1;33m[dclp_nav][0m rosbag: 停止旧进程 (pid: 9711)，先发送 SIGINT...
[0;32m[dclp_nav][0m rosbag: 旧进程已清理

[0;36m══════════════════════════════════════════[0m
[0;36m  安全观测完成（不计作 REACHED）[0m
[0;36m══════════════════════════════════════════[0m

组件仍在后台运行。停止: /home/unitree/qyw/dclp_20260710_reproduction/dclp_deploy/robots/unitree_go2/start_dclp_nav.sh --stop
