Setup unitree ros2 environment
[go2:sport] connecting zmq: tcp://192.168.123.222:5596
[go2:sport] auto-selected interface: eth0
[go2:sport] ChannelFactoryInitialize iface=eth0
[go2:sport] SportClient ready
[go2:sport] joystick commands disabled for DCLP
[go2:sport] gait switch 'economic' success
[go2:sport] obstacle avoid disabled
[go2:sport] remote-command source forced to API
[go2:sport] cmd#1 seq=86 policy_v=0.000 policy_w=0.000 sent_v=0.000 sent_w=0.000 ret=0 dt=0.0ms move_ms=0.4 policy_zmq_lag=19.8ms
[go2:sport] cmd#2 seq=87 policy_v=0.000 policy_w=0.000 sent_v=0.000 sent_w=0.000 ret=0 dt=31.4ms move_ms=0.6 policy_zmq_lag=0.8ms
[go2:sport] cmd#3 seq=88 policy_v=0.000 policy_w=0.000 sent_v=0.000 sent_w=0.000 ret=0 dt=49.5ms move_ms=0.6 policy_zmq_lag=0.6ms
[go2:sport] cmd#4 seq=89 policy_v=0.000 policy_w=0.000 sent_v=0.000 sent_w=0.000 ret=0 dt=49.9ms move_ms=0.5 policy_zmq_lag=0.6ms
[go2:sport] cmd#5 seq=90 policy_v=0.000 policy_w=0.000 sent_v=0.000 sent_w=0.000 ret=0 dt=49.8ms move_ms=0.4 policy_zmq_lag=0.5ms
[go2:sport] cmd#6 seq=91 policy_v=0.000 policy_w=0.000 sent_v=0.000 sent_w=0.000 ret=0 dt=50.3ms move_ms=0.5 policy_zmq_lag=0.5ms
[go2:sport] cmd#7 seq=92 policy_v=0.000 policy_w=0.000 sent_v=0.000 sent_w=0.000 ret=0 dt=50.1ms move_ms=0.4 policy_zmq_lag=0.5ms
[go2:sport] cmd#8 seq=93 policy_v=0.000 policy_w=0.000 sent_v=0.000 sent_w=0.000 ret=0 dt=49.5ms move_ms=0.4 policy_zmq_lag=0.5ms
[go2:sport] cmd#9 seq=94 policy_v=0.000 policy_w=0.000 sent_v=0.000 sent_w=0.000 ret=0 dt=50.2ms move_ms=0.4 policy_zmq_lag=0.6ms
[go2:sport] cmd#10 seq=95 policy_v=0.000 policy_w=0.000 sent_v=0.000 sent_w=0.000 ret=0 dt=50.2ms move_ms=0.4 policy_zmq_lag=0.5ms
[go2:sport] cmd#11 seq=96 policy_v=0.000 policy_w=0.000 sent_v=0.000 sent_w=0.000 ret=0 dt=50.2ms move_ms=0.4 policy_zmq_lag=0.6ms
[go2:sport] cmd#12 seq=97 policy_v=0.000 policy_w=0.000 sent_v=0.000 sent_w=0.000 ret=0 dt=49.5ms move_ms=0.4 policy_zmq_lag=0.5ms
[go2:sport] cmd#13 seq=98 policy_v=0.000 policy_w=0.000 sent_v=0.000 sent_w=0.000 ret=0 dt=50.3ms move_ms=0.4 policy_zmq_lag=0.6ms
[go2:sport] cmd#14 seq=99 policy_v=0.000 policy_w=0.000 sent_v=0.000 sent_w=0.000 ret=0 dt=50.4ms move_ms=0.4 policy_zmq_lag=0.5ms
[go2:sport] cmd#15 seq=100 policy_v=0.000 policy_w=0.000 sent_v=0.000 sent_w=0.000 ret=0 dt=49.5ms move_ms=0.4 policy_zmq_lag=0.5ms
[go2:sport] cmd#16 seq=101 policy_v=0.000 policy_w=0.000 sent_v=0.000 sent_w=0.000 ret=0 dt=50.0ms move_ms=0.5 policy_zmq_lag=0.5ms
[go2:sport] cmd#17 seq=102 policy_v=0.000 policy_w=0.000 sent_v=0.000 sent_w=0.000 ret=0 dt=50.2ms move_ms=0.5 policy_zmq_lag=0.5ms
[go2:sport] cmd#18 seq=103 policy_v=0.000 policy_w=0.000 sent_v=0.000 sent_w=0.000 ret=0 dt=50.5ms move_ms=0.4 policy_zmq_lag=0.7ms
[go2:sport] cmd#19 seq=104 policy_v=0.000 policy_w=0.000 sent_v=0.000 sent_w=0.000 ret=0 dt=49.3ms move_ms=0.4 policy_zmq_lag=0.5ms
[go2:sport] cmd#20 seq=105 policy_v=0.000 policy_w=0.000 sent_v=0.000 sent_w=0.000 ret=0 dt=50.7ms move_ms=0.4 policy_zmq_lag=0.6ms
[go2:sport] cmd#21 seq=106 policy_v=0.000 policy_w=0.000 sent_v=0.000 sent_w=0.000 ret=0 dt=49.7ms move_ms=0.4 policy_zmq_lag=0.6ms
[go2:sport] cmd#22 seq=107 policy_v=0.000 policy_w=0.000 sent_v=0.000 sent_w=0.000 ret=0 dt=50.2ms move_ms=0.4 policy_zmq_lag=0.6ms
[go2:sport] cmd#23 seq=108 policy_v=0.000 policy_w=0.000 sent_v=0.000 sent_w=0.000 ret=0 dt=49.5ms move_ms=0.4 policy_zmq_lag=0.6ms
[go2:sport] cmd#24 seq=109 policy_v=0.000 policy_w=0.000 sent_v=0.000 sent_w=0.000 ret=0 dt=49.9ms move_ms=0.4 policy_zmq_lag=0.6ms
[go2:sport] cmd#25 seq=110 policy_v=0.000 policy_w=0.000 sent_v=0.000 sent_w=0.000 ret=0 dt=50.1ms move_ms=0.4 policy_zmq_lag=0.6ms
[go2:sport] cmd#26 seq=111 policy_v=0.000 policy_w=0.000 sent_v=0.000 sent_w=0.000 ret=0 dt=50.2ms move_ms=0.5 policy_zmq_lag=0.6ms
[go2:sport] cmd#27 seq=112 policy_v=0.000 policy_w=0.000 sent_v=0.000 sent_w=0.000 ret=0 dt=50.3ms move_ms=0.4 policy_zmq_lag=0.6ms
[go2:sport] cmd#28 seq=113 policy_v=0.000 policy_w=0.000 sent_v=0.000 sent_w=0.000 ret=0 dt=49.7ms move_ms=0.5 policy_zmq_lag=0.6ms
[go2:sport] cmd#29 seq=114 policy_v=0.000 policy_w=0.000 sent_v=0.000 sent_w=0.000 ret=0 dt=49.6ms move_ms=0.4 policy_zmq_lag=0.5ms
[go2:sport] cmd#30 seq=115 policy_v=0.000 policy_w=0.000 sent_v=0.000 sent_w=0.000 ret=0 dt=49.9ms move_ms=0.4 policy_zmq_lag=0.5ms
[go2:sport] cmd#31 seq=116 policy_v=0.000 policy_w=0.000 sent_v=0.000 sent_w=0.000 ret=0 dt=50.5ms move_ms=0.4 policy_zmq_lag=0.5ms
[go2:sport] cmd#32 seq=117 policy_v=0.000 policy_w=0.000 sent_v=0.000 sent_w=0.000 ret=0 dt=49.8ms move_ms=0.4 policy_zmq_lag=0.5ms
[go2:sport] cmd#33 seq=118 policy_v=0.000 policy_w=0.000 sent_v=0.000 sent_w=0.000 ret=0 dt=49.8ms move_ms=0.4 policy_zmq_lag=0.5ms
[go2:sport] cmd#34 seq=119 policy_v=0.000 policy_w=0.000 sent_v=0.000 sent_w=0.000 ret=0 dt=50.1ms move_ms=0.4 policy_zmq_lag=0.5ms
[go2:sport] cmd#35 seq=120 policy_v=0.000 policy_w=0.000 sent_v=0.000 sent_w=0.000 ret=0 dt=49.9ms move_ms=0.4 policy_zmq_lag=0.5ms
[go2:sport] cmd#36 seq=121 policy_v=0.000 policy_w=0.000 sent_v=0.000 sent_w=0.000 ret=0 dt=50.1ms move_ms=0.4 policy_zmq_lag=0.5ms
[go2:sport] cmd#37 seq=122 policy_v=0.000 policy_w=0.000 sent_v=0.000 sent_w=0.000 ret=0 dt=50.0ms move_ms=0.4 policy_zmq_lag=0.5ms
[go2:sport] cmd#38 seq=123 policy_v=0.000 policy_w=0.000 sent_v=0.000 sent_w=0.000 ret=0 dt=50.2ms move_ms=0.4 policy_zmq_lag=0.5ms
[go2:sport] cmd#39 seq=124 policy_v=0.000 policy_w=0.000 sent_v=0.000 sent_w=0.000 ret=0 dt=49.6ms move_ms=0.4 policy_zmq_lag=0.5ms
[go2:sport] cmd#40 seq=125 policy_v=0.000 policy_w=0.000 sent_v=0.000 sent_w=0.000 ret=0 dt=50.1ms move_ms=0.4 policy_zmq_lag=0.5ms
[go2:sport] cmd#41 seq=126 policy_v=0.000 policy_w=0.000 sent_v=0.000 sent_w=0.000 ret=0 dt=50.7ms move_ms=0.4 policy_zmq_lag=0.5ms
[go2:sport] cmd#42 seq=127 policy_v=0.000 policy_w=0.000 sent_v=0.000 sent_w=0.000 ret=0 dt=49.3ms move_ms=0.4 policy_zmq_lag=0.6ms
[go2:sport] cmd#43 seq=128 policy_v=0.000 policy_w=0.000 sent_v=0.000 sent_w=0.000 ret=0 dt=50.6ms move_ms=0.6 policy_zmq_lag=0.6ms
[go2:sport] cmd#44 seq=129 policy_v=0.000 policy_w=0.000 sent_v=0.000 sent_w=0.000 ret=0 dt=49.5ms move_ms=0.4 policy_zmq_lag=0.5ms
[go2:sport] cmd#45 seq=130 policy_v=0.000 policy_w=0.000 sent_v=0.000 sent_w=0.000 ret=0 dt=50.0ms move_ms=0.4 policy_zmq_lag=0.5ms
[go2:sport] cmd#46 seq=131 policy_v=0.000 policy_w=0.000 sent_v=0.000 sent_w=0.000 ret=0 dt=50.0ms move_ms=0.4 policy_zmq_lag=0.5ms
[go2:sport] cmd#47 seq=132 policy_v=0.000 policy_w=0.000 sent_v=0.000 sent_w=0.000 ret=0 dt=49.9ms move_ms=0.4 policy_zmq_lag=0.6ms
[go2:sport] cmd#48 seq=133 policy_v=0.000 policy_w=0.000 sent_v=0.000 sent_w=0.000 ret=0 dt=49.8ms move_ms=0.5 policy_zmq_lag=0.5ms
[go2:sport] cmd#49 seq=134 policy_v=0.000 policy_w=0.000 sent_v=0.000 sent_w=0.000 ret=0 dt=50.7ms move_ms=0.4 policy_zmq_lag=0.6ms
[go2:sport] cmd#50 seq=135 policy_v=0.000 policy_w=0.000 sent_v=0.000 sent_w=0.000 ret=0 dt=49.8ms move_ms=0.4 policy_zmq_lag=0.5ms
[go2:sport] cmd#51 seq=136 policy_v=0.000 policy_w=0.000 sent_v=0.000 sent_w=0.000 ret=0 dt=49.8ms move_ms=0.4 policy_zmq_lag=0.5ms
[go2:sport] cmd#52 seq=137 policy_v=0.000 policy_w=0.000 sent_v=0.000 sent_w=0.000 ret=0 dt=49.9ms move_ms=0.4 policy_zmq_lag=0.5ms
[go2:sport] cmd#53 seq=138 policy_v=0.000 policy_w=0.000 sent_v=0.000 sent_w=0.000 ret=0 dt=49.8ms move_ms=0.4 policy_zmq_lag=0.5ms
[go2:sport] cmd#54 seq=139 policy_v=0.000 policy_w=0.000 sent_v=0.000 sent_w=0.000 ret=0 dt=50.1ms move_ms=0.4 policy_zmq_lag=0.5ms
[go2:sport] cmd#55 seq=140 policy_v=0.000 policy_w=0.000 sent_v=0.000 sent_w=0.000 ret=0 dt=49.9ms move_ms=0.4 policy_zmq_lag=0.5ms
[go2:sport] cmd#56 seq=141 policy_v=0.000 policy_w=0.000 sent_v=0.000 sent_w=0.000 ret=0 dt=50.4ms move_ms=0.6 policy_zmq_lag=0.7ms
[go2:sport] cmd#57 seq=142 policy_v=0.000 policy_w=0.000 sent_v=0.000 sent_w=0.000 ret=0 dt=50.4ms move_ms=0.4 policy_zmq_lag=0.5ms
[go2:sport] cmd#58 seq=143 policy_v=0.000 policy_w=0.000 sent_v=0.000 sent_w=0.000 ret=0 dt=49.4ms move_ms=0.4 policy_zmq_lag=0.5ms
[go2:sport] cmd#59 seq=144 policy_v=0.000 policy_w=0.000 sent_v=0.000 sent_w=0.000 ret=0 dt=50.0ms move_ms=0.4 policy_zmq_lag=0.5ms
[go2:sport] cmd#60 seq=145 policy_v=0.000 policy_w=0.000 sent_v=0.000 sent_w=0.000 ret=0 dt=49.7ms move_ms=0.5 policy_zmq_lag=0.5ms
[go2:sport] cmd#61 seq=146 policy_v=0.000 policy_w=0.000 sent_v=0.000 sent_w=0.000 ret=0 dt=50.0ms move_ms=0.4 policy_zmq_lag=0.6ms
[go2:sport] cmd#62 seq=147 policy_v=0.000 policy_w=0.000 sent_v=0.000 sent_w=0.000 ret=0 dt=50.2ms move_ms=0.6 policy_zmq_lag=0.7ms
[go2:sport] cmd#63 seq=148 policy_v=0.000 policy_w=0.000 sent_v=0.000 sent_w=0.000 ret=0 dt=50.0ms move_ms=0.5 policy_zmq_lag=0.5ms
[go2:sport] cmd#64 seq=149 policy_v=0.000 policy_w=0.000 sent_v=0.000 sent_w=0.000 ret=0 dt=50.0ms move_ms=0.4 policy_zmq_lag=0.5ms
[go2:sport] cmd#65 seq=150 policy_v=0.000 policy_w=0.000 sent_v=0.000 sent_w=0.000 ret=0 dt=50.1ms move_ms=0.5 policy_zmq_lag=0.7ms
[go2:sport] cmd#66 seq=151 policy_v=0.000 policy_w=0.000 sent_v=0.000 sent_w=0.000 ret=0 dt=50.3ms move_ms=0.6 policy_zmq_lag=0.7ms
[go2:sport] cmd#67 seq=152 policy_v=0.000 policy_w=0.000 sent_v=0.000 sent_w=0.000 ret=0 dt=49.5ms move_ms=0.4 policy_zmq_lag=0.6ms
[go2:sport] cmd#68 seq=153 policy_v=0.000 policy_w=0.000 sent_v=0.000 sent_w=0.000 ret=0 dt=50.4ms move_ms=0.6 policy_zmq_lag=0.7ms
[go2:sport] cmd#69 seq=154 policy_v=0.000 policy_w=0.000 sent_v=0.000 sent_w=0.000 ret=0 dt=49.7ms move_ms=0.4 policy_zmq_lag=0.6ms
[go2:sport] cmd#70 seq=155 policy_v=0.000 policy_w=0.000 sent_v=0.000 sent_w=0.000 ret=0 dt=49.9ms move_ms=0.6 policy_zmq_lag=0.6ms
[go2:sport] cmd#71 seq=156 policy_v=0.000 policy_w=0.000 sent_v=0.000 sent_w=0.000 ret=0 dt=50.0ms move_ms=0.4 policy_zmq_lag=0.5ms
[go2:sport] cmd#72 seq=157 policy_v=0.000 policy_w=0.000 sent_v=0.000 sent_w=0.000 ret=0 dt=49.8ms move_ms=0.4 policy_zmq_lag=0.5ms
[go2:sport] cmd#73 seq=158 policy_v=0.000 policy_w=0.000 sent_v=0.000 sent_w=0.000 ret=0 dt=51.0ms move_ms=0.6 policy_zmq_lag=0.7ms
[go2:sport] cmd#74 seq=159 policy_v=0.000 policy_w=0.000 sent_v=0.000 sent_w=0.000 ret=0 dt=49.2ms move_ms=0.7 policy_zmq_lag=0.6ms
[go2:sport] cmd#75 seq=160 policy_v=0.000 policy_w=0.000 sent_v=0.000 sent_w=0.000 ret=0 dt=50.0ms move_ms=0.4 policy_zmq_lag=0.5ms
[go2:sport] cmd#76 seq=161 policy_v=0.000 policy_w=0.000 sent_v=0.000 sent_w=0.000 ret=0 dt=50.1ms move_ms=0.4 policy_zmq_lag=0.6ms
[go2:sport] cmd#77 seq=162 policy_v=0.000 policy_w=0.000 sent_v=0.000 sent_w=0.000 ret=0 dt=50.0ms move_ms=0.4 policy_zmq_lag=0.6ms
[go2:sport] cmd#78 seq=163 policy_v=0.000 policy_w=0.000 sent_v=0.000 sent_w=0.000 ret=0 dt=50.2ms move_ms=0.4 policy_zmq_lag=0.5ms
[go2:sport] cmd#79 seq=164 policy_v=0.000 policy_w=0.000 sent_v=0.000 sent_w=0.000 ret=0 dt=49.7ms move_ms=0.4 policy_zmq_lag=0.5ms
[go2:sport] cmd#80 seq=165 policy_v=0.000 policy_w=0.000 sent_v=0.000 sent_w=0.000 ret=0 dt=50.1ms move_ms=0.4 policy_zmq_lag=0.5ms
[go2:sport] cmd#81 seq=166 policy_v=0.000 policy_w=0.000 sent_v=0.000 sent_w=0.000 ret=0 dt=50.0ms move_ms=0.4 policy_zmq_lag=0.6ms
[go2:sport] cmd#82 seq=167 policy_v=0.000 policy_w=0.000 sent_v=0.000 sent_w=0.000 ret=0 dt=49.8ms move_ms=0.4 policy_zmq_lag=0.5ms
[go2:sport] cmd#83 seq=168 policy_v=0.000 policy_w=0.000 sent_v=0.000 sent_w=0.000 ret=0 dt=50.2ms move_ms=0.4 policy_zmq_lag=0.5ms
[go2:sport] cmd#84 seq=169 policy_v=0.000 policy_w=0.000 sent_v=0.000 sent_w=0.000 ret=0 dt=49.8ms move_ms=0.4 policy_zmq_lag=0.5ms
[go2:sport] cmd#85 seq=170 policy_v=0.000 policy_w=0.000 sent_v=0.000 sent_w=0.000 ret=0 dt=49.9ms move_ms=0.4 policy_zmq_lag=0.5ms
[go2:sport] cmd#86 seq=171 policy_v=0.000 policy_w=0.000 sent_v=0.000 sent_w=0.000 ret=0 dt=50.0ms move_ms=0.4 policy_zmq_lag=0.5ms
[go2:sport] cmd#87 seq=172 policy_v=0.000 policy_w=0.000 sent_v=0.000 sent_w=0.000 ret=0 dt=49.9ms move_ms=0.4 policy_zmq_lag=0.5ms
[go2:sport] cmd#88 seq=173 policy_v=0.000 policy_w=0.000 sent_v=0.000 sent_w=0.000 ret=0 dt=50.8ms move_ms=0.5 policy_zmq_lag=0.7ms
[go2:sport] cmd#89 seq=174 policy_v=0.000 policy_w=0.000 sent_v=0.000 sent_w=0.000 ret=0 dt=49.7ms move_ms=0.6 policy_zmq_lag=0.7ms
[go2:sport] cmd#90 seq=175 policy_v=0.000 policy_w=0.000 sent_v=0.000 sent_w=0.000 ret=0 dt=50.5ms move_ms=0.4 policy_zmq_lag=0.6ms
[go2:sport] cmd#91 seq=176 policy_v=0.000 policy_w=0.000 sent_v=0.000 sent_w=0.000 ret=0 dt=49.2ms move_ms=0.4 policy_zmq_lag=0.5ms
[go2:sport] cmd#92 seq=177 policy_v=0.000 policy_w=0.000 sent_v=0.000 sent_w=0.000 ret=0 dt=50.0ms move_ms=0.4 policy_zmq_lag=0.6ms
[go2:sport] cmd#93 seq=178 policy_v=0.000 policy_w=0.000 sent_v=0.000 sent_w=0.000 ret=0 dt=50.1ms move_ms=0.4 policy_zmq_lag=0.5ms
[go2:sport] cmd#94 seq=179 policy_v=0.000 policy_w=0.000 sent_v=0.000 sent_w=0.000 ret=0 dt=50.4ms move_ms=0.4 policy_zmq_lag=0.5ms
[go2:sport] cmd#95 seq=180 policy_v=0.000 policy_w=0.000 sent_v=0.000 sent_w=0.000 ret=0 dt=49.4ms move_ms=0.4 policy_zmq_lag=0.5ms
[go2:sport] cmd#96 seq=181 policy_v=0.000 policy_w=0.000 sent_v=0.000 sent_w=0.000 ret=0 dt=50.6ms move_ms=0.6 policy_zmq_lag=0.7ms
[go2:sport] cmd#97 seq=182 policy_v=0.000 policy_w=0.000 sent_v=0.000 sent_w=0.000 ret=0 dt=50.1ms move_ms=0.4 policy_zmq_lag=0.6ms
[go2:sport] cmd#98 seq=183 policy_v=0.000 policy_w=0.000 sent_v=0.000 sent_w=0.000 ret=0 dt=49.6ms move_ms=0.4 policy_zmq_lag=0.5ms
[go2:sport] cmd#99 seq=184 policy_v=0.000 policy_w=0.000 sent_v=0.000 sent_w=0.000 ret=0 dt=50.1ms move_ms=0.4 policy_zmq_lag=0.5ms
[go2:sport] cmd#100 seq=185 policy_v=0.000 policy_w=0.000 sent_v=0.000 sent_w=0.000 ret=0 dt=50.3ms move_ms=0.5 policy_zmq_lag=0.6ms
[go2:sport] cmd#101 seq=186 policy_v=0.000 policy_w=0.000 sent_v=0.000 sent_w=0.000 ret=0 dt=49.7ms move_ms=0.5 policy_zmq_lag=0.6ms
[go2:sport] cmd#102 seq=187 policy_v=0.000 policy_w=0.000 sent_v=0.000 sent_w=0.000 ret=0 dt=49.8ms move_ms=0.5 policy_zmq_lag=0.6ms
[go2:sport] cmd#103 seq=188 policy_v=0.000 policy_w=0.000 sent_v=0.000 sent_w=0.000 ret=0 dt=50.9ms move_ms=0.4 policy_zmq_lag=0.6ms
[go2:sport] cmd#104 seq=189 policy_v=0.000 policy_w=0.000 sent_v=0.000 sent_w=0.000 ret=0 dt=49.5ms move_ms=0.5 policy_zmq_lag=0.6ms
[go2:sport] cmd#105 seq=190 policy_v=0.000 policy_w=0.000 sent_v=0.000 sent_w=0.000 ret=0 dt=50.2ms move_ms=0.4 policy_zmq_lag=0.5ms
[go2:sport] cmd#106 seq=191 policy_v=0.000 policy_w=0.000 sent_v=0.000 sent_w=0.000 ret=0 dt=49.6ms move_ms=0.4 policy_zmq_lag=0.5ms
[go2:sport] cmd#107 seq=192 policy_v=0.000 policy_w=0.000 sent_v=0.000 sent_w=0.000 ret=0 dt=50.0ms move_ms=0.4 policy_zmq_lag=0.5ms
[go2:sport] cmd#108 seq=193 policy_v=0.000 policy_w=0.000 sent_v=0.000 sent_w=0.000 ret=0 dt=52.5ms move_ms=0.4 policy_zmq_lag=0.6ms
[go2:sport] cmd#109 seq=194 policy_v=0.000 policy_w=0.000 sent_v=0.000 sent_w=0.000 ret=0 dt=48.2ms move_ms=0.5 policy_zmq_lag=0.6ms
[go2:sport] cmd#110 seq=195 policy_v=0.000 policy_w=0.000 sent_v=0.000 sent_w=0.000 ret=0 dt=49.4ms move_ms=0.5 policy_zmq_lag=0.6ms
[go2:sport] cmd#111 seq=196 policy_v=0.000 policy_w=0.000 sent_v=0.000 sent_w=0.000 ret=0 dt=50.0ms move_ms=0.4 policy_zmq_lag=0.5ms
[go2:sport] cmd#112 seq=197 policy_v=0.000 policy_w=0.000 sent_v=0.000 sent_w=0.000 ret=0 dt=49.9ms move_ms=0.5 policy_zmq_lag=0.6ms
[go2:sport] cmd#113 seq=198 policy_v=0.000 policy_w=0.000 sent_v=0.000 sent_w=0.000 ret=0 dt=50.1ms move_ms=0.4 policy_zmq_lag=0.5ms
[go2:sport] cmd#114 seq=199 policy_v=0.000 policy_w=0.000 sent_v=0.000 sent_w=0.000 ret=0 dt=49.9ms move_ms=0.4 policy_zmq_lag=0.5ms
[go2:sport] cmd#115 seq=200 policy_v=0.000 policy_w=0.000 sent_v=0.000 sent_w=0.000 ret=0 dt=49.9ms move_ms=0.4 policy_zmq_lag=0.5ms
[go2:sport] cmd#116 seq=201 policy_v=0.000 policy_w=0.000 sent_v=0.000 sent_w=0.000 ret=0 dt=50.0ms move_ms=0.5 policy_zmq_lag=0.6ms
[go2:sport] cmd#117 seq=202 policy_v=0.000 policy_w=0.000 sent_v=0.000 sent_w=0.000 ret=0 dt=50.4ms move_ms=0.4 policy_zmq_lag=0.6ms
[go2:sport] cmd#118 seq=203 policy_v=0.000 policy_w=0.000 sent_v=0.000 sent_w=0.000 ret=0 dt=49.6ms move_ms=0.4 policy_zmq_lag=0.5ms
[go2:sport] cmd#119 seq=204 policy_v=0.000 policy_w=0.000 sent_v=0.000 sent_w=0.000 ret=0 dt=50.6ms move_ms=0.4 policy_zmq_lag=0.8ms
[go2:sport] cmd#120 seq=205 policy_v=0.000 policy_w=0.000 sent_v=0.000 sent_w=0.000 ret=0 dt=49.7ms move_ms=0.5 policy_zmq_lag=0.6ms
[go2:sport] cmd#121 seq=206 policy_v=0.000 policy_w=0.000 sent_v=0.000 sent_w=0.000 ret=0 dt=50.0ms move_ms=0.4 policy_zmq_lag=0.5ms
[go2:sport] cmd#122 seq=207 policy_v=0.000 policy_w=0.000 sent_v=0.000 sent_w=0.000 ret=0 dt=50.6ms move_ms=0.4 policy_zmq_lag=0.6ms
[go2:sport] cmd#123 seq=208 policy_v=0.000 policy_w=0.000 sent_v=0.000 sent_w=0.000 ret=0 dt=49.2ms move_ms=0.4 policy_zmq_lag=0.5ms
[go2:sport] cmd#124 seq=209 policy_v=0.000 policy_w=0.000 sent_v=0.000 sent_w=0.000 ret=0 dt=49.9ms move_ms=0.4 policy_zmq_lag=0.5ms
[go2:sport] cmd#125 seq=210 policy_v=0.000 policy_w=0.000 sent_v=0.000 sent_w=0.000 ret=0 dt=50.3ms move_ms=0.4 policy_zmq_lag=0.5ms
[go2:sport] cmd#126 seq=211 policy_v=0.000 policy_w=0.000 sent_v=0.000 sent_w=0.000 ret=0 dt=49.9ms move_ms=0.5 policy_zmq_lag=0.6ms
[go2:sport] cmd#127 seq=212 policy_v=0.000 policy_w=0.000 sent_v=0.000 sent_w=0.000 ret=0 dt=49.9ms move_ms=0.4 policy_zmq_lag=0.5ms
[go2:sport] cmd#128 seq=213 policy_v=0.000 policy_w=0.000 sent_v=0.000 sent_w=0.000 ret=0 dt=50.1ms move_ms=0.6 policy_zmq_lag=0.7ms
[go2:sport] cmd#129 seq=214 policy_v=0.000 policy_w=0.000 sent_v=0.000 sent_w=0.000 ret=0 dt=49.8ms move_ms=0.4 policy_zmq_lag=0.5ms
[go2:sport] cmd#130 seq=215 policy_v=0.000 policy_w=0.000 sent_v=0.000 sent_w=0.000 ret=0 dt=50.2ms move_ms=0.4 policy_zmq_lag=0.6ms
[go2:sport] cmd#131 seq=216 policy_v=0.000 policy_w=0.000 sent_v=0.000 sent_w=0.000 ret=0 dt=49.9ms move_ms=0.4 policy_zmq_lag=0.5ms
[go2:sport] cmd#132 seq=217 policy_v=0.000 policy_w=0.000 sent_v=0.000 sent_w=0.000 ret=0 dt=50.0ms move_ms=0.4 policy_zmq_lag=0.6ms
[go2:sport] cmd#133 seq=218 policy_v=0.000 policy_w=0.000 sent_v=0.000 sent_w=0.000 ret=0 dt=50.2ms move_ms=0.4 policy_zmq_lag=0.6ms
[go2:sport] cmd#134 seq=219 policy_v=0.000 policy_w=0.000 sent_v=0.000 sent_w=0.000 ret=0 dt=49.7ms move_ms=0.5 policy_zmq_lag=0.6ms
[go2:sport] cmd#135 seq=220 policy_v=0.000 policy_w=0.000 sent_v=0.000 sent_w=0.000 ret=0 dt=49.8ms move_ms=0.5 policy_zmq_lag=0.6ms
[go2:sport] cmd#136 seq=221 policy_v=0.000 policy_w=0.000 sent_v=0.000 sent_w=0.000 ret=0 dt=50.5ms move_ms=0.4 policy_zmq_lag=0.6ms
[go2:sport] cmd#137 seq=222 policy_v=0.000 policy_w=0.000 sent_v=0.000 sent_w=0.000 ret=0 dt=49.6ms move_ms=0.4 policy_zmq_lag=0.5ms
[go2:sport] cmd#138 seq=223 policy_v=0.000 policy_w=0.000 sent_v=0.000 sent_w=0.000 ret=0 dt=50.1ms move_ms=0.4 policy_zmq_lag=0.5ms
[go2:sport] cmd#139 seq=224 policy_v=0.000 policy_w=0.000 sent_v=0.000 sent_w=0.000 ret=0 dt=50.2ms move_ms=0.4 policy_zmq_lag=0.6ms
[go2:sport] cmd#140 seq=225 policy_v=0.000 policy_w=0.000 sent_v=0.000 sent_w=0.000 ret=0 dt=49.7ms move_ms=0.4 policy_zmq_lag=0.5ms
[go2:sport] cmd#141 seq=226 policy_v=0.000 policy_w=0.000 sent_v=0.000 sent_w=0.000 ret=0 dt=50.5ms move_ms=0.4 policy_zmq_lag=0.6ms
[go2:sport] cmd#142 seq=227 policy_v=0.000 policy_w=0.000 sent_v=0.000 sent_w=0.000 ret=0 dt=49.5ms move_ms=0.4 policy_zmq_lag=0.5ms
[go2:sport] cmd#143 seq=228 policy_v=0.000 policy_w=0.000 sent_v=0.000 sent_w=0.000 ret=0 dt=50.1ms move_ms=0.4 policy_zmq_lag=0.5ms
[go2:sport] cmd#144 seq=229 policy_v=0.000 policy_w=0.000 sent_v=0.000 sent_w=0.000 ret=0 dt=50.0ms move_ms=0.4 policy_zmq_lag=0.5ms
[go2:sport] cmd#145 seq=230 policy_v=0.000 policy_w=0.000 sent_v=0.000 sent_w=0.000 ret=0 dt=50.8ms move_ms=0.4 policy_zmq_lag=0.6ms
[go2:sport] cmd#146 seq=231 policy_v=0.000 policy_w=0.000 sent_v=0.000 sent_w=0.000 ret=0 dt=49.2ms move_ms=0.4 policy_zmq_lag=0.5ms
[go2:sport] cmd#147 seq=232 policy_v=0.000 policy_w=0.000 sent_v=0.000 sent_w=0.000 ret=0 dt=50.1ms move_ms=0.4 policy_zmq_lag=0.6ms
[go2:sport] cmd#148 seq=233 policy_v=0.000 policy_w=0.000 sent_v=0.000 sent_w=0.000 ret=0 dt=49.8ms move_ms=0.4 policy_zmq_lag=0.5ms
[go2:sport] cmd#149 seq=234 policy_v=0.000 policy_w=0.000 sent_v=0.000 sent_w=0.000 ret=0 dt=50.6ms move_ms=0.4 policy_zmq_lag=0.6ms
[go2:sport] cmd#150 seq=235 policy_v=0.000 policy_w=0.000 sent_v=0.000 sent_w=0.000 ret=0 dt=49.6ms move_ms=0.5 policy_zmq_lag=0.5ms
[go2:sport] cmd#151 seq=236 policy_v=0.000 policy_w=0.000 sent_v=0.000 sent_w=0.000 ret=0 dt=51.1ms move_ms=0.4 policy_zmq_lag=0.6ms
[go2:sport] cmd#152 seq=237 policy_v=0.000 policy_w=0.000 sent_v=0.000 sent_w=0.000 ret=0 dt=48.8ms move_ms=0.4 policy_zmq_lag=0.5ms
[go2:sport] cmd#153 seq=238 policy_v=0.000 policy_w=0.000 sent_v=0.000 sent_w=0.000 ret=0 dt=50.2ms move_ms=0.5 policy_zmq_lag=0.6ms
[go2:sport] cmd#154 seq=239 policy_v=0.000 policy_w=0.000 sent_v=0.000 sent_w=0.000 ret=0 dt=49.6ms move_ms=0.4 policy_zmq_lag=0.5ms
[go2:sport] cmd#155 seq=240 policy_v=0.000 policy_w=0.000 sent_v=0.000 sent_w=0.000 ret=0 dt=49.9ms move_ms=0.4 policy_zmq_lag=0.5ms
[go2:sport] cmd#156 seq=241 policy_v=0.000 policy_w=0.000 sent_v=0.000 sent_w=0.000 ret=0 dt=50.2ms move_ms=0.4 policy_zmq_lag=0.5ms
[go2:sport] cmd#157 seq=242 policy_v=0.000 policy_w=0.000 sent_v=0.000 sent_w=0.000 ret=0 dt=50.0ms move_ms=0.4 policy_zmq_lag=0.6ms
[go2:sport] cmd#158 seq=243 policy_v=0.000 policy_w=0.000 sent_v=0.000 sent_w=0.000 ret=0 dt=49.9ms move_ms=0.5 policy_zmq_lag=0.5ms
[go2:sport] cmd#159 seq=244 policy_v=0.000 policy_w=0.000 sent_v=0.000 sent_w=0.000 ret=0 dt=49.9ms move_ms=0.5 policy_zmq_lag=0.5ms
[go2:sport] cmd#160 seq=245 policy_v=0.000 policy_w=0.000 sent_v=0.000 sent_w=0.000 ret=0 dt=50.0ms move_ms=0.4 policy_zmq_lag=0.5ms
[go2:sport] cmd#161 seq=246 policy_v=0.000 policy_w=0.000 sent_v=0.000 sent_w=0.000 ret=0 dt=50.0ms move_ms=0.4 policy_zmq_lag=0.5ms
[go2:sport] cmd#162 seq=247 policy_v=0.000 policy_w=0.000 sent_v=0.000 sent_w=0.000 ret=0 dt=50.3ms move_ms=0.4 policy_zmq_lag=0.6ms
[go2:sport] cmd#163 seq=248 policy_v=0.000 policy_w=0.000 sent_v=0.000 sent_w=0.000 ret=0 dt=49.7ms move_ms=0.4 policy_zmq_lag=0.5ms
[go2:sport] cmd#164 seq=249 policy_v=0.000 policy_w=0.000 sent_v=0.000 sent_w=0.000 ret=0 dt=50.2ms move_ms=0.4 policy_zmq_lag=0.5ms
[go2:sport] cmd#165 seq=250 policy_v=0.000 policy_w=0.000 sent_v=0.000 sent_w=0.000 ret=0 dt=49.7ms move_ms=0.4 policy_zmq_lag=0.6ms
[go2:sport] cmd#166 seq=251 policy_v=0.000 policy_w=0.000 sent_v=0.000 sent_w=0.000 ret=0 dt=50.2ms move_ms=0.4 policy_zmq_lag=0.5ms
[go2:sport] cmd#167 seq=252 policy_v=0.000 policy_w=0.000 sent_v=0.000 sent_w=0.000 ret=0 dt=50.3ms move_ms=0.4 policy_zmq_lag=0.6ms
[go2:sport] cmd#168 seq=253 policy_v=0.000 policy_w=0.000 sent_v=0.000 sent_w=0.000 ret=0 dt=49.6ms move_ms=0.4 policy_zmq_lag=0.5ms
[go2:sport] cmd#169 seq=254 policy_v=0.000 policy_w=0.000 sent_v=0.000 sent_w=0.000 ret=0 dt=50.2ms move_ms=0.4 policy_zmq_lag=0.5ms
[go2:sport] cmd#170 seq=255 policy_v=0.000 policy_w=0.000 sent_v=0.000 sent_w=0.000 ret=0 dt=49.9ms move_ms=0.4 policy_zmq_lag=0.5ms
[go2:sport] cmd#171 seq=256 policy_v=0.000 policy_w=0.000 sent_v=0.000 sent_w=0.000 ret=0 dt=50.2ms move_ms=0.4 policy_zmq_lag=0.5ms
[go2:sport] cmd#172 seq=257 policy_v=0.000 policy_w=0.000 sent_v=0.000 sent_w=0.000 ret=0 dt=50.0ms move_ms=0.4 policy_zmq_lag=0.5ms
[go2:sport] cmd#173 seq=258 policy_v=0.000 policy_w=0.000 sent_v=0.000 sent_w=0.000 ret=0 dt=49.8ms move_ms=0.4 policy_zmq_lag=0.5ms
[go2:sport] cmd#174 seq=259 policy_v=0.000 policy_w=0.000 sent_v=0.000 sent_w=0.000 ret=0 dt=50.1ms move_ms=0.4 policy_zmq_lag=0.6ms
[go2:sport] cmd#175 seq=260 policy_v=0.000 policy_w=0.000 sent_v=0.000 sent_w=0.000 ret=0 dt=49.8ms move_ms=0.4 policy_zmq_lag=0.5ms
[go2:sport] cmd#176 seq=261 policy_v=0.000 policy_w=0.000 sent_v=0.000 sent_w=0.000 ret=0 dt=50.4ms move_ms=0.4 policy_zmq_lag=0.6ms
[go2:sport] cmd#177 seq=262 policy_v=0.000 policy_w=0.000 sent_v=0.000 sent_w=0.000 ret=0 dt=49.9ms move_ms=0.4 policy_zmq_lag=0.5ms
[go2:sport] cmd#178 seq=263 policy_v=0.000 policy_w=0.000 sent_v=0.000 sent_w=0.000 ret=0 dt=50.0ms move_ms=0.4 policy_zmq_lag=0.6ms
[go2:sport] cmd#179 seq=264 policy_v=0.000 policy_w=0.000 sent_v=0.000 sent_w=0.000 ret=0 dt=49.9ms move_ms=0.4 policy_zmq_lag=0.6ms
[go2:sport] cmd#180 seq=265 policy_v=0.000 policy_w=0.000 sent_v=0.000 sent_w=0.000 ret=0 dt=51.5ms move_ms=0.4 policy_zmq_lag=0.5ms
[go2:sport] cmd#181 seq=266 policy_v=0.000 policy_w=0.000 sent_v=0.000 sent_w=0.000 ret=0 dt=48.5ms move_ms=0.4 policy_zmq_lag=0.5ms
[go2:sport] cmd#182 seq=267 policy_v=0.000 policy_w=0.000 sent_v=0.000 sent_w=0.000 ret=0 dt=49.9ms move_ms=0.4 policy_zmq_lag=0.5ms
[go2:sport] cmd#183 seq=268 policy_v=0.000 policy_w=0.000 sent_v=0.000 sent_w=0.000 ret=0 dt=50.4ms move_ms=0.4 policy_zmq_lag=0.6ms
[go2:sport] cmd#184 seq=269 policy_v=0.000 policy_w=0.000 sent_v=0.000 sent_w=0.000 ret=0 dt=49.9ms move_ms=0.4 policy_zmq_lag=0.6ms
[go2:sport] cmd#185 seq=270 policy_v=0.000 policy_w=0.000 sent_v=0.000 sent_w=0.000 ret=0 dt=49.7ms move_ms=0.4 policy_zmq_lag=0.5ms
[go2:sport] cmd#186 seq=271 policy_v=0.000 policy_w=0.000 sent_v=0.000 sent_w=0.000 ret=0 dt=50.7ms move_ms=0.5 policy_zmq_lag=0.6ms
[go2:sport] cmd#187 seq=272 policy_v=0.000 policy_w=0.000 sent_v=0.000 sent_w=0.000 ret=0 dt=49.5ms move_ms=0.5 policy_zmq_lag=0.6ms
[go2:sport] cmd#188 seq=273 policy_v=0.000 policy_w=0.000 sent_v=0.000 sent_w=0.000 ret=0 dt=49.9ms move_ms=0.4 policy_zmq_lag=0.5ms
[go2:sport] cmd#189 seq=274 policy_v=0.000 policy_w=0.000 sent_v=0.000 sent_w=0.000 ret=0 dt=50.8ms move_ms=0.4 policy_zmq_lag=0.6ms
[go2:sport] cmd#190 seq=275 policy_v=0.000 policy_w=0.000 sent_v=0.000 sent_w=0.000 ret=0 dt=50.0ms move_ms=0.4 policy_zmq_lag=0.8ms
[go2:sport] cmd#191 seq=276 policy_v=0.000 policy_w=0.000 sent_v=0.000 sent_w=0.000 ret=0 dt=49.5ms move_ms=0.4 policy_zmq_lag=0.5ms
[go2:sport] cmd#192 seq=277 policy_v=0.000 policy_w=0.000 sent_v=0.000 sent_w=0.000 ret=0 dt=49.9ms move_ms=0.4 policy_zmq_lag=0.5ms
[go2:sport] cmd#193 seq=278 policy_v=0.000 policy_w=0.000 sent_v=0.000 sent_w=0.000 ret=0 dt=49.8ms move_ms=0.4 policy_zmq_lag=0.5ms
[go2:sport] cmd#194 seq=279 policy_v=0.000 policy_w=0.000 sent_v=0.000 sent_w=0.000 ret=0 dt=49.8ms move_ms=0.3 policy_zmq_lag=0.5ms
[go2:sport] cmd#195 seq=280 policy_v=0.000 policy_w=0.000 sent_v=0.000 sent_w=0.000 ret=0 dt=50.3ms move_ms=0.4 policy_zmq_lag=0.5ms
[go2:sport] cmd#196 seq=281 policy_v=0.000 policy_w=0.000 sent_v=0.000 sent_w=0.000 ret=0 dt=50.0ms move_ms=0.4 policy_zmq_lag=0.5ms
[go2:sport] cmd#197 seq=282 policy_v=0.000 policy_w=0.000 sent_v=0.000 sent_w=0.000 ret=0 dt=49.8ms move_ms=0.4 policy_zmq_lag=0.5ms
[go2:sport] cmd#198 seq=283 policy_v=0.000 policy_w=0.000 sent_v=0.000 sent_w=0.000 ret=0 dt=50.2ms move_ms=0.4 policy_zmq_lag=0.5ms
[go2:sport] cmd#199 seq=284 policy_v=0.000 policy_w=0.000 sent_v=0.000 sent_w=0.000 ret=0 dt=50.2ms move_ms=0.4 policy_zmq_lag=0.5ms
[go2:sport] cmd#200 seq=285 policy_v=0.000 policy_w=0.000 sent_v=0.000 sent_w=0.000 ret=0 dt=49.6ms move_ms=0.4 policy_zmq_lag=0.5ms
[go2:sport] cmd#201 seq=286 policy_v=0.000 policy_w=0.000 sent_v=0.000 sent_w=0.000 ret=0 dt=50.2ms move_ms=0.4 policy_zmq_lag=0.6ms
[go2:sport] cmd#202 seq=287 policy_v=0.000 policy_w=0.000 sent_v=0.000 sent_w=0.000 ret=0 dt=50.0ms move_ms=0.6 policy_zmq_lag=0.6ms
[go2:sport] cmd#203 seq=288 policy_v=0.000 policy_w=0.000 sent_v=0.000 sent_w=0.000 ret=0 dt=51.7ms move_ms=0.5 policy_zmq_lag=0.5ms
[go2:sport] cmd#204 seq=289 policy_v=0.000 policy_w=0.000 sent_v=0.000 sent_w=0.000 ret=0 dt=48.2ms move_ms=0.5 policy_zmq_lag=0.5ms
[go2:sport] cmd#205 seq=290 policy_v=0.000 policy_w=0.000 sent_v=0.000 sent_w=0.000 ret=0 dt=50.5ms move_ms=0.4 policy_zmq_lag=0.5ms
[go2:sport] cmd#206 seq=291 policy_v=0.000 policy_w=0.000 sent_v=0.000 sent_w=0.000 ret=0 dt=49.4ms move_ms=0.5 policy_zmq_lag=0.6ms
[go2:sport] cmd#207 seq=292 policy_v=0.000 policy_w=0.000 sent_v=0.000 sent_w=0.000 ret=0 dt=49.9ms move_ms=0.4 policy_zmq_lag=0.5ms
[go2:sport] cmd#208 seq=293 policy_v=0.000 policy_w=0.000 sent_v=0.000 sent_w=0.000 ret=0 dt=49.9ms move_ms=0.4 policy_zmq_lag=0.6ms
[go2:sport] cmd#209 seq=294 policy_v=0.000 policy_w=0.000 sent_v=0.000 sent_w=0.000 ret=0 dt=50.1ms move_ms=0.4 policy_zmq_lag=0.5ms
[go2:sport] cmd#210 seq=295 policy_v=0.000 policy_w=0.000 sent_v=0.000 sent_w=0.000 ret=0 dt=49.9ms move_ms=0.4 policy_zmq_lag=0.5ms
[go2:sport] cmd#211 seq=296 policy_v=0.000 policy_w=0.000 sent_v=0.000 sent_w=0.000 ret=0 dt=50.4ms move_ms=0.6 policy_zmq_lag=0.6ms
[go2:sport] cmd#212 seq=297 policy_v=0.000 policy_w=0.000 sent_v=0.000 sent_w=0.000 ret=0 dt=49.7ms move_ms=0.4 policy_zmq_lag=0.5ms
[go2:sport] cmd#213 seq=298 policy_v=0.000 policy_w=0.000 sent_v=0.000 sent_w=0.000 ret=0 dt=50.2ms move_ms=0.7 policy_zmq_lag=0.6ms
[go2:sport] cmd#214 seq=299 policy_v=0.000 policy_w=0.000 sent_v=0.000 sent_w=0.000 ret=0 dt=50.0ms move_ms=0.7 policy_zmq_lag=0.7ms
[go2:sport] cmd#215 seq=300 policy_v=0.000 policy_w=0.000 sent_v=0.000 sent_w=0.000 ret=0 dt=49.9ms move_ms=0.4 policy_zmq_lag=0.6ms
[go2:sport] cmd#216 seq=301 policy_v=0.000 policy_w=0.000 sent_v=0.000 sent_w=0.000 ret=0 dt=50.3ms move_ms=0.6 policy_zmq_lag=0.7ms
[go2:sport] cmd#217 seq=302 policy_v=0.000 policy_w=0.000 sent_v=0.000 sent_w=0.000 ret=0 dt=49.8ms move_ms=0.5 policy_zmq_lag=0.9ms
[go2:sport] cmd#218 seq=303 policy_v=0.000 policy_w=0.000 sent_v=0.000 sent_w=0.000 ret=0 dt=50.1ms move_ms=0.6 policy_zmq_lag=0.7ms
[go2:sport] cmd#219 seq=304 policy_v=0.000 policy_w=0.000 sent_v=0.000 sent_w=0.000 ret=0 dt=49.8ms move_ms=0.4 policy_zmq_lag=0.8ms
[go2:sport] cmd#220 seq=305 policy_v=0.000 policy_w=0.000 sent_v=0.000 sent_w=0.000 ret=0 dt=49.8ms move_ms=0.5 policy_zmq_lag=0.5ms
[go2:sport] cmd#221 seq=306 policy_v=0.000 policy_w=0.000 sent_v=0.000 sent_w=0.000 ret=0 dt=50.1ms move_ms=0.5 policy_zmq_lag=0.6ms
[go2:sport] cmd#222 seq=307 policy_v=0.000 policy_w=0.000 sent_v=0.000 sent_w=0.000 ret=0 dt=49.9ms move_ms=0.5 policy_zmq_lag=0.6ms
[go2:sport] cmd#223 seq=308 policy_v=0.000 policy_w=0.000 sent_v=0.000 sent_w=0.000 ret=0 dt=50.0ms move_ms=0.4 policy_zmq_lag=0.6ms
[go2:sport] cmd#224 seq=309 policy_v=0.000 policy_w=0.000 sent_v=0.000 sent_w=0.000 ret=0 dt=50.2ms move_ms=0.6 policy_zmq_lag=0.7ms
[go2:sport] cmd#225 seq=310 policy_v=0.000 policy_w=0.000 sent_v=0.000 sent_w=0.000 ret=0 dt=49.7ms move_ms=0.5 policy_zmq_lag=0.6ms
[go2:sport] cmd#226 seq=311 policy_v=0.000 policy_w=0.000 sent_v=0.000 sent_w=0.000 ret=0 dt=50.0ms move_ms=0.4 policy_zmq_lag=0.5ms
[go2:sport] cmd#227 seq=312 policy_v=0.000 policy_w=0.000 sent_v=0.000 sent_w=0.000 ret=0 dt=50.0ms move_ms=0.4 policy_zmq_lag=0.6ms
[go2:sport] cmd#228 seq=313 policy_v=0.000 policy_w=0.000 sent_v=0.000 sent_w=0.000 ret=0 dt=50.0ms move_ms=0.4 policy_zmq_lag=0.5ms
[go2:sport] cmd#229 seq=314 policy_v=0.000 policy_w=0.000 sent_v=0.000 sent_w=0.000 ret=0 dt=50.2ms move_ms=0.4 policy_zmq_lag=0.5ms
[go2:sport] cmd#230 seq=315 policy_v=0.000 policy_w=0.000 sent_v=0.000 sent_w=0.000 ret=0 dt=49.9ms move_ms=0.5 policy_zmq_lag=0.6ms
[go2:sport] cmd#231 seq=316 policy_v=0.000 policy_w=0.000 sent_v=0.000 sent_w=0.000 ret=0 dt=50.2ms move_ms=0.6 policy_zmq_lag=0.7ms
[go2:sport] cmd#232 seq=317 policy_v=0.000 policy_w=0.000 sent_v=0.000 sent_w=0.000 ret=0 dt=49.7ms move_ms=0.6 policy_zmq_lag=0.6ms
[go2:sport] cmd#233 seq=318 policy_v=0.000 policy_w=0.000 sent_v=0.000 sent_w=0.000 ret=0 dt=50.3ms move_ms=0.6 policy_zmq_lag=0.5ms
[go2:sport] cmd#234 seq=319 policy_v=0.000 policy_w=0.000 sent_v=0.000 sent_w=0.000 ret=0 dt=49.6ms move_ms=0.4 policy_zmq_lag=0.5ms
[go2:sport] cmd#235 seq=320 policy_v=0.000 policy_w=0.000 sent_v=0.000 sent_w=0.000 ret=0 dt=50.1ms move_ms=0.4 policy_zmq_lag=0.6ms
[go2:sport] cmd#236 seq=321 policy_v=0.000 policy_w=0.000 sent_v=0.000 sent_w=0.000 ret=0 dt=50.2ms move_ms=0.4 policy_zmq_lag=0.6ms
[go2:sport] cmd#237 seq=322 policy_v=0.025 policy_w=-0.025 sent_v=0.025 sent_w=-0.025 ret=0 dt=57.9ms move_ms=0.4 policy_zmq_lag=0.6ms scan_age=43.4ms loop_to_send=8.2ms
[go2:sport] cmd#238 seq=323 policy_v=0.174 policy_w=-0.174 sent_v=0.174 sent_w=-0.174 ret=0 dt=47.8ms move_ms=0.4 policy_zmq_lag=0.6ms scan_age=32.4ms loop_to_send=6.0ms
[go2:sport] cmd#239 seq=324 policy_v=0.324 policy_w=-0.324 sent_v=0.324 sent_w=-0.324 ret=0 dt=50.2ms move_ms=0.6 policy_zmq_lag=0.7ms scan_age=42.4ms loop_to_send=6.1ms
[go2:sport] cmd#240 seq=325 policy_v=0.474 policy_w=-0.474 sent_v=0.474 sent_w=-0.474 ret=0 dt=49.9ms move_ms=0.6 policy_zmq_lag=0.7ms scan_age=31.1ms loop_to_send=6.0ms
[go2:sport] cmd#241 seq=326 policy_v=0.625 policy_w=-0.625 sent_v=0.625 sent_w=-0.625 ret=0 dt=51.4ms move_ms=0.4 policy_zmq_lag=0.7ms scan_age=43.8ms loop_to_send=7.1ms
[go2:sport] cmd#242 seq=327 policy_v=0.774 policy_w=-0.774 sent_v=0.774 sent_w=-0.774 ret=0 dt=48.7ms move_ms=0.4 policy_zmq_lag=0.6ms scan_age=32.4ms loop_to_send=6.2ms
[go2:sport] cmd#243 seq=328 policy_v=0.925 policy_w=-0.852 sent_v=0.925 sent_w=-0.852 ret=0 dt=50.2ms move_ms=0.5 policy_zmq_lag=0.6ms scan_age=41.7ms loop_to_send=6.3ms
[go2:sport] cmd#244 seq=329 policy_v=1.048 policy_w=-0.702 sent_v=1.048 sent_w=-0.702 ret=0 dt=49.8ms move_ms=0.4 policy_zmq_lag=0.6ms scan_age=31.4ms loop_to_send=6.3ms
[go2:sport] cmd#245 seq=330 policy_v=1.050 policy_w=-0.552 sent_v=1.050 sent_w=-0.552 ret=0 dt=50.1ms move_ms=0.4 policy_zmq_lag=0.7ms scan_age=42.5ms loop_to_send=6.3ms
[go2:sport] cmd#246 seq=331 policy_v=1.047 policy_w=-0.402 sent_v=1.047 sent_w=-0.402 ret=0 dt=49.8ms move_ms=0.4 policy_zmq_lag=0.6ms scan_age=32.4ms loop_to_send=6.2ms
[go2:sport] cmd#247 seq=332 policy_v=1.044 policy_w=-0.252 sent_v=1.044 sent_w=-0.252 ret=0 dt=49.9ms move_ms=0.4 policy_zmq_lag=0.6ms scan_age=42.2ms loop_to_send=6.0ms
[go2:sport] cmd#248 seq=333 policy_v=1.042 policy_w=-0.377 sent_v=1.042 sent_w=-0.377 ret=0 dt=49.8ms move_ms=0.4 policy_zmq_lag=0.6ms scan_age=32.1ms loop_to_send=5.8ms
[go2:sport] cmd#249 seq=334 policy_v=1.032 policy_w=-0.227 sent_v=1.032 sent_w=-0.227 ret=0 dt=50.2ms move_ms=0.5 policy_zmq_lag=0.7ms scan_age=41.0ms loop_to_send=5.9ms
[go2:sport] cmd#250 seq=335 policy_v=1.026 policy_w=-0.077 sent_v=1.026 sent_w=-0.077 ret=0 dt=50.1ms move_ms=0.4 policy_zmq_lag=0.6ms scan_age=32.2ms loop_to_send=6.0ms
[go2:sport] cmd#251 seq=336 policy_v=0.922 policy_w=0.073 sent_v=0.922 sent_w=0.073 ret=0 dt=50.1ms move_ms=0.6 policy_zmq_lag=0.7ms scan_age=42.3ms loop_to_send=6.0ms
[go2:sport] cmd#252 seq=337 policy_v=0.935 policy_w=0.222 sent_v=0.935 sent_w=0.222 ret=0 dt=49.6ms move_ms=0.4 policy_zmq_lag=0.6ms scan_age=32.0ms loop_to_send=5.8ms
[go2:sport] cmd#253 seq=338 policy_v=0.785 policy_w=0.373 sent_v=0.785 sent_w=0.373 ret=0 dt=50.2ms move_ms=0.5 policy_zmq_lag=0.6ms scan_age=42.2ms loop_to_send=5.9ms
[go2:sport] cmd#254 seq=339 policy_v=0.749 policy_w=0.523 sent_v=0.749 sent_w=0.523 ret=0 dt=50.4ms move_ms=0.7 policy_zmq_lag=0.8ms scan_age=32.6ms loop_to_send=6.0ms
[go2:sport] cmd#255 seq=340 policy_v=0.600 policy_w=0.671 sent_v=0.600 sent_w=0.671 ret=0 dt=49.6ms move_ms=0.5 policy_zmq_lag=0.6ms scan_age=42.4ms loop_to_send=6.0ms
[go2:sport] cmd#256 seq=341 policy_v=0.450 policy_w=0.821 sent_v=0.450 sent_w=0.821 ret=0 dt=49.8ms move_ms=0.6 policy_zmq_lag=0.6ms scan_age=32.2ms loop_to_send=5.8ms
[go2:sport] cmd#257 seq=342 policy_v=0.300 policy_w=0.671 sent_v=0.300 sent_w=0.671 ret=0 dt=50.2ms move_ms=0.6 policy_zmq_lag=0.7ms scan_age=42.3ms loop_to_send=5.9ms
[go2:sport] cmd#258 seq=343 policy_v=0.150 policy_w=0.821 sent_v=0.150 sent_w=0.821 ret=0 dt=50.1ms move_ms=0.4 policy_zmq_lag=0.7ms scan_age=32.1ms loop_to_send=6.0ms
[go2:sport] cmd#259 seq=344 policy_v=-0.000 policy_w=0.671 sent_v=-0.000 sent_w=0.671 ret=0 dt=49.9ms move_ms=0.4 policy_zmq_lag=0.6ms scan_age=42.3ms loop_to_send=6.0ms
[go2:sport] cmd#260 seq=345 policy_v=-0.150 policy_w=0.627 sent_v=-0.150 sent_w=0.627 ret=0 dt=50.1ms move_ms=0.6 policy_zmq_lag=0.6ms scan_age=32.3ms loop_to_send=6.0ms
[go2:sport] cmd#261 seq=346 policy_v=-0.300 policy_w=0.665 sent_v=-0.300 sent_w=0.665 ret=0 dt=50.0ms move_ms=0.6 policy_zmq_lag=0.7ms scan_age=42.6ms loop_to_send=6.0ms
[go2:sport] cmd#262 seq=347 policy_v=-0.450 policy_w=0.711 sent_v=-0.450 sent_w=0.711 ret=0 dt=49.8ms move_ms=0.4 policy_zmq_lag=0.6ms scan_age=32.0ms loop_to_send=5.8ms
[go2:sport] cmd#263 seq=348 policy_v=-0.600 policy_w=0.601 sent_v=-0.600 sent_w=0.601 ret=0 dt=50.4ms move_ms=0.6 policy_zmq_lag=0.7ms scan_age=42.4ms loop_to_send=6.1ms
[go2:sport] cmd#264 seq=349 policy_v=-0.751 policy_w=0.715 sent_v=-0.751 sent_w=0.715 ret=0 dt=49.8ms move_ms=0.4 policy_zmq_lag=0.6ms scan_age=32.4ms loop_to_send=5.8ms
[go2:sport] cmd#265 seq=350 policy_v=-0.900 policy_w=0.753 sent_v=-0.900 sent_w=0.753 ret=0 dt=50.6ms move_ms=0.4 policy_zmq_lag=0.7ms scan_age=41.7ms loop_to_send=6.5ms
[go2:sport] cmd#266 seq=351 policy_v=-0.982 policy_w=0.707 sent_v=-0.982 sent_w=0.707 ret=0 dt=49.9ms move_ms=0.4 policy_zmq_lag=0.7ms scan_age=32.8ms loop_to_send=6.4ms
[go2:sport] cmd#267 seq=352 policy_v=-0.832 policy_w=0.690 sent_v=-0.832 sent_w=0.690 ret=0 dt=49.9ms move_ms=0.4 policy_zmq_lag=0.6ms scan_age=43.1ms loop_to_send=6.5ms
[go2:sport] cmd#268 seq=353 policy_v=-0.942 policy_w=0.554 sent_v=-0.942 sent_w=0.554 ret=0 dt=49.3ms move_ms=0.4 policy_zmq_lag=0.6ms scan_age=31.9ms loop_to_send=5.7ms
[go2:sport] cmd#269 seq=354 policy_v=-0.866 policy_w=0.474 sent_v=-0.866 sent_w=0.474 ret=0 dt=50.2ms move_ms=0.4 policy_zmq_lag=0.6ms scan_age=42.1ms loop_to_send=5.9ms
[go2:sport] cmd#270 seq=355 policy_v=-0.934 policy_w=0.324 sent_v=-0.934 sent_w=0.324 ret=0 dt=50.1ms move_ms=0.6 policy_zmq_lag=0.7ms scan_age=32.2ms loop_to_send=6.0ms
[go2:sport] cmd#271 seq=356 policy_v=-0.784 policy_w=0.474 sent_v=-0.784 sent_w=0.474 ret=0 dt=50.1ms move_ms=0.6 policy_zmq_lag=0.8ms scan_age=42.2ms loop_to_send=6.0ms
[go2:sport] cmd#272 seq=357 policy_v=-0.680 policy_w=0.415 sent_v=-0.680 sent_w=0.415 ret=0 dt=49.9ms move_ms=0.6 policy_zmq_lag=0.7ms scan_age=32.2ms loop_to_send=5.9ms
[go2:sport] cmd#273 seq=358 policy_v=-0.530 policy_w=0.265 sent_v=-0.530 sent_w=0.265 ret=0 dt=50.7ms move_ms=0.4 policy_zmq_lag=0.6ms scan_age=43.1ms loop_to_send=6.8ms
[go2:sport] cmd#274 seq=359 policy_v=-0.380 policy_w=0.115 sent_v=-0.380 sent_w=0.115 ret=0 dt=49.0ms move_ms=0.4 policy_zmq_lag=0.5ms scan_age=32.1ms loop_to_send=5.8ms
[go2:sport] cmd#275 seq=360 policy_v=-0.230 policy_w=-0.035 sent_v=-0.230 sent_w=-0.035 ret=0 dt=50.1ms move_ms=0.4 policy_zmq_lag=0.6ms scan_age=42.0ms loop_to_send=5.8ms
[go2:sport] cmd#276 seq=361 policy_v=-0.080 policy_w=-0.185 sent_v=-0.080 sent_w=-0.185 ret=0 dt=50.3ms move_ms=0.6 policy_zmq_lag=0.7ms scan_age=32.3ms loop_to_send=6.0ms
[go2:sport] cmd#277 seq=362 policy_v=0.070 policy_w=-0.335 sent_v=0.070 sent_w=-0.335 ret=0 dt=50.1ms move_ms=0.6 policy_zmq_lag=0.7ms scan_age=42.4ms loop_to_send=6.1ms
[go2:sport] cmd#278 seq=363 policy_v=0.220 policy_w=-0.485 sent_v=0.220 sent_w=-0.485 ret=0 dt=49.7ms move_ms=0.4 policy_zmq_lag=0.6ms scan_age=32.3ms loop_to_send=5.9ms
[go2:sport] cmd#279 seq=364 policy_v=0.370 policy_w=-0.635 sent_v=0.370 sent_w=-0.635 ret=0 dt=50.1ms move_ms=0.4 policy_zmq_lag=0.6ms scan_age=41.1ms loop_to_send=6.0ms
[go2:sport] cmd#280 seq=365 policy_v=0.520 policy_w=-0.785 sent_v=0.520 sent_w=-0.785 ret=0 dt=50.1ms move_ms=0.6 policy_zmq_lag=0.7ms scan_age=32.1ms loop_to_send=6.0ms
[go2:sport] cmd#281 seq=366 policy_v=0.670 policy_w=-0.867 sent_v=0.670 sent_w=-0.867 ret=0 dt=49.8ms move_ms=0.4 policy_zmq_lag=0.6ms scan_age=41.8ms loop_to_send=5.9ms
[go2:sport] cmd#282 seq=367 policy_v=0.820 policy_w=-0.717 sent_v=0.820 sent_w=-0.717 ret=0 dt=49.8ms move_ms=0.4 policy_zmq_lag=0.6ms scan_age=32.0ms loop_to_send=5.8ms
[go2:sport] cmd#283 seq=368 policy_v=0.970 policy_w=-0.645 sent_v=0.970 sent_w=-0.645 ret=0 dt=50.4ms move_ms=0.6 policy_zmq_lag=0.7ms scan_age=42.2ms loop_to_send=6.0ms
[go2:sport] cmd#284 seq=369 policy_v=1.038 policy_w=-0.495 sent_v=1.038 sent_w=-0.495 ret=0 dt=50.0ms move_ms=0.6 policy_zmq_lag=0.7ms scan_age=32.6ms loop_to_send=6.0ms
[go2:sport] cmd#285 seq=370 policy_v=1.035 policy_w=-0.370 sent_v=1.035 sent_w=-0.370 ret=0 dt=49.8ms move_ms=0.4 policy_zmq_lag=0.6ms scan_age=42.2ms loop_to_send=5.9ms
[go2:sport] cmd#286 seq=371 policy_v=1.024 policy_w=-0.220 sent_v=1.024 sent_w=-0.220 ret=0 dt=49.9ms move_ms=0.4 policy_zmq_lag=0.6ms scan_age=31.0ms loop_to_send=5.8ms
[go2:sport] cmd#287 seq=372 policy_v=1.009 policy_w=-0.070 sent_v=1.009 sent_w=-0.070 ret=0 dt=50.2ms move_ms=0.6 policy_zmq_lag=0.7ms scan_age=42.2ms loop_to_send=5.9ms
[go2:sport] cmd#288 seq=373 policy_v=0.973 policy_w=0.080 sent_v=0.973 sent_w=0.080 ret=0 dt=50.1ms move_ms=0.6 policy_zmq_lag=0.8ms scan_age=32.3ms loop_to_send=6.0ms
[go2:sport] cmd#289 seq=374 policy_v=0.989 policy_w=0.230 sent_v=0.989 sent_w=0.230 ret=0 dt=49.8ms move_ms=0.4 policy_zmq_lag=0.6ms scan_age=41.9ms loop_to_send=6.0ms
[go2:sport] cmd#290 seq=375 policy_v=0.944 policy_w=0.080 sent_v=0.944 sent_w=0.080 ret=0 dt=50.1ms move_ms=0.6 policy_zmq_lag=0.7ms scan_age=32.2ms loop_to_send=6.0ms
[go2:sport] cmd#291 seq=376 policy_v=0.949 policy_w=0.230 sent_v=0.949 sent_w=0.230 ret=0 dt=50.1ms move_ms=0.4 policy_zmq_lag=0.6ms scan_age=42.3ms loop_to_send=6.2ms
[go2:sport] cmd#292 seq=377 policy_v=0.925 policy_w=0.380 sent_v=0.925 sent_w=0.380 ret=0 dt=50.1ms move_ms=0.4 policy_zmq_lag=0.6ms scan_age=32.6ms loop_to_send=6.3ms
[go2:sport] cmd#293 seq=378 policy_v=0.851 policy_w=0.530 sent_v=0.851 sent_w=0.530 ret=0 dt=50.0ms move_ms=0.4 policy_zmq_lag=0.6ms scan_age=42.5ms loop_to_send=6.2ms
[go2:sport] cmd#294 seq=379 policy_v=0.775 policy_w=0.680 sent_v=0.775 sent_w=0.680 ret=0 dt=49.8ms move_ms=0.4 policy_zmq_lag=0.6ms scan_age=31.3ms loop_to_send=6.1ms
[go2:sport] cmd#295 seq=380 policy_v=0.904 policy_w=0.830 sent_v=0.904 sent_w=0.830 ret=0 dt=50.3ms move_ms=0.4 policy_zmq_lag=0.6ms scan_age=42.7ms loop_to_send=6.3ms
[go2:sport] cmd#296 seq=381 policy_v=0.754 policy_w=0.680 sent_v=0.754 sent_w=0.680 ret=0 dt=60.9ms move_ms=0.4 policy_zmq_lag=0.8ms scan_age=43.3ms loop_to_send=17.2ms
[go2:sport] cmd#297 seq=382 policy_v=0.781 policy_w=0.606 sent_v=0.781 sent_w=0.606 ret=0 dt=39.1ms move_ms=0.4 policy_zmq_lag=0.6ms scan_age=42.9ms loop_to_send=6.3ms
[go2:sport] cmd#298 seq=383 policy_v=0.859 policy_w=0.456 sent_v=0.859 sent_w=0.456 ret=0 dt=49.9ms move_ms=0.4 policy_zmq_lag=0.6ms scan_age=32.5ms loop_to_send=6.2ms
[go2:sport] cmd#299 seq=384 policy_v=0.986 policy_w=0.306 sent_v=0.986 sent_w=0.306 ret=0 dt=50.2ms move_ms=0.4 policy_zmq_lag=0.7ms scan_age=42.6ms loop_to_send=6.3ms
[go2:sport] cmd#300 seq=385 policy_v=0.973 policy_w=0.156 sent_v=0.973 sent_w=0.156 ret=0 dt=50.4ms move_ms=0.4 policy_zmq_lag=0.7ms scan_age=33.4ms loop_to_send=6.7ms
[go2:sport] cmd#301 seq=386 policy_v=0.965 policy_w=0.307 sent_v=0.965 sent_w=0.307 ret=0 dt=50.4ms move_ms=0.4 policy_zmq_lag=0.7ms scan_age=43.5ms loop_to_send=6.6ms
[go2:sport] cmd#302 seq=387 policy_v=0.817 policy_w=0.456 sent_v=0.817 sent_w=0.456 ret=0 dt=49.2ms move_ms=0.4 policy_zmq_lag=0.7ms scan_age=32.6ms loop_to_send=6.3ms
[go2:sport] cmd#303 seq=388 policy_v=0.905 policy_w=0.504 sent_v=0.905 sent_w=0.504 ret=0 dt=50.4ms move_ms=0.4 policy_zmq_lag=0.6ms scan_age=41.9ms loop_to_send=6.7ms
[go2:sport] cmd#304 seq=389 policy_v=0.755 policy_w=0.544 sent_v=0.755 sent_w=0.544 ret=0 dt=49.2ms move_ms=0.4 policy_zmq_lag=0.6ms scan_age=32.6ms loop_to_send=6.0ms
[go2:sport] cmd#305 seq=390 policy_v=0.866 policy_w=0.694 sent_v=0.866 sent_w=0.694 ret=0 dt=50.1ms move_ms=0.4 policy_zmq_lag=0.6ms scan_age=42.3ms loop_to_send=6.1ms
[go2:sport] cmd#306 seq=391 policy_v=0.716 policy_w=0.734 sent_v=0.716 sent_w=0.734 ret=0 dt=49.8ms move_ms=0.4 policy_zmq_lag=0.6ms scan_age=32.1ms loop_to_send=5.9ms
[go2:sport] cmd#307 seq=392 policy_v=0.670 policy_w=0.710 sent_v=0.670 sent_w=0.710 ret=0 dt=51.6ms move_ms=0.4 policy_zmq_lag=0.6ms scan_age=43.8ms loop_to_send=7.2ms
[go2:sport] cmd#308 seq=393 policy_v=0.520 policy_w=0.561 sent_v=0.520 sent_w=0.561 ret=0 dt=48.7ms move_ms=0.6 policy_zmq_lag=0.7ms scan_age=32.4ms loop_to_send=6.1ms
[go2:sport] cmd#309 seq=394 policy_v=0.626 policy_w=0.410 sent_v=0.626 sent_w=0.410 ret=0 dt=51.0ms move_ms=0.4 policy_zmq_lag=0.7ms scan_age=43.4ms loop_to_send=6.8ms
[go2:sport] cmd#310 seq=395 policy_v=0.477 policy_w=0.261 sent_v=0.477 sent_w=0.261 ret=0 dt=49.2ms move_ms=0.6 policy_zmq_lag=0.7ms scan_age=32.6ms loop_to_send=6.3ms
[go2:sport] cmd#311 seq=396 policy_v=0.627 policy_w=0.111 sent_v=0.627 sent_w=0.111 ret=0 dt=49.8ms move_ms=0.4 policy_zmq_lag=0.7ms scan_age=42.4ms loop_to_send=6.1ms
[go2:sport] cmd#312 seq=397 policy_v=0.777 policy_w=-0.039 sent_v=0.777 sent_w=-0.039 ret=0 dt=49.9ms move_ms=0.4 policy_zmq_lag=0.6ms scan_age=32.7ms loop_to_send=6.1ms
[go2:sport] cmd#313 seq=398 policy_v=0.927 policy_w=0.111 sent_v=0.927 sent_w=0.111 ret=0 dt=50.1ms move_ms=0.4 policy_zmq_lag=0.6ms scan_age=42.5ms loop_to_send=6.2ms
[go2:sport] cmd#314 seq=399 policy_v=1.050 policy_w=-0.039 sent_v=1.050 sent_w=-0.039 ret=0 dt=49.8ms move_ms=0.4 policy_zmq_lag=0.6ms scan_age=32.3ms loop_to_send=6.0ms
[go2:sport] cmd#315 seq=400 policy_v=1.045 policy_w=0.111 sent_v=1.045 sent_w=0.111 ret=0 dt=50.2ms move_ms=0.5 policy_zmq_lag=0.6ms scan_age=42.7ms loop_to_send=6.2ms
[go2:sport] cmd#316 seq=401 policy_v=1.050 policy_w=-0.039 sent_v=1.050 sent_w=-0.039 ret=0 dt=49.8ms move_ms=0.5 policy_zmq_lag=0.6ms scan_age=32.3ms loop_to_send=5.9ms
[go2:sport] cmd#317 seq=402 policy_v=1.023 policy_w=0.111 sent_v=1.023 sent_w=0.111 ret=0 dt=50.1ms move_ms=0.4 policy_zmq_lag=0.6ms scan_age=42.3ms loop_to_send=6.1ms
[go2:sport] cmd#318 seq=403 policy_v=0.873 policy_w=-0.039 sent_v=0.873 sent_w=-0.039 ret=0 dt=49.6ms move_ms=0.4 policy_zmq_lag=0.6ms scan_age=32.4ms loop_to_send=5.8ms
[go2:sport] cmd#319 seq=404 policy_v=1.023 policy_w=-0.189 sent_v=1.023 sent_w=-0.189 ret=0 dt=50.6ms move_ms=0.5 policy_zmq_lag=0.6ms scan_age=42.6ms loop_to_send=6.3ms
[go2:sport] cmd#320 seq=405 policy_v=0.873 policy_w=-0.339 sent_v=0.873 sent_w=-0.339 ret=0 dt=49.7ms move_ms=0.4 policy_zmq_lag=0.6ms scan_age=32.3ms loop_to_send=6.0ms
[go2:sport] cmd#321 seq=406 policy_v=0.929 policy_w=-0.189 sent_v=0.929 sent_w=-0.189 ret=0 dt=50.3ms move_ms=0.4 policy_zmq_lag=0.7ms scan_age=42.9ms loop_to_send=6.3ms
[go2:sport] cmd#322 seq=407 policy_v=0.779 policy_w=-0.339 sent_v=0.779 sent_w=-0.339 ret=0 dt=49.6ms move_ms=0.4 policy_zmq_lag=0.6ms scan_age=32.2ms loop_to_send=5.9ms
[go2:sport] cmd#323 seq=408 policy_v=0.629 policy_w=-0.380 sent_v=0.629 sent_w=-0.380 ret=0 dt=50.4ms move_ms=0.4 policy_zmq_lag=0.6ms scan_age=42.4ms loop_to_send=6.3ms
[go2:sport] cmd#324 seq=409 policy_v=0.479 policy_w=-0.530 sent_v=0.479 sent_w=-0.530 ret=0 dt=49.8ms move_ms=0.5 policy_zmq_lag=0.7ms scan_age=32.1ms loop_to_send=5.9ms
[go2:sport] cmd#325 seq=410 policy_v=0.329 policy_w=-0.468 sent_v=0.329 sent_w=-0.468 ret=0 dt=50.3ms move_ms=0.6 policy_zmq_lag=0.7ms scan_age=42.6ms loop_to_send=6.2ms
[go2:sport] cmd#326 seq=411 policy_v=0.179 policy_w=-0.618 sent_v=0.179 sent_w=-0.618 ret=0 dt=49.5ms move_ms=0.4 policy_zmq_lag=0.6ms scan_age=32.6ms loop_to_send=5.9ms
[go2:sport] cmd#327 seq=412 policy_v=0.029 policy_w=-0.468 sent_v=0.029 sent_w=-0.468 ret=0 dt=50.2ms move_ms=0.4 policy_zmq_lag=0.6ms scan_age=42.5ms loop_to_send=6.0ms
[go2:sport] cmd#328 seq=413 policy_v=-0.121 policy_w=-0.618 sent_v=-0.121 sent_w=-0.618 ret=0 dt=50.0ms move_ms=0.4 policy_zmq_lag=0.6ms scan_age=32.5ms loop_to_send=6.0ms
[go2:sport] cmd#329 seq=414 policy_v=-0.271 policy_w=-0.468 sent_v=-0.271 sent_w=-0.468 ret=0 dt=50.3ms move_ms=0.7 policy_zmq_lag=0.7ms scan_age=42.4ms loop_to_send=6.2ms
[go2:sport] cmd#330 seq=415 policy_v=-0.421 policy_w=-0.618 sent_v=-0.421 sent_w=-0.618 ret=0 dt=49.7ms move_ms=0.5 policy_zmq_lag=0.6ms scan_age=32.6ms loop_to_send=6.0ms
[go2:sport] cmd#331 seq=416 policy_v=-0.470 policy_w=-0.468 sent_v=-0.470 sent_w=-0.468 ret=0 dt=50.3ms move_ms=0.5 policy_zmq_lag=0.7ms scan_age=42.5ms loop_to_send=6.2ms
[go2:sport] cmd#332 seq=417 policy_v=-0.620 policy_w=-0.618 sent_v=-0.620 sent_w=-0.618 ret=0 dt=49.8ms move_ms=0.5 policy_zmq_lag=0.7ms scan_age=32.3ms loop_to_send=6.0ms
[go2:sport] cmd#333 seq=418 policy_v=-0.470 policy_w=-0.468 sent_v=-0.470 sent_w=-0.468 ret=0 dt=49.9ms move_ms=0.4 policy_zmq_lag=0.6ms scan_age=42.6ms loop_to_send=6.1ms
[go2:sport] cmd#334 seq=419 policy_v=-0.620 policy_w=-0.618 sent_v=-0.620 sent_w=-0.618 ret=0 dt=49.9ms move_ms=0.5 policy_zmq_lag=0.7ms scan_age=32.2ms loop_to_send=5.9ms
[go2:sport] cmd#335 seq=420 policy_v=-0.470 policy_w=-0.468 sent_v=-0.470 sent_w=-0.468 ret=0 dt=50.0ms move_ms=0.4 policy_zmq_lag=0.6ms scan_age=42.2ms loop_to_send=5.9ms
[go2:sport] cmd#336 seq=421 policy_v=-0.620 policy_w=-0.618 sent_v=-0.620 sent_w=-0.618 ret=0 dt=49.8ms move_ms=0.4 policy_zmq_lag=0.6ms scan_age=32.4ms loop_to_send=5.7ms
[go2:sport] cmd#337 seq=422 policy_v=-0.470 policy_w=-0.468 sent_v=-0.470 sent_w=-0.468 ret=0 dt=50.6ms move_ms=0.9 policy_zmq_lag=0.7ms scan_age=42.5ms loop_to_send=6.2ms
[go2:sport] cmd#338 seq=423 policy_v=-0.320 policy_w=-0.618 sent_v=-0.320 sent_w=-0.618 ret=0 dt=50.0ms move_ms=0.4 policy_zmq_lag=0.7ms scan_age=32.5ms loop_to_send=6.1ms
[go2:sport] cmd#339 seq=424 policy_v=-0.469 policy_w=-0.469 sent_v=-0.469 sent_w=-0.469 ret=0 dt=50.0ms move_ms=0.4 policy_zmq_lag=0.6ms scan_age=42.8ms loop_to_send=6.3ms
[go2:sport] cmd#340 seq=425 policy_v=-0.319 policy_w=-0.619 sent_v=-0.319 sent_w=-0.619 ret=0 dt=49.6ms move_ms=0.4 policy_zmq_lag=0.6ms scan_age=32.1ms loop_to_send=5.9ms
[go2:sport] cmd#341 seq=426 policy_v=-0.470 policy_w=-0.468 sent_v=-0.470 sent_w=-0.468 ret=0 dt=50.9ms move_ms=0.4 policy_zmq_lag=0.7ms scan_age=43.0ms loop_to_send=6.6ms
[go2:sport] cmd#342 seq=427 policy_v=-0.320 policy_w=-0.618 sent_v=-0.320 sent_w=-0.618 ret=0 dt=50.1ms move_ms=0.4 policy_zmq_lag=0.6ms scan_age=33.0ms loop_to_send=6.9ms
[go2:sport] cmd#343 seq=428 policy_v=-0.167 policy_w=-0.465 sent_v=-0.167 sent_w=-0.465 ret=0 dt=55.8ms move_ms=0.4 policy_zmq_lag=0.7ms scan_age=49.0ms loop_to_send=11.6ms
[go2:sport] cmd#344 seq=429 policy_v=-0.020 policy_w=-0.611 sent_v=-0.020 sent_w=-0.611 ret=0 dt=43.3ms move_ms=0.4 policy_zmq_lag=0.6ms scan_age=32.4ms loop_to_send=6.1ms
[go2:sport] cmd#345 seq=430 policy_v=0.130 policy_w=-0.461 sent_v=0.130 sent_w=-0.461 ret=0 dt=50.2ms move_ms=0.4 policy_zmq_lag=0.6ms scan_age=42.6ms loop_to_send=6.3ms
[go2:sport] cmd#346 seq=431 policy_v=0.280 policy_w=-0.611 sent_v=0.280 sent_w=-0.611 ret=0 dt=49.6ms move_ms=0.4 policy_zmq_lag=0.6ms scan_age=32.1ms loop_to_send=6.0ms
[go2:sport] cmd#347 seq=432 policy_v=0.430 policy_w=-0.461 sent_v=0.430 sent_w=-0.461 ret=0 dt=50.5ms move_ms=0.4 policy_zmq_lag=0.6ms scan_age=43.2ms loop_to_send=6.5ms
[go2:sport] cmd#348 seq=433 policy_v=0.580 policy_w=-0.611 sent_v=0.580 sent_w=-0.611 ret=0 dt=49.6ms move_ms=0.5 policy_zmq_lag=0.7ms scan_age=32.7ms loop_to_send=6.1ms
[go2:sport] cmd#349 seq=434 policy_v=0.730 policy_w=-0.461 sent_v=0.730 sent_w=-0.461 ret=0 dt=49.8ms move_ms=0.4 policy_zmq_lag=0.6ms scan_age=42.2ms loop_to_send=6.0ms
[go2:sport] cmd#350 seq=435 policy_v=0.880 policy_w=-0.611 sent_v=0.880 sent_w=-0.611 ret=0 dt=49.7ms move_ms=0.4 policy_zmq_lag=0.6ms scan_age=32.0ms loop_to_send=5.8ms
[go2:sport] cmd#351 seq=436 policy_v=0.730 policy_w=-0.461 sent_v=0.730 sent_w=-0.461 ret=0 dt=50.6ms move_ms=0.4 policy_zmq_lag=0.6ms scan_age=42.9ms loop_to_send=6.3ms
[go2:sport] cmd#352 seq=437 policy_v=0.880 policy_w=-0.611 sent_v=0.880 sent_w=-0.611 ret=0 dt=49.8ms move_ms=0.4 policy_zmq_lag=0.7ms scan_age=32.7ms loop_to_send=6.1ms
[go2:sport] cmd#353 seq=438 policy_v=0.730 policy_w=-0.461 sent_v=0.730 sent_w=-0.461 ret=0 dt=49.7ms move_ms=0.4 policy_zmq_lag=0.6ms scan_age=42.5ms loop_to_send=5.9ms
[go2:sport] cmd#354 seq=439 policy_v=0.880 policy_w=-0.611 sent_v=0.880 sent_w=-0.611 ret=0 dt=49.9ms move_ms=0.4 policy_zmq_lag=0.5ms scan_age=31.9ms loop_to_send=5.9ms
[go2:sport] cmd#355 seq=440 policy_v=0.730 policy_w=-0.461 sent_v=0.730 sent_w=-0.461 ret=0 dt=50.4ms move_ms=0.5 policy_zmq_lag=0.7ms scan_age=42.4ms loop_to_send=6.1ms
[go2:sport] cmd#356 seq=441 policy_v=0.580 policy_w=-0.611 sent_v=0.580 sent_w=-0.611 ret=0 dt=49.8ms move_ms=0.5 policy_zmq_lag=0.7ms scan_age=32.3ms loop_to_send=5.9ms
[go2:sport] cmd#357 seq=442 policy_v=0.430 policy_w=-0.461 sent_v=0.430 sent_w=-0.461 ret=0 dt=50.5ms move_ms=0.5 policy_zmq_lag=0.7ms scan_age=43.0ms loop_to_send=6.4ms
[go2:sport] cmd#358 seq=443 policy_v=0.280 policy_w=-0.611 sent_v=0.280 sent_w=-0.611 ret=0 dt=50.2ms move_ms=0.6 policy_zmq_lag=0.7ms scan_age=33.1ms loop_to_send=6.5ms
[go2:sport] cmd#359 seq=444 policy_v=0.129 policy_w=-0.557 sent_v=0.129 sent_w=-0.557 ret=0 dt=49.7ms move_ms=0.4 policy_zmq_lag=0.6ms scan_age=42.3ms loop_to_send=6.0ms
[go2:sport] cmd#360 seq=445 policy_v=-0.020 policy_w=-0.706 sent_v=-0.020 sent_w=-0.706 ret=0 dt=49.8ms move_ms=0.6 policy_zmq_lag=0.8ms scan_age=32.7ms loop_to_send=6.0ms
[go2:sport] cmd#361 seq=446 policy_v=-0.170 policy_w=-0.602 sent_v=-0.170 sent_w=-0.602 ret=0 dt=49.9ms move_ms=0.4 policy_zmq_lag=0.6ms scan_age=42.4ms loop_to_send=6.1ms
[go2:sport] cmd#362 seq=447 policy_v=-0.320 policy_w=-0.752 sent_v=-0.320 sent_w=-0.752 ret=0 dt=49.9ms move_ms=0.4 policy_zmq_lag=0.6ms scan_age=32.1ms loop_to_send=5.9ms
[go2:sport] cmd#363 seq=448 policy_v=-0.470 policy_w=-0.602 sent_v=-0.470 sent_w=-0.602 ret=0 dt=50.0ms move_ms=0.4 policy_zmq_lag=0.6ms scan_age=42.5ms loop_to_send=6.0ms
[go2:sport] cmd#364 seq=449 policy_v=-0.621 policy_w=-0.753 sent_v=-0.621 sent_w=-0.753 ret=0 dt=50.1ms move_ms=0.4 policy_zmq_lag=0.6ms scan_age=32.6ms loop_to_send=5.9ms
[go2:sport] cmd#365 seq=450 policy_v=-0.770 policy_w=-0.603 sent_v=-0.770 sent_w=-0.603 ret=0 dt=50.0ms move_ms=0.4 policy_zmq_lag=0.7ms scan_age=42.1ms loop_to_send=6.0ms
[go2:sport] cmd#366 seq=451 policy_v=-0.920 policy_w=-0.474 sent_v=-0.920 sent_w=-0.474 ret=0 dt=50.0ms move_ms=0.6 policy_zmq_lag=0.7ms scan_age=32.5ms loop_to_send=6.0ms
[go2:sport] cmd#367 seq=452 policy_v=-0.770 policy_w=-0.324 sent_v=-0.770 sent_w=-0.324 ret=0 dt=49.8ms move_ms=0.4 policy_zmq_lag=0.6ms scan_age=42.6ms loop_to_send=5.9ms
[go2:sport] cmd#368 seq=453 policy_v=-0.920 policy_w=-0.174 sent_v=-0.920 sent_w=-0.174 ret=0 dt=50.1ms move_ms=0.4 policy_zmq_lag=0.6ms scan_age=32.0ms loop_to_send=5.9ms
[go2:sport] cmd#369 seq=454 policy_v=-0.994 policy_w=-0.325 sent_v=-0.994 sent_w=-0.325 ret=0 dt=51.3ms move_ms=0.4 policy_zmq_lag=0.6ms scan_age=43.7ms loop_to_send=6.7ms
[go2:sport] cmd#370 seq=455 policy_v=-1.019 policy_w=-0.454 sent_v=-1.019 sent_w=-0.454 ret=0 dt=48.7ms move_ms=0.5 policy_zmq_lag=0.6ms scan_age=32.5ms loop_to_send=5.9ms
[go2:sport] cmd#371 seq=456 policy_v=-1.034 policy_w=-0.372 sent_v=-1.034 sent_w=-0.372 ret=0 dt=50.6ms move_ms=0.4 policy_zmq_lag=0.6ms scan_age=43.1ms loop_to_send=6.1ms
[go2:sport] cmd#372 seq=457 policy_v=-0.885 policy_w=-0.223 sent_v=-0.885 sent_w=-0.223 ret=0 dt=49.6ms move_ms=0.4 policy_zmq_lag=0.6ms scan_age=32.6ms loop_to_send=6.1ms
[go2:sport] cmd#373 seq=458 policy_v=-0.735 policy_w=-0.073 sent_v=-0.735 sent_w=-0.073 ret=0 dt=49.8ms move_ms=0.4 policy_zmq_lag=0.6ms scan_age=42.1ms loop_to_send=5.9ms
[go2:sport] cmd#374 seq=459 policy_v=-0.585 policy_w=0.077 sent_v=-0.585 sent_w=0.077 ret=0 dt=50.9ms move_ms=0.6 policy_zmq_lag=0.7ms scan_age=32.8ms loop_to_send=6.6ms
[go2:sport] cmd#375 seq=460 policy_v=-0.435 policy_w=0.227 sent_v=-0.435 sent_w=0.227 ret=0 dt=49.4ms move_ms=0.5 policy_zmq_lag=0.7ms scan_age=42.3ms loop_to_send=6.1ms
[go2:sport] cmd#376 seq=461 policy_v=-0.285 policy_w=0.377 sent_v=-0.285 sent_w=0.377 ret=0 dt=49.8ms move_ms=0.5 policy_zmq_lag=0.6ms scan_age=32.5ms loop_to_send=5.9ms
[go2:sport] cmd#377 seq=462 policy_v=-0.135 policy_w=0.527 sent_v=-0.135 sent_w=0.527 ret=0 dt=50.1ms move_ms=0.5 policy_zmq_lag=0.6ms scan_age=42.7ms loop_to_send=6.1ms
[go2:sport] cmd#378 seq=463 policy_v=0.016 policy_w=0.678 sent_v=0.016 sent_w=0.678 ret=0 dt=50.0ms move_ms=0.4 policy_zmq_lag=0.6ms scan_age=32.7ms loop_to_send=5.9ms
[go2:sport] cmd#379 seq=464 policy_v=0.165 policy_w=0.528 sent_v=0.165 sent_w=0.528 ret=0 dt=49.8ms move_ms=0.4 policy_zmq_lag=0.5ms scan_age=42.2ms loop_to_send=6.0ms
[go2:sport] cmd#380 seq=465 policy_v=0.015 policy_w=0.678 sent_v=0.015 sent_w=0.678 ret=0 dt=50.2ms move_ms=0.6 policy_zmq_lag=0.8ms scan_age=32.2ms loop_to_send=6.0ms
[go2:sport] cmd#381 seq=466 policy_v=0.165 policy_w=0.649 sent_v=0.165 sent_w=0.649 ret=0 dt=49.8ms move_ms=0.4 policy_zmq_lag=0.6ms scan_age=42.2ms loop_to_send=5.9ms
[go2:sport] cmd#382 seq=467 policy_v=0.316 policy_w=0.691 sent_v=0.316 sent_w=0.691 ret=0 dt=51.1ms move_ms=0.6 policy_zmq_lag=0.8ms scan_age=33.3ms loop_to_send=6.5ms
[go2:sport] cmd#383 seq=468 policy_v=0.465 policy_w=0.542 sent_v=0.465 sent_w=0.542 ret=0 dt=49.5ms move_ms=0.5 policy_zmq_lag=0.7ms scan_age=43.1ms loop_to_send=6.4ms
[go2:sport] cmd#384 seq=469 policy_v=0.580 policy_w=0.510 sent_v=0.580 sent_w=0.510 ret=0 dt=49.4ms move_ms=0.4 policy_zmq_lag=0.6ms scan_age=32.2ms loop_to_send=5.9ms
[go2:sport] cmd#385 seq=470 policy_v=0.730 policy_w=0.360 sent_v=0.730 sent_w=0.360 ret=0 dt=50.8ms move_ms=0.4 policy_zmq_lag=0.7ms scan_age=43.0ms loop_to_send=6.6ms
[go2:sport] cmd#386 seq=471 policy_v=0.717 policy_w=0.210 sent_v=0.717 sent_w=0.210 ret=0 dt=49.1ms move_ms=0.4 policy_zmq_lag=0.6ms scan_age=32.0ms loop_to_send=5.8ms
[go2:sport] cmd#387 seq=472 policy_v=0.567 policy_w=0.060 sent_v=0.567 sent_w=0.060 ret=0 dt=50.0ms move_ms=0.4 policy_zmq_lag=0.6ms scan_age=42.3ms loop_to_send=5.8ms
[go2:sport] cmd#388 seq=473 policy_v=0.417 policy_w=-0.090 sent_v=0.417 sent_w=-0.090 ret=0 dt=49.9ms move_ms=0.4 policy_zmq_lag=0.6ms scan_age=32.0ms loop_to_send=5.7ms
[go2:sport] cmd#389 seq=474 policy_v=0.267 policy_w=-0.240 sent_v=0.267 sent_w=-0.240 ret=0 dt=50.2ms move_ms=0.5 policy_zmq_lag=0.6ms scan_age=42.5ms loop_to_send=5.9ms
[go2:sport] cmd#390 seq=475 policy_v=0.117 policy_w=-0.090 sent_v=0.117 sent_w=-0.090 ret=0 dt=49.8ms move_ms=0.4 policy_zmq_lag=0.5ms scan_age=32.4ms loop_to_send=5.7ms
[go2:sport] cmd#391 seq=476 policy_v=-0.033 policy_w=0.060 sent_v=-0.033 sent_w=0.060 ret=0 dt=50.7ms move_ms=0.4 policy_zmq_lag=0.7ms scan_age=42.5ms loop_to_send=6.2ms
[go2:sport] cmd#392 seq=477 policy_v=-0.183 policy_w=0.210 sent_v=-0.183 sent_w=0.210 ret=0 dt=49.6ms move_ms=0.4 policy_zmq_lag=0.6ms scan_age=32.5ms loop_to_send=5.9ms
[go2:sport] cmd#393 seq=478 policy_v=-0.333 policy_w=0.060 sent_v=-0.333 sent_w=0.060 ret=0 dt=50.2ms move_ms=0.4 policy_zmq_lag=0.6ms scan_age=42.3ms loop_to_send=6.0ms
[go2:sport] cmd#394 seq=479 policy_v=-0.483 policy_w=-0.090 sent_v=-0.483 sent_w=-0.090 ret=0 dt=49.9ms move_ms=0.4 policy_zmq_lag=0.6ms scan_age=32.2ms loop_to_send=5.9ms
[go2:sport] cmd#395 seq=480 policy_v=-0.633 policy_w=-0.240 sent_v=-0.633 sent_w=-0.240 ret=0 dt=50.2ms move_ms=0.6 policy_zmq_lag=0.7ms scan_age=42.1ms loop_to_send=6.0ms
[go2:sport] cmd#396 seq=481 policy_v=-0.783 policy_w=-0.090 sent_v=-0.783 sent_w=-0.090 ret=0 dt=49.8ms move_ms=0.4 policy_zmq_lag=0.7ms scan_age=32.5ms loop_to_send=5.9ms
[go2:sport] cmd#397 seq=482 policy_v=-0.633 policy_w=0.060 sent_v=-0.633 sent_w=0.060 ret=0 dt=50.1ms move_ms=0.6 policy_zmq_lag=0.7ms scan_age=42.2ms loop_to_send=6.0ms
[go2:sport] cmd#398 seq=483 policy_v=-0.556 policy_w=0.210 sent_v=-0.556 sent_w=0.210 ret=0 dt=50.3ms move_ms=0.4 policy_zmq_lag=0.6ms scan_age=32.6ms loop_to_send=6.4ms
[go2:sport] cmd#399 seq=484 policy_v=-0.406 policy_w=0.360 sent_v=-0.406 sent_w=0.360 ret=0 dt=49.5ms move_ms=0.4 policy_zmq_lag=0.6ms scan_age=42.4ms loop_to_send=5.9ms
[go2:sport] cmd#400 seq=485 policy_v=-0.529 policy_w=0.510 sent_v=-0.529 sent_w=0.510 ret=0 dt=50.2ms move_ms=0.6 policy_zmq_lag=0.7ms scan_age=32.5ms loop_to_send=6.0ms
[go2:sport] cmd#401 seq=486 policy_v=-0.379 policy_w=0.660 sent_v=-0.379 sent_w=0.660 ret=0 dt=50.0ms move_ms=0.4 policy_zmq_lag=0.7ms scan_age=42.6ms loop_to_send=6.1ms
[go2:sport] cmd#402 seq=487 policy_v=-0.229 policy_w=0.510 sent_v=-0.229 sent_w=0.510 ret=0 dt=49.9ms move_ms=0.4 policy_zmq_lag=0.7ms scan_age=32.6ms loop_to_send=5.9ms
[go2:sport] cmd#403 seq=488 policy_v=-0.079 policy_w=0.360 sent_v=-0.079 sent_w=0.360 ret=0 dt=49.9ms move_ms=0.4 policy_zmq_lag=0.7ms scan_age=42.4ms loop_to_send=5.8ms
[go2:sport] cmd#404 seq=489 policy_v=0.072 policy_w=0.511 sent_v=0.072 sent_w=0.511 ret=0 dt=50.5ms move_ms=0.4 policy_zmq_lag=0.6ms scan_age=33.0ms loop_to_send=6.0ms
[go2:sport] cmd#405 seq=490 policy_v=0.221 policy_w=0.362 sent_v=0.221 sent_w=0.362 ret=0 dt=49.6ms move_ms=0.4 policy_zmq_lag=0.7ms scan_age=42.2ms loop_to_send=6.0ms
[go2:sport] cmd#406 seq=491 policy_v=0.371 policy_w=0.512 sent_v=0.371 sent_w=0.512 ret=0 dt=49.7ms move_ms=0.4 policy_zmq_lag=0.5ms scan_age=32.3ms loop_to_send=5.8ms
[go2:sport] cmd#407 seq=492 policy_v=0.521 policy_w=0.362 sent_v=0.521 sent_w=0.362 ret=0 dt=50.2ms move_ms=0.4 policy_zmq_lag=0.6ms scan_age=42.6ms loop_to_send=5.9ms
[go2:sport] cmd#408 seq=493 policy_v=0.671 policy_w=0.512 sent_v=0.671 sent_w=0.512 ret=0 dt=50.0ms move_ms=0.4 policy_zmq_lag=0.7ms scan_age=32.5ms loop_to_send=5.9ms
[go2:sport] cmd#409 seq=494 policy_v=0.821 policy_w=0.362 sent_v=0.821 sent_w=0.362 ret=0 dt=49.8ms move_ms=0.4 policy_zmq_lag=0.6ms scan_age=42.4ms loop_to_send=5.8ms
[go2:sport] cmd#410 seq=495 policy_v=0.971 policy_w=0.512 sent_v=0.971 sent_w=0.512 ret=0 dt=49.9ms move_ms=0.4 policy_zmq_lag=0.6ms scan_age=32.4ms loop_to_send=5.7ms
[go2:sport] cmd#411 seq=496 policy_v=1.049 policy_w=0.362 sent_v=1.049 sent_w=0.362 ret=0 dt=50.2ms move_ms=0.4 policy_zmq_lag=0.6ms scan_age=42.5ms loop_to_send=6.0ms
[go2:sport] cmd#412 seq=497 policy_v=1.049 policy_w=0.512 sent_v=1.049 sent_w=0.512 ret=0 dt=49.8ms move_ms=0.4 policy_zmq_lag=0.6ms scan_age=32.2ms loop_to_send=5.8ms
[go2:sport] cmd#413 seq=498 policy_v=1.049 policy_w=0.362 sent_v=1.049 sent_w=0.362 ret=0 dt=49.9ms move_ms=0.4 policy_zmq_lag=0.6ms scan_age=42.3ms loop_to_send=5.7ms
[go2:sport] cmd#414 seq=499 policy_v=1.048 policy_w=0.512 sent_v=1.048 sent_w=0.512 ret=0 dt=50.2ms move_ms=0.4 policy_zmq_lag=0.7ms scan_age=32.5ms loop_to_send=5.8ms
[go2:sport] cmd#415 seq=500 policy_v=1.049 policy_w=0.362 sent_v=1.049 sent_w=0.362 ret=0 dt=50.0ms move_ms=0.4 policy_zmq_lag=0.6ms scan_age=42.5ms loop_to_send=5.9ms
[go2:sport] cmd#416 seq=501 policy_v=0.976 policy_w=0.512 sent_v=0.976 sent_w=0.512 ret=0 dt=49.8ms move_ms=0.4 policy_zmq_lag=0.6ms scan_age=31.8ms loop_to_send=5.7ms
[go2:sport] cmd#417 seq=502 policy_v=1.049 policy_w=0.362 sent_v=1.049 sent_w=0.362 ret=0 dt=50.2ms move_ms=0.4 policy_zmq_lag=0.6ms scan_age=42.1ms loop_to_send=5.9ms
[go2:sport] cmd#418 seq=503 policy_v=0.919 policy_w=0.512 sent_v=0.919 sent_w=0.512 ret=0 dt=49.8ms move_ms=0.5 policy_zmq_lag=0.6ms scan_age=32.3ms loop_to_send=5.7ms
[go2:sport] cmd#419 seq=504 policy_v=1.050 policy_w=0.362 sent_v=1.050 sent_w=0.362 ret=0 dt=50.1ms move_ms=0.4 policy_zmq_lag=0.6ms scan_age=42.3ms loop_to_send=5.8ms
[go2:sport] cmd#420 seq=505 policy_v=0.900 policy_w=0.212 sent_v=0.900 sent_w=0.212 ret=0 dt=50.2ms move_ms=0.6 policy_zmq_lag=0.7ms scan_age=32.5ms loop_to_send=5.9ms
[go2:sport] cmd#421 seq=506 policy_v=1.049 policy_w=0.062 sent_v=1.049 sent_w=0.062 ret=0 dt=50.1ms move_ms=0.7 policy_zmq_lag=0.7ms scan_age=42.6ms loop_to_send=5.9ms
[go2:sport] cmd#422 seq=507 policy_v=0.899 policy_w=0.212 sent_v=0.899 sent_w=0.212 ret=0 dt=50.0ms move_ms=0.4 policy_zmq_lag=0.7ms scan_age=32.6ms loop_to_send=5.9ms
[go2:sport] cmd#423 seq=508 policy_v=1.049 policy_w=0.062 sent_v=1.049 sent_w=0.062 ret=0 dt=49.8ms move_ms=0.5 policy_zmq_lag=0.6ms scan_age=41.9ms loop_to_send=5.8ms
[go2:sport] cmd#424 seq=509 policy_v=0.899 policy_w=0.212 sent_v=0.899 sent_w=0.212 ret=0 dt=49.9ms move_ms=0.6 policy_zmq_lag=0.6ms scan_age=32.1ms loop_to_send=5.7ms
[go2:sport] cmd#425 seq=510 policy_v=1.049 policy_w=0.062 sent_v=1.049 sent_w=0.062 ret=0 dt=50.2ms move_ms=0.6 policy_zmq_lag=0.7ms scan_age=42.3ms loop_to_send=5.8ms
[go2:sport] cmd#426 seq=511 policy_v=0.899 policy_w=-0.088 sent_v=0.899 sent_w=-0.088 ret=0 dt=50.3ms move_ms=0.7 policy_zmq_lag=0.8ms scan_age=32.6ms loop_to_send=5.9ms
[go2:sport] cmd#427 seq=512 policy_v=1.049 policy_w=-0.238 sent_v=1.049 sent_w=-0.238 ret=0 dt=50.1ms move_ms=0.4 policy_zmq_lag=0.5ms scan_age=42.9ms loop_to_send=6.2ms
[go2:sport] cmd#428 seq=513 policy_v=0.899 policy_w=-0.088 sent_v=0.899 sent_w=-0.088 ret=0 dt=49.7ms move_ms=0.4 policy_zmq_lag=0.6ms scan_age=32.5ms loop_to_send=5.8ms
[go2:sport] cmd#429 seq=514 policy_v=1.049 policy_w=-0.238 sent_v=1.049 sent_w=-0.238 ret=0 dt=50.0ms move_ms=0.4 policy_zmq_lag=0.7ms scan_age=42.3ms loop_to_send=5.8ms
[go2:sport] cmd#430 seq=515 policy_v=0.899 policy_w=-0.089 sent_v=0.899 sent_w=-0.089 ret=0 dt=50.0ms move_ms=0.4 policy_zmq_lag=0.6ms scan_age=32.0ms loop_to_send=5.8ms
[go2:sport] cmd#431 seq=516 policy_v=1.049 policy_w=-0.239 sent_v=1.049 sent_w=-0.239 ret=0 dt=50.0ms move_ms=0.4 policy_zmq_lag=0.7ms scan_age=42.4ms loop_to_send=5.8ms
[go2:sport] cmd#432 seq=517 policy_v=0.899 policy_w=-0.088 sent_v=0.899 sent_w=-0.088 ret=0 dt=50.9ms move_ms=0.6 policy_zmq_lag=0.7ms scan_age=33.1ms loop_to_send=6.5ms
[go2:sport] cmd#433 seq=518 policy_v=1.049 policy_w=-0.238 sent_v=1.049 sent_w=-0.238 ret=0 dt=49.4ms move_ms=0.6 policy_zmq_lag=0.7ms scan_age=42.6ms loop_to_send=5.9ms
[go2:sport] cmd#434 seq=519 policy_v=0.898 policy_w=-0.088 sent_v=0.898 sent_w=-0.088 ret=0 dt=49.8ms move_ms=0.4 policy_zmq_lag=0.6ms scan_age=32.6ms loop_to_send=5.9ms
[go2:sport] cmd#435 seq=520 policy_v=1.048 policy_w=-0.238 sent_v=1.048 sent_w=-0.238 ret=0 dt=50.1ms move_ms=0.4 policy_zmq_lag=0.6ms scan_age=42.1ms loop_to_send=6.0ms
[go2:sport] cmd#436 seq=521 policy_v=0.898 policy_w=-0.088 sent_v=0.898 sent_w=-0.088 ret=0 dt=49.9ms move_ms=0.4 policy_zmq_lag=0.6ms scan_age=32.1ms loop_to_send=5.9ms
[go2:sport] cmd#437 seq=522 policy_v=1.048 policy_w=-0.238 sent_v=1.048 sent_w=-0.238 ret=0 dt=50.0ms move_ms=0.5 policy_zmq_lag=0.6ms scan_age=42.4ms loop_to_send=5.9ms
[go2:sport] cmd#438 seq=523 policy_v=1.008 policy_w=-0.088 sent_v=1.008 sent_w=-0.088 ret=0 dt=50.3ms move_ms=0.6 policy_zmq_lag=0.8ms scan_age=32.7ms loop_to_send=6.1ms
[go2:sport] cmd#439 seq=524 policy_v=1.049 policy_w=-0.238 sent_v=1.049 sent_w=-0.238 ret=0 dt=49.9ms move_ms=0.6 policy_zmq_lag=0.7ms scan_age=42.2ms loop_to_send=6.0ms
[go2:sport] cmd#440 seq=525 policy_v=1.043 policy_w=-0.088 sent_v=1.043 sent_w=-0.088 ret=0 dt=49.7ms move_ms=0.6 policy_zmq_lag=0.7ms scan_age=32.4ms loop_to_send=5.9ms
[go2:sport] cmd#441 seq=526 policy_v=1.049 policy_w=-0.238 sent_v=1.049 sent_w=-0.238 ret=0 dt=49.9ms move_ms=0.4 policy_zmq_lag=0.6ms scan_age=42.0ms loop_to_send=5.8ms
[go2:sport] cmd#442 seq=527 policy_v=1.041 policy_w=-0.088 sent_v=1.041 sent_w=-0.088 ret=0 dt=50.3ms move_ms=0.6 policy_zmq_lag=0.8ms scan_age=32.7ms loop_to_send=6.0ms
[go2:sport] cmd#443 seq=528 policy_v=1.049 policy_w=-0.238 sent_v=1.049 sent_w=-0.238 ret=0 dt=50.5ms move_ms=0.4 policy_zmq_lag=0.5ms scan_age=43.2ms loop_to_send=6.6ms
[go2:sport] cmd#444 seq=529 policy_v=1.040 policy_w=-0.088 sent_v=1.040 sent_w=-0.088 ret=0 dt=49.5ms move_ms=0.4 policy_zmq_lag=0.5ms scan_age=32.9ms loop_to_send=6.2ms
[go2:sport] cmd#445 seq=530 policy_v=1.048 policy_w=-0.238 sent_v=1.048 sent_w=-0.238 ret=0 dt=49.8ms move_ms=0.4 policy_zmq_lag=0.7ms scan_age=42.5ms loop_to_send=5.9ms
[go2:sport] cmd#446 seq=531 policy_v=0.898 policy_w=-0.088 sent_v=0.898 sent_w=-0.088 ret=0 dt=49.7ms move_ms=0.5 policy_zmq_lag=0.6ms scan_age=32.2ms loop_to_send=5.7ms
[go2:sport] cmd#447 seq=532 policy_v=1.048 policy_w=-0.238 sent_v=1.048 sent_w=-0.238 ret=0 dt=50.3ms move_ms=0.6 policy_zmq_lag=0.7ms scan_age=42.1ms loop_to_send=5.9ms
[go2:sport] cmd#448 seq=533 policy_v=1.050 policy_w=-0.388 sent_v=1.050 sent_w=-0.388 ret=0 dt=50.1ms move_ms=0.6 policy_zmq_lag=0.8ms scan_age=32.1ms loop_to_send=6.0ms
[go2:sport] cmd#449 seq=534 policy_v=1.049 policy_w=-0.538 sent_v=1.049 sent_w=-0.538 ret=0 dt=51.7ms move_ms=0.4 policy_zmq_lag=0.6ms scan_age=44.3ms loop_to_send=7.7ms
[go2:sport] cmd#450 seq=535 policy_v=1.050 policy_w=-0.389 sent_v=1.050 sent_w=-0.389 ret=0 dt=47.9ms move_ms=0.4 policy_zmq_lag=0.6ms scan_age=32.2ms loop_to_send=5.8ms
[go2:sport] cmd#451 seq=536 policy_v=1.049 policy_w=-0.539 sent_v=1.049 sent_w=-0.539 ret=0 dt=50.1ms move_ms=0.6 policy_zmq_lag=0.6ms scan_age=42.4ms loop_to_send=5.8ms
[go2:sport] cmd#452 seq=537 policy_v=1.050 policy_w=-0.689 sent_v=1.050 sent_w=-0.689 ret=0 dt=50.3ms move_ms=0.5 policy_zmq_lag=0.7ms scan_age=32.7ms loop_to_send=6.1ms
[go2:sport] cmd#453 seq=538 policy_v=1.049 policy_w=-0.839 sent_v=1.049 sent_w=-0.839 ret=0 dt=49.8ms move_ms=0.4 policy_zmq_lag=0.6ms scan_age=42.6ms loop_to_send=6.0ms
[go2:sport] cmd#454 seq=539 policy_v=1.050 policy_w=-0.763 sent_v=1.050 sent_w=-0.763 ret=0 dt=50.3ms move_ms=0.4 policy_zmq_lag=0.6ms scan_age=32.9ms loop_to_send=6.2ms
[go2:sport] cmd#455 seq=540 policy_v=1.048 policy_w=-0.913 sent_v=1.048 sent_w=-0.913 ret=0 dt=49.6ms move_ms=0.4 policy_zmq_lag=0.6ms scan_age=42.0ms loop_to_send=5.8ms
[go2:sport] cmd#456 seq=541 policy_v=1.050 policy_w=-0.785 sent_v=1.050 sent_w=-0.785 ret=0 dt=50.2ms move_ms=0.6 policy_zmq_lag=0.7ms scan_age=32.3ms loop_to_send=5.8ms
[go2:sport] cmd#457 seq=542 policy_v=1.049 policy_w=-0.935 sent_v=1.049 sent_w=-0.935 ret=0 dt=50.1ms move_ms=0.6 policy_zmq_lag=0.7ms scan_age=42.6ms loop_to_send=6.0ms
[go2:sport] cmd#458 seq=543 policy_v=1.050 policy_w=-0.785 sent_v=1.050 sent_w=-0.785 ret=0 dt=49.7ms move_ms=0.4 policy_zmq_lag=0.6ms scan_age=32.3ms loop_to_send=5.8ms
[go2:sport] cmd#459 seq=544 policy_v=1.049 policy_w=-0.935 sent_v=1.049 sent_w=-0.935 ret=0 dt=50.1ms move_ms=0.4 policy_zmq_lag=0.6ms scan_age=42.5ms loop_to_send=5.8ms
[go2:sport] cmd#460 seq=545 policy_v=1.050 policy_w=-0.785 sent_v=1.050 sent_w=-0.785 ret=0 dt=49.7ms move_ms=0.4 policy_zmq_lag=0.6ms scan_age=31.7ms loop_to_send=5.6ms
[go2:sport] cmd#461 seq=546 policy_v=1.050 policy_w=-0.935 sent_v=1.050 sent_w=-0.935 ret=0 dt=50.3ms move_ms=0.5 policy_zmq_lag=0.7ms scan_age=42.2ms loop_to_send=5.8ms
[go2:sport] cmd#462 seq=547 policy_v=1.050 policy_w=-0.785 sent_v=1.050 sent_w=-0.785 ret=0 dt=49.9ms move_ms=0.4 policy_zmq_lag=0.6ms scan_age=32.4ms loop_to_send=5.7ms
[go2:sport] cmd#463 seq=548 policy_v=1.049 policy_w=-0.935 sent_v=1.049 sent_w=-0.935 ret=0 dt=50.3ms move_ms=0.4 policy_zmq_lag=0.7ms scan_age=42.4ms loop_to_send=5.9ms
[go2:sport] cmd#464 seq=549 policy_v=1.050 policy_w=-0.785 sent_v=1.050 sent_w=-0.785 ret=0 dt=50.2ms move_ms=0.4 policy_zmq_lag=0.6ms scan_age=32.8ms loop_to_send=6.2ms
[go2:sport] cmd#465 seq=550 policy_v=1.049 policy_w=-0.935 sent_v=1.049 sent_w=-0.935 ret=0 dt=49.9ms move_ms=0.7 policy_zmq_lag=0.7ms scan_age=42.6ms loop_to_send=6.0ms
[go2:sport] cmd#466 seq=551 policy_v=1.050 policy_w=-0.842 sent_v=1.050 sent_w=-0.842 ret=0 dt=49.7ms move_ms=0.4 policy_zmq_lag=0.6ms scan_age=32.4ms loop_to_send=5.8ms
[go2:sport] cmd#467 seq=552 policy_v=1.049 policy_w=-0.992 sent_v=1.049 sent_w=-0.992 ret=0 dt=50.0ms move_ms=0.4 policy_zmq_lag=0.6ms scan_age=42.3ms loop_to_send=5.8ms
[go2:sport] cmd#468 seq=553 policy_v=1.050 policy_w=-0.852 sent_v=1.050 sent_w=-0.852 ret=0 dt=49.8ms move_ms=0.4 policy_zmq_lag=0.6ms scan_age=32.1ms loop_to_send=5.6ms
[go2:sport] cmd#469 seq=554 policy_v=1.049 policy_w=-0.973 sent_v=1.049 sent_w=-0.973 ret=0 dt=50.6ms move_ms=0.4 policy_zmq_lag=0.7ms scan_age=42.6ms loop_to_send=6.0ms
[go2:sport] cmd#470 seq=555 policy_v=1.050 policy_w=-0.823 sent_v=1.050 sent_w=-0.823 ret=0 dt=49.6ms move_ms=0.4 policy_zmq_lag=0.6ms scan_age=32.2ms loop_to_send=5.8ms
[go2:sport] cmd#471 seq=556 policy_v=1.050 policy_w=-0.673 sent_v=1.050 sent_w=-0.673 ret=0 dt=50.2ms move_ms=0.4 policy_zmq_lag=0.6ms scan_age=42.5ms loop_to_send=5.9ms
[go2:sport] cmd#472 seq=557 policy_v=1.050 policy_w=-0.523 sent_v=1.050 sent_w=-0.523 ret=0 dt=50.0ms move_ms=0.4 policy_zmq_lag=0.6ms scan_age=32.5ms loop_to_send=5.9ms
[go2:sport] cmd#473 seq=558 policy_v=1.049 policy_w=-0.673 sent_v=1.049 sent_w=-0.673 ret=0 dt=50.2ms move_ms=0.4 policy_zmq_lag=0.6ms scan_age=42.8ms loop_to_send=6.1ms
[go2:sport] cmd#474 seq=559 policy_v=1.050 policy_w=-0.711 sent_v=1.050 sent_w=-0.711 ret=0 dt=49.6ms move_ms=0.4 policy_zmq_lag=0.6ms scan_age=32.3ms loop_to_send=5.7ms
[go2:sport] cmd#475 seq=560 policy_v=1.049 policy_w=-0.850 sent_v=1.049 sent_w=-0.850 ret=0 dt=50.4ms move_ms=0.6 policy_zmq_lag=0.7ms scan_age=42.5ms loop_to_send=5.9ms
[go2:sport] cmd#476 seq=561 policy_v=1.049 policy_w=-0.700 sent_v=1.049 sent_w=-0.700 ret=0 dt=49.6ms move_ms=0.4 policy_zmq_lag=0.6ms scan_age=32.4ms loop_to_send=5.7ms
[go2:sport] cmd#477 seq=562 policy_v=1.049 policy_w=-0.850 sent_v=1.049 sent_w=-0.850 ret=0 dt=50.3ms move_ms=0.4 policy_zmq_lag=0.6ms scan_age=42.6ms loop_to_send=6.0ms
[go2:sport] cmd#478 seq=563 policy_v=1.049 policy_w=-0.700 sent_v=1.049 sent_w=-0.700 ret=0 dt=49.8ms move_ms=0.4 policy_zmq_lag=0.6ms scan_age=32.3ms loop_to_send=5.8ms
[go2:sport] cmd#479 seq=564 policy_v=1.049 policy_w=-0.656 sent_v=1.049 sent_w=-0.656 ret=0 dt=50.3ms move_ms=0.4 policy_zmq_lag=0.6ms scan_age=42.7ms loop_to_send=5.9ms
[go2:sport] cmd#480 seq=565 policy_v=1.049 policy_w=-0.507 sent_v=1.049 sent_w=-0.507 ret=0 dt=49.5ms move_ms=0.4 policy_zmq_lag=0.5ms scan_age=32.3ms loop_to_send=5.7ms
[go2:sport] cmd#481 seq=566 policy_v=1.049 policy_w=-0.357 sent_v=1.049 sent_w=-0.357 ret=0 dt=50.1ms move_ms=0.4 policy_zmq_lag=0.5ms scan_age=42.4ms loop_to_send=5.8ms
[go2:sport] cmd#482 seq=567 policy_v=1.049 policy_w=-0.207 sent_v=1.049 sent_w=-0.207 ret=0 dt=49.9ms move_ms=0.4 policy_zmq_lag=0.6ms scan_age=32.1ms loop_to_send=5.7ms
[go2:sport] cmd#483 seq=568 policy_v=1.048 policy_w=-0.056 sent_v=1.048 sent_w=-0.056 ret=0 dt=51.4ms move_ms=0.4 policy_zmq_lag=0.6ms scan_age=43.7ms loop_to_send=6.7ms
[go2:sport] cmd#484 seq=569 policy_v=1.048 policy_w=-0.205 sent_v=1.048 sent_w=-0.205 ret=0 dt=49.3ms move_ms=0.4 policy_zmq_lag=0.6ms scan_age=32.9ms loop_to_send=6.3ms
[go2:sport] cmd#485 seq=570 policy_v=1.048 policy_w=-0.355 sent_v=1.048 sent_w=-0.355 ret=0 dt=50.3ms move_ms=0.6 policy_zmq_lag=0.6ms scan_age=42.8ms loop_to_send=6.6ms
[go2:sport] cmd#486 seq=571 policy_v=1.048 policy_w=-0.505 sent_v=1.048 sent_w=-0.505 ret=0 dt=49.9ms move_ms=0.4 policy_zmq_lag=0.6ms scan_age=33.2ms loop_to_send=6.5ms
[go2:sport] cmd#487 seq=572 policy_v=1.047 policy_w=-0.635 sent_v=1.047 sent_w=-0.635 ret=0 dt=49.7ms move_ms=0.4 policy_zmq_lag=0.6ms scan_age=42.9ms loop_to_send=6.2ms
[go2:sport] cmd#488 seq=573 policy_v=1.048 policy_w=-0.485 sent_v=1.048 sent_w=-0.485 ret=0 dt=49.7ms move_ms=0.4 policy_zmq_lag=0.6ms scan_age=32.5ms loop_to_send=6.0ms
[go2:sport] cmd#489 seq=574 policy_v=1.048 policy_w=-0.335 sent_v=1.048 sent_w=-0.335 ret=0 dt=50.2ms move_ms=0.4 policy_zmq_lag=0.6ms scan_age=43.1ms loop_to_send=6.2ms
[go2:sport] cmd#490 seq=575 policy_v=1.048 policy_w=-0.185 sent_v=1.048 sent_w=-0.185 ret=0 dt=50.2ms move_ms=0.6 policy_zmq_lag=0.7ms scan_age=32.9ms loop_to_send=6.3ms
[go2:sport] cmd#491 seq=576 policy_v=1.048 policy_w=-0.035 sent_v=1.048 sent_w=-0.035 ret=0 dt=50.3ms move_ms=0.4 policy_zmq_lag=0.7ms scan_age=42.8ms loop_to_send=6.6ms
[go2:sport] cmd#492 seq=577 policy_v=1.047 policy_w=0.115 sent_v=1.047 sent_w=0.115 ret=0 dt=49.6ms move_ms=0.4 policy_zmq_lag=0.6ms scan_age=33.0ms loop_to_send=6.2ms
[go2:sport] cmd#493 seq=578 policy_v=1.047 policy_w=0.265 sent_v=1.047 sent_w=0.265 ret=0 dt=49.9ms move_ms=0.4 policy_zmq_lag=0.6ms scan_age=42.9ms loop_to_send=6.2ms
[go2:sport] cmd#494 seq=579 policy_v=1.047 policy_w=0.415 sent_v=1.047 sent_w=0.415 ret=0 dt=49.7ms move_ms=0.5 policy_zmq_lag=0.6ms scan_age=32.5ms loop_to_send=5.9ms
[go2:sport] cmd#495 seq=580 policy_v=1.047 policy_w=0.454 sent_v=1.047 sent_w=0.454 ret=0 dt=50.3ms move_ms=0.4 policy_zmq_lag=0.6ms scan_age=42.9ms loop_to_send=6.1ms
[go2:sport] cmd#496 seq=581 policy_v=1.045 policy_w=0.305 sent_v=1.045 sent_w=0.305 ret=0 dt=49.5ms move_ms=0.4 policy_zmq_lag=0.6ms scan_age=32.3ms loop_to_send=5.8ms
[go2:sport] cmd#497 seq=582 policy_v=1.048 policy_w=0.153 sent_v=1.048 sent_w=0.153 ret=0 dt=51.2ms move_ms=0.4 policy_zmq_lag=0.6ms scan_age=43.4ms loop_to_send=6.5ms
[go2:sport] cmd#498 seq=583 policy_v=1.045 policy_w=0.005 sent_v=1.045 sent_w=0.005 ret=0 dt=48.9ms move_ms=0.4 policy_zmq_lag=0.6ms scan_age=32.4ms loop_to_send=5.8ms
[go2:sport] cmd#499 seq=584 policy_v=1.046 policy_w=0.155 sent_v=1.046 sent_w=0.155 ret=0 dt=50.3ms move_ms=0.4 policy_zmq_lag=0.6ms scan_age=42.7ms loop_to_send=6.1ms
[go2:sport] cmd#500 seq=585 policy_v=1.047 policy_w=0.305 sent_v=1.047 sent_w=0.305 ret=0 dt=51.4ms move_ms=0.4 policy_zmq_lag=0.6ms scan_age=34.1ms loop_to_send=7.5ms
[go2:sport] cmd#501 seq=586 policy_v=0.000 policy_w=0.000 sent_v=0.000 sent_w=0.000 ret=0 dt=43.1ms move_ms=0.3 policy_zmq_lag=0.5ms
[go2:sport] cmd#502 seq=587 policy_v=0.000 policy_w=0.000 sent_v=0.000 sent_w=0.000 ret=0 dt=50.2ms move_ms=0.4 policy_zmq_lag=0.5ms
[go2:sport] cmd#503 seq=588 policy_v=0.000 policy_w=0.000 sent_v=0.000 sent_w=0.000 ret=0 dt=49.7ms move_ms=0.3 policy_zmq_lag=0.5ms
[go2:sport] cmd#504 seq=589 policy_v=0.000 policy_w=0.000 sent_v=0.000 sent_w=0.000 ret=0 dt=50.1ms move_ms=0.4 policy_zmq_lag=0.5ms
[go2:sport] cmd#505 seq=590 policy_v=0.000 policy_w=0.000 sent_v=0.000 sent_w=0.000 ret=0 dt=50.0ms move_ms=0.4 policy_zmq_lag=0.6ms
[go2:sport] cmd#506 seq=591 policy_v=0.000 policy_w=0.000 sent_v=0.000 sent_w=0.000 ret=0 dt=50.1ms move_ms=0.4 policy_zmq_lag=0.6ms
[go2:sport] cmd#507 seq=592 policy_v=0.000 policy_w=0.000 sent_v=0.000 sent_w=0.000 ret=0 dt=49.8ms move_ms=0.4 policy_zmq_lag=0.5ms
[go2:sport] cmd#508 seq=593 policy_v=0.000 policy_w=0.000 sent_v=0.000 sent_w=0.000 ret=0 dt=50.2ms move_ms=0.6 policy_zmq_lag=0.6ms
[go2:sport] cmd#509 seq=594 policy_v=0.000 policy_w=0.000 sent_v=0.000 sent_w=0.000 ret=0 dt=50.3ms move_ms=0.3 policy_zmq_lag=0.5ms
[go2:sport] cmd#510 seq=595 policy_v=0.000 policy_w=0.000 sent_v=0.000 sent_w=0.000 ret=0 dt=49.7ms move_ms=0.6 policy_zmq_lag=0.7ms
[go2:sport] cmd#511 seq=596 policy_v=0.000 policy_w=0.000 sent_v=0.000 sent_w=0.000 ret=0 dt=50.5ms move_ms=0.3 policy_zmq_lag=0.5ms
[go2:sport] cmd#512 seq=597 policy_v=0.000 policy_w=0.000 sent_v=0.000 sent_w=0.000 ret=0 dt=49.6ms move_ms=0.5 policy_zmq_lag=0.6ms
[go2:sport] cmd#513 seq=598 policy_v=0.000 policy_w=0.000 sent_v=0.000 sent_w=0.000 ret=0 dt=49.7ms move_ms=0.4 policy_zmq_lag=0.5ms
[go2:sport] cmd#514 seq=599 policy_v=0.000 policy_w=0.000 sent_v=0.000 sent_w=0.000 ret=0 dt=50.0ms move_ms=0.4 policy_zmq_lag=0.5ms
[go2:sport] cmd#515 seq=600 policy_v=0.000 policy_w=0.000 sent_v=0.000 sent_w=0.000 ret=0 dt=50.1ms move_ms=0.4 policy_zmq_lag=0.5ms
[go2:sport] cmd#516 seq=601 policy_v=0.000 policy_w=0.000 sent_v=0.000 sent_w=0.000 ret=0 dt=50.1ms move_ms=0.4 policy_zmq_lag=0.5ms
[go2:sport] cmd#517 seq=602 policy_v=0.000 policy_w=0.000 sent_v=0.000 sent_w=0.000 ret=0 dt=50.6ms move_ms=0.3 policy_zmq_lag=0.8ms
[go2:sport] cmd#518 seq=603 policy_v=0.000 policy_w=0.000 sent_v=0.000 sent_w=0.000 ret=0 dt=49.2ms move_ms=0.6 policy_zmq_lag=0.6ms
[go2:sport] cmd#519 seq=604 policy_v=0.000 policy_w=0.000 sent_v=0.000 sent_w=0.000 ret=0 dt=50.0ms move_ms=0.6 policy_zmq_lag=0.6ms
[go2:sport] cmd#520 seq=605 policy_v=0.000 policy_w=0.000 sent_v=0.000 sent_w=0.000 ret=0 dt=50.1ms move_ms=0.6 policy_zmq_lag=0.6ms
[go2:sport] cmd#521 seq=606 policy_v=0.000 policy_w=0.000 sent_v=0.000 sent_w=0.000 ret=0 dt=49.9ms move_ms=0.4 policy_zmq_lag=0.5ms
[go2:sport] cmd#522 seq=607 policy_v=0.000 policy_w=0.000 sent_v=0.000 sent_w=0.000 ret=0 dt=50.6ms move_ms=0.4 policy_zmq_lag=0.6ms
[go2:sport] cmd#523 seq=608 policy_v=0.000 policy_w=0.000 sent_v=0.000 sent_w=0.000 ret=0 dt=49.6ms move_ms=0.4 policy_zmq_lag=0.5ms
[go2:sport] cmd#524 seq=609 policy_v=0.000 policy_w=0.000 sent_v=0.000 sent_w=0.000 ret=0 dt=50.0ms move_ms=0.4 policy_zmq_lag=0.6ms
[go2:sport] cmd#525 seq=610 policy_v=0.000 policy_w=0.000 sent_v=0.000 sent_w=0.000 ret=0 dt=50.3ms move_ms=0.4 policy_zmq_lag=0.5ms
[go2:sport] cmd#526 seq=611 policy_v=0.000 policy_w=0.000 sent_v=0.000 sent_w=0.000 ret=0 dt=49.6ms move_ms=0.6 policy_zmq_lag=0.6ms
[go2:sport] cmd#527 seq=612 policy_v=0.000 policy_w=0.000 sent_v=0.000 sent_w=0.000 ret=0 dt=52.2ms move_ms=0.5 policy_zmq_lag=0.7ms
[go2:sport] cmd#528 seq=613 policy_v=0.000 policy_w=0.000 sent_v=0.000 sent_w=0.000 ret=0 dt=48.3ms move_ms=0.6 policy_zmq_lag=0.8ms
[go2:sport] cmd#529 seq=614 policy_v=0.000 policy_w=0.000 sent_v=0.000 sent_w=0.000 ret=0 dt=49.6ms move_ms=0.4 policy_zmq_lag=0.5ms
[go2:sport] cmd#530 seq=615 policy_v=0.000 policy_w=0.000 sent_v=0.000 sent_w=0.000 ret=0 dt=49.9ms move_ms=0.4 policy_zmq_lag=0.6ms
[go2:sport] cmd#531 seq=616 policy_v=0.000 policy_w=0.000 sent_v=0.000 sent_w=0.000 ret=0 dt=50.1ms move_ms=0.4 policy_zmq_lag=0.6ms
[go2:sport] cmd#532 seq=617 policy_v=0.000 policy_w=0.000 sent_v=0.000 sent_w=0.000 ret=0 dt=50.2ms move_ms=0.5 policy_zmq_lag=0.7ms
[go2:sport] cmd#533 seq=618 policy_v=0.000 policy_w=0.000 sent_v=0.000 sent_w=0.000 ret=0 dt=50.2ms move_ms=0.4 policy_zmq_lag=0.7ms
[go2:sport] cmd#534 seq=619 policy_v=0.000 policy_w=0.000 sent_v=0.000 sent_w=0.000 ret=0 dt=49.5ms move_ms=0.4 policy_zmq_lag=0.5ms
[go2:sport] cmd#535 seq=620 policy_v=0.000 policy_w=0.000 sent_v=0.000 sent_w=0.000 ret=0 dt=49.9ms move_ms=0.4 policy_zmq_lag=0.5ms
[go2:sport] cmd#536 seq=621 policy_v=0.000 policy_w=0.000 sent_v=0.000 sent_w=0.000 ret=0 dt=50.3ms move_ms=0.4 policy_zmq_lag=0.5ms
[go2:sport] cmd#537 seq=622 policy_v=0.000 policy_w=0.000 sent_v=0.000 sent_w=0.000 ret=0 dt=50.8ms move_ms=0.4 policy_zmq_lag=0.5ms
[go2:sport] cmd#538 seq=623 policy_v=0.000 policy_w=0.000 sent_v=0.000 sent_w=0.000 ret=0 dt=49.0ms move_ms=0.4 policy_zmq_lag=0.5ms
[go2:sport] cmd#539 seq=624 policy_v=0.000 policy_w=0.000 sent_v=0.000 sent_w=0.000 ret=0 dt=50.4ms move_ms=0.4 policy_zmq_lag=0.5ms
[go2:sport] cmd#540 seq=625 policy_v=0.000 policy_w=0.000 sent_v=0.000 sent_w=0.000 ret=0 dt=49.5ms move_ms=0.4 policy_zmq_lag=0.5ms
[go2:sport] cmd#541 seq=626 policy_v=0.000 policy_w=0.000 sent_v=0.000 sent_w=0.000 ret=0 dt=50.3ms move_ms=0.6 policy_zmq_lag=0.7ms
[go2:sport] cmd#542 seq=627 policy_v=0.000 policy_w=0.000 sent_v=0.000 sent_w=0.000 ret=0 dt=50.0ms move_ms=0.4 policy_zmq_lag=0.5ms
[go2:sport] cmd#543 seq=628 policy_v=0.000 policy_w=0.000 sent_v=0.000 sent_w=0.000 ret=0 dt=50.4ms move_ms=0.4 policy_zmq_lag=0.5ms
[go2:sport] cmd#544 seq=629 policy_v=0.000 policy_w=0.000 sent_v=0.000 sent_w=0.000 ret=0 dt=50.0ms move_ms=0.4 policy_zmq_lag=0.5ms
[go2:sport] cmd#545 seq=630 policy_v=0.000 policy_w=0.000 sent_v=0.000 sent_w=0.000 ret=0 dt=50.0ms move_ms=0.4 policy_zmq_lag=0.5ms
[go2:sport] cmd#546 seq=631 policy_v=0.000 policy_w=0.000 sent_v=0.000 sent_w=0.000 ret=0 dt=49.4ms move_ms=0.4 policy_zmq_lag=0.6ms
[go2:sport] cmd#547 seq=632 policy_v=0.000 policy_w=0.000 sent_v=0.000 sent_w=0.000 ret=0 dt=50.5ms move_ms=0.5 policy_zmq_lag=0.5ms
[go2:sport] cmd#548 seq=633 policy_v=0.000 policy_w=0.000 sent_v=0.000 sent_w=0.000 ret=0 dt=49.4ms move_ms=0.4 policy_zmq_lag=0.6ms
[go2:sport] cmd#549 seq=634 policy_v=0.000 policy_w=0.000 sent_v=0.000 sent_w=0.000 ret=0 dt=50.6ms move_ms=0.4 policy_zmq_lag=0.5ms
[go2:sport] cmd#550 seq=635 policy_v=0.000 policy_w=0.000 sent_v=0.000 sent_w=0.000 ret=0 dt=49.6ms move_ms=0.4 policy_zmq_lag=0.5ms
[go2:sport] cmd#551 seq=636 policy_v=0.000 policy_w=0.000 sent_v=0.000 sent_w=0.000 ret=0 dt=49.7ms move_ms=0.4 policy_zmq_lag=0.5ms
[go2:sport] remote-command source restored
[go2:sport] joystick commands restored
