[INFO] [1787248485.276129022] [dclp_go2_policy_ros2]: trajectory log enabled: /home/unitree/qyw/dclp_20260710_reproduction/dclp_deploy/robots/unitree_go2/../trajectory_logs/trajectory_20260821_015445.csv (rate=2.00 Hz)
[INFO] [1787248485.282975374] [dclp_go2_policy_ros2]: Go2 DCLP policy ready: backend={"action_dim": 2, "backend_type": "pth", "checkpoint_meta": {"T": 1010000, "episode": 16356, "test_time": 101}, "deterministic_rule": "highest_weight_component_tanh_mu", "device": "cpu", "model_path": "/home/unitree/qyw/dclp_20260710_reproduction/models/dclp/V1_41lambda1_101.pth", "obs_dim": 548, "policy_id": "V1_41lambda1_101.pth"} scan=/scan odom=/odom goal=/move_base_simple/goal rel_goal=/dclp_relative_goal global=odom zmq=tcp://*:5596 rate=25.0Hz scan_stamp_timeout=0.08s experiment=<unset> profile=<unset> compensation=off mapping=range limiter=last_cmd_dt config={"accel_limiter_mode":"last_cmd_dt","action_mapping_mode":"range","backend":{"action_dim":2,"backend_type":"pth","checkpoint_meta":{"T":1010000,"episode":16356,"test_time":101},"deterministic_rule":"highest_weight_component_tanh_mu","device":"cpu","model_path":"/home/unitree/qyw/dclp_20260710_reproduction/models/dclp/V1_41lambda1_101.pth","obs_dim":548,"policy_id":"V1_41lambda1_101.pth"},"cap_angular":1.5708,"cap_linear":1.5,"compensation_available":true,"compensation_mode":"off","compensation_source":"/home/unitree/qyw/dclp_20260710_reproduction/dclp_deploy/robots/unitree_go2/velocity_compensation.py","compensation_source_sha256":"53f5318dde1c9965c6c7177ae72e8200b85b26c8b9143ecb9dcc5d356a458000","control_period_sec":0.02,"control_rate_hz":25.0,"dclp_length1":0.504,"dclp_length2":0.504,"dclp_width":0.4464,"deploy_core_source":"/home/unitree/qyw/dclp_20260710_reproduction/dclp_deploy/dclp_deploy_core.py","deploy_core_source_sha256":"df6c78b263454c8bf8fb616de9dff7d268f6f48fe40127c299dd56455464e7de","experiment_id":"","experiment_profile":"","floor_angular":0.27928,"floor_linear":0.29997,"goal_topic":"/move_base_simple/goal","max_angular":0.83776,"max_angular_acc":3.0,"max_linear":0.9,"max_linear_acc":3.0,"min_angular":0.27928,"min_linear":0.29997,"model_path":"/home/unitree/qyw/dclp_20260710_reproduction/models/dclp/V1_41lambda1_101.pth","model_sha256":"dacaf9fc45da536ae6b45cdbedc949370b7828fac4cadcf40ebedabc4080c452","odom_stamp_timeout":0.05,"odom_timeout":0.1,"odom_topic":"/odom","pid":33173,"policy_source":"/home/unitree/qyw/dclp_20260710_reproduction/dclp_deploy/robots/unitree_go2/dclp_go2_policy_ros2.py","policy_source_sha256":"a36311ff63689d70cf49745e9c12bc935929553ded284408283e961e8b27afdf","relative_goal_topic":"/dclp_relative_goal","scan_stamp_timeout":0.08,"scan_timeout":0.1,"scan_topic":"/scan","schema_version":1,"speed_scale":1.0,"straighten_front_clear_angle":0.35,"straighten_front_clear_range":1.2,"straighten_front_goal_angle":0.0,"straighten_front_goal_w_limit":0.0,"trajectory_log_path":"/home/unitree/qyw/dclp_20260710_reproduction/dclp_deploy/robots/unitree_go2/../trajectory_logs/trajectory_20260821_015445.csv","written_at":"2026-08-21T01:54:45"}
[INFO] [1787248485.286406167] [dclp_go2_policy_ros2]: received first scan: frame=base_link beams=1081
[INFO] [1787248485.288021653] [dclp_go2_policy_ros2]: received first odom: frame=odom child=base_link
[WARN] [1787248485.323586805] [dclp_go2_policy_ros2]: DCLP stop: waiting goal
[WARN] [1787248487.324113274] [dclp_go2_policy_ros2]: DCLP stop: waiting goal
[WARN] [1787248489.363886277] [dclp_go2_policy_ros2]: DCLP stop: waiting goal
[WARN] [1787248491.403562040] [dclp_go2_policy_ros2]: DCLP stop: waiting goal
[WARN] [1787248493.403760852] [dclp_go2_policy_ros2]: DCLP stop: waiting goal
[WARN] [1787248495.403875097] [dclp_go2_policy_ros2]: DCLP stop: waiting goal
[WARN] [1787248497.404332799] [dclp_go2_policy_ros2]: DCLP stop: waiting goal
[WARN] [1787248499.443516812] [dclp_go2_policy_ros2]: DCLP stop: waiting goal
[INFO] [1787248500.919372514] [dclp_go2_policy_ros2]: received relative goal: right=0.000 forward=5.000 -> global=(5.000, -0.014) frame=odom
[INFO] [1787248500.931746199] [dclp_go2_policy_ros2]: ⏱ v=0.011 w=-0.011 dist=5.00 | total=8.8ms (tf=0.2 feat=0.4 infer=2.5 conv=4.3) | e2e_scan→cmd=37.2ms | cov=90/90
[INFO] [1787248501.329429854] [dclp_go2_policy_ros2]: ⏱ v=0.900 w=-0.745 dist=5.00 | total=6.3ms (tf=0.2 feat=0.4 infer=2.5 conv=2.3) | e2e_scan→cmd=34.9ms | cov=90/90
[INFO] [1787248501.728694275] [dclp_go2_policy_ros2]: ⏱ v=0.900 w=-0.744 dist=5.00 | total=5.7ms (tf=0.1 feat=0.3 infer=2.4 conv=2.1) | e2e_scan→cmd=34.2ms | cov=90/90
[INFO] [1787248502.128709395] [dclp_go2_policy_ros2]: ⏱ v=0.900 w=-0.733 dist=5.00 | total=5.7ms (tf=0.1 feat=0.3 infer=2.3 conv=2.1) | e2e_scan→cmd=34.1ms | cov=90/90
[INFO] [1787248502.529162943] [dclp_go2_policy_ros2]: ⏱ v=0.900 w=-0.741 dist=5.00 | total=6.1ms (tf=0.1 feat=0.3 infer=2.4 conv=2.3) | e2e_scan→cmd=34.5ms | cov=90/90
[INFO] [1787248502.928865918] [dclp_go2_policy_ros2]: ⏱ v=0.900 w=-0.773 dist=5.00 | total=5.8ms (tf=0.1 feat=0.3 infer=2.4 conv=2.2) | e2e_scan→cmd=34.3ms | cov=90/90
[INFO] [1787248503.328930260] [dclp_go2_policy_ros2]: ⏱ v=0.900 w=-0.819 dist=5.00 | total=5.9ms (tf=0.1 feat=0.3 infer=2.4 conv=2.2) | e2e_scan→cmd=34.4ms | cov=90/90
[INFO] [1787248503.729119121] [dclp_go2_policy_ros2]: ⏱ v=0.900 w=-0.763 dist=5.00 | total=6.1ms (tf=0.2 feat=0.4 infer=2.4 conv=2.3) | e2e_scan→cmd=34.4ms | cov=90/90
[INFO] [1787248504.129110755] [dclp_go2_policy_ros2]: ⏱ v=0.900 w=-0.765 dist=5.00 | total=6.1ms (tf=0.2 feat=0.3 infer=2.4 conv=2.3) | e2e_scan→cmd=34.6ms | cov=90/90
[INFO] [1787248504.529608788] [dclp_go2_policy_ros2]: ⏱ v=0.900 w=-0.765 dist=5.00 | total=6.5ms (tf=0.2 feat=0.3 infer=2.7 conv=2.4) | e2e_scan→cmd=35.0ms | cov=90/90
[INFO] [1787248504.928861371] [dclp_go2_policy_ros2]: ⏱ v=0.900 w=-0.763 dist=5.00 | total=5.8ms (tf=0.1 feat=0.3 infer=2.4 conv=2.2) | e2e_scan→cmd=34.2ms | cov=90/90
[INFO] [1787248505.328884945] [dclp_go2_policy_ros2]: ⏱ v=0.900 w=-0.764 dist=5.00 | total=5.8ms (tf=0.1 feat=0.3 infer=2.4 conv=2.1) | e2e_scan→cmd=34.3ms | cov=90/90
[INFO] [1787248505.728811266] [dclp_go2_policy_ros2]: ⏱ v=0.900 w=-0.762 dist=5.00 | total=5.8ms (tf=0.1 feat=0.3 infer=2.4 conv=2.2) | e2e_scan→cmd=34.2ms | cov=90/90
[INFO] [1787248506.129263697] [dclp_go2_policy_ros2]: ⏱ v=0.900 w=-0.763 dist=5.00 | total=6.3ms (tf=0.1 feat=0.3 infer=2.4 conv=2.1) | e2e_scan→cmd=34.5ms | cov=90/90
[INFO] [1787248506.529557721] [dclp_go2_policy_ros2]: ⏱ v=0.900 w=-0.763 dist=5.00 | total=6.4ms (tf=0.2 feat=0.3 infer=2.5 conv=2.4) | e2e_scan→cmd=34.8ms | cov=90/90
[INFO] [1787248506.928909225] [dclp_go2_policy_ros2]: ⏱ v=0.900 w=-0.763 dist=5.00 | total=5.9ms (tf=0.2 feat=0.3 infer=2.4 conv=2.2) | e2e_scan→cmd=34.3ms | cov=90/90
[INFO] [1787248507.328715861] [dclp_go2_policy_ros2]: ⏱ v=0.900 w=-0.764 dist=5.00 | total=5.7ms (tf=0.1 feat=0.3 infer=2.4 conv=2.1) | e2e_scan→cmd=34.0ms | cov=90/90
[INFO] [1787248507.728833971] [dclp_go2_policy_ros2]: ⏱ v=0.900 w=-0.765 dist=5.00 | total=5.8ms (tf=0.1 feat=0.3 infer=2.4 conv=2.2) | e2e_scan→cmd=34.1ms | cov=90/90
[INFO] [1787248508.131779607] [dclp_go2_policy_ros2]: ⏱ v=0.900 w=-0.807 dist=5.00 | total=8.7ms (tf=0.2 feat=0.3 infer=3.9 conv=3.3) | e2e_scan→cmd=36.9ms | cov=90/90
[INFO] [1787248508.529810013] [dclp_go2_policy_ros2]: ⏱ v=0.900 w=-0.804 dist=5.00 | total=6.3ms (tf=0.2 feat=0.4 infer=2.5 conv=2.3) | e2e_scan→cmd=35.1ms | cov=90/90
[INFO] [1787248508.928694388] [dclp_go2_policy_ros2]: ⏱ v=0.900 w=-0.754 dist=5.00 | total=5.7ms (tf=0.1 feat=0.3 infer=2.4 conv=2.1) | e2e_scan→cmd=34.0ms | cov=90/90
[INFO] [1787248509.330436468] [dclp_go2_policy_ros2]: ⏱ v=0.900 w=-0.728 dist=5.00 | total=6.6ms (tf=0.4 feat=0.4 infer=2.6 conv=2.4) | e2e_scan→cmd=35.6ms | cov=90/90
