[INFO] [1784480602.034839195] [dclp_go2_policy_ros2]: trajectory log enabled: /home/unitree/qyw/dclp_20260710_reproduction/runs/20260720_010251_298957464_STATUSFIX_r1_h9_final_on_dry-run/trajectory/trajectory.csv (rate=2.00 Hz)
[INFO] [1784480602.043457782] [dclp_go2_policy_ros2]: Go2 DCLP policy ready: backend={"action_dim": 2, "backend_type": "pth", "checkpoint_meta": {"T": 1010000, "episode": 16356, "test_time": 101}, "deterministic_rule": "highest_weight_component_tanh_mu", "device": "cpu", "model_path": "/home/unitree/qyw/dclp_20260710_reproduction/models/dclp/V1_41lambda1_101.pth", "obs_dim": 548, "policy_id": "V1_41lambda1_101.pth"} scan=/scan odom=/odom goal=/move_base_simple/goal rel_goal=/dclp_relative_goal global=odom zmq=tcp://*:5596 rate=20.0Hz scan_stamp_timeout=0.30s experiment=20260720_010251_298957464_STATUSFIX_r1_h9_final_on_dry-run profile=h9_final_on compensation=guarded mapping=range limiter=last_cmd_dt config={"accel_limiter_mode":"last_cmd_dt","action_mapping_mode":"range","backend":{"action_dim":2,"backend_type":"pth","checkpoint_meta":{"T":1010000,"episode":16356,"test_time":101},"deterministic_rule":"highest_weight_component_tanh_mu","device":"cpu","model_path":"/home/unitree/qyw/dclp_20260710_reproduction/models/dclp/V1_41lambda1_101.pth","obs_dim":548,"policy_id":"V1_41lambda1_101.pth"},"cap_angular":1.5708,"cap_linear":1.5,"compensation_available":true,"compensation_mode":"guarded","compensation_source":"/home/unitree/qyw/dclp_20260710_reproduction/dclp_deploy/robots/unitree_go2/velocity_compensation.py","compensation_source_sha256":"53f5318dde1c9965c6c7177ae72e8200b85b26c8b9143ecb9dcc5d356a458000","control_period_sec":0.02,"control_rate_hz":20.0,"dclp_length1":0.504,"dclp_length2":0.504,"dclp_width":0.4464,"deploy_core_source":"/home/unitree/qyw/dclp_20260710_reproduction/dclp_deploy/dclp_deploy_core.py","deploy_core_source_sha256":"df6c78b263454c8bf8fb616de9dff7d268f6f48fe40127c299dd56455464e7de","experiment_id":"20260720_010251_298957464_STATUSFIX_r1_h9_final_on_dry-run","experiment_profile":"h9_final_on","floor_angular":0.0,"floor_linear":0.0,"goal_topic":"/move_base_simple/goal","max_angular":0.83776,"max_angular_acc":3.0,"max_linear":0.9,"max_linear_acc":3.0,"min_angular":0.27928,"min_linear":0.29997,"model_path":"/home/unitree/qyw/dclp_20260710_reproduction/models/dclp/V1_41lambda1_101.pth","model_sha256":"dacaf9fc45da536ae6b45cdbedc949370b7828fac4cadcf40ebedabc4080c452","odom_topic":"/odom","pid":33196,"policy_source":"/home/unitree/qyw/dclp_20260710_reproduction/dclp_deploy/robots/unitree_go2/dclp_go2_policy_ros2.py","policy_source_sha256":"66d8558d2f68a7caef976ef59ba74070b99af27b8fe4af35b8b0dc6a68228997","relative_goal_topic":"/dclp_relative_goal","scan_topic":"/scan","schema_version":1,"speed_scale":1.0,"straighten_front_clear_angle":0.35,"straighten_front_clear_range":1.2,"straighten_front_goal_angle":0.0,"straighten_front_goal_w_limit":0.0,"trajectory_log_path":"/home/unitree/qyw/dclp_20260710_reproduction/runs/20260720_010251_298957464_STATUSFIX_r1_h9_final_on_dry-run/trajectory/trajectory.csv","written_at":"2026-07-20T01:03:22"}
[INFO] [1784480602.047006764] [dclp_go2_policy_ros2]: received first scan: frame=base_link beams=1081
[INFO] [1784480602.048728677] [dclp_go2_policy_ros2]: received first odom: frame=odom child=base_link
[WARN] [1784480602.094557848] [dclp_go2_policy_ros2]: DCLP stop: waiting goal
[WARN] [1784480604.144977956] [dclp_go2_policy_ros2]: DCLP stop: waiting goal
[WARN] [1784480606.194909037] [dclp_go2_policy_ros2]: DCLP stop: waiting goal
[WARN] [1784480608.193909008] [dclp_go2_policy_ros2]: DCLP stop: waiting goal
[WARN] [1784480610.195919235] [dclp_go2_policy_ros2]: DCLP stop: waiting goal
[WARN] [1784480612.245541882] [dclp_go2_policy_ros2]: DCLP stop: waiting goal
[WARN] [1784480614.294183219] [dclp_go2_policy_ros2]: DCLP stop: waiting goal
[WARN] [1784480616.344430645] [dclp_go2_policy_ros2]: DCLP stop: waiting goal
[INFO] [1784480617.774329272] [dclp_go2_policy_ros2]: received relative goal: right=0.000 forward=4.000 -> global=(4.000, 0.003) frame=odom
[INFO] [1784480617.803583834] [dclp_go2_policy_ros2]: ⏱ v=0.058 w=-0.058 dist=4.00 | total=9.9ms (tf=0.2 feat=0.4 infer=2.7 conv=4.5) | e2e_scan→cmd=48.6ms | cov=90/90
[INFO] [1784480618.301766589] [dclp_go2_policy_ros2]: ⏱ v=0.898 w=-0.835 dist=4.00 | total=8.3ms (tf=0.2 feat=1.9 infer=2.7 conv=2.6) | e2e_scan→cmd=46.7ms | cov=90/90
[INFO] [1784480618.799449128] [dclp_go2_policy_ros2]: ⏱ v=0.899 w=-0.831 dist=4.00 | total=6.1ms (tf=0.1 feat=0.3 infer=2.5 conv=2.1) | e2e_scan→cmd=44.5ms | cov=90/90
[INFO] [1784480619.299970022] [dclp_go2_policy_ros2]: ⏱ v=0.900 w=-0.749 dist=4.00 | total=6.2ms (tf=0.1 feat=0.3 infer=2.5 conv=2.2) | e2e_scan→cmd=44.8ms | cov=90/90
[INFO] [1784480619.799735198] [dclp_go2_policy_ros2]: ⏱ v=0.900 w=-0.748 dist=4.00 | total=6.2ms (tf=0.1 feat=0.3 infer=2.5 conv=2.2) | e2e_scan→cmd=44.6ms | cov=90/90
[INFO] [1784480620.299539578] [dclp_go2_policy_ros2]: ⏱ v=0.900 w=-0.749 dist=4.00 | total=6.1ms (tf=0.1 feat=0.3 infer=2.6 conv=2.2) | e2e_scan→cmd=44.4ms | cov=90/90
[INFO] [1784480620.799727210] [dclp_go2_policy_ros2]: ⏱ v=0.898 w=-0.835 dist=4.00 | total=6.3ms (tf=0.1 feat=0.3 infer=2.6 conv=2.3) | e2e_scan→cmd=44.7ms | cov=90/90
[INFO] [1784480621.300067588] [dclp_go2_policy_ros2]: ⏱ v=0.898 w=-0.835 dist=4.00 | total=6.6ms (tf=0.1 feat=0.4 infer=2.6 conv=2.3) | e2e_scan→cmd=45.1ms | cov=90/90
[INFO] [1784480621.799913701] [dclp_go2_policy_ros2]: ⏱ v=0.897 w=-0.835 dist=4.00 | total=6.4ms (tf=0.1 feat=0.3 infer=2.6 conv=2.3) | e2e_scan→cmd=44.8ms | cov=90/90
[INFO] [1784480622.299982740] [dclp_go2_policy_ros2]: ⏱ v=0.867 w=-0.837 dist=4.00 | total=6.5ms (tf=0.1 feat=0.3 infer=2.6 conv=2.4) | e2e_scan→cmd=44.8ms | cov=90/90
[INFO] [1784480622.801105113] [dclp_go2_policy_ros2]: ⏱ v=0.894 w=-0.836 dist=4.00 | total=6.9ms (tf=0.1 feat=0.4 infer=2.8 conv=2.6) | e2e_scan→cmd=46.0ms | cov=90/90
[INFO] [1784480623.302806206] [dclp_go2_policy_ros2]: ⏱ v=0.896 w=-0.835 dist=4.00 | total=8.3ms (tf=0.3 feat=0.5 infer=3.3 conv=3.2) | e2e_scan→cmd=47.4ms | cov=90/90
[INFO] [1784480623.799932856] [dclp_go2_policy_ros2]: ⏱ v=0.897 w=-0.835 dist=4.00 | total=6.3ms (tf=0.1 feat=0.4 infer=2.6 conv=2.3) | e2e_scan→cmd=44.9ms | cov=90/90
[INFO] [1784480624.299523507] [dclp_go2_policy_ros2]: ⏱ v=0.897 w=-0.834 dist=4.00 | total=5.9ms (tf=0.1 feat=0.3 infer=2.5 conv=2.1) | e2e_scan→cmd=44.5ms | cov=90/90
[INFO] [1784480624.799514531] [dclp_go2_policy_ros2]: ⏱ v=0.899 w=-0.837 dist=4.00 | total=6.0ms (tf=0.1 feat=0.3 infer=2.5 conv=2.2) | e2e_scan→cmd=44.4ms | cov=90/90
[INFO] [1784480625.300388034] [dclp_go2_policy_ros2]: ⏱ v=0.897 w=-0.834 dist=4.00 | total=6.6ms (tf=0.1 feat=0.4 infer=2.6 conv=2.5) | e2e_scan→cmd=45.4ms | cov=90/90
[INFO] [1784480625.799721650] [dclp_go2_policy_ros2]: ⏱ v=0.897 w=-0.834 dist=4.00 | total=6.4ms (tf=0.1 feat=0.4 infer=2.5 conv=2.4) | e2e_scan→cmd=44.7ms | cov=90/90
[INFO] [1784480626.300031639] [dclp_go2_policy_ros2]: ⏱ v=0.897 w=-0.834 dist=4.00 | total=6.4ms (tf=0.1 feat=0.3 infer=2.5 conv=2.2) | e2e_scan→cmd=44.9ms | cov=90/90
[INFO] [1784480626.800420800] [dclp_go2_policy_ros2]: ⏱ v=0.897 w=-0.834 dist=4.00 | total=6.6ms (tf=0.1 feat=0.3 infer=2.6 conv=2.3) | e2e_scan→cmd=45.4ms | cov=90/90
