[INFO] [1787257566.455613688] [dclp_go2_policy_ros2]: trajectory log enabled: /home/unitree/qyw/dclp_20260710_reproduction/dclp_deploy/robots/unitree_go2/../trajectory_logs/trajectory_20260821_042606.csv (rate=2.00 Hz)
[INFO] [1787257566.462690020] [dclp_go2_policy_ros2]: Go2 DCLP policy ready: backend={"action_dim": 2, "backend_type": "pth", "checkpoint_meta": {"T": 1010000, "episode": 16356, "test_time": 101}, "deterministic_rule": "highest_weight_component_tanh_mu", "device": "cpu", "model_path": "/home/unitree/qyw/dclp_20260710_reproduction/models/dclp/V1_41lambda1_101.pth", "obs_dim": 548, "policy_id": "V1_41lambda1_101.pth"} scan=/scan odom=/odom goal=/move_base_simple/goal rel_goal=/dclp_relative_goal global=odom zmq=tcp://*:5596 rate=25.0Hz scan_stamp_timeout=0.08s experiment=<unset> profile=<unset> compensation=calibration_direct mapping=policy_direct_scale config={"action_mapping_mode":"policy_direct_scale","backend":{"action_dim":2,"backend_type":"pth","checkpoint_meta":{"T":1010000,"episode":16356,"test_time":101},"deterministic_rule":"highest_weight_component_tanh_mu","device":"cpu","model_path":"/home/unitree/qyw/dclp_20260710_reproduction/models/dclp/V1_41lambda1_101.pth","obs_dim":548,"policy_id":"V1_41lambda1_101.pth"},"command_path":"policy_direct_scale_then_optional_calibration","compensation_available":true,"compensation_mode":"calibration_direct","compensation_source":"/home/unitree/qyw/dclp_20260710_reproduction/dclp_deploy/robots/unitree_go2/velocity_compensation.py","compensation_source_sha256":"53f5318dde1c9965c6c7177ae72e8200b85b26c8b9143ecb9dcc5d356a458000","control_period_sec":0.02,"control_rate_hz":25.0,"dclp_length1":0.504,"dclp_length2":0.504,"dclp_width":0.4464,"deploy_core_source":"/home/unitree/qyw/dclp_20260710_reproduction/dclp_deploy/dclp_deploy_core.py","deploy_core_source_sha256":"9645a1a020fd7d5de8ebd394fd7be42fbdf1c0f7b5f651a2df0881100658d2a4","experiment_id":"","experiment_profile":"","goal_topic":"/move_base_simple/goal","max_angular":0.83776,"max_linear":0.9,"model_path":"/home/unitree/qyw/dclp_20260710_reproduction/models/dclp/V1_41lambda1_101.pth","model_sha256":"dacaf9fc45da536ae6b45cdbedc949370b7828fac4cadcf40ebedabc4080c452","odom_stamp_timeout":0.05,"odom_timeout":0.1,"odom_topic":"/odom","pid":120139,"policy_observation_max_angular_acc":3.0,"policy_observation_max_linear_acc":3.0,"policy_source":"/home/unitree/qyw/dclp_20260710_reproduction/dclp_deploy/robots/unitree_go2/dclp_go2_policy_ros2.py","policy_source_sha256":"de71ae55b93a08eb4dc40d8cc00754aafb844236dadca4e264877520369c813c","relative_goal_topic":"/dclp_relative_goal","scan_stamp_timeout":0.08,"scan_timeout":0.1,"scan_topic":"/scan","schema_version":2,"trajectory_log_path":"/home/unitree/qyw/dclp_20260710_reproduction/dclp_deploy/robots/unitree_go2/../trajectory_logs/trajectory_20260821_042606.csv","written_at":"2026-08-21T04:26:06"}
[INFO] [1787257566.466574678] [dclp_go2_policy_ros2]: received first scan: frame=base_link beams=1081
[INFO] [1787257566.468454378] [dclp_go2_policy_ros2]: received first odom: frame=odom child=base_link
[WARN] [1787257566.503823686] [dclp_go2_policy_ros2]: DCLP stop: waiting goal
[WARN] [1787257568.543319976] [dclp_go2_policy_ros2]: DCLP stop: waiting goal
[WARN] [1787257570.583164972] [dclp_go2_policy_ros2]: DCLP stop: waiting goal
[WARN] [1787257572.623364338] [dclp_go2_policy_ros2]: DCLP stop: waiting goal
[WARN] [1787257574.663380335] [dclp_go2_policy_ros2]: DCLP stop: waiting goal
[WARN] [1787257576.703118462] [dclp_go2_policy_ros2]: DCLP stop: waiting goal
[WARN] [1787257578.703167910] [dclp_go2_policy_ros2]: DCLP stop: waiting goal
[WARN] [1787257580.703194356] [dclp_go2_policy_ros2]: DCLP stop: waiting goal
[INFO] [1787257582.313105865] [dclp_go2_policy_ros2]: received relative goal: right=0.000 forward=4.000 -> global=(4.000, 0.050) frame=odom
[INFO] [1787257582.351581430] [dclp_go2_policy_ros2]: ⏱ v=1.129 w=-0.738 dist=4.00 | total=8.9ms (tf=0.2 feat=0.5 infer=2.8 conv=4.1) | e2e_scan→cmd=49.7ms | cov=90/90
[INFO] [1787257582.751993919] [dclp_go2_policy_ros2]: ⏱ v=1.129 w=-0.739 dist=4.00 | total=8.7ms (tf=0.5 feat=0.7 infer=3.4 conv=3.1) | e2e_scan→cmd=49.1ms | cov=90/90
[INFO] [1787257583.148825773] [dclp_go2_policy_ros2]: ⏱ v=1.129 w=-0.739 dist=4.00 | total=6.1ms (tf=0.2 feat=0.4 infer=2.5 conv=2.3) | e2e_scan→cmd=46.1ms | cov=90/90
[INFO] [1787257583.548873015] [dclp_go2_policy_ros2]: ⏱ v=1.130 w=-0.743 dist=4.00 | total=6.2ms (tf=0.1 feat=0.3 infer=2.6 conv=2.3) | e2e_scan→cmd=46.4ms | cov=90/90
[INFO] [1787257583.949023689] [dclp_go2_policy_ros2]: ⏱ v=1.128 w=-0.730 dist=4.00 | total=6.3ms (tf=0.2 feat=0.4 infer=2.5 conv=2.5) | e2e_scan→cmd=46.3ms | cov=90/90
[INFO] [1787257584.350161766] [dclp_go2_policy_ros2]: ⏱ v=1.129 w=-0.741 dist=4.00 | total=7.3ms (tf=0.2 feat=0.4 infer=2.9 conv=2.7) | e2e_scan→cmd=47.2ms | cov=90/90
[INFO] [1787257584.749168348] [dclp_go2_policy_ros2]: ⏱ v=1.128 w=-0.734 dist=4.00 | total=6.5ms (tf=0.1 feat=0.3 infer=2.9 conv=2.3) | e2e_scan→cmd=46.6ms | cov=90/90
[INFO] [1787257585.148950253] [dclp_go2_policy_ros2]: ⏱ v=1.130 w=-0.745 dist=4.00 | total=6.2ms (tf=0.2 feat=0.3 infer=2.6 conv=2.3) | e2e_scan→cmd=46.3ms | cov=90/90
[INFO] [1787257585.549272968] [dclp_go2_policy_ros2]: ⏱ v=1.128 w=-0.734 dist=4.00 | total=6.6ms (tf=0.2 feat=0.4 infer=2.6 conv=2.5) | e2e_scan→cmd=46.7ms | cov=90/90
[INFO] [1787257585.948961617] [dclp_go2_policy_ros2]: ⏱ v=1.128 w=-0.732 dist=4.00 | total=6.3ms (tf=0.2 feat=0.4 infer=2.5 conv=2.3) | e2e_scan→cmd=46.3ms | cov=90/90
[INFO] [1787257586.349139070] [dclp_go2_policy_ros2]: ⏱ v=1.129 w=-0.740 dist=4.00 | total=6.4ms (tf=0.2 feat=0.4 infer=2.6 conv=2.5) | e2e_scan→cmd=46.4ms | cov=90/90
[INFO] [1787257586.749003058] [dclp_go2_policy_ros2]: ⏱ v=1.128 w=-0.730 dist=4.00 | total=6.3ms (tf=0.2 feat=0.4 infer=2.6 conv=2.3) | e2e_scan→cmd=47.2ms | cov=90/90
[INFO] [1787257587.149028337] [dclp_go2_policy_ros2]: ⏱ v=1.130 w=-0.741 dist=4.00 | total=6.3ms (tf=0.2 feat=0.4 infer=2.5 conv=2.4) | e2e_scan→cmd=47.2ms | cov=90/90
[INFO] [1787257587.549863375] [dclp_go2_policy_ros2]: ⏱ v=1.131 w=-0.749 dist=4.00 | total=7.1ms (tf=0.2 feat=0.4 infer=2.6 conv=2.5) | e2e_scan→cmd=46.9ms | cov=90/90
[INFO] [1787257587.949322913] [dclp_go2_policy_ros2]: ⏱ v=1.129 w=-0.736 dist=4.00 | total=6.5ms (tf=0.2 feat=0.4 infer=2.6 conv=2.4) | e2e_scan→cmd=46.5ms | cov=90/90
[INFO] [1787257588.348979361] [dclp_go2_policy_ros2]: ⏱ v=1.130 w=-0.741 dist=4.00 | total=6.3ms (tf=0.2 feat=0.4 infer=2.5 conv=2.3) | e2e_scan→cmd=46.3ms | cov=90/90
[INFO] [1787257588.749065825] [dclp_go2_policy_ros2]: ⏱ v=1.127 w=-0.729 dist=4.00 | total=6.2ms (tf=0.2 feat=0.4 infer=2.5 conv=2.3) | e2e_scan→cmd=46.1ms | cov=90/90
[INFO] [1787257589.149870554] [dclp_go2_policy_ros2]: ⏱ v=1.127 w=-0.728 dist=4.00 | total=6.9ms (tf=0.2 feat=0.4 infer=2.8 conv=2.4) | e2e_scan→cmd=46.8ms | cov=90/90
[INFO] [1787257589.549550520] [dclp_go2_policy_ros2]: ⏱ v=1.131 w=-0.748 dist=4.00 | total=6.6ms (tf=0.2 feat=0.4 infer=2.7 conv=2.3) | e2e_scan→cmd=46.6ms | cov=90/90
[INFO] [1787257589.949187891] [dclp_go2_policy_ros2]: ⏱ v=1.130 w=-0.746 dist=4.00 | total=6.4ms (tf=0.2 feat=0.4 infer=2.6 conv=2.4) | e2e_scan→cmd=46.3ms | cov=90/90
[INFO] [1787257590.348907507] [dclp_go2_policy_ros2]: ⏱ v=1.129 w=-0.741 dist=4.00 | total=6.2ms (tf=0.2 feat=0.3 infer=2.5 conv=2.3) | e2e_scan→cmd=46.0ms | cov=90/90
[INFO] [1787257590.749032818] [dclp_go2_policy_ros2]: ⏱ v=1.129 w=-0.737 dist=4.00 | total=6.3ms (tf=0.2 feat=0.3 infer=2.6 conv=2.4) | e2e_scan→cmd=46.1ms | cov=90/90
[INFO] [1787257591.149050951] [dclp_go2_policy_ros2]: ⏱ v=1.130 w=-0.742 dist=4.00 | total=6.3ms (tf=0.2 feat=0.4 infer=2.5 conv=2.4) | e2e_scan→cmd=46.1ms | cov=90/90
[INFO] [1787257591.549039193] [dclp_go2_policy_ros2]: ⏱ v=1.130 w=-0.747 dist=4.00 | total=6.2ms (tf=0.2 feat=0.4 infer=2.6 conv=2.3) | e2e_scan→cmd=46.1ms | cov=90/90
[INFO] [1787257591.948882272] [dclp_go2_policy_ros2]: ⏱ v=1.130 w=-0.741 dist=4.00 | total=6.2ms (tf=0.1 feat=0.3 infer=2.6 conv=2.3) | e2e_scan→cmd=46.8ms | cov=90/90
[INFO] [1787257592.349393273] [dclp_go2_policy_ros2]: ⏱ v=1.130 w=-0.747 dist=4.00 | total=6.5ms (tf=0.1 feat=0.4 infer=2.7 conv=2.4) | e2e_scan→cmd=47.2ms | cov=90/90
[INFO] [1787257592.749500305] [dclp_go2_policy_ros2]: ⏱ v=1.130 w=-0.746 dist=4.00 | total=6.7ms (tf=0.2 feat=0.3 infer=2.6 conv=2.3) | e2e_scan→cmd=46.5ms | cov=90/90
[INFO] [1787257593.158363544] [dclp_go2_policy_ros2]: ⏱ v=1.131 w=-0.749 dist=4.00 | total=15.5ms (tf=0.2 feat=0.4 infer=7.8 conv=6.2) | e2e_scan→cmd=55.2ms | cov=90/90
[INFO] [1787257593.548957636] [dclp_go2_policy_ros2]: ⏱ v=1.130 w=-0.742 dist=4.00 | total=6.1ms (tf=0.2 feat=0.3 infer=2.6 conv=2.2) | e2e_scan→cmd=45.9ms | cov=90/90
[INFO] [1787257593.948895054] [dclp_go2_policy_ros2]: ⏱ v=1.130 w=-0.742 dist=4.00 | total=6.1ms (tf=0.2 feat=0.3 infer=2.5 conv=2.3) | e2e_scan→cmd=45.9ms | cov=90/90
[INFO] [1787257594.348718156] [dclp_go2_policy_ros2]: ⏱ v=1.129 w=-0.737 dist=4.00 | total=6.1ms (tf=0.1 feat=0.3 infer=2.5 conv=2.3) | e2e_scan→cmd=45.7ms | cov=90/90
[INFO] [1787257594.748931336] [dclp_go2_policy_ros2]: ⏱ v=1.129 w=-0.738 dist=4.00 | total=6.1ms (tf=0.2 feat=0.3 infer=2.5 conv=2.3) | e2e_scan→cmd=47.0ms | cov=90/90
[INFO] [1787257595.149434778] [dclp_go2_policy_ros2]: ⏱ v=1.129 w=-0.737 dist=4.00 | total=6.6ms (tf=0.2 feat=0.4 infer=2.7 conv=2.3) | e2e_scan→cmd=46.4ms | cov=90/90
[INFO] [1787257595.549157678] [dclp_go2_policy_ros2]: ⏱ v=1.129 w=-0.741 dist=4.00 | total=6.3ms (tf=0.2 feat=0.4 infer=2.6 conv=2.3) | e2e_scan→cmd=46.9ms | cov=90/90
[INFO] [1787257595.950801976] [dclp_go2_policy_ros2]: ⏱ v=1.131 w=-0.749 dist=4.00 | total=6.9ms (tf=0.2 feat=0.4 infer=2.8 conv=2.4) | e2e_scan→cmd=48.7ms | cov=90/90
[INFO] [1787257596.349445685] [dclp_go2_policy_ros2]: ⏱ v=1.130 w=-0.746 dist=4.00 | total=6.5ms (tf=0.2 feat=0.4 infer=2.7 conv=2.3) | e2e_scan→cmd=47.2ms | cov=90/90
[INFO] [1787257596.749245420] [dclp_go2_policy_ros2]: ⏱ v=1.129 w=-0.740 dist=4.00 | total=6.4ms (tf=0.2 feat=0.4 infer=2.7 conv=2.3) | e2e_scan→cmd=47.1ms | cov=90/90
[INFO] [1787257597.149691349] [dclp_go2_policy_ros2]: ⏱ v=1.130 w=-0.747 dist=4.00 | total=6.7ms (tf=0.2 feat=0.4 infer=2.6 conv=2.5) | e2e_scan→cmd=47.8ms | cov=90/90
[INFO] [1787257597.549553903] [dclp_go2_policy_ros2]: ⏱ v=1.130 w=-0.742 dist=4.00 | total=6.8ms (tf=0.2 feat=0.4 infer=2.7 conv=2.5) | e2e_scan→cmd=47.4ms | cov=90/90
[INFO] [1787257597.950714895] [dclp_go2_policy_ros2]: ⏱ v=1.131 w=-0.748 dist=4.00 | total=6.9ms (tf=0.2 feat=0.4 infer=2.6 conv=2.3) | e2e_scan→cmd=48.9ms | cov=90/90
[INFO] [1787257598.349075537] [dclp_go2_policy_ros2]: ⏱ v=1.131 w=-0.749 dist=4.00 | total=6.3ms (tf=0.2 feat=0.3 infer=2.6 conv=2.4) | e2e_scan→cmd=47.2ms | cov=90/90
[INFO] [1787257598.748980556] [dclp_go2_policy_ros2]: ⏱ v=1.130 w=-0.743 dist=4.00 | total=6.2ms (tf=0.2 feat=0.3 infer=2.5 conv=2.3) | e2e_scan→cmd=46.8ms | cov=90/90
[INFO] [1787257599.148962796] [dclp_go2_policy_ros2]: ⏱ v=1.131 w=-0.753 dist=4.00 | total=6.2ms (tf=0.2 feat=0.3 infer=2.6 conv=2.2) | e2e_scan→cmd=47.2ms | cov=90/90
[INFO] [1787257599.549450130] [dclp_go2_policy_ros2]: ⏱ v=1.131 w=-0.748 dist=4.00 | total=6.2ms (tf=0.2 feat=0.3 infer=2.6 conv=2.2) | e2e_scan→cmd=47.5ms | cov=90/90
[INFO] [1787257599.949558490] [dclp_go2_policy_ros2]: ⏱ v=1.131 w=-0.750 dist=4.00 | total=6.3ms (tf=0.1 feat=0.4 infer=2.6 conv=2.3) | e2e_scan→cmd=47.7ms | cov=90/90
[INFO] [1787257600.349294531] [dclp_go2_policy_ros2]: ⏱ v=1.132 w=-0.756 dist=4.00 | total=6.0ms (tf=0.1 feat=0.3 infer=2.6 conv=2.2) | e2e_scan→cmd=47.5ms | cov=90/90
[INFO] [1787257600.749588984] [dclp_go2_policy_ros2]: ⏱ v=1.130 w=-0.742 dist=4.00 | total=6.0ms (tf=0.1 feat=0.3 infer=2.6 conv=2.2) | e2e_scan→cmd=47.5ms | cov=90/90
[INFO] [1787257601.149554514] [dclp_go2_policy_ros2]: ⏱ v=1.131 w=-0.752 dist=4.00 | total=6.1ms (tf=0.1 feat=0.3 infer=2.6 conv=2.2) | e2e_scan→cmd=47.6ms | cov=90/90
[INFO] [1787257601.549739004] [dclp_go2_policy_ros2]: ⏱ v=1.130 w=-0.746 dist=4.00 | total=6.1ms (tf=0.2 feat=0.3 infer=2.6 conv=2.2) | e2e_scan→cmd=47.9ms | cov=90/90
[INFO] [1787257601.949632431] [dclp_go2_policy_ros2]: ⏱ v=1.130 w=-0.744 dist=4.00 | total=6.1ms (tf=0.2 feat=0.3 infer=2.6 conv=2.3) | e2e_scan→cmd=47.8ms | cov=90/90
[INFO] [1787257602.349735344] [dclp_go2_policy_ros2]: ⏱ v=1.129 w=-0.739 dist=4.00 | total=6.4ms (tf=0.1 feat=0.3 infer=2.6 conv=2.4) | e2e_scan→cmd=47.8ms | cov=90/90
[INFO] [1787257602.749536569] [dclp_go2_policy_ros2]: ⏱ v=1.131 w=-0.754 dist=4.00 | total=6.2ms (tf=0.2 feat=0.4 infer=2.6 conv=2.2) | e2e_scan→cmd=47.7ms | cov=90/90
[INFO] [1787257603.149845641] [dclp_go2_policy_ros2]: ⏱ v=1.132 w=-0.755 dist=4.00 | total=7.0ms (tf=0.2 feat=0.4 infer=2.6 conv=2.3) | e2e_scan→cmd=48.0ms | cov=90/90
[INFO] [1787257603.549384092] [dclp_go2_policy_ros2]: ⏱ v=1.131 w=-0.753 dist=4.00 | total=6.1ms (tf=0.2 feat=0.3 infer=2.5 conv=2.2) | e2e_scan→cmd=47.4ms | cov=90/90
[INFO] [1787257603.949595939] [dclp_go2_policy_ros2]: ⏱ v=1.131 w=-0.748 dist=4.00 | total=6.0ms (tf=0.1 feat=0.3 infer=2.5 conv=2.2) | e2e_scan→cmd=47.7ms | cov=90/90
[INFO] [1787257604.348784728] [dclp_go2_policy_ros2]: ⏱ v=1.129 w=-0.736 dist=4.00 | total=5.9ms (tf=0.2 feat=0.3 infer=2.5 conv=2.2) | e2e_scan→cmd=46.8ms | cov=90/90
[INFO] [1787257604.749742647] [dclp_go2_policy_ros2]: ⏱ v=1.130 w=-0.743 dist=4.00 | total=7.0ms (tf=0.2 feat=0.4 infer=2.5 conv=2.4) | e2e_scan→cmd=47.9ms | cov=90/90
[INFO] [1787257605.149873653] [dclp_go2_policy_ros2]: ⏱ v=1.130 w=-0.746 dist=4.00 | total=6.4ms (tf=0.2 feat=0.4 infer=2.6 conv=2.3) | e2e_scan→cmd=48.1ms | cov=90/90
[INFO] [1787257605.549709914] [dclp_go2_policy_ros2]: ⏱ v=1.131 w=-0.748 dist=4.00 | total=6.3ms (tf=0.2 feat=0.4 infer=2.6 conv=2.3) | e2e_scan→cmd=47.9ms | cov=90/90
[INFO] [1787257605.950198642] [dclp_go2_policy_ros2]: ⏱ v=1.130 w=-0.747 dist=4.00 | total=6.7ms (tf=0.2 feat=0.4 infer=2.7 conv=2.5) | e2e_scan→cmd=48.3ms | cov=90/90
[INFO] [1787257606.349098284] [dclp_go2_policy_ros2]: ⏱ v=1.131 w=-0.749 dist=4.00 | total=6.2ms (tf=0.2 feat=0.4 infer=2.6 conv=2.3) | e2e_scan→cmd=47.2ms | cov=90/90
[INFO] [1787257606.750810434] [dclp_go2_policy_ros2]: ⏱ v=1.131 w=-0.752 dist=4.00 | total=7.1ms (tf=0.2 feat=0.4 infer=2.8 conv=2.5) | e2e_scan→cmd=48.9ms | cov=90/90
[INFO] [1787257607.149876103] [dclp_go2_policy_ros2]: ⏱ v=1.129 w=-0.739 dist=4.00 | total=6.7ms (tf=0.2 feat=0.4 infer=2.6 conv=2.5) | e2e_scan→cmd=48.0ms | cov=90/90
[INFO] [1787257607.548737979] [dclp_go2_policy_ros2]: ⏱ v=1.133 w=-0.762 dist=4.00 | total=6.0ms (tf=0.1 feat=0.3 infer=2.5 conv=2.2) | e2e_scan→cmd=46.8ms | cov=90/90
[INFO] [1787257607.948951129] [dclp_go2_policy_ros2]: ⏱ v=1.131 w=-0.748 dist=4.00 | total=6.1ms (tf=0.2 feat=0.3 infer=2.5 conv=2.3) | e2e_scan→cmd=47.0ms | cov=90/90
[INFO] [1787257608.349067438] [dclp_go2_policy_ros2]: ⏱ v=1.131 w=-0.751 dist=4.00 | total=6.5ms (tf=0.1 feat=0.3 infer=2.5 conv=2.3) | e2e_scan→cmd=47.2ms | cov=90/90
[INFO] [1787257608.749424757] [dclp_go2_policy_ros2]: ⏱ v=1.132 w=-0.754 dist=4.00 | total=6.3ms (tf=0.2 feat=0.4 infer=2.6 conv=2.3) | e2e_scan→cmd=47.4ms | cov=90/90
[INFO] [1787257609.149038113] [dclp_go2_policy_ros2]: ⏱ v=1.130 w=-0.747 dist=4.00 | total=6.3ms (tf=0.2 feat=0.3 infer=2.6 conv=2.3) | e2e_scan→cmd=47.0ms | cov=90/90
[INFO] [1787257609.548721393] [dclp_go2_policy_ros2]: ⏱ v=1.133 w=-0.761 dist=4.00 | total=6.1ms (tf=0.1 feat=0.3 infer=2.5 conv=2.2) | e2e_scan→cmd=46.6ms | cov=90/90
[INFO] [1787257609.948886022] [dclp_go2_policy_ros2]: ⏱ v=1.132 w=-0.759 dist=4.00 | total=6.2ms (tf=0.1 feat=0.3 infer=2.6 conv=2.3) | e2e_scan→cmd=46.9ms | cov=90/90
[INFO] [1787257610.348869100] [dclp_go2_policy_ros2]: ⏱ v=1.132 w=-0.758 dist=4.00 | total=6.1ms (tf=0.1 feat=0.3 infer=2.6 conv=2.2) | e2e_scan→cmd=46.9ms | cov=90/90
[INFO] [1787257610.749457344] [dclp_go2_policy_ros2]: ⏱ v=1.130 w=-0.748 dist=4.00 | total=6.2ms (tf=0.1 feat=0.3 infer=2.6 conv=2.3) | e2e_scan→cmd=47.4ms | cov=90/90
[INFO] [1787257611.149091977] [dclp_go2_policy_ros2]: ⏱ v=1.129 w=-0.741 dist=4.00 | total=6.0ms (tf=0.1 feat=0.3 infer=2.5 conv=2.2) | e2e_scan→cmd=46.9ms | cov=90/90
[INFO] [1787257611.548878044] [dclp_go2_policy_ros2]: ⏱ v=1.130 w=-0.746 dist=4.00 | total=6.1ms (tf=0.1 feat=0.3 infer=2.5 conv=2.3) | e2e_scan→cmd=46.8ms | cov=90/90
[INFO] [1787257611.948892610] [dclp_go2_policy_ros2]: ⏱ v=1.131 w=-0.753 dist=4.00 | total=6.2ms (tf=0.1 feat=0.3 infer=2.5 conv=2.3) | e2e_scan→cmd=46.7ms | cov=90/90
[INFO] [1787257612.350792025] [dclp_go2_policy_ros2]: ⏱ v=1.131 w=-0.748 dist=4.00 | total=7.5ms (tf=0.2 feat=0.5 infer=2.8 conv=3.0) | e2e_scan→cmd=48.6ms | cov=90/90
[INFO] [1787257612.749243681] [dclp_go2_policy_ros2]: ⏱ v=1.133 w=-0.763 dist=4.00 | total=6.4ms (tf=0.2 feat=0.4 infer=2.6 conv=2.4) | e2e_scan→cmd=47.0ms | cov=90/90
[INFO] [1787257613.149967611] [dclp_go2_policy_ros2]: ⏱ v=1.132 w=-0.759 dist=4.00 | total=6.7ms (tf=0.1 feat=0.3 infer=2.8 conv=2.7) | e2e_scan→cmd=46.7ms | cov=90/90
[INFO] [1787257613.551762663] [dclp_go2_policy_ros2]: ⏱ v=1.132 w=-0.755 dist=4.00 | total=7.2ms (tf=0.2 feat=0.4 infer=2.7 conv=2.5) | e2e_scan→cmd=49.4ms | cov=90/90
[INFO] [1787257613.949969306] [dclp_go2_policy_ros2]: ⏱ v=1.132 w=-0.755 dist=4.00 | total=6.4ms (tf=0.1 feat=0.4 infer=2.7 conv=2.5) | e2e_scan→cmd=47.5ms | cov=90/90
[INFO] [1787257614.349603163] [dclp_go2_policy_ros2]: ⏱ v=1.131 w=-0.752 dist=4.00 | total=6.4ms (tf=0.2 feat=0.4 infer=2.6 conv=2.5) | e2e_scan→cmd=47.4ms | cov=90/90
[INFO] [1787257614.749046573] [dclp_go2_policy_ros2]: ⏱ v=1.131 w=-0.750 dist=4.00 | total=6.1ms (tf=0.1 feat=0.3 infer=2.6 conv=2.3) | e2e_scan→cmd=46.7ms | cov=90/90
[INFO] [1787257615.148978596] [dclp_go2_policy_ros2]: ⏱ v=1.131 w=-0.750 dist=4.00 | total=6.0ms (tf=0.2 feat=0.3 infer=2.6 conv=2.2) | e2e_scan→cmd=46.8ms | cov=90/90
[INFO] [1787257615.548539420] [dclp_go2_policy_ros2]: ⏱ v=1.132 w=-0.754 dist=4.00 | total=5.9ms (tf=0.1 feat=0.3 infer=2.5 conv=2.2) | e2e_scan→cmd=46.3ms | cov=90/90
[INFO] [1787257615.949142151] [dclp_go2_policy_ros2]: ⏱ v=1.131 w=-0.750 dist=4.00 | total=6.2ms (tf=0.2 feat=0.3 infer=2.6 conv=2.3) | e2e_scan→cmd=46.9ms | cov=90/90
[INFO] [1787257616.350362207] [dclp_go2_policy_ros2]: ⏱ v=1.131 w=-0.749 dist=4.00 | total=7.1ms (tf=0.2 feat=0.4 infer=2.8 conv=2.8) | e2e_scan→cmd=47.9ms | cov=90/90
[INFO] [1787257616.749951640] [dclp_go2_policy_ros2]: ⏱ v=1.131 w=-0.753 dist=4.00 | total=6.5ms (tf=0.2 feat=0.4 infer=2.6 conv=2.5) | e2e_scan→cmd=47.6ms | cov=90/90
[INFO] [1787257617.148654634] [dclp_go2_policy_ros2]: ⏱ v=1.130 w=-0.747 dist=4.00 | total=6.0ms (tf=0.1 feat=0.3 infer=2.5 conv=2.2) | e2e_scan→cmd=46.2ms | cov=90/90
[INFO] [1787257617.549464352] [dclp_go2_policy_ros2]: ⏱ v=1.131 w=-0.751 dist=4.00 | total=6.2ms (tf=0.1 feat=0.3 infer=2.7 conv=2.3) | e2e_scan→cmd=46.9ms | cov=90/90
[INFO] [1787257617.949836723] [dclp_go2_policy_ros2]: ⏱ v=1.131 w=-0.751 dist=4.00 | total=6.5ms (tf=0.2 feat=0.4 infer=2.7 conv=2.5) | e2e_scan→cmd=47.3ms | cov=90/90
[INFO] [1787257618.348945762] [dclp_go2_policy_ros2]: ⏱ v=1.131 w=-0.752 dist=4.00 | total=6.1ms (tf=0.1 feat=0.3 infer=2.6 conv=2.3) | e2e_scan→cmd=46.5ms | cov=90/90
[INFO] [1787257618.749659342] [dclp_go2_policy_ros2]: ⏱ v=1.131 w=-0.750 dist=4.00 | total=6.7ms (tf=0.2 feat=0.4 infer=2.6 conv=2.3) | e2e_scan→cmd=47.2ms | cov=90/90
[INFO] [1787257619.148474597] [dclp_go2_policy_ros2]: ⏱ v=1.133 w=-0.761 dist=4.00 | total=5.8ms (tf=0.1 feat=0.3 infer=2.5 conv=2.2) | e2e_scan→cmd=46.1ms | cov=90/90
[INFO] [1787257619.548995264] [dclp_go2_policy_ros2]: ⏱ v=1.132 w=-0.755 dist=4.00 | total=6.2ms (tf=0.1 feat=0.3 infer=2.6 conv=2.4) | e2e_scan→cmd=46.5ms | cov=90/90
[INFO] [1787257619.948688378] [dclp_go2_policy_ros2]: ⏱ v=1.131 w=-0.749 dist=4.00 | total=5.9ms (tf=0.1 feat=0.3 infer=2.6 conv=2.2) | e2e_scan→cmd=46.1ms | cov=90/90
[INFO] [1787257620.348640518] [dclp_go2_policy_ros2]: ⏱ v=1.132 w=-0.759 dist=4.00 | total=6.1ms (tf=0.1 feat=0.3 infer=2.6 conv=2.3) | e2e_scan→cmd=46.2ms | cov=90/90
[INFO] [1787257620.749846964] [dclp_go2_policy_ros2]: ⏱ v=1.132 w=-0.755 dist=4.00 | total=6.6ms (tf=0.2 feat=0.4 infer=2.8 conv=2.5) | e2e_scan→cmd=47.1ms | cov=90/90
[INFO] [1787257621.148640868] [dclp_go2_policy_ros2]: ⏱ v=1.132 w=-0.754 dist=4.00 | total=5.9ms (tf=0.1 feat=0.3 infer=2.5 conv=2.2) | e2e_scan→cmd=46.2ms | cov=90/90
[INFO] [1787257621.548623504] [dclp_go2_policy_ros2]: ⏱ v=1.133 w=-0.761 dist=4.00 | total=6.0ms (tf=0.1 feat=0.3 infer=2.6 conv=2.3) | e2e_scan→cmd=46.0ms | cov=90/90
[INFO] [1787257621.948766569] [dclp_go2_policy_ros2]: ⏱ v=1.132 w=-0.758 dist=4.00 | total=6.0ms (tf=0.1 feat=0.3 infer=2.5 conv=2.2) | e2e_scan→cmd=46.2ms | cov=90/90
[INFO] [1787257622.348619657] [dclp_go2_policy_ros2]: ⏱ v=1.132 w=-0.759 dist=4.00 | total=6.0ms (tf=0.1 feat=0.3 infer=2.5 conv=2.3) | e2e_scan→cmd=46.3ms | cov=90/90
[INFO] [1787257622.748859815] [dclp_go2_policy_ros2]: ⏱ v=1.132 w=-0.754 dist=4.00 | total=6.0ms (tf=0.1 feat=0.3 infer=2.5 conv=2.3) | e2e_scan→cmd=46.2ms | cov=90/90
[INFO] [1787257623.148697701] [dclp_go2_policy_ros2]: ⏱ v=1.131 w=-0.753 dist=4.00 | total=5.9ms (tf=0.1 feat=0.3 infer=2.5 conv=2.2) | e2e_scan→cmd=46.1ms | cov=90/90
[INFO] [1787257623.548692973] [dclp_go2_policy_ros2]: ⏱ v=1.130 w=-0.746 dist=4.00 | total=5.8ms (tf=0.1 feat=0.3 infer=2.3 conv=2.3) | e2e_scan→cmd=46.0ms | cov=90/90
[INFO] [1787257623.949469363] [dclp_go2_policy_ros2]: ⏱ v=1.131 w=-0.753 dist=4.00 | total=6.7ms (tf=0.2 feat=0.4 infer=2.4 conv=2.5) | e2e_scan→cmd=46.8ms | cov=90/90
[INFO] [1787257624.348441674] [dclp_go2_policy_ros2]: ⏱ v=1.133 w=-0.763 dist=4.00 | total=5.8ms (tf=0.1 feat=0.3 infer=2.3 conv=2.4) | e2e_scan→cmd=45.7ms | cov=90/90
[INFO] [1787257624.748347913] [dclp_go2_policy_ros2]: ⏱ v=1.132 w=-0.759 dist=4.00 | total=5.7ms (tf=0.1 feat=0.3 infer=2.3 conv=2.2) | e2e_scan→cmd=45.8ms | cov=90/90
[INFO] [1787257625.148530941] [dclp_go2_policy_ros2]: ⏱ v=1.131 w=-0.750 dist=4.00 | total=5.9ms (tf=0.1 feat=0.3 infer=2.3 conv=2.4) | e2e_scan→cmd=45.9ms | cov=90/90
[INFO] [1787257625.548561924] [dclp_go2_policy_ros2]: ⏱ v=1.132 w=-0.757 dist=4.00 | total=5.9ms (tf=0.1 feat=0.3 infer=2.4 conv=2.3) | e2e_scan→cmd=45.9ms | cov=90/90
[INFO] [1787257625.949102259] [dclp_go2_policy_ros2]: ⏱ v=1.131 w=-0.752 dist=4.00 | total=6.1ms (tf=0.2 feat=0.4 infer=2.4 conv=2.4) | e2e_scan→cmd=46.5ms | cov=90/90
[INFO] [1787257626.348535657] [dclp_go2_policy_ros2]: ⏱ v=1.132 w=-0.757 dist=4.00 | total=5.9ms (tf=0.2 feat=0.4 infer=2.3 conv=2.3) | e2e_scan→cmd=45.9ms | cov=90/90
[INFO] [1787257626.748223507] [dclp_go2_policy_ros2]: ⏱ v=1.133 w=-0.762 dist=4.00 | total=5.6ms (tf=0.1 feat=0.3 infer=2.3 conv=2.2) | e2e_scan→cmd=45.5ms | cov=90/90
[INFO] [1787257627.148480937] [dclp_go2_policy_ros2]: ⏱ v=1.133 w=-0.764 dist=4.00 | total=5.8ms (tf=0.1 feat=0.3 infer=2.3 conv=2.3) | e2e_scan→cmd=45.6ms | cov=90/90
[INFO] [1787257627.548372384] [dclp_go2_policy_ros2]: ⏱ v=1.133 w=-0.760 dist=4.00 | total=5.7ms (tf=0.1 feat=0.3 infer=2.3 conv=2.3) | e2e_scan→cmd=45.8ms | cov=90/90
[INFO] [1787257627.950946538] [dclp_go2_policy_ros2]: ⏱ v=1.132 w=-0.760 dist=4.00 | total=8.0ms (tf=0.1 feat=0.4 infer=2.5 conv=4.0) | e2e_scan→cmd=48.1ms | cov=90/90
[INFO] [1787257628.348322362] [dclp_go2_policy_ros2]: ⏱ v=1.131 w=-0.753 dist=4.00 | total=5.7ms (tf=0.1 feat=0.3 infer=2.3 conv=2.2) | e2e_scan→cmd=45.6ms | cov=90/90
[INFO] [1787257628.748342906] [dclp_go2_policy_ros2]: ⏱ v=1.131 w=-0.754 dist=4.00 | total=5.7ms (tf=0.1 feat=0.3 infer=2.3 conv=2.2) | e2e_scan→cmd=45.6ms | cov=90/90
[INFO] [1787257629.148825917] [dclp_go2_policy_ros2]: ⏱ v=1.133 w=-0.761 dist=4.00 | total=6.2ms (tf=0.1 feat=0.3 infer=2.3 conv=2.3) | e2e_scan→cmd=46.1ms | cov=90/90
[INFO] [1787257629.548194023] [dclp_go2_policy_ros2]: ⏱ v=1.132 w=-0.757 dist=4.00 | total=5.5ms (tf=0.1 feat=0.3 infer=2.2 conv=2.2) | e2e_scan→cmd=45.4ms | cov=90/90
[INFO] [1787257629.948586945] [dclp_go2_policy_ros2]: ⏱ v=1.133 w=-0.761 dist=4.00 | total=5.9ms (tf=0.1 feat=0.3 infer=2.4 conv=2.4) | e2e_scan→cmd=45.9ms | cov=90/90
[INFO] [1787257630.348399244] [dclp_go2_policy_ros2]: ⏱ v=1.133 w=-0.762 dist=4.00 | total=5.7ms (tf=0.1 feat=0.3 infer=2.4 conv=2.2) | e2e_scan→cmd=45.5ms | cov=90/90
[INFO] [1787257630.749197732] [dclp_go2_policy_ros2]: ⏱ v=1.132 w=-0.756 dist=4.00 | total=6.3ms (tf=0.2 feat=0.4 infer=2.4 conv=2.5) | e2e_scan→cmd=46.2ms | cov=90/90
[INFO] [1787257631.148428257] [dclp_go2_policy_ros2]: ⏱ v=1.133 w=-0.765 dist=4.00 | total=5.7ms (tf=0.1 feat=0.3 infer=2.3 conv=2.2) | e2e_scan→cmd=45.5ms | cov=90/90
[INFO] [1787257631.548231144] [dclp_go2_policy_ros2]: ⏱ v=1.132 w=-0.757 dist=4.00 | total=5.5ms (tf=0.1 feat=0.3 infer=2.2 conv=2.1) | e2e_scan→cmd=45.4ms | cov=90/90
[INFO] [1787257631.948582267] [dclp_go2_policy_ros2]: ⏱ v=1.132 w=-0.760 dist=4.00 | total=5.9ms (tf=0.1 feat=0.3 infer=2.3 conv=2.4) | e2e_scan→cmd=45.7ms | cov=90/90
[INFO] [1787257632.348732028] [dclp_go2_policy_ros2]: ⏱ v=1.132 w=-0.759 dist=4.00 | total=6.0ms (tf=0.1 feat=0.3 infer=2.3 conv=2.5) | e2e_scan→cmd=46.9ms | cov=90/90
[INFO] [1787257632.748427673] [dclp_go2_policy_ros2]: ⏱ v=1.132 w=-0.759 dist=4.00 | total=5.8ms (tf=0.1 feat=0.3 infer=2.3 conv=2.3) | e2e_scan→cmd=45.5ms | cov=90/90
[INFO] [1787257633.157750055] [dclp_go2_policy_ros2]: ⏱ v=1.133 w=-0.761 dist=4.00 | total=15.0ms (tf=0.1 feat=0.4 infer=2.5 conv=10.8) | e2e_scan→cmd=54.7ms | cov=90/90
[INFO] [1787257633.549773130] [dclp_go2_policy_ros2]: ⏱ v=1.132 w=-0.757 dist=4.00 | total=6.7ms (tf=0.2 feat=0.4 infer=2.6 conv=2.6) | e2e_scan→cmd=47.6ms | cov=90/90
[INFO] [1787257633.948933723] [dclp_go2_policy_ros2]: ⏱ v=1.131 w=-0.752 dist=4.00 | total=6.1ms (tf=0.2 feat=0.4 infer=2.3 conv=2.3) | e2e_scan→cmd=45.9ms | cov=90/90
[INFO] [1787257634.349165182] [dclp_go2_policy_ros2]: ⏱ v=1.132 w=-0.760 dist=4.00 | total=6.4ms (tf=0.2 feat=0.3 infer=2.3 conv=2.4) | e2e_scan→cmd=46.2ms | cov=90/90
[INFO] [1787257634.748631845] [dclp_go2_policy_ros2]: ⏱ v=1.132 w=-0.758 dist=4.00 | total=6.0ms (tf=0.2 feat=0.4 infer=2.4 conv=2.3) | e2e_scan→cmd=45.5ms | cov=90/90
[INFO] [1787257635.148716507] [dclp_go2_policy_ros2]: ⏱ v=1.133 w=-0.764 dist=4.00 | total=6.1ms (tf=0.1 feat=0.3 infer=2.4 conv=2.4) | e2e_scan→cmd=45.8ms | cov=90/90
[INFO] [1787257635.548698728] [dclp_go2_policy_ros2]: ⏱ v=1.133 w=-0.762 dist=4.00 | total=6.0ms (tf=0.2 feat=0.4 infer=2.3 conv=2.4) | e2e_scan→cmd=45.7ms | cov=90/90
[INFO] [1787257635.949134617] [dclp_go2_policy_ros2]: ⏱ v=1.133 w=-0.764 dist=4.00 | total=6.4ms (tf=0.2 feat=0.4 infer=2.4 conv=2.6) | e2e_scan→cmd=47.3ms | cov=90/90
[INFO] [1787257636.348487251] [dclp_go2_policy_ros2]: ⏱ v=1.133 w=-0.765 dist=4.00 | total=5.8ms (tf=0.1 feat=0.3 infer=2.3 conv=2.3) | e2e_scan→cmd=46.7ms | cov=90/90
[INFO] [1787257636.748508192] [dclp_go2_policy_ros2]: ⏱ v=1.132 w=-0.758 dist=4.00 | total=5.8ms (tf=0.1 feat=0.3 infer=2.3 conv=2.3) | e2e_scan→cmd=46.6ms | cov=90/90
[INFO] [1787257637.148489931] [dclp_go2_policy_ros2]: ⏱ v=1.133 w=-0.762 dist=4.00 | total=5.7ms (tf=0.1 feat=0.3 infer=2.3 conv=2.3) | e2e_scan→cmd=45.5ms | cov=90/90
[INFO] [1787257637.548334280] [dclp_go2_policy_ros2]: ⏱ v=1.134 w=-0.768 dist=4.00 | total=5.6ms (tf=0.1 feat=0.3 infer=2.2 conv=2.2) | e2e_scan→cmd=46.1ms | cov=90/90
[INFO] [1787257637.948525089] [dclp_go2_policy_ros2]: ⏱ v=1.134 w=-0.771 dist=4.00 | total=5.8ms (tf=0.2 feat=0.3 infer=2.3 conv=2.3) | e2e_scan→cmd=46.3ms | cov=90/90
[INFO] [1787257638.348273366] [dclp_go2_policy_ros2]: ⏱ v=1.133 w=-0.763 dist=4.00 | total=5.6ms (tf=0.1 feat=0.3 infer=2.2 conv=2.2) | e2e_scan→cmd=46.2ms | cov=90/90
[INFO] [1787257638.748989174] [dclp_go2_policy_ros2]: ⏱ v=1.133 w=-0.766 dist=4.00 | total=6.3ms (tf=0.1 feat=0.4 infer=2.4 conv=2.5) | e2e_scan→cmd=46.7ms | cov=90/90
[INFO] [1787257639.148534009] [dclp_go2_policy_ros2]: ⏱ v=1.133 w=-0.761 dist=4.00 | total=5.8ms (tf=0.1 feat=0.3 infer=2.3 conv=2.3) | e2e_scan→cmd=45.4ms | cov=90/90
[INFO] [1787257639.548963521] [dclp_go2_policy_ros2]: ⏱ v=1.134 w=-0.771 dist=4.00 | total=6.2ms (tf=0.2 feat=0.3 infer=2.3 conv=2.2) | e2e_scan→cmd=46.8ms | cov=90/90
[INFO] [1787257639.948332597] [dclp_go2_policy_ros2]: ⏱ v=1.134 w=-0.768 dist=4.00 | total=5.7ms (tf=0.1 feat=0.3 infer=2.3 conv=2.2) | e2e_scan→cmd=46.4ms | cov=90/90
[INFO] [1787257640.348273844] [dclp_go2_policy_ros2]: ⏱ v=1.134 w=-0.771 dist=4.00 | total=5.5ms (tf=0.1 feat=0.3 infer=2.3 conv=2.1) | e2e_scan→cmd=46.4ms | cov=90/90
[INFO] [1787257640.748386529] [dclp_go2_policy_ros2]: ⏱ v=1.133 w=-0.762 dist=4.00 | total=5.7ms (tf=0.1 feat=0.3 infer=2.4 conv=2.2) | e2e_scan→cmd=46.6ms | cov=90/90
[INFO] [1787257641.148337504] [dclp_go2_policy_ros2]: ⏱ v=1.133 w=-0.763 dist=4.00 | total=5.7ms (tf=0.1 feat=0.3 infer=2.3 conv=2.2) | e2e_scan→cmd=46.5ms | cov=90/90
[INFO] [1787257641.548497614] [dclp_go2_policy_ros2]: ⏱ v=1.133 w=-0.764 dist=4.00 | total=5.8ms (tf=0.2 feat=0.3 infer=2.3 conv=2.3) | e2e_scan→cmd=46.7ms | cov=90/90
[INFO] [1787257641.949337009] [dclp_go2_policy_ros2]: ⏱ v=1.133 w=-0.763 dist=4.00 | total=6.3ms (tf=0.1 feat=0.4 infer=2.5 conv=2.5) | e2e_scan→cmd=46.8ms | cov=90/90
[INFO] [1787257642.348751618] [dclp_go2_policy_ros2]: ⏱ v=1.134 w=-0.771 dist=4.00 | total=5.9ms (tf=0.2 feat=0.3 infer=2.3 conv=2.4) | e2e_scan→cmd=46.9ms | cov=90/90
[INFO] [1787257642.749494364] [dclp_go2_policy_ros2]: ⏱ v=1.133 w=-0.765 dist=4.00 | total=6.5ms (tf=0.2 feat=0.4 infer=2.8 conv=2.2) | e2e_scan→cmd=47.5ms | cov=90/90
[INFO] [1787257643.150259542] [dclp_go2_policy_ros2]: ⏱ v=1.133 w=-0.763 dist=4.00 | total=7.1ms (tf=0.2 feat=0.5 infer=2.5 conv=2.6) | e2e_scan→cmd=48.3ms | cov=90/90
[INFO] [1787257643.548443237] [dclp_go2_policy_ros2]: ⏱ v=1.133 w=-0.761 dist=4.00 | total=5.7ms (tf=0.1 feat=0.3 infer=2.2 conv=2.2) | e2e_scan→cmd=46.6ms | cov=90/90
[INFO] [1787257643.948524297] [dclp_go2_policy_ros2]: ⏱ v=1.133 w=-0.766 dist=4.00 | total=5.8ms (tf=0.2 feat=0.3 infer=2.3 conv=2.2) | e2e_scan→cmd=46.6ms | cov=90/90
[INFO] [1787257644.348789913] [dclp_go2_policy_ros2]: ⏱ v=1.132 w=-0.759 dist=4.00 | total=6.1ms (tf=0.2 feat=0.4 infer=2.4 conv=2.3) | e2e_scan→cmd=47.0ms | cov=90/90
[INFO] [1787257644.749488490] [dclp_go2_policy_ros2]: ⏱ v=1.133 w=-0.764 dist=4.00 | total=6.6ms (tf=0.2 feat=0.4 infer=2.3 conv=2.4) | e2e_scan→cmd=47.6ms | cov=90/90
[INFO] [1787257645.149055555] [dclp_go2_policy_ros2]: ⏱ v=1.134 w=-0.770 dist=4.00 | total=6.3ms (tf=0.2 feat=0.4 infer=2.4 conv=2.4) | e2e_scan→cmd=47.4ms | cov=90/90
[INFO] [1787257645.548774693] [dclp_go2_policy_ros2]: ⏱ v=1.133 w=-0.764 dist=4.00 | total=5.9ms (tf=0.2 feat=0.4 infer=2.3 conv=2.3) | e2e_scan→cmd=47.0ms | cov=90/90
[INFO] [1787257645.948478471] [dclp_go2_policy_ros2]: ⏱ v=1.132 w=-0.757 dist=4.00 | total=5.8ms (tf=0.1 feat=0.3 infer=2.3 conv=2.3) | e2e_scan→cmd=46.5ms | cov=90/90
[INFO] [1787257646.348588103] [dclp_go2_policy_ros2]: ⏱ v=1.134 w=-0.766 dist=4.00 | total=5.9ms (tf=0.1 feat=0.4 infer=2.3 conv=2.3) | e2e_scan→cmd=46.6ms | cov=90/90
[INFO] [1787257646.748512919] [dclp_go2_policy_ros2]: ⏱ v=1.134 w=-0.769 dist=4.00 | total=5.8ms (tf=0.1 feat=0.3 infer=2.3 conv=2.3) | e2e_scan→cmd=46.7ms | cov=90/90
[INFO] [1787257647.148493356] [dclp_go2_policy_ros2]: ⏱ v=1.134 w=-0.772 dist=4.00 | total=5.8ms (tf=0.2 feat=0.3 infer=2.3 conv=2.2) | e2e_scan→cmd=46.7ms | cov=90/90
[INFO] [1787257647.548449661] [dclp_go2_policy_ros2]: ⏱ v=1.134 w=-0.771 dist=4.00 | total=5.7ms (tf=0.1 feat=0.3 infer=2.3 conv=2.3) | e2e_scan→cmd=46.7ms | cov=90/90
[INFO] [1787257647.948623519] [dclp_go2_policy_ros2]: ⏱ v=1.132 w=-0.758 dist=4.00 | total=5.8ms (tf=0.2 feat=0.3 infer=2.3 conv=2.3) | e2e_scan→cmd=46.7ms | cov=90/90
[INFO] [1787257648.348531659] [dclp_go2_policy_ros2]: ⏱ v=1.133 w=-0.764 dist=4.00 | total=5.8ms (tf=0.2 feat=0.3 infer=2.3 conv=2.3) | e2e_scan→cmd=46.6ms | cov=90/90
[INFO] [1787257648.748491226] [dclp_go2_policy_ros2]: ⏱ v=1.134 w=-0.767 dist=4.00 | total=5.8ms (tf=0.2 feat=0.3 infer=2.3 conv=2.3) | e2e_scan→cmd=46.6ms | cov=90/90
