[INFO] [1784481053.737830203] [dclp_go2_policy_ros2]: trajectory log enabled: /home/unitree/qyw/dclp_20260710_reproduction/runs/20260720_011023_293107231_S2L_r1_h9_final_on_live/trajectory/trajectory.csv (rate=2.00 Hz)
[INFO] [1784481053.746149523] [dclp_go2_policy_ros2]: Go2 DCLP policy ready: backend={"action_dim": 2, "backend_type": "pth", "checkpoint_meta": {"T": 1010000, "episode": 16356, "test_time": 101}, "deterministic_rule": "highest_weight_component_tanh_mu", "device": "cpu", "model_path": "/home/unitree/qyw/dclp_20260710_reproduction/models/dclp/V1_41lambda1_101.pth", "obs_dim": 548, "policy_id": "V1_41lambda1_101.pth"} scan=/scan odom=/odom goal=/move_base_simple/goal rel_goal=/dclp_relative_goal global=odom zmq=tcp://*:5596 rate=20.0Hz scan_stamp_timeout=0.30s experiment=20260720_011023_293107231_S2L_r1_h9_final_on_live profile=h9_final_on compensation=guarded mapping=range limiter=last_cmd_dt config={"accel_limiter_mode":"last_cmd_dt","action_mapping_mode":"range","backend":{"action_dim":2,"backend_type":"pth","checkpoint_meta":{"T":1010000,"episode":16356,"test_time":101},"deterministic_rule":"highest_weight_component_tanh_mu","device":"cpu","model_path":"/home/unitree/qyw/dclp_20260710_reproduction/models/dclp/V1_41lambda1_101.pth","obs_dim":548,"policy_id":"V1_41lambda1_101.pth"},"cap_angular":1.5708,"cap_linear":1.5,"compensation_available":true,"compensation_mode":"guarded","compensation_source":"/home/unitree/qyw/dclp_20260710_reproduction/dclp_deploy/robots/unitree_go2/velocity_compensation.py","compensation_source_sha256":"53f5318dde1c9965c6c7177ae72e8200b85b26c8b9143ecb9dcc5d356a458000","control_period_sec":0.02,"control_rate_hz":20.0,"dclp_length1":0.504,"dclp_length2":0.504,"dclp_width":0.4464,"deploy_core_source":"/home/unitree/qyw/dclp_20260710_reproduction/dclp_deploy/dclp_deploy_core.py","deploy_core_source_sha256":"df6c78b263454c8bf8fb616de9dff7d268f6f48fe40127c299dd56455464e7de","experiment_id":"20260720_011023_293107231_S2L_r1_h9_final_on_live","experiment_profile":"h9_final_on","floor_angular":0.0,"floor_linear":0.0,"goal_topic":"/move_base_simple/goal","max_angular":0.83776,"max_angular_acc":3.0,"max_linear":0.9,"max_linear_acc":3.0,"min_angular":0.27928,"min_linear":0.29997,"model_path":"/home/unitree/qyw/dclp_20260710_reproduction/models/dclp/V1_41lambda1_101.pth","model_sha256":"dacaf9fc45da536ae6b45cdbedc949370b7828fac4cadcf40ebedabc4080c452","odom_topic":"/odom","pid":35519,"policy_source":"/home/unitree/qyw/dclp_20260710_reproduction/dclp_deploy/robots/unitree_go2/dclp_go2_policy_ros2.py","policy_source_sha256":"66d8558d2f68a7caef976ef59ba74070b99af27b8fe4af35b8b0dc6a68228997","relative_goal_topic":"/dclp_relative_goal","scan_topic":"/scan","schema_version":1,"speed_scale":1.0,"straighten_front_clear_angle":0.35,"straighten_front_clear_range":1.2,"straighten_front_goal_angle":0.0,"straighten_front_goal_w_limit":0.0,"trajectory_log_path":"/home/unitree/qyw/dclp_20260710_reproduction/runs/20260720_011023_293107231_S2L_r1_h9_final_on_live/trajectory/trajectory.csv","written_at":"2026-07-20T01:10:53"}
[INFO] [1784481053.749741937] [dclp_go2_policy_ros2]: received first scan: frame=base_link beams=1081
[INFO] [1784481053.751532591] [dclp_go2_policy_ros2]: received first odom: frame=odom child=base_link
[WARN] [1784481053.797393962] [dclp_go2_policy_ros2]: DCLP stop: waiting goal
[WARN] [1784481055.847354448] [dclp_go2_policy_ros2]: DCLP stop: waiting goal
[WARN] [1784481057.897289053] [dclp_go2_policy_ros2]: DCLP stop: waiting goal
[WARN] [1784481059.947006120] [dclp_go2_policy_ros2]: DCLP stop: waiting goal
[WARN] [1784481061.947191166] [dclp_go2_policy_ros2]: DCLP stop: waiting goal
[WARN] [1784481063.996620075] [dclp_go2_policy_ros2]: DCLP stop: waiting goal
[WARN] [1784481065.996772816] [dclp_go2_policy_ros2]: DCLP stop: waiting goal
[WARN] [1784481068.047364843] [dclp_go2_policy_ros2]: DCLP stop: waiting goal
[INFO] [1784481069.937541764] [dclp_go2_policy_ros2]: received relative goal: right=0.000 forward=4.000 -> global=(4.020, -0.126) frame=odom
[INFO] [1784481069.955945906] [dclp_go2_policy_ros2]: ⏱ v=0.027 w=-0.027 dist=4.00 | total=9.5ms (tf=0.2 feat=0.5 infer=2.6 conv=4.4) | e2e_scan→cmd=37.4ms | cov=90/90
[INFO] [1784481070.453488917] [dclp_go2_policy_ros2]: ⏱ v=0.899 w=-0.712 dist=3.93 | total=6.9ms (tf=0.1 feat=0.4 infer=2.5 conv=2.5) | e2e_scan→cmd=35.5ms | cov=90/90
[INFO] [1784481070.952353565] [dclp_go2_policy_ros2]: ⏱ v=0.822 w=0.606 dist=3.64 | total=6.1ms (tf=0.1 feat=0.3 infer=2.5 conv=2.3) | e2e_scan→cmd=34.3ms | cov=90/90
[INFO] [1784481071.452413286] [dclp_go2_policy_ros2]: ⏱ v=-0.189 w=0.777 dist=3.38 | total=6.2ms (tf=0.1 feat=0.3 infer=2.5 conv=2.4) | e2e_scan→cmd=34.4ms | cov=90/90
[INFO] [1784481071.952429741] [dclp_go2_policy_ros2]: ⏱ v=-0.741 w=0.774 dist=3.45 | total=6.1ms (tf=0.1 feat=0.3 infer=2.5 conv=2.3) | e2e_scan→cmd=34.4ms | cov=90/90
[INFO] [1784481072.452349168] [dclp_go2_policy_ros2]: ⏱ v=-0.279 w=0.495 dist=3.75 | total=6.1ms (tf=0.1 feat=0.3 infer=2.5 conv=2.2) | e2e_scan→cmd=34.4ms | cov=90/90
[INFO] [1784481072.952875059] [dclp_go2_policy_ros2]: ⏱ v=0.879 w=-0.450 dist=3.82 | total=6.6ms (tf=0.1 feat=0.4 infer=2.6 conv=2.5) | e2e_scan→cmd=34.8ms | cov=90/90
[INFO] [1784481073.452553513] [dclp_go2_policy_ros2]: ⏱ v=0.764 w=0.776 dist=3.57 | total=6.3ms (tf=0.1 feat=0.4 infer=2.5 conv=2.4) | e2e_scan→cmd=34.4ms | cov=90/90
[INFO] [1784481073.952448620] [dclp_go2_policy_ros2]: ⏱ v=0.874 w=0.416 dist=3.30 | total=6.2ms (tf=0.1 feat=0.4 infer=2.4 conv=2.4) | e2e_scan→cmd=34.5ms | cov=90/90
[INFO] [1784481074.452444821] [dclp_go2_policy_ros2]: ⏱ v=0.899 w=-0.355 dist=3.07 | total=6.3ms (tf=0.1 feat=0.3 infer=2.5 conv=2.4) | e2e_scan→cmd=34.5ms | cov=90/90
[INFO] [1784481074.953754755] [dclp_go2_policy_ros2]: ⏱ v=0.899 w=-0.826 dist=2.85 | total=6.8ms (tf=0.1 feat=0.4 infer=2.6 conv=2.6) | e2e_scan→cmd=35.5ms | cov=90/90
[INFO] [1784481075.452620369] [dclp_go2_policy_ros2]: ⏱ v=0.899 w=-0.776 dist=2.61 | total=6.3ms (tf=0.1 feat=0.3 infer=2.5 conv=2.4) | e2e_scan→cmd=34.7ms | cov=90/90
[INFO] [1784481075.952474483] [dclp_go2_policy_ros2]: ⏱ v=0.899 w=-0.734 dist=2.29 | total=6.2ms (tf=0.1 feat=0.3 infer=2.5 conv=2.4) | e2e_scan→cmd=34.5ms | cov=90/90
[INFO] [1784481076.453549239] [dclp_go2_policy_ros2]: ⏱ v=0.899 w=-0.547 dist=1.96 | total=7.0ms (tf=0.2 feat=0.4 infer=2.7 conv=2.7) | e2e_scan→cmd=35.3ms | cov=90/90
[INFO] [1784481076.952389476] [dclp_go2_policy_ros2]: ⏱ v=0.900 w=-0.135 dist=1.60 | total=6.1ms (tf=0.1 feat=0.3 infer=2.5 conv=2.3) | e2e_scan→cmd=34.4ms | cov=90/90
[INFO] [1784481077.453160281] [dclp_go2_policy_ros2]: ⏱ v=0.900 w=0.143 dist=1.25 | total=6.7ms (tf=0.1 feat=0.4 infer=2.6 conv=2.5) | e2e_scan→cmd=34.9ms | cov=90/90
[INFO] [1784481077.952708365] [dclp_go2_policy_ros2]: ⏱ v=0.899 w=0.198 dist=0.90 | total=6.4ms (tf=0.1 feat=0.4 infer=2.5 conv=2.4) | e2e_scan→cmd=34.7ms | cov=90/90
[INFO] [1784481078.452478862] [dclp_go2_policy_ros2]: ⏱ v=0.899 w=0.618 dist=0.58 | total=6.2ms (tf=0.1 feat=0.3 infer=2.4 conv=2.4) | e2e_scan→cmd=34.5ms | cov=90/90
[WARN] [1784481078.747022971] [dclp_go2_policy_ros2]: DCLP stop: goal reached
[WARN] [1784481080.797079727] [dclp_go2_policy_ros2]: DCLP stop: goal reached
[WARN] [1784481082.846882494] [dclp_go2_policy_ros2]: DCLP stop: goal reached
