[INFO] [1784481174.241268859] [dclp_go2_policy_ros2]: trajectory log enabled: /home/unitree/qyw/dclp_20260710_reproduction/runs/20260720_011223_549792331_S2L_r1_h2_off_0334_v6_live/trajectory/trajectory.csv (rate=2.00 Hz)
[INFO] [1784481174.249711227] [dclp_go2_policy_ros2]: Go2 DCLP policy ready: backend={"action_dim": 2, "backend_type": "pth", "checkpoint_meta": {"T": 1010000, "episode": 16356, "test_time": 101}, "deterministic_rule": "highest_weight_component_tanh_mu", "device": "cpu", "model_path": "/home/unitree/qyw/dclp_20260710_reproduction/models/dclp/V1_41lambda1_101.pth", "obs_dim": 548, "policy_id": "V1_41lambda1_101.pth"} scan=/scan odom=/odom goal=/move_base_simple/goal rel_goal=/dclp_relative_goal global=odom zmq=tcp://*:5596 rate=20.0Hz scan_stamp_timeout=0.30s experiment=20260720_011223_549792331_S2L_r1_h2_off_0334_v6_live profile=h2_off_0334_v6 compensation=off mapping=range limiter=last_cmd_dt config={"accel_limiter_mode":"last_cmd_dt","action_mapping_mode":"range","backend":{"action_dim":2,"backend_type":"pth","checkpoint_meta":{"T":1010000,"episode":16356,"test_time":101},"deterministic_rule":"highest_weight_component_tanh_mu","device":"cpu","model_path":"/home/unitree/qyw/dclp_20260710_reproduction/models/dclp/V1_41lambda1_101.pth","obs_dim":548,"policy_id":"V1_41lambda1_101.pth"},"cap_angular":1.09956,"cap_linear":1.05,"compensation_available":true,"compensation_mode":"off","compensation_source":"/home/unitree/qyw/dclp_20260710_reproduction/dclp_deploy/robots/unitree_go2/velocity_compensation.py","compensation_source_sha256":"53f5318dde1c9965c6c7177ae72e8200b85b26c8b9143ecb9dcc5d356a458000","control_period_sec":0.02,"control_rate_hz":20.0,"dclp_length1":0.42,"dclp_length2":0.42,"dclp_width":0.372,"deploy_core_source":"/home/unitree/qyw/dclp_20260710_reproduction/dclp_deploy/dclp_deploy_core.py","deploy_core_source_sha256":"df6c78b263454c8bf8fb616de9dff7d268f6f48fe40127c299dd56455464e7de","experiment_id":"20260720_011223_549792331_S2L_r1_h2_off_0334_v6_live","experiment_profile":"h2_off_0334_v6","floor_angular":0.0,"floor_linear":0.0,"goal_topic":"/move_base_simple/goal","max_angular":1.09956,"max_angular_acc":3.0,"max_linear":1.05,"max_linear_acc":3.0,"min_angular":0.36652,"min_linear":0.35,"model_path":"/home/unitree/qyw/dclp_20260710_reproduction/models/dclp/V1_41lambda1_101.pth","model_sha256":"dacaf9fc45da536ae6b45cdbedc949370b7828fac4cadcf40ebedabc4080c452","odom_topic":"/odom","pid":37833,"policy_source":"/home/unitree/qyw/dclp_20260710_reproduction/dclp_deploy/robots/unitree_go2/dclp_go2_policy_ros2.py","policy_source_sha256":"66d8558d2f68a7caef976ef59ba74070b99af27b8fe4af35b8b0dc6a68228997","relative_goal_topic":"/dclp_relative_goal","scan_topic":"/scan","schema_version":1,"speed_scale":1.0,"straighten_front_clear_angle":0.35,"straighten_front_clear_range":1.2,"straighten_front_goal_angle":0.0,"straighten_front_goal_w_limit":0.0,"trajectory_log_path":"/home/unitree/qyw/dclp_20260710_reproduction/runs/20260720_011223_549792331_S2L_r1_h2_off_0334_v6_live/trajectory/trajectory.csv","written_at":"2026-07-20T01:12:54"}
[INFO] [1784481174.252989354] [dclp_go2_policy_ros2]: received first scan: frame=base_link beams=1081
[INFO] [1784481174.254572318] [dclp_go2_policy_ros2]: received first odom: frame=odom child=base_link
[WARN] [1784481174.300694128] [dclp_go2_policy_ros2]: DCLP stop: waiting goal
[WARN] [1784481176.350280048] [dclp_go2_policy_ros2]: DCLP stop: waiting goal
[WARN] [1784481178.350870220] [dclp_go2_policy_ros2]: DCLP stop: waiting goal
[WARN] [1784481180.401135806] [dclp_go2_policy_ros2]: DCLP stop: waiting goal
[WARN] [1784481182.401355635] [dclp_go2_policy_ros2]: DCLP stop: waiting goal
[WARN] [1784481184.401442344] [dclp_go2_policy_ros2]: DCLP stop: waiting goal
[WARN] [1784481186.451253270] [dclp_go2_policy_ros2]: DCLP stop: waiting goal
[WARN] [1784481188.451299797] [dclp_go2_policy_ros2]: DCLP stop: waiting goal
[INFO] [1784481190.391878050] [dclp_go2_policy_ros2]: received relative goal: right=0.000 forward=4.000 -> global=(4.013, -0.088) frame=odom
[INFO] [1784481190.409108310] [dclp_go2_policy_ros2]: ⏱ v=0.025 w=-0.025 dist=4.00 | total=9.3ms (tf=0.2 feat=0.4 infer=2.6 conv=4.3) | e2e_scan→cmd=44.5ms | cov=90/90
[INFO] [1784481190.906053478] [dclp_go2_policy_ros2]: ⏱ v=1.044 w=-0.252 dist=3.92 | total=6.2ms (tf=0.1 feat=0.3 infer=2.4 conv=2.4) | e2e_scan→cmd=42.5ms | cov=90/90
[INFO] [1784481191.406023671] [dclp_go2_policy_ros2]: ⏱ v=0.300 w=0.671 dist=3.62 | total=6.2ms (tf=0.1 feat=0.4 infer=2.4 conv=2.3) | e2e_scan→cmd=42.5ms | cov=90/90
[INFO] [1784481191.906742415] [dclp_go2_policy_ros2]: ⏱ v=-0.832 w=0.690 dist=3.55 | total=6.7ms (tf=0.1 feat=0.4 infer=2.5 conv=2.6) | e2e_scan→cmd=43.3ms | cov=90/90
[INFO] [1784481192.406223367] [dclp_go2_policy_ros2]: ⏱ v=0.070 w=-0.335 dist=3.82 | total=6.3ms (tf=0.1 feat=0.3 infer=2.5 conv=2.4) | e2e_scan→cmd=42.6ms | cov=90/90
[INFO] [1784481192.906067666] [dclp_go2_policy_ros2]: ⏱ v=1.009 w=-0.070 dist=3.80 | total=6.2ms (tf=0.1 feat=0.3 infer=2.5 conv=2.3) | e2e_scan→cmd=42.4ms | cov=90/90
[INFO] [1784481193.406481436] [dclp_go2_policy_ros2]: ⏱ v=0.781 w=0.606 dist=3.50 | total=6.6ms (tf=0.1 feat=0.4 infer=2.5 conv=2.4) | e2e_scan→cmd=43.2ms | cov=90/90
[INFO] [1784481193.907638734] [dclp_go2_policy_ros2]: ⏱ v=0.670 w=0.710 dist=3.20 | total=7.5ms (tf=0.1 feat=0.4 infer=3.0 conv=2.7) | e2e_scan→cmd=44.1ms | cov=90/90
[INFO] [1784481194.406190422] [dclp_go2_policy_ros2]: ⏱ v=1.023 w=0.111 dist=2.97 | total=6.3ms (tf=0.1 feat=0.3 infer=2.5 conv=2.4) | e2e_scan→cmd=42.5ms | cov=90/90
[INFO] [1784481194.906090341] [dclp_go2_policy_ros2]: ⏱ v=0.029 w=-0.468 dist=2.72 | total=6.2ms (tf=0.1 feat=0.3 infer=2.4 conv=2.4) | e2e_scan→cmd=42.7ms | cov=90/90
[INFO] [1784481195.406346057] [dclp_go2_policy_ros2]: ⏱ v=-0.470 w=-0.468 dist=2.79 | total=6.4ms (tf=0.1 feat=0.3 infer=2.5 conv=2.5) | e2e_scan→cmd=42.8ms | cov=90/90
[INFO] [1784481195.906773237] [dclp_go2_policy_ros2]: ⏱ v=0.430 w=-0.461 dist=2.92 | total=6.8ms (tf=0.2 feat=0.4 infer=2.5 conv=2.7) | e2e_scan→cmd=43.5ms | cov=90/90
[INFO] [1784481196.406699528] [dclp_go2_policy_ros2]: ⏱ v=0.430 w=-0.461 dist=2.81 | total=6.7ms (tf=0.1 feat=0.3 infer=2.7 conv=2.5) | e2e_scan→cmd=43.2ms | cov=90/90
[INFO] [1784481196.905958263] [dclp_go2_policy_ros2]: ⏱ v=-0.770 w=-0.324 dist=2.78 | total=6.1ms (tf=0.1 feat=0.3 infer=2.4 conv=2.3) | e2e_scan→cmd=42.8ms | cov=90/90
[INFO] [1784481197.406240381] [dclp_go2_policy_ros2]: ⏱ v=-0.135 w=0.527 dist=3.08 | total=6.3ms (tf=0.1 feat=0.3 infer=2.5 conv=2.4) | e2e_scan→cmd=42.9ms | cov=90/90
[INFO] [1784481197.906343738] [dclp_go2_policy_ros2]: ⏱ v=0.567 w=0.060 dist=3.10 | total=6.5ms (tf=0.1 feat=0.3 infer=2.4 conv=2.3) | e2e_scan→cmd=43.0ms | cov=90/90
[INFO] [1784481198.406630913] [dclp_go2_policy_ros2]: ⏱ v=-0.633 w=0.060 dist=2.98 | total=6.7ms (tf=0.1 feat=0.3 infer=2.4 conv=2.4) | e2e_scan→cmd=42.9ms | cov=90/90
[INFO] [1784481198.906561110] [dclp_go2_policy_ros2]: ⏱ v=0.521 w=0.362 dist=3.16 | total=6.7ms (tf=0.1 feat=0.3 infer=2.4 conv=2.4) | e2e_scan→cmd=43.3ms | cov=90/90
[INFO] [1784481199.405973039] [dclp_go2_policy_ros2]: ⏱ v=1.049 w=0.362 dist=3.01 | total=6.1ms (tf=0.1 feat=0.3 infer=2.4 conv=2.3) | e2e_scan→cmd=42.3ms | cov=90/90
[INFO] [1784481199.906469250] [dclp_go2_policy_ros2]: ⏱ v=1.049 w=-0.238 dist=2.73 | total=6.4ms (tf=0.1 feat=0.3 infer=2.6 conv=2.4) | e2e_scan→cmd=43.1ms | cov=90/90
[INFO] [1784481200.406046278] [dclp_go2_policy_ros2]: ⏱ v=1.048 w=-0.238 dist=2.57 | total=6.2ms (tf=0.1 feat=0.3 infer=2.4 conv=2.3) | e2e_scan→cmd=42.6ms | cov=90/90
[INFO] [1784481200.906073185] [dclp_go2_policy_ros2]: ⏱ v=1.048 w=-0.238 dist=2.37 | total=6.2ms (tf=0.1 feat=0.3 infer=2.5 conv=2.3) | e2e_scan→cmd=42.4ms | cov=90/90
[INFO] [1784481201.406163392] [dclp_go2_policy_ros2]: ⏱ v=1.049 w=-0.935 dist=2.09 | total=6.3ms (tf=0.1 feat=0.3 infer=2.4 conv=2.4) | e2e_scan→cmd=42.8ms | cov=90/90
[INFO] [1784481201.905940271] [dclp_go2_policy_ros2]: ⏱ v=1.049 w=-0.992 dist=1.75 | total=6.1ms (tf=0.1 feat=0.3 infer=2.4 conv=2.3) | e2e_scan→cmd=42.5ms | cov=90/90
